Archive member included to satisfy reference by file (symbol)

/Users/rabougue/Documents/3ds_homebrew_dev/devkitPro/libctru/lib/libctru.a(console.o)
                              main.o (consoleInit)
/Users/rabougue/Documents/3ds_homebrew_dev/devkitPro/libctru/lib/libctru.a(gfx.o)
                              /Users/rabougue/Documents/3ds_homebrew_dev/devkitPro/libctru/lib/libctru.a(console.o) (gfxSetScreenFormat)
/Users/rabougue/Documents/3ds_homebrew_dev/devkitPro/libctru/lib/libctru.a(gx.o)
                              /Users/rabougue/Documents/3ds_homebrew_dev/devkitPro/libctru/lib/libctru.a(gfx.o) (gxCmdBuf)
/Users/rabougue/Documents/3ds_homebrew_dev/devkitPro/libctru/lib/libctru.a(apt.o)
                              main.o (aptMainLoop)
/Users/rabougue/Documents/3ds_homebrew_dev/devkitPro/libctru/lib/libctru.a(gspgpu.o)
                              /Users/rabougue/Documents/3ds_homebrew_dev/devkitPro/libctru/lib/libctru.a(gfx.o) (gspInit)
/Users/rabougue/Documents/3ds_homebrew_dev/devkitPro/libctru/lib/libctru.a(hid.o)
                              main.o (hidScanInput)
/Users/rabougue/Documents/3ds_homebrew_dev/devkitPro/libctru/lib/libctru.a(irrst.o)
                              /Users/rabougue/Documents/3ds_homebrew_dev/devkitPro/libctru/lib/libctru.a(hid.o) (irrstScanInput)
/Users/rabougue/Documents/3ds_homebrew_dev/devkitPro/libctru/lib/libctru.a(initArgv.o)
                              /Users/rabougue/Documents/3ds_homebrew_dev/devkitPro/devkitARM/bin/../lib/gcc/arm-none-eabi/5.3.0/../../../../arm-none-eabi/lib/armv6k/fpu/3dsx_crt0.o (__system_argc)
/Users/rabougue/Documents/3ds_homebrew_dev/devkitPro/libctru/lib/libctru.a(initSystem.o)
                              /Users/rabougue/Documents/3ds_homebrew_dev/devkitPro/libctru/lib/libctru.a(apt.o) (__system_retAddr)
/Users/rabougue/Documents/3ds_homebrew_dev/devkitPro/libctru/lib/libctru.a(syscalls.o)
                              /Users/rabougue/Documents/3ds_homebrew_dev/devkitPro/libctru/lib/libctru.a(initSystem.o) (__system_initSyscalls)
/Users/rabougue/Documents/3ds_homebrew_dev/devkitPro/libctru/lib/libctru.a(svc.o)
                              /Users/rabougue/Documents/3ds_homebrew_dev/devkitPro/libctru/lib/libctru.a(gfx.o) (svcCreateEvent)
/Users/rabougue/Documents/3ds_homebrew_dev/devkitPro/libctru/lib/libctru.a(stack_adjust.o)
                              /Users/rabougue/Documents/3ds_homebrew_dev/devkitPro/devkitARM/bin/../lib/gcc/arm-none-eabi/5.3.0/../../../../arm-none-eabi/lib/armv6k/fpu/3dsx_crt0.o (initSystem)
/Users/rabougue/Documents/3ds_homebrew_dev/devkitPro/libctru/lib/libctru.a(default_font.bin.o)
                              /Users/rabougue/Documents/3ds_homebrew_dev/devkitPro/libctru/lib/libctru.a(console.o) (default_font_bin)
/Users/rabougue/Documents/3ds_homebrew_dev/devkitPro/libctru/lib/libctru.a(linear.o)
                              /Users/rabougue/Documents/3ds_homebrew_dev/devkitPro/libctru/lib/libctru.a(gfx.o) (linearAlloc)
/Users/rabougue/Documents/3ds_homebrew_dev/devkitPro/libctru/lib/libctru.a(mappable.o)
                              /Users/rabougue/Documents/3ds_homebrew_dev/devkitPro/libctru/lib/libctru.a(gfx.o) (mappableAlloc)
/Users/rabougue/Documents/3ds_homebrew_dev/devkitPro/libctru/lib/libctru.a(mem_pool.o)
                              /Users/rabougue/Documents/3ds_homebrew_dev/devkitPro/libctru/lib/libctru.a(linear.o) (MemPool::Allocate(MemChunk&, unsigned long, int))
/Users/rabougue/Documents/3ds_homebrew_dev/devkitPro/libctru/lib/libctru.a(vram.o)
                              /Users/rabougue/Documents/3ds_homebrew_dev/devkitPro/libctru/lib/libctru.a(gfx.o) (vramAlloc)
/Users/rabougue/Documents/3ds_homebrew_dev/devkitPro/libctru/lib/libctru.a(env.o)
                              /Users/rabougue/Documents/3ds_homebrew_dev/devkitPro/libctru/lib/libctru.a(irrst.o) (envGetHandle)
/Users/rabougue/Documents/3ds_homebrew_dev/devkitPro/libctru/lib/libctru.a(os.o)
                              /Users/rabougue/Documents/3ds_homebrew_dev/devkitPro/libctru/lib/libctru.a(syscalls.o) (__libctru_gtod)
/Users/rabougue/Documents/3ds_homebrew_dev/devkitPro/libctru/lib/libctru.a(srv.o)
                              /Users/rabougue/Documents/3ds_homebrew_dev/devkitPro/libctru/lib/libctru.a(apt.o) (srvGetServiceHandle)
/Users/rabougue/Documents/3ds_homebrew_dev/devkitPro/libctru/lib/libctru.a(synchronization.o)
                              /Users/rabougue/Documents/3ds_homebrew_dev/devkitPro/libctru/lib/libctru.a(initSystem.o) (__sync_init)
/Users/rabougue/Documents/3ds_homebrew_dev/devkitPro/libctru/lib/libctru.a(thread.o)
                              /Users/rabougue/Documents/3ds_homebrew_dev/devkitPro/libctru/lib/libctru.a(apt.o) (threadCreate)
/Users/rabougue/Documents/3ds_homebrew_dev/devkitPro/libctru/lib/libctru.a(ptmsysm.o)
                              /Users/rabougue/Documents/3ds_homebrew_dev/devkitPro/libctru/lib/libctru.a(os.o) (ptmSysmInit)
[...]
Memory Configuration

Name             Origin             Length             Attributes
*default*        0x00000000         0xffffffff

Linker script and memory map

                0x00100000                . = 0x100000
                0x00100000                __start__ = .

.text           0x00100000    0x20e14
 *(.crt0)
 .crt0          0x00100000       0x94 /Users/rabougue/Documents/3ds_homebrew_dev/devkitPro/devkitARM/bin/../lib/gcc/arm-none-eabi/5.3.0/../../../../arm-none-eabi/lib/armv6k/fpu/3dsx_crt0.o
                0x00100000                _start
                0x00100008                __service_ptr
                0x0010000c                __apt_appid
                0x00100010                __heap_size
                0x00100014                __linear_heap_size
                0x00100018                __system_arglist
                0x0010001c                __system_runflags
 *(.init)
 .init          0x00100094        0xc /Users/rabougue/Documents/3ds_homebrew_dev/devkitPro/devkitARM/bin/../lib/gcc/arm-none-eabi/5.3.0/armv6k/fpu/crti.o
                0x00100094                _init
 .init          0x001000a0        0xc /Users/rabougue/Documents/3ds_homebrew_dev/devkitPro/devkitARM/bin/../lib/gcc/arm-none-eabi/5.3.0/armv6k/fpu/crtn.o
                0x001000ac                . = ALIGN (0x4)
 *(.text)
 .text          0x001000ac      0x108 /Users/rabougue/Documents/3ds_homebrew_dev/devkitPro/devkitARM/bin/../lib/gcc/arm-none-eabi/5.3.0/armv6k/fpu/crtbegin.o
 .text          0x001001b4       0x64 /Users/rabougue/Documents/3ds_homebrew_dev/devkitPro/libctru/lib/libctru.a(stack_adjust.o)
                0x001001b4                initSystem
                0x001001f8                __ctru_exit
 .text          0x00100218      0x240 /Users/rabougue/Documents/3ds_homebrew_dev/devkitPro/devkitARM/bin/../lib/gcc/arm-none-eabi/5.3.0/armv6k/fpu/libgcc.a(_divsi3.o)
                0x00100218                __aeabi_idiv
                0x00100218                __divsi3
                0x00100438                __aeabi_idivmod
 .text          0x00100458        0x4 /Users/rabougue/Documents/3ds_homebrew_dev/devkitPro/devkitARM/bin/../lib/gcc/arm-none-eabi/5.3.0/armv6k/fpu/libgcc.a(_dvmd_tls.o)
                0x00100458                __aeabi_ldiv0
                0x00100458                __aeabi_idiv0
 *fill*         0x0010045c        0x4 
 .text          0x00100460      0x3a0 /Users/rabougue/Documents/3ds_homebrew_dev/devkitPro/devkitARM/bin/../lib/gcc/arm-none-eabi/5.3.0/../../../../arm-none-eabi/lib/armv6k/fpu/libg.a(lib_a-strcmp.o)
                0x00100468                strcmp
 .text          0x00100800      0x1c4 /Users/rabougue/Documents/3ds_homebrew_dev/devkitPro/devkitARM/bin/../lib/gcc/arm-none-eabi/5.3.0/../../../../arm-none-eabi/lib/armv6k/fpu/libsysbase.a(iosupport.o)
                0x00100808                setDefaultDevice
                0x00100820                FindDevice
                0x001008dc                RemoveDevice
                0x00100908                AddDevice
                0x001009a0                GetDeviceOpTab
 .text          0x001009c4       0x7c /Users/rabougue/Documents/3ds_homebrew_dev/devkitPro/devkitARM/bin/../lib/gcc/arm-none-eabi/5.3.0/../../../../arm-none-eabi/lib/armv6k/fpu/libsysbase.a(close.o)
                0x001009c4                _close_r
 .text          0x00100a40       0x6c /Users/rabougue/Documents/3ds_homebrew_dev/devkitPro/devkitARM/bin/../lib/gcc/arm-none-eabi/5.3.0/../../../../arm-none-eabi/lib/armv6k/fpu/libsysbase.a(fstat.o)
                0x00100a40                _fstat_r
 .text          0x00100aac        0x8 /Users/rabougue/Documents/3ds_homebrew_dev/devkitPro/devkitARM/bin/../lib/gcc/arm-none-eabi/5.3.0/../../../../arm-none-eabi/lib/armv6k/fpu/libsysbase.a(isatty.o)
                0x00100aac                _isatty_r
 .text          0x00100ab4       0x78 /Users/rabougue/Documents/3ds_homebrew_dev/devkitPro/devkitARM/bin/../lib/gcc/arm-none-eabi/5.3.0/../../../../arm-none-eabi/lib/armv6k/fpu/libsysbase.a(lseek.o)
                0x00100ab4                _lseek_r
 .text          0x00100b2c       0x78 /Users/rabougue/Documents/3ds_homebrew_dev/devkitPro/devkitARM/bin/../lib/gcc/arm-none-eabi/5.3.0/../../../../arm-none-eabi/lib/armv6k/fpu/libsysbase.a(read.o)
                0x00100b2c                _read_r
 .text          0x00100ba4       0x70 /Users/rabougue/Documents/3ds_homebrew_dev/devkitPro/devkitARM/bin/../lib/gcc/arm-none-eabi/5.3.0/../../../../arm-none-eabi/lib/armv6k/fpu/libsysbase.a(sbrk.o)
                0x00100ba4                _sbrk_r
 .text          0x00100c14       0x78 /Users/rabougue/Documents/3ds_homebrew_dev/devkitPro/devkitARM/bin/../lib/gcc/arm-none-eabi/5.3.0/../../../../arm-none-eabi/lib/armv6k/fpu/libsysbase.a(write.o)
                0x00100c14                _write_r
 .text          0x00100c8c      0x3b0 /Users/rabougue/Documents/3ds_homebrew_dev/devkitPro/devkitARM/bin/../lib/gcc/arm-none-eabi/5.3.0/../../../../arm-none-eabi/lib/armv6k/fpu/libsysbase.a(chdir.o)
                0x00100c8c                _concatenate_path
                0x00100e48                chdir
                0x00100f9c                getcwd
 .text          0x0010103c       0x10 /Users/rabougue/Documents/3ds_homebrew_dev/devkitPro/devkitARM/bin/../lib/gcc/arm-none-eabi/5.3.0/../../../../arm-none-eabi/lib/armv6k/fpu/libsysbase.a(flock.o)
                0x0010103c                __flockfile
                0x00101044                __funlockfile
 .text          0x0010104c      0x108 /Users/rabougue/Documents/3ds_homebrew_dev/devkitPro/devkitARM/bin/../lib/gcc/arm-none-eabi/5.3.0/../../../../arm-none-eabi/lib/armv6k/fpu/libsysbase.a(syscall_support.o)
                0x0010104c                __libc_lock_init
                0x00101064                __libc_lock_acquire
                0x0010107c                __libc_lock_try_acquire
                0x001010a0                __libc_lock_release
                0x001010b8                __libc_lock_close
                0x001010d0                __libc_lock_init_recursive
                0x001010e8                __libc_lock_acquire_recursive
                0x00101100                __libc_lock_try_acquire_recursive
                0x00101124                __libc_lock_release_recursive
                0x0010113c                __libc_lock_close_recursive
 .text          0x00101154      0x2c4 /Users/rabougue/Documents/3ds_homebrew_dev/devkitPro/devkitARM/bin/../lib/gcc/arm-none-eabi/5.3.0/../../../../arm-none-eabi/lib/armv6k/fpu/libsysbase.a(handle_manager.o)
                0x00101154                __free_handle
                0x00101198                __release_handle
                0x001011d4                __alloc_handle
                0x0010124c                __get_handle
                0x00101268                dup
                0x0010130c                dup2
 .text          0x00101418       0x28 /Users/rabougue/Documents/3ds_homebrew_dev/devkitPro/devkitARM/bin/../lib/gcc/arm-none-eabi/5.3.0/../../../../arm-none-eabi/lib/armv6k/fpu/libsysbase.a(getreent.o)
                0x00101418                __getreent
 .text          0x00101440      0x20c /Users/rabougue/Documents/3ds_homebrew_dev/devkitPro/devkitARM/bin/../lib/gcc/arm-none-eabi/5.3.0/armv6k/fpu/libgcc.a(_udivsi3.o)
                0x00101440                __udivsi3
                0x00101440                __aeabi_uidiv
                0x0010162c                __aeabi_uidivmod
 .text          0x0010164c       0x3c /Users/rabougue/Documents/3ds_homebrew_dev/devkitPro/devkitARM/bin/../lib/gcc/arm-none-eabi/5.3.0/armv6k/fpu/libgcc.a(_aeabi_uldivmod.o)
                0x0010164c                __aeabi_uldivmod
 .text          0x00101688      0x128 /Users/rabougue/Documents/3ds_homebrew_dev/devkitPro/devkitARM/bin/../lib/gcc/arm-none-eabi/5.3.0/armv6k/fpu/libgcc.a(_udivmoddi4.o)
                0x00101688                __udivmoddi4
 *(.text.*)
 .text.startup.main
                0x001017b0       0x6c main.o
                0x001017b0                main
 .text.debug_write
                0x0010181c       0x1c /Users/rabougue/Documents/3ds_homebrew_dev/devkitPro/libctru/lib/libctru.a(console.o)
                0x0010181c                debug_write
 .text.consoleDrawChar
                0x00101838      0x1ac /Users/rabougue/Documents/3ds_homebrew_dev/devkitPro/libctru/lib/libctru.a(console.o)
                0x00101838                consoleDrawChar
 .text.consolePrintChar
                0x001019e4      0x128 /Users/rabougue/Documents/3ds_homebrew_dev/devkitPro/libctru/lib/libctru.a(console.o)
                0x001019e4                consolePrintChar
 .text.consoleCls
                0x00101b0c      0x184 /Users/rabougue/Documents/3ds_homebrew_dev/devkitPro/libctru/lib/libctru.a(console.o)
 .text.consoleInit
                0x00101c90       0xf8 /Users/rabougue/Documents/3ds_homebrew_dev/devkitPro/libctru/lib/libctru.a(console.o)
                0x00101c90                consoleInit
 .text.consoleClearLine
                0x00101d88      0x138 /Users/rabougue/Documents/3ds_homebrew_dev/devkitPro/libctru/lib/libctru.a(console.o)
 .text.newRow   0x00101ec0       0xc0 /Users/rabougue/Documents/3ds_homebrew_dev/devkitPro/libctru/lib/libctru.a(console.o)
 .text.con_write
                0x00101f80      0x86c /Users/rabougue/Documents/3ds_homebrew_dev/devkitPro/libctru/lib/libctru.a(console.o)
                0x00101f80                con_write
 .text.gfxSetFramebufferInfo.part.0
                0x001027ec       0x8c /Users/rabougue/Documents/3ds_homebrew_dev/devkitPro/libctru/lib/libctru.a(gfx.o)
 .text.gfxSetScreenFormat
                0x00102878       0x18 /Users/rabougue/Documents/3ds_homebrew_dev/devkitPro/libctru/lib/libctru.a(gfx.o)
                0x00102878                gfxSetScreenFormat
 .text.gfxSetDoubleBuffering
                0x00102890       0x14 /Users/rabougue/Documents/3ds_homebrew_dev/devkitPro/libctru/lib/libctru.a(gfx.o)
                0x00102890                gfxSetDoubleBuffering
 .text.gfxSetFramebufferInfo
                0x001028a4       0x70 /Users/rabougue/Documents/3ds_homebrew_dev/devkitPro/libctru/lib/libctru.a(gfx.o)
                0x001028a4                gfxSetFramebufferInfo
 .text.gfxWriteFramebufferInfo
                0x00102914       0x88 /Users/rabougue/Documents/3ds_homebrew_dev/devkitPro/libctru/lib/libctru.a(gfx.o)
                0x00102914                gfxWriteFramebufferInfo
 .text.gfxInit  0x0010299c      0x1d0 /Users/rabougue/Documents/3ds_homebrew_dev/devkitPro/libctru/lib/libctru.a(gfx.o)
                0x0010299c                gfxInit
 .text.gfxInitDefault
                0x00102b6c       0x10 /Users/rabougue/Documents/3ds_homebrew_dev/devkitPro/libctru/lib/libctru.a(gfx.o)
                0x00102b6c                gfxInitDefault
 .text.gfxExit  0x00102b7c       0xe0 /Users/rabougue/Documents/3ds_homebrew_dev/devkitPro/libctru/lib/libctru.a(gfx.o)
                0x00102b7c                gfxExit
 .text.gfxGetFramebuffer
                0x00102c5c       0xb0 /Users/rabougue/Documents/3ds_homebrew_dev/devkitPro/libctru/lib/libctru.a(gfx.o)
                0x00102c5c                gfxGetFramebuffer
 .text.gfxFlushBuffers
                0x00102d0c       0xcc /Users/rabougue/Documents/3ds_homebrew_dev/devkitPro/libctru/lib/libctru.a(gfx.o)
                0x00102d0c                gfxFlushBuffers
 .text.gfxConfigScreen
                0x00102dd8       0x70 /Users/rabougue/Documents/3ds_homebrew_dev/devkitPro/libctru/lib/libctru.a(gfx.o)
                0x00102dd8                gfxConfigScreen
 .text.gfxSwapBuffers
                0x00102e48       0x20 /Users/rabougue/Documents/3ds_homebrew_dev/devkitPro/libctru/lib/libctru.a(gfx.o)
                0x00102e48                gfxSwapBuffers
 .text.gfxSwapBuffersGpu
                0x00102e68       0x20 /Users/rabougue/Documents/3ds_homebrew_dev/devkitPro/libctru/lib/libctru.a(gfx.o)
                0x00102e68                gfxSwapBuffersGpu
 .text.__apt_initservicehandle
                0x00102e88       0x68 /Users/rabougue/Documents/3ds_homebrew_dev/devkitPro/libctru/lib/libctru.a(apt.o)
 .text._aptDebug
                0x00102ef0        0x4 /Users/rabougue/Documents/3ds_homebrew_dev/devkitPro/libctru/lib/libctru.a(apt.o)
                0x00102ef0                _aptDebug
 .text.aptInitCaptureInfo
                0x00102ef4       0x98 /Users/rabougue/Documents/3ds_homebrew_dev/devkitPro/libctru/lib/libctru.a(apt.o)
                0x00102ef4                aptInitCaptureInfo
 .text.aptWaitStatusEvent
                0x00102f8c       0x28 /Users/rabougue/Documents/3ds_homebrew_dev/devkitPro/libctru/lib/libctru.a(apt.o)
                0x00102f8c                aptWaitStatusEvent
 .text.aptGetMenuAppID
                0x00102fb4       0x60 /Users/rabougue/Documents/3ds_homebrew_dev/devkitPro/libctru/lib/libctru.a(apt.o)
                0x00102fb4                aptGetMenuAppID
 .text.aptSetStatus
                0x00103014       0x6c /Users/rabougue/Documents/3ds_homebrew_dev/devkitPro/libctru/lib/libctru.a(apt.o)
                0x00103014                aptSetStatus
 .text.APT_GetLockHandle
                0x00103080       0x48 /Users/rabougue/Documents/3ds_homebrew_dev/devkitPro/libctru/lib/libctru.a(apt.o)
                0x00103080                APT_GetLockHandle
 .text.APT_Initialize
                0x001030c8       0x60 /Users/rabougue/Documents/3ds_homebrew_dev/devkitPro/libctru/lib/libctru.a(apt.o)
                0x001030c8                APT_Initialize
 .text.APT_Finalize
                0x00103128       0x34 /Users/rabougue/Documents/3ds_homebrew_dev/devkitPro/libctru/lib/libctru.a(apt.o)
                0x00103128                APT_Finalize
 .text.APT_InquireNotification
                0x0010315c       0x48 /Users/rabougue/Documents/3ds_homebrew_dev/devkitPro/libctru/lib/libctru.a(apt.o)
                0x0010315c                APT_InquireNotification
 .text.APT_PrepareToJumpToHomeMenu
                0x001031a4       0x2c /Users/rabougue/Documents/3ds_homebrew_dev/devkitPro/libctru/lib/libctru.a(apt.o)
                0x001031a4                APT_PrepareToJumpToHomeMenu
 .text.APT_JumpToHomeMenu
                0x001031d0       0x50 /Users/rabougue/Documents/3ds_homebrew_dev/devkitPro/libctru/lib/libctru.a(apt.o)
                0x001031d0                APT_JumpToHomeMenu
 .text.APT_PrepareToJumpToApplication
                0x00103220       0x34 /Users/rabougue/Documents/3ds_homebrew_dev/devkitPro/libctru/lib/libctru.a(apt.o)
                0x00103220                APT_PrepareToJumpToApplication
 .text.APT_JumpToApplication
                0x00103254       0x50 /Users/rabougue/Documents/3ds_homebrew_dev/devkitPro/libctru/lib/libctru.a(apt.o)
                0x00103254                APT_JumpToApplication
 .text.APT_NotifyToWait
                0x001032a4       0x34 /Users/rabougue/Documents/3ds_homebrew_dev/devkitPro/libctru/lib/libctru.a(apt.o)
                0x001032a4                APT_NotifyToWait
 .text.APT_AppletUtility
                0x001032d8       0x7c /Users/rabougue/Documents/3ds_homebrew_dev/devkitPro/libctru/lib/libctru.a(apt.o)
                0x001032d8                APT_AppletUtility
 .text.aptAppletUtility_Exit_RetToApp
                0x00103354      0x188 /Users/rabougue/Documents/3ds_homebrew_dev/devkitPro/libctru/lib/libctru.a(apt.o)
                0x00103354                aptAppletUtility_Exit_RetToApp
 .text.aptAppletClosed
                0x001034dc       0x3c /Users/rabougue/Documents/3ds_homebrew_dev/devkitPro/libctru/lib/libctru.a(apt.o)
                0x001034dc                aptAppletClosed
 .text.aptAppStarted
                0x00103518      0x114 /Users/rabougue/Documents/3ds_homebrew_dev/devkitPro/libctru/lib/libctru.a(apt.o)
 .text.aptInit  0x0010362c      0x298 /Users/rabougue/Documents/3ds_homebrew_dev/devkitPro/libctru/lib/libctru.a(apt.o)
                0x0010362c                aptInit
 .text.APT_ReceiveParameter
                0x001038c4       0x6c /Users/rabougue/Documents/3ds_homebrew_dev/devkitPro/libctru/lib/libctru.a(apt.o)
                0x001038c4                APT_ReceiveParameter
 .text.APT_SendParameter
                0x00103930       0x64 /Users/rabougue/Documents/3ds_homebrew_dev/devkitPro/libctru/lib/libctru.a(apt.o)
                0x00103930                APT_SendParameter
 .text.APT_SendCaptureBufferInfo
                0x00103994       0x44 /Users/rabougue/Documents/3ds_homebrew_dev/devkitPro/libctru/lib/libctru.a(apt.o)
                0x00103994                APT_SendCaptureBufferInfo
 .text.aptReturnToMenu
                0x001039d8      0x264 /Users/rabougue/Documents/3ds_homebrew_dev/devkitPro/libctru/lib/libctru.a(apt.o)
                0x001039d8                aptReturnToMenu
 .text.APT_ReplySleepQuery
                0x00103c3c       0x38 /Users/rabougue/Documents/3ds_homebrew_dev/devkitPro/libctru/lib/libctru.a(apt.o)
                0x00103c3c                APT_ReplySleepQuery
 .text.APT_ReplySleepNotificationComplete
                0x00103c74       0x34 /Users/rabougue/Documents/3ds_homebrew_dev/devkitPro/libctru/lib/libctru.a(apt.o)
                0x00103c74                APT_ReplySleepNotificationComplete
 .text.aptEventHandler
                0x00103ca8      0x3f4 /Users/rabougue/Documents/3ds_homebrew_dev/devkitPro/libctru/lib/libctru.a(apt.o)
                0x00103ca8                aptEventHandler
 .text.APT_PrepareToCloseApplication
                0x0010409c       0x34 /Users/rabougue/Documents/3ds_homebrew_dev/devkitPro/libctru/lib/libctru.a(apt.o)
                0x0010409c                APT_PrepareToCloseApplication
 .text.APT_CloseApplication
                0x001040d0       0x50 /Users/rabougue/Documents/3ds_homebrew_dev/devkitPro/libctru/lib/libctru.a(apt.o)
                0x001040d0                APT_CloseApplication
 .text.aptExit  0x00104120      0x2d0 /Users/rabougue/Documents/3ds_homebrew_dev/devkitPro/libctru/lib/libctru.a(apt.o)
                0x00104120                aptExit
 .text.APT_CheckNew3DS_System
                0x001043f0       0x6c /Users/rabougue/Documents/3ds_homebrew_dev/devkitPro/libctru/lib/libctru.a(apt.o)
                0x001043f0                APT_CheckNew3DS_System
 .text.APT_CheckNew3DS
                0x0010445c       0x8c /Users/rabougue/Documents/3ds_homebrew_dev/devkitPro/libctru/lib/libctru.a(apt.o)
                0x0010445c                APT_CheckNew3DS
 .text.APT_StartLibraryApplet
                0x001044e8       0x54 /Users/rabougue/Documents/3ds_homebrew_dev/devkitPro/libctru/lib/libctru.a(apt.o)
                0x001044e8                APT_StartLibraryApplet
 .text.aptAppletStarted
                0x0010453c      0x174 /Users/rabougue/Documents/3ds_homebrew_dev/devkitPro/libctru/lib/libctru.a(apt.o)
                0x0010453c                aptAppletStarted
 .text.aptMainLoop
                0x001046b0      0x1a4 /Users/rabougue/Documents/3ds_homebrew_dev/devkitPro/libctru/lib/libctru.a(apt.o)
                0x001046b0                aptMainLoop
 .text.gspEventThreadMain
                0x00104854      0x124 /Users/rabougue/Documents/3ds_homebrew_dev/devkitPro/libctru/lib/libctru.a(gspgpu.o)
 .text.gspInit  0x00104978       0x74 /Users/rabougue/Documents/3ds_homebrew_dev/devkitPro/libctru/lib/libctru.a(gspgpu.o)
                0x00104978                gspInit
 .text.gspExit  0x001049ec       0x3c /Users/rabougue/Documents/3ds_homebrew_dev/devkitPro/libctru/lib/libctru.a(gspgpu.o)
                0x001049ec                gspExit
 .text.gspInitEventHandler
                0x00104a28       0xd0 /Users/rabougue/Documents/3ds_homebrew_dev/devkitPro/libctru/lib/libctru.a(gspgpu.o)
                0x00104a28                gspInitEventHandler
 .text.gspExitEventHandler
                0x00104af8       0x5c /Users/rabougue/Documents/3ds_homebrew_dev/devkitPro/libctru/lib/libctru.a(gspgpu.o)
                0x00104af8                gspExitEventHandler
 .text.gspWaitForEvent
                0x00104b54       0x58 /Users/rabougue/Documents/3ds_homebrew_dev/devkitPro/libctru/lib/libctru.a(gspgpu.o)
                0x00104b54                gspWaitForEvent
 .text.GSPGPU_SetBufferSwap
                0x00104bac       0x6c /Users/rabougue/Documents/3ds_homebrew_dev/devkitPro/libctru/lib/libctru.a(gspgpu.o)
                0x00104bac                GSPGPU_SetBufferSwap
 .text.GSPGPU_FlushDataCache
                0x00104c18       0x4c /Users/rabougue/Documents/3ds_homebrew_dev/devkitPro/libctru/lib/libctru.a(gspgpu.o)
                0x00104c18                GSPGPU_FlushDataCache
 .text.GSPGPU_SetLcdForceBlack
                0x00104c64       0x34 /Users/rabougue/Documents/3ds_homebrew_dev/devkitPro/libctru/lib/libctru.a(gspgpu.o)
                0x00104c64                GSPGPU_SetLcdForceBlack
 .text.GSPGPU_RegisterInterruptRelayQueue
                0x00104c98       0x64 /Users/rabougue/Documents/3ds_homebrew_dev/devkitPro/libctru/lib/libctru.a(gspgpu.o)
                0x00104c98                GSPGPU_RegisterInterruptRelayQueue
 .text.GSPGPU_UnregisterInterruptRelayQueue
                0x00104cfc       0x2c /Users/rabougue/Documents/3ds_homebrew_dev/devkitPro/libctru/lib/libctru.a(gspgpu.o)
                0x00104cfc                GSPGPU_UnregisterInterruptRelayQueue
 .text.GSPGPU_AcquireRight
                0x00104d28       0x48 /Users/rabougue/Documents/3ds_homebrew_dev/devkitPro/libctru/lib/libctru.a(gspgpu.o)
                0x00104d28                GSPGPU_AcquireRight
 .text.GSPGPU_ReleaseRight
                0x00104d70       0x2c /Users/rabougue/Documents/3ds_homebrew_dev/devkitPro/libctru/lib/libctru.a(gspgpu.o)
                0x00104d70                GSPGPU_ReleaseRight
 .text.GSPGPU_ImportDisplayCaptureInfo
                0x00104d9c       0x80 /Users/rabougue/Documents/3ds_homebrew_dev/devkitPro/libctru/lib/libctru.a(gspgpu.o)
                0x00104d9c                GSPGPU_ImportDisplayCaptureInfo
 .text.GSPGPU_SaveVramSysArea
                0x00104e1c       0x2c /Users/rabougue/Documents/3ds_homebrew_dev/devkitPro/libctru/lib/libctru.a(gspgpu.o)
                0x00104e1c                GSPGPU_SaveVramSysArea
 .text.GSPGPU_RestoreVramSysArea
                0x00104e48       0x2c /Users/rabougue/Documents/3ds_homebrew_dev/devkitPro/libctru/lib/libctru.a(gspgpu.o)
                0x00104e48                GSPGPU_RestoreVramSysArea
 .text.hidExit  0x00104e74       0xd8 /Users/rabougue/Documents/3ds_homebrew_dev/devkitPro/libctru/lib/libctru.a(hid.o)
                0x00104e74                hidExit
 .text.hidScanInput
                0x00104f4c      0x238 /Users/rabougue/Documents/3ds_homebrew_dev/devkitPro/libctru/lib/libctru.a(hid.o)
                0x00104f4c                hidScanInput
 .text.hidKeysDown
                0x00105184       0x10 /Users/rabougue/Documents/3ds_homebrew_dev/devkitPro/libctru/lib/libctru.a(hid.o)
                0x00105184                hidKeysDown
 .text.HIDUSER_GetHandles
                0x00105194       0x90 /Users/rabougue/Documents/3ds_homebrew_dev/devkitPro/libctru/lib/libctru.a(hid.o)
                0x00105194                HIDUSER_GetHandles
 .text.hidInit  0x00105224      0x184 /Users/rabougue/Documents/3ds_homebrew_dev/devkitPro/libctru/lib/libctru.a(hid.o)
                0x00105224                hidInit
 .text.irrstScanInput
                0x001053a8       0xb0 /Users/rabougue/Documents/3ds_homebrew_dev/devkitPro/libctru/lib/libctru.a(irrst.o)
                0x001053a8                irrstScanInput
 .text.irrstKeysHeld
                0x00105458       0x1c /Users/rabougue/Documents/3ds_homebrew_dev/devkitPro/libctru/lib/libctru.a(irrst.o)
                0x00105458                irrstKeysHeld
 .text.IRRST_GetHandles
                0x00105474       0x50 /Users/rabougue/Documents/3ds_homebrew_dev/devkitPro/libctru/lib/libctru.a(irrst.o)
                0x00105474                IRRST_GetHandles
 .text.irrstInit
                0x001054c4      0x148 /Users/rabougue/Documents/3ds_homebrew_dev/devkitPro/libctru/lib/libctru.a(irrst.o)
                0x001054c4                irrstInit
 .text.IRRST_Shutdown
                0x0010560c       0x2c /Users/rabougue/Documents/3ds_homebrew_dev/devkitPro/libctru/lib/libctru.a(irrst.o)
                0x0010560c                IRRST_Shutdown
 .text.irrstExit
                0x00105638       0xb0 /Users/rabougue/Documents/3ds_homebrew_dev/devkitPro/libctru/lib/libctru.a(irrst.o)
                0x00105638                irrstExit
 .text.__system_initArgv
                0x001056e8       0xf4 /Users/rabougue/Documents/3ds_homebrew_dev/devkitPro/libctru/lib/libctru.a(initArgv.o)
                0x001056e8                __system_initArgv
 .text.__libctru_init
                0x001057dc       0x38 /Users/rabougue/Documents/3ds_homebrew_dev/devkitPro/libctru/lib/libctru.a(initSystem.o)
                0x001057dc                __libctru_init
 .text.__ctru_get_reent
                0x00105814       0x30 /Users/rabougue/Documents/3ds_homebrew_dev/devkitPro/libctru/lib/libctru.a(syscalls.o)
 .text.__system_initSyscalls
                0x00105844       0xe8 /Users/rabougue/Documents/3ds_homebrew_dev/devkitPro/libctru/lib/libctru.a(syscalls.o)
                0x00105844                __system_initSyscalls
 .text.svcControlMemory
                0x0010592c       0x20 /Users/rabougue/Documents/3ds_homebrew_dev/devkitPro/libctru/lib/libctru.a(svc.o)
                0x0010592c                svcControlMemory
 .text.svcExitProcess
                0x0010594c        0x8 /Users/rabougue/Documents/3ds_homebrew_dev/devkitPro/libctru/lib/libctru.a(svc.o)
                0x0010594c                svcExitProcess
 .text.svcCreateThread
                0x00105954       0x20 /Users/rabougue/Documents/3ds_homebrew_dev/devkitPro/libctru/lib/libctru.a(svc.o)
                0x00105954                svcCreateThread
 .text.svcExitThread
                0x00105974        0x8 /Users/rabougue/Documents/3ds_homebrew_dev/devkitPro/libctru/lib/libctru.a(svc.o)
                0x00105974                svcExitThread
 .text.svcCreateEvent
                0x0010597c       0x14 /Users/rabougue/Documents/3ds_homebrew_dev/devkitPro/libctru/lib/libctru.a(svc.o)
                0x0010597c                svcCreateEvent
 .text.svcSignalEvent
                0x00105990        0x8 /Users/rabougue/Documents/3ds_homebrew_dev/devkitPro/libctru/lib/libctru.a(svc.o)
                0x00105990                svcSignalEvent
 .text.svcClearEvent
                0x00105998        0x8 /Users/rabougue/Documents/3ds_homebrew_dev/devkitPro/libctru/lib/libctru.a(svc.o)
                0x00105998                svcClearEvent
 .text.svcMapMemoryBlock
                0x001059a0        0x8 /Users/rabougue/Documents/3ds_homebrew_dev/devkitPro/libctru/lib/libctru.a(svc.o)
                0x001059a0                svcMapMemoryBlock
 .text.svcUnmapMemoryBlock
                0x001059a8        0x8 /Users/rabougue/Documents/3ds_homebrew_dev/devkitPro/libctru/lib/libctru.a(svc.o)
                0x001059a8                svcUnmapMemoryBlock
 .text.svcCreateAddressArbiter
                0x001059b0       0x14 /Users/rabougue/Documents/3ds_homebrew_dev/devkitPro/libctru/lib/libctru.a(svc.o)
                0x001059b0                svcCreateAddressArbiter
 .text.svcArbitrateAddress
                0x001059c4       0x18 /Users/rabougue/Documents/3ds_homebrew_dev/devkitPro/libctru/lib/libctru.a(svc.o)
                0x001059c4                svcArbitrateAddress
 .text.svcCloseHandle
                0x001059dc        0x8 /Users/rabougue/Documents/3ds_homebrew_dev/devkitPro/libctru/lib/libctru.a(svc.o)
                0x001059dc                svcCloseHandle
 .text.svcWaitSynchronization
                0x001059e4        0x8 /Users/rabougue/Documents/3ds_homebrew_dev/devkitPro/libctru/lib/libctru.a(svc.o)
                0x001059e4                svcWaitSynchronization
 .text.svcWaitSynchronizationN
                0x001059ec       0x28 /Users/rabougue/Documents/3ds_homebrew_dev/devkitPro/libctru/lib/libctru.a(svc.o)
                0x001059ec                svcWaitSynchronizationN
 .text.svcDuplicateHandle
                0x00105a14       0x14 /Users/rabougue/Documents/3ds_homebrew_dev/devkitPro/libctru/lib/libctru.a(svc.o)
                0x00105a14                svcDuplicateHandle
 .text.svcGetSystemTick
                0x00105a28        0x8 /Users/rabougue/Documents/3ds_homebrew_dev/devkitPro/libctru/lib/libctru.a(svc.o)
                0x00105a28                svcGetSystemTick
 .text.svcGetSystemInfo
                0x00105a30       0x18 /Users/rabougue/Documents/3ds_homebrew_dev/devkitPro/libctru/lib/libctru.a(svc.o)
                0x00105a30                svcGetSystemInfo
 .text.svcConnectToPort
                0x00105a48       0x14 /Users/rabougue/Documents/3ds_homebrew_dev/devkitPro/libctru/lib/libctru.a(svc.o)
                0x00105a48                svcConnectToPort
 .text.svcSendSyncRequest
                0x00105a5c        0x8 /Users/rabougue/Documents/3ds_homebrew_dev/devkitPro/libctru/lib/libctru.a(svc.o)
                0x00105a5c                svcSendSyncRequest
 .text.svcBreak
                0x00105a64        0x8 /Users/rabougue/Documents/3ds_homebrew_dev/devkitPro/libctru/lib/libctru.a(svc.o)
                0x00105a64                svcBreak
 .text.svcOutputDebugString
                0x00105a6c        0x8 /Users/rabougue/Documents/3ds_homebrew_dev/devkitPro/libctru/lib/libctru.a(svc.o)
                0x00105a6c                svcOutputDebugString
 .text._ZL21addrMapNodeComparatorPK11rbtree_nodeS1_
                0x00105a74       0x24 /Users/rabougue/Documents/3ds_homebrew_dev/devkitPro/libctru/lib/libctru.a(linear.o)
 .text._ZL21addrMapNodeDestructorP11rbtree_node
                0x00105a98        0x4 /Users/rabougue/Documents/3ds_homebrew_dev/devkitPro/libctru/lib/libctru.a(linear.o)
 .text.linearMemAlign
                0x00105a9c      0x140 /Users/rabougue/Documents/3ds_homebrew_dev/devkitPro/libctru/lib/libctru.a(linear.o)
                0x00105a9c                linearMemAlign
 .text.linearAlloc
                0x00105bdc        0x8 /Users/rabougue/Documents/3ds_homebrew_dev/devkitPro/libctru/lib/libctru.a(linear.o)
                0x00105bdc                linearAlloc
 .text.linearFree
                0x00105be4       0x50 /Users/rabougue/Documents/3ds_homebrew_dev/devkitPro/libctru/lib/libctru.a(linear.o)
                0x00105be4                linearFree
 .text._ZL21addrMapNodeComparatorPK11rbtree_nodeS1_
                0x00105c34       0x24 /Users/rabougue/Documents/3ds_homebrew_dev/devkitPro/libctru/lib/libctru.a(mappable.o)
 .text._ZL21addrMapNodeDestructorP11rbtree_node
                0x00105c58        0x4 /Users/rabougue/Documents/3ds_homebrew_dev/devkitPro/libctru/lib/libctru.a(mappable.o)
 .text.mappableAlloc
                0x00105c5c       0xf4 /Users/rabougue/Documents/3ds_homebrew_dev/devkitPro/libctru/lib/libctru.a(mappable.o)
                0x00105c5c                mappableAlloc
 .text.mappableFree
                0x00105d50       0x50 /Users/rabougue/Documents/3ds_homebrew_dev/devkitPro/libctru/lib/libctru.a(mappable.o)
                0x00105d50                mappableFree
 .text._ZN7MemPool13CoalesceRightEP8MemBlock
                0x00105da0       0xa0 /Users/rabougue/Documents/3ds_homebrew_dev/devkitPro/libctru/lib/libctru.a(mem_pool.o)
                0x00105da0                MemPool::CoalesceRight(MemBlock*)
 .text._ZN7MemPool8AllocateER8MemChunkmi
                0x00105e40      0x18c /Users/rabougue/Documents/3ds_homebrew_dev/devkitPro/libctru/lib/libctru.a(mem_pool.o)
                0x00105e40                MemPool::Allocate(MemChunk&, unsigned long, int)
 .text._ZN7MemPool10DeallocateERK8MemChunk
                0x00105fcc      0x104 /Users/rabougue/Documents/3ds_homebrew_dev/devkitPro/libctru/lib/libctru.a(mem_pool.o)
                0x00105fcc                MemPool::Deallocate(MemChunk const&)
 .text._ZL21addrMapNodeComparatorPK11rbtree_nodeS1_
                0x001060d0       0x24 /Users/rabougue/Documents/3ds_homebrew_dev/devkitPro/libctru/lib/libctru.a(vram.o)
 .text._ZL21addrMapNodeDestructorP11rbtree_node
                0x001060f4        0x4 /Users/rabougue/Documents/3ds_homebrew_dev/devkitPro/libctru/lib/libctru.a(vram.o)
 .text.vramMemAlign
                0x001060f8      0x130 /Users/rabougue/Documents/3ds_homebrew_dev/devkitPro/libctru/lib/libctru.a(vram.o)
                0x001060f8                vramMemAlign
 .text.vramAlloc
                0x00106228        0x8 /Users/rabougue/Documents/3ds_homebrew_dev/devkitPro/libctru/lib/libctru.a(vram.o)
                0x00106228                vramAlloc
 .text.vramFree
                0x00106230       0x50 /Users/rabougue/Documents/3ds_homebrew_dev/devkitPro/libctru/lib/libctru.a(vram.o)
                0x00106230                vramFree
 .text.envGetHandle
                0x00106280       0x94 /Users/rabougue/Documents/3ds_homebrew_dev/devkitPro/libctru/lib/libctru.a(env.o)
                0x00106280                envGetHandle
 .text.envDestroyHandles
                0x00106314       0x4c /Users/rabougue/Documents/3ds_homebrew_dev/devkitPro/libctru/lib/libctru.a(env.o)
                0x00106314                envDestroyHandles
 .text.getSysTime
                0x00106360       0x58 /Users/rabougue/Documents/3ds_homebrew_dev/devkitPro/libctru/lib/libctru.a(os.o)
 .text.osGetMemRegionUsed
                0x001063b8       0x24 /Users/rabougue/Documents/3ds_homebrew_dev/devkitPro/libctru/lib/libctru.a(os.o)
                0x001063b8                osGetMemRegionUsed
 *fill*         0x001063dc        0x4 
 .text.__libctru_gtod
                0x001063e0       0xf8 /Users/rabougue/Documents/3ds_homebrew_dev/devkitPro/libctru/lib/libctru.a(os.o)
                0x001063e0                __libctru_gtod
 .text.__ctru_speedup_config
                0x001064d8       0x34 /Users/rabougue/Documents/3ds_homebrew_dev/devkitPro/libctru/lib/libctru.a(os.o)
                0x001064d8                __ctru_speedup_config
 .text.srvExit  0x0010650c       0x50 /Users/rabougue/Documents/3ds_homebrew_dev/devkitPro/libctru/lib/libctru.a(srv.o)
                0x0010650c                srvExit
 .text.srvRegisterClient
                0x0010655c       0x38 /Users/rabougue/Documents/3ds_homebrew_dev/devkitPro/libctru/lib/libctru.a(srv.o)
                0x0010655c                srvRegisterClient
 .text.srvInit  0x00106594       0x70 /Users/rabougue/Documents/3ds_homebrew_dev/devkitPro/libctru/lib/libctru.a(srv.o)
                0x00106594                srvInit
 .text.srvGetServiceHandleDirect
                0x00106604       0x68 /Users/rabougue/Documents/3ds_homebrew_dev/devkitPro/libctru/lib/libctru.a(srv.o)
                0x00106604                srvGetServiceHandleDirect
 .text.srvGetServiceHandle
                0x0010666c       0x38 /Users/rabougue/Documents/3ds_homebrew_dev/devkitPro/libctru/lib/libctru.a(srv.o)
                0x0010666c                srvGetServiceHandle
 .text.LightLock_Unlock.part.1
                0x001066a4       0x34 /Users/rabougue/Documents/3ds_homebrew_dev/devkitPro/libctru/lib/libctru.a(synchronization.o)
 .text.__sync_init
                0x001066d8        0xc /Users/rabougue/Documents/3ds_homebrew_dev/devkitPro/libctru/lib/libctru.a(synchronization.o)
                0x001066d8                __sync_init
 .text.__sync_fini
                0x001066e4       0x18 /Users/rabougue/Documents/3ds_homebrew_dev/devkitPro/libctru/lib/libctru.a(synchronization.o)
                0x001066e4                __sync_fini
 .text.LightLock_Init
                0x001066fc       0x18 /Users/rabougue/Documents/3ds_homebrew_dev/devkitPro/libctru/lib/libctru.a(synchronization.o)
                0x001066fc                LightLock_Init
 .text.LightLock_Lock
                0x00106714       0x94 /Users/rabougue/Documents/3ds_homebrew_dev/devkitPro/libctru/lib/libctru.a(synchronization.o)
                0x00106714                LightLock_Lock
 .text.LightLock_TryLock
                0x001067a8       0x34 /Users/rabougue/Documents/3ds_homebrew_dev/devkitPro/libctru/lib/libctru.a(synchronization.o)
                0x001067a8                LightLock_TryLock
 .text.LightLock_Unlock
                0x001067dc       0x20 /Users/rabougue/Documents/3ds_homebrew_dev/devkitPro/libctru/lib/libctru.a(synchronization.o)
                0x001067dc                LightLock_Unlock
 .text.RecursiveLock_Init
                0x001067fc       0x24 /Users/rabougue/Documents/3ds_homebrew_dev/devkitPro/libctru/lib/libctru.a(synchronization.o)
                0x001067fc                RecursiveLock_Init
 .text.RecursiveLock_Lock
                0x00106820       0x30 /Users/rabougue/Documents/3ds_homebrew_dev/devkitPro/libctru/lib/libctru.a(synchronization.o)
                0x00106820                RecursiveLock_Lock
 .text.RecursiveLock_TryLock
                0x00106850       0x58 /Users/rabougue/Documents/3ds_homebrew_dev/devkitPro/libctru/lib/libctru.a(synchronization.o)
                0x00106850                RecursiveLock_TryLock
 .text.RecursiveLock_Unlock
                0x001068a8       0x38 /Users/rabougue/Documents/3ds_homebrew_dev/devkitPro/libctru/lib/libctru.a(synchronization.o)
                0x001068a8                RecursiveLock_Unlock
 .text.threadCreate
                0x001068e0      0x1c8 /Users/rabougue/Documents/3ds_homebrew_dev/devkitPro/libctru/lib/libctru.a(thread.o)
                0x001068e0                threadCreate
 .text.threadJoin
                0x00106aa8       0x24 /Users/rabougue/Documents/3ds_homebrew_dev/devkitPro/libctru/lib/libctru.a(thread.o)
                0x00106aa8                threadJoin
 .text.threadExit
                0x00106acc       0x6c /Users/rabougue/Documents/3ds_homebrew_dev/devkitPro/libctru/lib/libctru.a(thread.o)
                0x00106acc                threadExit
 .text._thread_begin
                0x00106b38       0x3c /Users/rabougue/Documents/3ds_homebrew_dev/devkitPro/libctru/lib/libctru.a(thread.o)
 .text.ptmSysmInit
                0x00106b74       0x70 /Users/rabougue/Documents/3ds_homebrew_dev/devkitPro/libctru/lib/libctru.a(ptmsysm.o)
                0x00106b74                ptmSysmInit
 .text.ptmSysmExit
                0x00106be4       0x34 /Users/rabougue/Documents/3ds_homebrew_dev/devkitPro/libctru/lib/libctru.a(ptmsysm.o)
                0x00106be4                ptmSysmExit
 .text.PTMSYSM_ConfigureNew3DSCPU
                0x00106c18       0x34 /Users/rabougue/Documents/3ds_homebrew_dev/devkitPro/libctru/lib/libctru.a(ptmsysm.o)
                0x00106c18                PTMSYSM_ConfigureNew3DSCPU
 .text.rbtree_find
                0x00106c4c       0x70 /Users/rabougue/Documents/3ds_homebrew_dev/devkitPro/libctru/lib/libctru.a(rbtree_find.o)
                0x00106c4c                rbtree_find
 .text.rbtree_init
                0x00106cbc       0x14 /Users/rabougue/Documents/3ds_homebrew_dev/devkitPro/libctru/lib/libctru.a(rbtree_init.o)
                0x00106cbc                rbtree_init
 .text.do_insert
                0x00106cd0      0x1d4 /Users/rabougue/Documents/3ds_homebrew_dev/devkitPro/libctru/lib/libctru.a(rbtree_insert.o)
 .text.rbtree_insert
                0x00106ea4        0x8 /Users/rabougue/Documents/3ds_homebrew_dev/devkitPro/libctru/lib/libctru.a(rbtree_insert.o)
                0x00106ea4                rbtree_insert
 .text.rbtree_remove
                0x00106eac      0x35c /Users/rabougue/Documents/3ds_homebrew_dev/devkitPro/libctru/lib/libctru.a(rbtree_remove.o)
                0x00106eac                rbtree_remove
 .text.rbtree_rotate
                0x00107208       0xac /Users/rabougue/Documents/3ds_homebrew_dev/devkitPro/libctru/lib/libctru.a(rbtree_rotate.o)
                0x00107208                rbtree_rotate
 .text.osGetMemRegionSize
                0x001072b4       0x58 /Users/rabougue/Documents/3ds_homebrew_dev/devkitPro/libctru/lib/libctru.a(allocateHeaps.o)
 .text.__system_allocateHeaps
                0x0010730c      0x124 /Users/rabougue/Documents/3ds_homebrew_dev/devkitPro/libctru/lib/libctru.a(allocateHeaps.o)
                0x0010730c                __system_allocateHeaps
 .text.__appExit
                0x00107430       0x1c /Users/rabougue/Documents/3ds_homebrew_dev/devkitPro/libctru/lib/libctru.a(appExit.o)
                0x00107430                __appExit
 .text.__appInit
                0x0010744c       0x1c /Users/rabougue/Documents/3ds_homebrew_dev/devkitPro/libctru/lib/libctru.a(appInit.o)
                0x0010744c                __appInit
 .text.__libctru_exit
                0x00107468       0xa4 /Users/rabougue/Documents/3ds_homebrew_dev/devkitPro/libctru/lib/libctru.a(ctru_exit.o)
                0x00107468                __libctru_exit
 .text.sdmc_link
                0x0010750c       0x10 /Users/rabougue/Documents/3ds_homebrew_dev/devkitPro/libctru/lib/libctru.a(sdmc_dev.o)
 .text.sdmc_dirreset
                0x0010751c       0x10 /Users/rabougue/Documents/3ds_homebrew_dev/devkitPro/libctru/lib/libctru.a(sdmc_dev.o)
 .text.sdmc_chmod
                0x0010752c       0x10 /Users/rabougue/Documents/3ds_homebrew_dev/devkitPro/libctru/lib/libctru.a(sdmc_dev.o)
 .text.sdmc_fchmod
                0x0010753c       0x10 /Users/rabougue/Documents/3ds_homebrew_dev/devkitPro/libctru/lib/libctru.a(sdmc_dev.o)
 .text.error_cmp
                0x0010754c       0x24 /Users/rabougue/Documents/3ds_homebrew_dev/devkitPro/libctru/lib/libctru.a(sdmc_dev.o)
 .text.sdmc_translate_error
                0x00107570       0x50 /Users/rabougue/Documents/3ds_homebrew_dev/devkitPro/libctru/lib/libctru.a(sdmc_dev.o)
 .text.sdmc_fsync
                0x001075c0       0x34 /Users/rabougue/Documents/3ds_homebrew_dev/devkitPro/libctru/lib/libctru.a(sdmc_dev.o)
 .text.sdmc_ftruncate
                0x001075f4       0x54 /Users/rabougue/Documents/3ds_homebrew_dev/devkitPro/libctru/lib/libctru.a(sdmc_dev.o)
 .text.sdmc_statvfs
                0x00107648       0xac /Users/rabougue/Documents/3ds_homebrew_dev/devkitPro/libctru/lib/libctru.a(sdmc_dev.o)
 .text.sdmc_dirclose
                0x001076f4       0x38 /Users/rabougue/Documents/3ds_homebrew_dev/devkitPro/libctru/lib/libctru.a(sdmc_dev.o)
 .text.sdmc_dirnext
                0x0010772c       0xe0 /Users/rabougue/Documents/3ds_homebrew_dev/devkitPro/libctru/lib/libctru.a(sdmc_dev.o)
 .text.sdmc_close
                0x0010780c       0x34 /Users/rabougue/Documents/3ds_homebrew_dev/devkitPro/libctru/lib/libctru.a(sdmc_dev.o)
 .text.sdmc_fstat
                0x00107840       0x74 /Users/rabougue/Documents/3ds_homebrew_dev/devkitPro/libctru/lib/libctru.a(sdmc_dev.o)
 .text.sdmc_seek
                0x001078b4       0xc0 /Users/rabougue/Documents/3ds_homebrew_dev/devkitPro/libctru/lib/libctru.a(sdmc_dev.o)
 .text.sdmc_read
                0x00107974       0x8c /Users/rabougue/Documents/3ds_homebrew_dev/devkitPro/libctru/lib/libctru.a(sdmc_dev.o)
 .text.sdmc_write
                0x00107a00      0x108 /Users/rabougue/Documents/3ds_homebrew_dev/devkitPro/libctru/lib/libctru.a(sdmc_dev.o)
 .text.sdmc_utf16path
                0x00107b08      0x1b4 /Users/rabougue/Documents/3ds_homebrew_dev/devkitPro/libctru/lib/libctru.a(sdmc_dev.o)
 .text.sdmc_rmdir
                0x00107cbc       0x80 /Users/rabougue/Documents/3ds_homebrew_dev/devkitPro/libctru/lib/libctru.a(sdmc_dev.o)
 .text.sdmc_diropen
                0x00107d3c       0x9c /Users/rabougue/Documents/3ds_homebrew_dev/devkitPro/libctru/lib/libctru.a(sdmc_dev.o)
 .text.sdmc_chdir
                0x00107dd8       0xa8 /Users/rabougue/Documents/3ds_homebrew_dev/devkitPro/libctru/lib/libctru.a(sdmc_dev.o)
 .text.sdmc_mkdir
                0x00107e80       0x84 /Users/rabougue/Documents/3ds_homebrew_dev/devkitPro/libctru/lib/libctru.a(sdmc_dev.o)
 .text.sdmc_rename
                0x00107f04      0x138 /Users/rabougue/Documents/3ds_homebrew_dev/devkitPro/libctru/lib/libctru.a(sdmc_dev.o)
 .text.sdmc_unlink
                0x0010803c       0x80 /Users/rabougue/Documents/3ds_homebrew_dev/devkitPro/libctru/lib/libctru.a(sdmc_dev.o)
 .text.sdmc_stat
                0x001080bc      0x120 /Users/rabougue/Documents/3ds_homebrew_dev/devkitPro/libctru/lib/libctru.a(sdmc_dev.o)
 .text.sdmc_open
                0x001081dc      0x1ac /Users/rabougue/Documents/3ds_homebrew_dev/devkitPro/libctru/lib/libctru.a(sdmc_dev.o)
 .text.sdmcInit
                0x00108388      0x134 /Users/rabougue/Documents/3ds_homebrew_dev/devkitPro/libctru/lib/libctru.a(sdmc_dev.o)
                0x00108388                sdmcInit
 .text.sdmcExit
                0x001084bc       0x50 /Users/rabougue/Documents/3ds_homebrew_dev/devkitPro/libctru/lib/libctru.a(sdmc_dev.o)
                0x001084bc                sdmcExit
 .text.fsInit   0x0010850c       0xc8 /Users/rabougue/Documents/3ds_homebrew_dev/devkitPro/libctru/lib/libctru.a(fs.o)
                0x0010850c                fsInit
 .text.fsExit   0x001085d4       0x34 /Users/rabougue/Documents/3ds_homebrew_dev/devkitPro/libctru/lib/libctru.a(fs.o)
                0x001085d4                fsExit
 .text.FSUSER_OpenFile
                0x00108608       0xdc /Users/rabougue/Documents/3ds_homebrew_dev/devkitPro/libctru/lib/libctru.a(fs.o)
                0x00108608                FSUSER_OpenFile
 .text.FSUSER_DeleteFile
                0x001086e4       0xb8 /Users/rabougue/Documents/3ds_homebrew_dev/devkitPro/libctru/lib/libctru.a(fs.o)
                0x001086e4                FSUSER_DeleteFile
 .text.FSUSER_RenameFile
                0x0010879c       0xf4 /Users/rabougue/Documents/3ds_homebrew_dev/devkitPro/libctru/lib/libctru.a(fs.o)
                0x0010879c                FSUSER_RenameFile
 .text.FSUSER_DeleteDirectory
                0x00108890       0xb8 /Users/rabougue/Documents/3ds_homebrew_dev/devkitPro/libctru/lib/libctru.a(fs.o)
                0x00108890                FSUSER_DeleteDirectory
 .text.FSUSER_CreateFile
                0x00108948       0xd0 /Users/rabougue/Documents/3ds_homebrew_dev/devkitPro/libctru/lib/libctru.a(fs.o)
                0x00108948                FSUSER_CreateFile
 .text.FSUSER_CreateDirectory
                0x00108a18       0xc0 /Users/rabougue/Documents/3ds_homebrew_dev/devkitPro/libctru/lib/libctru.a(fs.o)
                0x00108a18                FSUSER_CreateDirectory
 .text.FSUSER_RenameDirectory
                0x00108ad8       0xf4 /Users/rabougue/Documents/3ds_homebrew_dev/devkitPro/libctru/lib/libctru.a(fs.o)
                0x00108ad8                FSUSER_RenameDirectory
 .text.FSUSER_OpenDirectory
                0x00108bcc       0xc4 /Users/rabougue/Documents/3ds_homebrew_dev/devkitPro/libctru/lib/libctru.a(fs.o)
                0x00108bcc                FSUSER_OpenDirectory
 .text.FSUSER_OpenArchive
                0x00108c90       0xbc /Users/rabougue/Documents/3ds_homebrew_dev/devkitPro/libctru/lib/libctru.a(fs.o)
                0x00108c90                FSUSER_OpenArchive
 .text.FSUSER_CloseArchive
                0x00108d4c       0x88 /Users/rabougue/Documents/3ds_homebrew_dev/devkitPro/libctru/lib/libctru.a(fs.o)
                0x00108d4c                FSUSER_CloseArchive
 .text.FSUSER_GetSdmcArchiveResource
                0x00108dd4       0x8c /Users/rabougue/Documents/3ds_homebrew_dev/devkitPro/libctru/lib/libctru.a(fs.o)
                0x00108dd4                FSUSER_GetSdmcArchiveResource
 .text.FSUSER_IsSdmcWritable
                0x00108e60       0x64 /Users/rabougue/Documents/3ds_homebrew_dev/devkitPro/libctru/lib/libctru.a(fs.o)
                0x00108e60                FSUSER_IsSdmcWritable
 .text.FSFILE_Read
                0x00108ec4       0x5c /Users/rabougue/Documents/3ds_homebrew_dev/devkitPro/libctru/lib/libctru.a(fs.o)
                0x00108ec4                FSFILE_Read
 .text.FSFILE_Write
                0x00108f20       0x64 /Users/rabougue/Documents/3ds_homebrew_dev/devkitPro/libctru/lib/libctru.a(fs.o)
                0x00108f20                FSFILE_Write
 .text.FSFILE_GetSize
                0x00108f84       0x3c /Users/rabougue/Documents/3ds_homebrew_dev/devkitPro/libctru/lib/libctru.a(fs.o)
                0x00108f84                FSFILE_GetSize
 .text.FSFILE_SetSize
                0x00108fc0       0x2c /Users/rabougue/Documents/3ds_homebrew_dev/devkitPro/libctru/lib/libctru.a(fs.o)
                0x00108fc0                FSFILE_SetSize
 .text.FSFILE_Close
                0x00108fec       0x3c /Users/rabougue/Documents/3ds_homebrew_dev/devkitPro/libctru/lib/libctru.a(fs.o)
                0x00108fec                FSFILE_Close
 .text.FSFILE_Flush
                0x00109028       0x24 /Users/rabougue/Documents/3ds_homebrew_dev/devkitPro/libctru/lib/libctru.a(fs.o)
                0x00109028                FSFILE_Flush
 .text.FSDIR_Read
                0x0010904c       0x54 /Users/rabougue/Documents/3ds_homebrew_dev/devkitPro/libctru/lib/libctru.a(fs.o)
                0x0010904c                FSDIR_Read
 .text.FSDIR_Close
                0x001090a0       0x3c /Users/rabougue/Documents/3ds_homebrew_dev/devkitPro/libctru/lib/libctru.a(fs.o)
                0x001090a0                FSDIR_Close
 .text.rbtree_node_next
                0x001090dc       0x8c /Users/rabougue/Documents/3ds_homebrew_dev/devkitPro/libctru/lib/libctru.a(rbtree_iterator.o)
                0x001090dc                rbtree_node_next
 .text.decode_utf8
                0x00109168      0x138 /Users/rabougue/Documents/3ds_homebrew_dev/devkitPro/libctru/lib/libctru.a(decode_utf8.o)
                0x00109168                decode_utf8
 .text.utf16_to_utf8
                0x001092a0       0xe4 /Users/rabougue/Documents/3ds_homebrew_dev/devkitPro/libctru/lib/libctru.a(utf16_to_utf8.o)
                0x001092a0                utf16_to_utf8
 .text.utf8_to_utf16
                0x00109384       0xbc /Users/rabougue/Documents/3ds_homebrew_dev/devkitPro/libctru/lib/libctru.a(utf8_to_utf16.o)
                0x00109384                utf8_to_utf16
 .text.__aeabi_read_tp
                0x00109440        0xc /Users/rabougue/Documents/3ds_homebrew_dev/devkitPro/libctru/lib/libctru.a(readtp.o)
                0x00109440                __aeabi_read_tp
 .text.decode_utf16
                0x0010944c       0x60 /Users/rabougue/Documents/3ds_homebrew_dev/devkitPro/libctru/lib/libctru.a(decode_utf16.o)
                0x0010944c                decode_utf16
 .text.encode_utf16
                0x001094ac       0x68 /Users/rabougue/Documents/3ds_homebrew_dev/devkitPro/libctru/lib/libctru.a(encode_utf16.o)
                0x001094ac                encode_utf16
 .text.encode_utf8
                0x00109514      0x104 /Users/rabougue/Documents/3ds_homebrew_dev/devkitPro/libctru/lib/libctru.a(encode_utf8.o)
                0x00109514                encode_utf8
 .text.bsearch  0x00109618       0x78 /Users/rabougue/Documents/3ds_homebrew_dev/devkitPro/devkitARM/bin/../lib/gcc/arm-none-eabi/5.3.0/../../../../arm-none-eabi/lib/armv6k/fpu/libg.a(lib_a-bsearch.o)
                0x00109618                bsearch
 .text.__libc_fini_array
                0x00109690       0x3c /Users/rabougue/Documents/3ds_homebrew_dev/devkitPro/devkitARM/bin/../lib/gcc/arm-none-eabi/5.3.0/../../../../arm-none-eabi/lib/armv6k/fpu/libg.a(lib_a-fini.o)
                0x00109690                __libc_fini_array
 .text.__libc_init_array
                0x001096cc       0x78 /Users/rabougue/Documents/3ds_homebrew_dev/devkitPro/devkitARM/bin/../lib/gcc/arm-none-eabi/5.3.0/../../../../arm-none-eabi/lib/armv6k/fpu/libg.a(lib_a-init.o)
                0x001096cc                __libc_init_array
 .text.memalign
                0x00109744       0x20 /Users/rabougue/Documents/3ds_homebrew_dev/devkitPro/devkitARM/bin/../lib/gcc/arm-none-eabi/5.3.0/../../../../arm-none-eabi/lib/armv6k/fpu/libg.a(lib_a-malign.o)
                0x00109744                memalign
 .text._memalign_r
                0x00109764      0x15c /Users/rabougue/Documents/3ds_homebrew_dev/devkitPro/devkitARM/bin/../lib/gcc/arm-none-eabi/5.3.0/../../../../arm-none-eabi/lib/armv6k/fpu/libg.a(lib_a-malignr.o)
                0x00109764                _memalign_r
 .text.malloc   0x001098c0       0x18 /Users/rabougue/Documents/3ds_homebrew_dev/devkitPro/devkitARM/bin/../lib/gcc/arm-none-eabi/5.3.0/../../../../arm-none-eabi/lib/armv6k/fpu/libg.a(lib_a-malloc.o)
                0x001098c0                malloc
 .text.free     0x001098d8       0x18 /Users/rabougue/Documents/3ds_homebrew_dev/devkitPro/devkitARM/bin/../lib/gcc/arm-none-eabi/5.3.0/../../../../arm-none-eabi/lib/armv6k/fpu/libg.a(lib_a-malloc.o)
                0x001098d8                free
 .text._malloc_r
                0x001098f0      0x7a8 /Users/rabougue/Documents/3ds_homebrew_dev/devkitPro/devkitARM/bin/../lib/gcc/arm-none-eabi/5.3.0/../../../../arm-none-eabi/lib/armv6k/fpu/libg.a(lib_a-mallocr.o)
                0x001098f0                _malloc_r
 .text.memcpy   0x0010a098       0xf0 /Users/rabougue/Documents/3ds_homebrew_dev/devkitPro/devkitARM/bin/../lib/gcc/arm-none-eabi/5.3.0/../../../../arm-none-eabi/lib/armv6k/fpu/libg.a(lib_a-memcpy.o)
                0x0010a098                memcpy
 .text.memset   0x0010a188       0xf4 /Users/rabougue/Documents/3ds_homebrew_dev/devkitPro/devkitARM/bin/../lib/gcc/arm-none-eabi/5.3.0/../../../../arm-none-eabi/lib/armv6k/fpu/libg.a(lib_a-memset.o)
                0x0010a188                memset
 .text.__malloc_lock
                0x0010a27c        0xc /Users/rabougue/Documents/3ds_homebrew_dev/devkitPro/devkitARM/bin/../lib/gcc/arm-none-eabi/5.3.0/../../../../arm-none-eabi/lib/armv6k/fpu/libg.a(lib_a-mlock.o)
                0x0010a27c                __malloc_lock
 .text.__malloc_unlock
                0x0010a288        0xc /Users/rabougue/Documents/3ds_homebrew_dev/devkitPro/devkitARM/bin/../lib/gcc/arm-none-eabi/5.3.0/../../../../arm-none-eabi/lib/armv6k/fpu/libg.a(lib_a-mlock.o)
                0x0010a288                __malloc_unlock
 .text.printf   0x0010a294       0x38 /Users/rabougue/Documents/3ds_homebrew_dev/devkitPro/devkitARM/bin/../lib/gcc/arm-none-eabi/5.3.0/../../../../arm-none-eabi/lib/armv6k/fpu/libg.a(lib_a-printf.o)
                0x0010a294                printf
 .text.setvbuf  0x0010a2cc      0x1fc /Users/rabougue/Documents/3ds_homebrew_dev/devkitPro/devkitARM/bin/../lib/gcc/arm-none-eabi/5.3.0/../../../../arm-none-eabi/lib/armv6k/fpu/libg.a(lib_a-setvbuf.o)
                0x0010a2cc                setvbuf
 .text.sscanf   0x0010a4c8       0x74 /Users/rabougue/Documents/3ds_homebrew_dev/devkitPro/devkitARM/bin/../lib/gcc/arm-none-eabi/5.3.0/../../../../arm-none-eabi/lib/armv6k/fpu/libg.a(lib_a-sscanf.o)
                0x0010a4c8                sscanf
 .text.__sread  0x0010a53c       0x30 /Users/rabougue/Documents/3ds_homebrew_dev/devkitPro/devkitARM/bin/../lib/gcc/arm-none-eabi/5.3.0/../../../../arm-none-eabi/lib/armv6k/fpu/libg.a(lib_a-stdio.o)
                0x0010a53c                __sread
 .text.__seofread
                0x0010a56c        0x8 /Users/rabougue/Documents/3ds_homebrew_dev/devkitPro/devkitARM/bin/../lib/gcc/arm-none-eabi/5.3.0/../../../../arm-none-eabi/lib/armv6k/fpu/libg.a(lib_a-stdio.o)
                0x0010a56c                __seofread
 .text.__swrite
                0x0010a574       0x54 /Users/rabougue/Documents/3ds_homebrew_dev/devkitPro/devkitARM/bin/../lib/gcc/arm-none-eabi/5.3.0/../../../../arm-none-eabi/lib/armv6k/fpu/libg.a(lib_a-stdio.o)
                0x0010a574                __swrite
 .text.__sseek  0x0010a5c8       0x2c /Users/rabougue/Documents/3ds_homebrew_dev/devkitPro/devkitARM/bin/../lib/gcc/arm-none-eabi/5.3.0/../../../../arm-none-eabi/lib/armv6k/fpu/libg.a(lib_a-stdio.o)
                0x0010a5c8                __sseek
 .text.__sclose
                0x0010a5f4        0x8 /Users/rabougue/Documents/3ds_homebrew_dev/devkitPro/devkitARM/bin/../lib/gcc/arm-none-eabi/5.3.0/../../../../arm-none-eabi/lib/armv6k/fpu/libg.a(lib_a-stdio.o)
                0x0010a5f4                __sclose
 .text.strchr   0x0010a5fc      0x15c /Users/rabougue/Documents/3ds_homebrew_dev/devkitPro/devkitARM/bin/../lib/gcc/arm-none-eabi/5.3.0/../../../../arm-none-eabi/lib/armv6k/fpu/libg.a(lib_a-strchr.o)
                0x0010a5fc                strchr
 .text.strlen   0x0010a758       0x5c /Users/rabougue/Documents/3ds_homebrew_dev/devkitPro/devkitARM/bin/../lib/gcc/arm-none-eabi/5.3.0/../../../../arm-none-eabi/lib/armv6k/fpu/libg.a(lib_a-strlen.o)
                0x0010a758                strlen
 .text.strncat  0x0010a7b4       0xa4 /Users/rabougue/Documents/3ds_homebrew_dev/devkitPro/devkitARM/bin/../lib/gcc/arm-none-eabi/5.3.0/../../../../arm-none-eabi/lib/armv6k/fpu/libg.a(lib_a-strncat.o)
                0x0010a7b4                strncat
 .text.strncpy  0x0010a858       0xe0 /Users/rabougue/Documents/3ds_homebrew_dev/devkitPro/devkitARM/bin/../lib/gcc/arm-none-eabi/5.3.0/../../../../arm-none-eabi/lib/armv6k/fpu/libg.a(lib_a-strncpy.o)
                0x0010a858                strncpy
 .text.__ssvfscanf_r
                0x0010a938     0x2c20 /Users/rabougue/Documents/3ds_homebrew_dev/devkitPro/devkitARM/bin/../lib/gcc/arm-none-eabi/5.3.0/../../../../arm-none-eabi/lib/armv6k/fpu/libg.a(lib_a-svfscanf.o)
                0x0010a938                __ssvfscanf_r
 .text.__sprint_r.part.0
                0x0010d558       0xa4 /Users/rabougue/Documents/3ds_homebrew_dev/devkitPro/devkitARM/bin/../lib/gcc/arm-none-eabi/5.3.0/../../../../arm-none-eabi/lib/armv6k/fpu/libg.a(lib_a-vfiprintf.o)
 .text.__sprint_r
                0x0010d5fc       0x1c /Users/rabougue/Documents/3ds_homebrew_dev/devkitPro/devkitARM/bin/../lib/gcc/arm-none-eabi/5.3.0/../../../../arm-none-eabi/lib/armv6k/fpu/libg.a(lib_a-vfiprintf.o)
                0x0010d5fc                __sprint_r
 .text.get_arg  0x0010d618     0x161c /Users/rabougue/Documents/3ds_homebrew_dev/devkitPro/devkitARM/bin/../lib/gcc/arm-none-eabi/5.3.0/../../../../arm-none-eabi/lib/armv6k/fpu/libg.a(lib_a-vfprintf.o)
 *fill*         0x0010ec34        0x4 
 .text._vfprintf_r
                0x0010ec38     0x4870 /Users/rabougue/Documents/3ds_homebrew_dev/devkitPro/devkitARM/bin/../lib/gcc/arm-none-eabi/5.3.0/../../../../arm-none-eabi/lib/armv6k/fpu/libg.a(lib_a-vfprintf.o)
                0x0010ec38                _vfprintf_r
 .text.__sbprintf
                0x001134a8       0xcc /Users/rabougue/Documents/3ds_homebrew_dev/devkitPro/devkitARM/bin/../lib/gcc/arm-none-eabi/5.3.0/../../../../arm-none-eabi/lib/armv6k/fpu/libg.a(lib_a-vfprintf.o)
 .text._wcrtomb_r
                0x00113574       0x8c /Users/rabougue/Documents/3ds_homebrew_dev/devkitPro/devkitARM/bin/../lib/gcc/arm-none-eabi/5.3.0/../../../../arm-none-eabi/lib/armv6k/fpu/libg.a(lib_a-wcrtomb.o)
                0x00113574                _wcrtomb_r
 .text._wcsrtombs_r
                0x00113600       0x20 /Users/rabougue/Documents/3ds_homebrew_dev/devkitPro/devkitARM/bin/../lib/gcc/arm-none-eabi/5.3.0/../../../../arm-none-eabi/lib/armv6k/fpu/libg.a(lib_a-wcsrtombs.o)
                0x00113600                _wcsrtombs_r
 .text.__utf8_wctomb
                0x00113620      0x114 /Users/rabougue/Documents/3ds_homebrew_dev/devkitPro/devkitARM/bin/../lib/gcc/arm-none-eabi/5.3.0/../../../../arm-none-eabi/lib/armv6k/fpu/libg.a(lib_a-wctomb_r.o)
                0x00113620                __utf8_wctomb
 .text.__swsetup_r
                0x00113734      0x148 /Users/rabougue/Documents/3ds_homebrew_dev/devkitPro/devkitARM/bin/../lib/gcc/arm-none-eabi/5.3.0/../../../../arm-none-eabi/lib/armv6k/fpu/libg.a(lib_a-wsetup.o)
                0x00113734                __swsetup_r
 .text.quorem   0x0011387c      0x1bc /Users/rabougue/Documents/3ds_homebrew_dev/devkitPro/devkitARM/bin/../lib/gcc/arm-none-eabi/5.3.0/../../../../arm-none-eabi/lib/armv6k/fpu/libg.a(lib_a-dtoa.o)
 .text._dtoa_r  0x00113a38     0x12c8 /Users/rabougue/Documents/3ds_homebrew_dev/devkitPro/devkitARM/bin/../lib/gcc/arm-none-eabi/5.3.0/../../../../arm-none-eabi/lib/armv6k/fpu/libg.a(lib_a-dtoa.o)
                0x00113a38                _dtoa_r
 .text.__sflush_r
                0x00114d00      0x230 /Users/rabougue/Documents/3ds_homebrew_dev/devkitPro/devkitARM/bin/../lib/gcc/arm-none-eabi/5.3.0/../../../../arm-none-eabi/lib/armv6k/fpu/libg.a(lib_a-fflush.o)
                0x00114d00                __sflush_r
 .text._fflush_r
                0x00114f30       0x90 /Users/rabougue/Documents/3ds_homebrew_dev/devkitPro/devkitARM/bin/../lib/gcc/arm-none-eabi/5.3.0/../../../../arm-none-eabi/lib/armv6k/fpu/libg.a(lib_a-fflush.o)
                0x00114f30                _fflush_r
 .text._cleanup_r
                0x00114fc0        0xc /Users/rabougue/Documents/3ds_homebrew_dev/devkitPro/devkitARM/bin/../lib/gcc/arm-none-eabi/5.3.0/../../../../arm-none-eabi/lib/armv6k/fpu/libg.a(lib_a-findfp.o)
                0x00114fc0                _cleanup_r
 .text.std.isra.0
                0x00114fcc       0x80 /Users/rabougue/Documents/3ds_homebrew_dev/devkitPro/devkitARM/bin/../lib/gcc/arm-none-eabi/5.3.0/../../../../arm-none-eabi/lib/armv6k/fpu/libg.a(lib_a-findfp.o)
 .text.__sinit  0x0011504c       0x8c /Users/rabougue/Documents/3ds_homebrew_dev/devkitPro/devkitARM/bin/../lib/gcc/arm-none-eabi/5.3.0/../../../../arm-none-eabi/lib/armv6k/fpu/libg.a(lib_a-findfp.o)
                0x0011504c                __sinit
 .text.__sfp_lock_acquire
                0x001150d8        0xc /Users/rabougue/Documents/3ds_homebrew_dev/devkitPro/devkitARM/bin/../lib/gcc/arm-none-eabi/5.3.0/../../../../arm-none-eabi/lib/armv6k/fpu/libg.a(lib_a-findfp.o)
                0x001150d8                __sfp_lock_acquire
 .text.__sfp_lock_release
                0x001150e4        0xc /Users/rabougue/Documents/3ds_homebrew_dev/devkitPro/devkitARM/bin/../lib/gcc/arm-none-eabi/5.3.0/../../../../arm-none-eabi/lib/armv6k/fpu/libg.a(lib_a-findfp.o)
                0x001150e4                __sfp_lock_release
 .text.__fputwc
                0x001150f0      0x124 /Users/rabougue/Documents/3ds_homebrew_dev/devkitPro/devkitARM/bin/../lib/gcc/arm-none-eabi/5.3.0/../../../../arm-none-eabi/lib/armv6k/fpu/libg.a(lib_a-fputwc.o)
                0x001150f0                __fputwc
 .text._fputwc_r
                0x00115214       0xa8 /Users/rabougue/Documents/3ds_homebrew_dev/devkitPro/devkitARM/bin/../lib/gcc/arm-none-eabi/5.3.0/../../../../arm-none-eabi/lib/armv6k/fpu/libg.a(lib_a-fputwc.o)
                0x00115214                _fputwc_r
 .text._malloc_trim_r
                0x001152bc       0xf8 /Users/rabougue/Documents/3ds_homebrew_dev/devkitPro/devkitARM/bin/../lib/gcc/arm-none-eabi/5.3.0/../../../../arm-none-eabi/lib/armv6k/fpu/libg.a(lib_a-freer.o)
                0x001152bc                _malloc_trim_r
 .text._free_r  0x001153b4      0x2e4 /Users/rabougue/Documents/3ds_homebrew_dev/devkitPro/devkitARM/bin/../lib/gcc/arm-none-eabi/5.3.0/../../../../arm-none-eabi/lib/armv6k/fpu/libg.a(lib_a-freer.o)
                0x001153b4                _free_r
 .text.__sfvwrite_r
                0x00115698      0x4a4 /Users/rabougue/Documents/3ds_homebrew_dev/devkitPro/devkitARM/bin/../lib/gcc/arm-none-eabi/5.3.0/../../../../arm-none-eabi/lib/armv6k/fpu/libg.a(lib_a-fvwrite.o)
                0x00115698                __sfvwrite_r
 .text._fwalk_reent
                0x00115b3c       0x80 /Users/rabougue/Documents/3ds_homebrew_dev/devkitPro/devkitARM/bin/../lib/gcc/arm-none-eabi/5.3.0/../../../../arm-none-eabi/lib/armv6k/fpu/libg.a(lib_a-fwalk.o)
                0x00115b3c                _fwalk_reent
 .text.iswspace
                0x00115bbc       0x74 /Users/rabougue/Documents/3ds_homebrew_dev/devkitPro/devkitARM/bin/../lib/gcc/arm-none-eabi/5.3.0/../../../../arm-none-eabi/lib/armv6k/fpu/libg.a(lib_a-iswspace.o)
                0x00115bbc                iswspace
 .text.__jp2uc  0x00115c30      0x204 /Users/rabougue/Documents/3ds_homebrew_dev/devkitPro/devkitARM/bin/../lib/gcc/arm-none-eabi/5.3.0/../../../../arm-none-eabi/lib/armv6k/fpu/libg.a(lib_a-jp2uc.o)
 .text._jp2uc   0x00115e34       0x84 /Users/rabougue/Documents/3ds_homebrew_dev/devkitPro/devkitARM/bin/../lib/gcc/arm-none-eabi/5.3.0/../../../../arm-none-eabi/lib/armv6k/fpu/libg.a(lib_a-jp2uc.o)
                0x00115e34                _jp2uc
 .text.__locale_charset
                0x00115eb8        0xc /Users/rabougue/Documents/3ds_homebrew_dev/devkitPro/devkitARM/bin/../lib/gcc/arm-none-eabi/5.3.0/../../../../arm-none-eabi/lib/armv6k/fpu/libg.a(lib_a-locale.o)
                0x00115eb8                __locale_charset
 .text.__locale_mb_cur_max
                0x00115ec4       0x10 /Users/rabougue/Documents/3ds_homebrew_dev/devkitPro/devkitARM/bin/../lib/gcc/arm-none-eabi/5.3.0/../../../../arm-none-eabi/lib/armv6k/fpu/libg.a(lib_a-locale.o)
                0x00115ec4                __locale_mb_cur_max
 .text._localeconv_r
                0x00115ed4        0xc /Users/rabougue/Documents/3ds_homebrew_dev/devkitPro/devkitARM/bin/../lib/gcc/arm-none-eabi/5.3.0/../../../../arm-none-eabi/lib/armv6k/fpu/libg.a(lib_a-locale.o)
                0x00115ed4                _localeconv_r
 .text.__smakebuf_r
                0x00115ee0      0x160 /Users/rabougue/Documents/3ds_homebrew_dev/devkitPro/devkitARM/bin/../lib/gcc/arm-none-eabi/5.3.0/../../../../arm-none-eabi/lib/armv6k/fpu/libg.a(lib_a-makebuf.o)
                0x00115ee0                __smakebuf_r
 .text._mbrtowc_r
                0x00116040       0x98 /Users/rabougue/Documents/3ds_homebrew_dev/devkitPro/devkitARM/bin/../lib/gcc/arm-none-eabi/5.3.0/../../../../arm-none-eabi/lib/armv6k/fpu/libg.a(lib_a-mbrtowc.o)
                0x00116040                _mbrtowc_r
 .text.__utf8_mbtowc
                0x001160d8      0x2fc /Users/rabougue/Documents/3ds_homebrew_dev/devkitPro/devkitARM/bin/../lib/gcc/arm-none-eabi/5.3.0/../../../../arm-none-eabi/lib/armv6k/fpu/libg.a(lib_a-mbtowc_r.o)
                0x001160d8                __utf8_mbtowc
 .text.memchr   0x001163d4      0x100 /Users/rabougue/Documents/3ds_homebrew_dev/devkitPro/devkitARM/bin/../lib/gcc/arm-none-eabi/5.3.0/../../../../arm-none-eabi/lib/armv6k/fpu/libg.a(lib_a-memchr.o)
                0x001163d4                memchr
 .text.memmove  0x001164d4      0x128 /Users/rabougue/Documents/3ds_homebrew_dev/devkitPro/devkitARM/bin/../lib/gcc/arm-none-eabi/5.3.0/../../../../arm-none-eabi/lib/armv6k/fpu/libg.a(lib_a-memmove.o)
                0x001164d4                memmove
 .text._Balloc  0x001165fc       0x8c /Users/rabougue/Documents/3ds_homebrew_dev/devkitPro/devkitARM/bin/../lib/gcc/arm-none-eabi/5.3.0/../../../../arm-none-eabi/lib/armv6k/fpu/libg.a(lib_a-mprec.o)
                0x001165fc                _Balloc
 .text._Bfree   0x00116688       0x1c /Users/rabougue/Documents/3ds_homebrew_dev/devkitPro/devkitARM/bin/../lib/gcc/arm-none-eabi/5.3.0/../../../../arm-none-eabi/lib/armv6k/fpu/libg.a(lib_a-mprec.o)
                0x00116688                _Bfree
 .text.__multadd
                0x001166a4       0xd0 /Users/rabougue/Documents/3ds_homebrew_dev/devkitPro/devkitARM/bin/../lib/gcc/arm-none-eabi/5.3.0/../../../../arm-none-eabi/lib/armv6k/fpu/libg.a(lib_a-mprec.o)
                0x001166a4                __multadd
 .text.__s2b    0x00116774       0xe4 /Users/rabougue/Documents/3ds_homebrew_dev/devkitPro/devkitARM/bin/../lib/gcc/arm-none-eabi/5.3.0/../../../../arm-none-eabi/lib/armv6k/fpu/libg.a(lib_a-mprec.o)
                0x00116774                __s2b
 .text.__hi0bits
                0x00116858       0x5c /Users/rabougue/Documents/3ds_homebrew_dev/devkitPro/devkitARM/bin/../lib/gcc/arm-none-eabi/5.3.0/../../../../arm-none-eabi/lib/armv6k/fpu/libg.a(lib_a-mprec.o)
                0x00116858                __hi0bits
 .text.__lo0bits
                0x001168b4       0x98 /Users/rabougue/Documents/3ds_homebrew_dev/devkitPro/devkitARM/bin/../lib/gcc/arm-none-eabi/5.3.0/../../../../arm-none-eabi/lib/armv6k/fpu/libg.a(lib_a-mprec.o)
                0x001168b4                __lo0bits
 .text.__i2b    0x0011694c       0x20 /Users/rabougue/Documents/3ds_homebrew_dev/devkitPro/devkitARM/bin/../lib/gcc/arm-none-eabi/5.3.0/../../../../arm-none-eabi/lib/armv6k/fpu/libg.a(lib_a-mprec.o)
                0x0011694c                __i2b
 .text.__multiply
                0x0011696c      0x1dc /Users/rabougue/Documents/3ds_homebrew_dev/devkitPro/devkitARM/bin/../lib/gcc/arm-none-eabi/5.3.0/../../../../arm-none-eabi/lib/armv6k/fpu/libg.a(lib_a-mprec.o)
                0x0011696c                __multiply
 .text.__pow5mult
                0x00116b48      0x100 /Users/rabougue/Documents/3ds_homebrew_dev/devkitPro/devkitARM/bin/../lib/gcc/arm-none-eabi/5.3.0/../../../../arm-none-eabi/lib/armv6k/fpu/libg.a(lib_a-mprec.o)
                0x00116b48                __pow5mult
 .text.__lshift
                0x00116c48       0xf0 /Users/rabougue/Documents/3ds_homebrew_dev/devkitPro/devkitARM/bin/../lib/gcc/arm-none-eabi/5.3.0/../../../../arm-none-eabi/lib/armv6k/fpu/libg.a(lib_a-mprec.o)
                0x00116c48                __lshift
 .text.__mcmp   0x00116d38       0x64 /Users/rabougue/Documents/3ds_homebrew_dev/devkitPro/devkitARM/bin/../lib/gcc/arm-none-eabi/5.3.0/../../../../arm-none-eabi/lib/armv6k/fpu/libg.a(lib_a-mprec.o)
                0x00116d38                __mcmp
 .text.__mdiff  0x00116d9c      0x198 /Users/rabougue/Documents/3ds_homebrew_dev/devkitPro/devkitARM/bin/../lib/gcc/arm-none-eabi/5.3.0/../../../../arm-none-eabi/lib/armv6k/fpu/libg.a(lib_a-mprec.o)
                0x00116d9c                __mdiff
 .text.__ulp    0x00116f34       0x78 /Users/rabougue/Documents/3ds_homebrew_dev/devkitPro/devkitARM/bin/../lib/gcc/arm-none-eabi/5.3.0/../../../../arm-none-eabi/lib/armv6k/fpu/libg.a(lib_a-mprec.o)
                0x00116f34                __ulp
 .text.__b2d    0x00116fac       0xd4 /Users/rabougue/Documents/3ds_homebrew_dev/devkitPro/devkitARM/bin/../lib/gcc/arm-none-eabi/5.3.0/../../../../arm-none-eabi/lib/armv6k/fpu/libg.a(lib_a-mprec.o)
                0x00116fac                __b2d
 .text.__d2b    0x00117080      0x104 /Users/rabougue/Documents/3ds_homebrew_dev/devkitPro/devkitARM/bin/../lib/gcc/arm-none-eabi/5.3.0/../../../../arm-none-eabi/lib/armv6k/fpu/libg.a(lib_a-mprec.o)
                0x00117080                __d2b
 .text.__ratio  0x00117184       0x78 /Users/rabougue/Documents/3ds_homebrew_dev/devkitPro/devkitARM/bin/../lib/gcc/arm-none-eabi/5.3.0/../../../../arm-none-eabi/lib/armv6k/fpu/libg.a(lib_a-mprec.o)
                0x00117184                __ratio
 .text.__copybits
                0x001171fc       0x6c /Users/rabougue/Documents/3ds_homebrew_dev/devkitPro/devkitARM/bin/../lib/gcc/arm-none-eabi/5.3.0/../../../../arm-none-eabi/lib/armv6k/fpu/libg.a(lib_a-mprec.o)
                0x001171fc                __copybits
 .text.__any_on
                0x00117268       0x80 /Users/rabougue/Documents/3ds_homebrew_dev/devkitPro/devkitARM/bin/../lib/gcc/arm-none-eabi/5.3.0/../../../../arm-none-eabi/lib/armv6k/fpu/libg.a(lib_a-mprec.o)
                0x00117268                __any_on
 .text._realloc_r
                0x001172e8      0x4c0 /Users/rabougue/Documents/3ds_homebrew_dev/devkitPro/devkitARM/bin/../lib/gcc/arm-none-eabi/5.3.0/../../../../arm-none-eabi/lib/armv6k/fpu/libg.a(lib_a-reallocr.o)
                0x001172e8                _realloc_r
 .text.__fpclassifyd
                0x001177a8       0x74 /Users/rabougue/Documents/3ds_homebrew_dev/devkitPro/devkitARM/bin/../lib/gcc/arm-none-eabi/5.3.0/../../../../arm-none-eabi/lib/armv6k/fpu/libg.a(lib_a-s_fpclassify.o)
                0x001177a8                __fpclassifyd
 *fill*         0x0011781c        0x4 
 .text.frexp    0x00117820       0x98 /Users/rabougue/Documents/3ds_homebrew_dev/devkitPro/devkitARM/bin/../lib/gcc/arm-none-eabi/5.3.0/../../../../arm-none-eabi/lib/armv6k/fpu/libg.a(lib_a-s_frexp.o)
                0x00117820                frexp
 .text.__sccl   0x001178b8       0xd0 /Users/rabougue/Documents/3ds_homebrew_dev/devkitPro/devkitARM/bin/../lib/gcc/arm-none-eabi/5.3.0/../../../../arm-none-eabi/lib/armv6k/fpu/libg.a(lib_a-sccl.o)
                0x001178b8                __sccl
 .text.nanf     0x00117988        0xc /Users/rabougue/Documents/3ds_homebrew_dev/devkitPro/devkitARM/bin/../lib/gcc/arm-none-eabi/5.3.0/../../../../arm-none-eabi/lib/armv6k/fpu/libg.a(lib_a-sf_nan.o)
                0x00117988                nanf
 .text.sprintf  0x00117994       0x68 /Users/rabougue/Documents/3ds_homebrew_dev/devkitPro/devkitARM/bin/../lib/gcc/arm-none-eabi/5.3.0/../../../../arm-none-eabi/lib/armv6k/fpu/libg.a(lib_a-sprintf.o)
                0x00117994                sprintf
 .text.stpncpy  0x001179fc      0x108 /Users/rabougue/Documents/3ds_homebrew_dev/devkitPro/devkitARM/bin/../lib/gcc/arm-none-eabi/5.3.0/../../../../arm-none-eabi/lib/armv6k/fpu/libg.a(lib_a-stpncpy.o)
                0x001179fc                stpncpy
 .text.strncmp  0x00117b04      0x11c /Users/rabougue/Documents/3ds_homebrew_dev/devkitPro/devkitARM/bin/../lib/gcc/arm-none-eabi/5.3.0/../../../../arm-none-eabi/lib/armv6k/fpu/libg.a(lib_a-strncmp.o)
                0x00117b04                strncmp
 .text.unlikely.sulp
                0x00117c20       0x58 /Users/rabougue/Documents/3ds_homebrew_dev/devkitPro/devkitARM/bin/../lib/gcc/arm-none-eabi/5.3.0/../../../../arm-none-eabi/lib/armv6k/fpu/libg.a(lib_a-strtod.o)
 .text._strtod_r
                0x00117c78     0x1460 /Users/rabougue/Documents/3ds_homebrew_dev/devkitPro/devkitARM/bin/../lib/gcc/arm-none-eabi/5.3.0/../../../../arm-none-eabi/lib/armv6k/fpu/libg.a(lib_a-strtod.o)
                0x00117c78                _strtod_r
 .text._strtol_r
                0x001190d8      0x1d4 /Users/rabougue/Documents/3ds_homebrew_dev/devkitPro/devkitARM/bin/../lib/gcc/arm-none-eabi/5.3.0/../../../../arm-none-eabi/lib/armv6k/fpu/libg.a(lib_a-strtol.o)
                0x001190d8                _strtol_r
 .text._strtoll_r
                0x001192ac      0x25c /Users/rabougue/Documents/3ds_homebrew_dev/devkitPro/devkitARM/bin/../lib/gcc/arm-none-eabi/5.3.0/../../../../arm-none-eabi/lib/armv6k/fpu/libg.a(lib_a-strtoll_r.o)
                0x001192ac                _strtoll_r
 .text._strtoul_r
                0x00119508      0x1d4 /Users/rabougue/Documents/3ds_homebrew_dev/devkitPro/devkitARM/bin/../lib/gcc/arm-none-eabi/5.3.0/../../../../arm-none-eabi/lib/armv6k/fpu/libg.a(lib_a-strtoul.o)
                0x00119508                _strtoul_r
 *fill*         0x001196dc        0x4 
 .text._strtoull_r
                0x001196e0      0x268 /Users/rabougue/Documents/3ds_homebrew_dev/devkitPro/devkitARM/bin/../lib/gcc/arm-none-eabi/5.3.0/../../../../arm-none-eabi/lib/armv6k/fpu/libg.a(lib_a-strtoull_r.o)
                0x001196e0                _strtoull_r
 .text.__ssprint_r
                0x00119948      0x1a8 /Users/rabougue/Documents/3ds_homebrew_dev/devkitPro/devkitARM/bin/../lib/gcc/arm-none-eabi/5.3.0/../../../../arm-none-eabi/lib/armv6k/fpu/libg.a(lib_a-svfiprintf.o)
                0x00119948                __ssprint_r
 .text._sungetc_r
                0x00119af0       0xf8 /Users/rabougue/Documents/3ds_homebrew_dev/devkitPro/devkitARM/bin/../lib/gcc/arm-none-eabi/5.3.0/../../../../arm-none-eabi/lib/armv6k/fpu/libg.a(lib_a-svfiscanf.o)
                0x00119af0                _sungetc_r
 .text.__ssrefill_r
                0x00119be8       0x6c /Users/rabougue/Documents/3ds_homebrew_dev/devkitPro/devkitARM/bin/../lib/gcc/arm-none-eabi/5.3.0/../../../../arm-none-eabi/lib/armv6k/fpu/libg.a(lib_a-svfiscanf.o)
                0x00119be8                __ssrefill_r
 .text._sfread_r
                0x00119c54       0xc8 /Users/rabougue/Documents/3ds_homebrew_dev/devkitPro/devkitARM/bin/../lib/gcc/arm-none-eabi/5.3.0/../../../../arm-none-eabi/lib/armv6k/fpu/libg.a(lib_a-svfiscanf.o)
                0x00119c54                _sfread_r
 .text.get_arg  0x00119d1c     0x161c /Users/rabougue/Documents/3ds_homebrew_dev/devkitPro/devkitARM/bin/../lib/gcc/arm-none-eabi/5.3.0/../../../../arm-none-eabi/lib/armv6k/fpu/libg.a(lib_a-svfprintf.o)
 .text._svfprintf_r
                0x0011b338     0x49f8 /Users/rabougue/Documents/3ds_homebrew_dev/devkitPro/devkitARM/bin/../lib/gcc/arm-none-eabi/5.3.0/../../../../arm-none-eabi/lib/armv6k/fpu/libg.a(lib_a-svfprintf.o)
                0x0011b338                _svfprintf_r
 .text.__submore
                0x0011fd30       0xa8 /Users/rabougue/Documents/3ds_homebrew_dev/devkitPro/devkitARM/bin/../lib/gcc/arm-none-eabi/5.3.0/../../../../arm-none-eabi/lib/armv6k/fpu/libg.a(lib_a-ungetc.o)
                0x0011fd30                __submore
 .text.__swbuf_r
                0x0011fdd8      0x124 /Users/rabougue/Documents/3ds_homebrew_dev/devkitPro/devkitARM/bin/../lib/gcc/arm-none-eabi/5.3.0/../../../../arm-none-eabi/lib/armv6k/fpu/libg.a(lib_a-wbuf.o)
                0x0011fdd8                __swbuf_r
 .text._wcsnrtombs_r
                0x0011fefc      0x190 /Users/rabougue/Documents/3ds_homebrew_dev/devkitPro/devkitARM/bin/../lib/gcc/arm-none-eabi/5.3.0/../../../../arm-none-eabi/lib/armv6k/fpu/libg.a(lib_a-wcsnrtombs.o)
                0x0011fefc                _wcsnrtombs_r
 .text._calloc_r
                0x0012008c       0x90 /Users/rabougue/Documents/3ds_homebrew_dev/devkitPro/devkitARM/bin/../lib/gcc/arm-none-eabi/5.3.0/../../../../arm-none-eabi/lib/armv6k/fpu/libg.a(lib_a-callocr.o)
                0x0012008c                _calloc_r
 .text._fclose_r
                0x0012011c      0x120 /Users/rabougue/Documents/3ds_homebrew_dev/devkitPro/devkitARM/bin/../lib/gcc/arm-none-eabi/5.3.0/../../../../arm-none-eabi/lib/armv6k/fpu/libg.a(lib_a-fclose.o)
                0x0012011c                _fclose_r
 .text.rshift   0x0012023c       0xec /Users/rabougue/Documents/3ds_homebrew_dev/devkitPro/devkitARM/bin/../lib/gcc/arm-none-eabi/5.3.0/../../../../arm-none-eabi/lib/armv6k/fpu/libg.a(lib_a-gdtoa-gethex.o)
 .text.__gethex
                0x00120328      0x7d0 /Users/rabougue/Documents/3ds_homebrew_dev/devkitPro/devkitARM/bin/../lib/gcc/arm-none-eabi/5.3.0/../../../../arm-none-eabi/lib/armv6k/fpu/libg.a(lib_a-gdtoa-gethex.o)
                0x00120328                __gethex
 .text.__hexnan
                0x00120af8      0x258 /Users/rabougue/Documents/3ds_homebrew_dev/devkitPro/devkitARM/bin/../lib/gcc/arm-none-eabi/5.3.0/../../../../arm-none-eabi/lib/armv6k/fpu/libg.a(lib_a-gdtoa-hexnan.o)
                0x00120af8                __hexnan
 .text.__errno  0x00120d50        0xc /Users/rabougue/Documents/3ds_homebrew_dev/devkitPro/devkitARM/bin/../lib/gcc/arm-none-eabi/5.3.0/../../../../arm-none-eabi/lib/armv6k/fpu/libg.a(lib_a-errno.o)
                0x00120d50                __errno
 .text.strnlen  0x00120d5c       0x5c /Users/rabougue/Documents/3ds_homebrew_dev/devkitPro/devkitARM/bin/../lib/gcc/arm-none-eabi/5.3.0/../../../../arm-none-eabi/lib/armv6k/fpu/libg.a(lib_a-strnlen.o)
                0x00120d5c                strnlen
 .text.strrchr  0x00120db8       0x44 /Users/rabougue/Documents/3ds_homebrew_dev/devkitPro/devkitARM/bin/../lib/gcc/arm-none-eabi/5.3.0/../../../../arm-none-eabi/lib/armv6k/fpu/libg.a(lib_a-strrchr.o)
                0x00120db8                strrchr
 *(.glue_7)
 .glue_7        0x00120dfc        0x0 linker stubs
 *(.glue_7t)
 .glue_7t       0x00120dfc        0x0 linker stubs
 *(.stub)
 *(.gnu.warning)
 *(.gnu.linkonce.t*)
                0x00120dfc                . = ALIGN (0x4)
 *(.fini)
 .fini          0x00120dfc        0xc /Users/rabougue/Documents/3ds_homebrew_dev/devkitPro/devkitARM/bin/../lib/gcc/arm-none-eabi/5.3.0/armv6k/fpu/crti.o
                0x00120dfc                _fini
 .fini          0x00120e08        0xc /Users/rabougue/Documents/3ds_homebrew_dev/devkitPro/devkitARM/bin/../lib/gcc/arm-none-eabi/5.3.0/armv6k/fpu/crtn.o
                0x00120e14                . = ALIGN (0x4)

.vfp11_veneer   0x00120e14        0x0
 .vfp11_veneer  0x00120e14        0x0 linker stubs

.v4_bx          0x00120e14        0x0
 .v4_bx         0x00120e14        0x0 linker stubs

.iplt           0x00120e14        0x0
 .iplt          0x00120e14        0x0 /Users/rabougue/Documents/3ds_homebrew_dev/devkitPro/devkitARM/bin/../lib/gcc/arm-none-eabi/5.3.0/../../../../arm-none-eabi/lib/armv6k/fpu/3dsx_crt0.o

.rodata         0x00121000     0x4748
 *(.rodata)
 .rodata        0x00121000      0x168 /Users/rabougue/Documents/3ds_homebrew_dev/devkitPro/libctru/lib/libctru.a(console.o)
 .rodata        0x00121168       0x1c /Users/rabougue/Documents/3ds_homebrew_dev/devkitPro/libctru/lib/libctru.a(gfx.o)
 .rodata        0x00121184        0xc /Users/rabougue/Documents/3ds_homebrew_dev/devkitPro/libctru/lib/libctru.a(apt.o)
 .rodata        0x00121190      0x804 /Users/rabougue/Documents/3ds_homebrew_dev/devkitPro/libctru/lib/libctru.a(default_font.bin.o)
                0x00121190                default_font_bin
                0x00121990                default_font_bin_end
                0x00121990                default_font_bin_size
 .rodata        0x00121994       0x30 /Users/rabougue/Documents/3ds_homebrew_dev/devkitPro/libctru/lib/libctru.a(sdmc_dev.o)
 .rodata        0x001219c4       0x68 /Users/rabougue/Documents/3ds_homebrew_dev/devkitPro/devkitARM/bin/../lib/gcc/arm-none-eabi/5.3.0/../../../../arm-none-eabi/lib/armv6k/fpu/libsysbase.a(iosupport.o)
                0x001219c4                dotab_stdnull
 .rodata        0x00121a2c        0xc /Users/rabougue/Documents/3ds_homebrew_dev/devkitPro/devkitARM/bin/../lib/gcc/arm-none-eabi/5.3.0/../../../../arm-none-eabi/lib/armv6k/fpu/libsysbase.a(chdir.o)
                0x00121a2c                DIRECTORY_PARENT
                0x00121a30                DIRECTORY_THIS
                0x00121a34                DIRECTORY_SEPARATOR
 *(.roda)
 *(.rodata.*)
 .rodata.str1.4
                0x00121a38       0x35 main.o
                                 0x38 (size before relaxing)
 *fill*         0x00121a6d        0x3 
 .rodata.str1.4
                0x00121a70       0x70 /Users/rabougue/Documents/3ds_homebrew_dev/devkitPro/libctru/lib/libctru.a(console.o)
 .rodata.str1.4
                0x00121ae0       0x16 /Users/rabougue/Documents/3ds_homebrew_dev/devkitPro/libctru/lib/libctru.a(apt.o)
                                 0x18 (size before relaxing)
 *fill*         0x00121af6        0x2 
 .rodata.str1.4
                0x00121af8        0x9 /Users/rabougue/Documents/3ds_homebrew_dev/devkitPro/libctru/lib/libctru.a(gspgpu.o)
                                  0xc (size before relaxing)
 *fill*         0x00121b01        0x3 
 .rodata.str1.4
                0x00121b04       0x15 /Users/rabougue/Documents/3ds_homebrew_dev/devkitPro/libctru/lib/libctru.a(hid.o)
                                 0x18 (size before relaxing)
 *fill*         0x00121b19        0x3 
 .rodata.str1.4
                0x00121b1c        0x7 /Users/rabougue/Documents/3ds_homebrew_dev/devkitPro/libctru/lib/libctru.a(irrst.o)
                                  0x8 (size before relaxing)
 *fill*         0x00121b23        0x1 
 .rodata.str1.4
                0x00121b24        0x5 /Users/rabougue/Documents/3ds_homebrew_dev/devkitPro/libctru/lib/libctru.a(srv.o)
                                  0x8 (size before relaxing)
 *fill*         0x00121b29        0x3 
 .rodata.str1.4
                0x00121b2c        0x2 /Users/rabougue/Documents/3ds_homebrew_dev/devkitPro/libctru/lib/libctru.a(thread.o)
                                  0x4 (size before relaxing)
 *fill*         0x00121b2e        0x2 
 .rodata.str1.4
                0x00121b30        0x9 /Users/rabougue/Documents/3ds_homebrew_dev/devkitPro/libctru/lib/libctru.a(ptmsysm.o)
                                  0xc (size before relaxing)
 *fill*         0x00121b39        0x3 
 .rodata.str1.4
                0x00121b3c        0x5 /Users/rabougue/Documents/3ds_homebrew_dev/devkitPro/libctru/lib/libctru.a(sdmc_dev.o)
                                  0xc (size before relaxing)
 *fill*         0x00121b41        0x3 
 .rodata.str1.4
                0x00121b44        0x8 /Users/rabougue/Documents/3ds_homebrew_dev/devkitPro/libctru/lib/libctru.a(fs.o)
                                  0xc (size before relaxing)
 .rodata.str1.4
                0x00121b4c        0x4 /Users/rabougue/Documents/3ds_homebrew_dev/devkitPro/devkitARM/bin/../lib/gcc/arm-none-eabi/5.3.0/../../../../arm-none-eabi/lib/armv6k/fpu/libg.a(lib_a-impure.o)
 .rodata.basefix.7044
                0x00121b4c       0x24 /Users/rabougue/Documents/3ds_homebrew_dev/devkitPro/devkitARM/bin/../lib/gcc/arm-none-eabi/5.3.0/../../../../arm-none-eabi/lib/armv6k/fpu/libg.a(lib_a-svfscanf.o)
 .rodata.str1.4
                0x00121b70        0x5 /Users/rabougue/Documents/3ds_homebrew_dev/devkitPro/devkitARM/bin/../lib/gcc/arm-none-eabi/5.3.0/../../../../arm-none-eabi/lib/armv6k/fpu/libg.a(lib_a-svfscanf.o)
                                  0x8 (size before relaxing)
 *fill*         0x00121b75        0x3 
 .rodata.zeroes.7138
                0x00121b78       0x10 /Users/rabougue/Documents/3ds_homebrew_dev/devkitPro/devkitARM/bin/../lib/gcc/arm-none-eabi/5.3.0/../../../../arm-none-eabi/lib/armv6k/fpu/libg.a(lib_a-vfprintf.o)
 .rodata.str1.4
                0x00121b88       0x42 /Users/rabougue/Documents/3ds_homebrew_dev/devkitPro/devkitARM/bin/../lib/gcc/arm-none-eabi/5.3.0/../../../../arm-none-eabi/lib/armv6k/fpu/libg.a(lib_a-vfprintf.o)
                                 0x44 (size before relaxing)
 *fill*         0x00121bca        0x2 
 .rodata.blanks.7137
                0x00121bcc       0x10 /Users/rabougue/Documents/3ds_homebrew_dev/devkitPro/devkitARM/bin/../lib/gcc/arm-none-eabi/5.3.0/../../../../arm-none-eabi/lib/armv6k/fpu/libg.a(lib_a-vfprintf.o)
 .rodata._ctype_
                0x00121bdc      0x104 /Users/rabougue/Documents/3ds_homebrew_dev/devkitPro/devkitARM/bin/../lib/gcc/arm-none-eabi/5.3.0/../../../../arm-none-eabi/lib/armv6k/fpu/libg.a(lib_a-ctype_.o)
                0x00121bdc                _ctype_
 .rodata.str1.4
                0x00121ce0       0x10 /Users/rabougue/Documents/3ds_homebrew_dev/devkitPro/devkitARM/bin/../lib/gcc/arm-none-eabi/5.3.0/../../../../arm-none-eabi/lib/armv6k/fpu/libg.a(lib_a-dtoa.o)
                                 0x14 (size before relaxing)
 .rodata.a1     0x00121cf0       0xbc /Users/rabougue/Documents/3ds_homebrew_dev/devkitPro/devkitARM/bin/../lib/gcc/arm-none-eabi/5.3.0/../../../../arm-none-eabi/lib/armv6k/fpu/libg.a(lib_a-jp2uc.o)
 .rodata.a2     0x00121dac       0xbc /Users/rabougue/Documents/3ds_homebrew_dev/devkitPro/devkitARM/bin/../lib/gcc/arm-none-eabi/5.3.0/../../../../arm-none-eabi/lib/armv6k/fpu/libg.a(lib_a-jp2uc.o)
 .rodata.a3     0x00121e68       0x5c /Users/rabougue/Documents/3ds_homebrew_dev/devkitPro/devkitARM/bin/../lib/gcc/arm-none-eabi/5.3.0/../../../../arm-none-eabi/lib/armv6k/fpu/libg.a(lib_a-jp2uc.o)
 .rodata.a6     0x00121ec4       0x70 /Users/rabougue/Documents/3ds_homebrew_dev/devkitPro/devkitARM/bin/../lib/gcc/arm-none-eabi/5.3.0/../../../../arm-none-eabi/lib/armv6k/fpu/libg.a(lib_a-jp2uc.o)
 .rodata.a7     0x00121f34       0xa4 /Users/rabougue/Documents/3ds_homebrew_dev/devkitPro/devkitARM/bin/../lib/gcc/arm-none-eabi/5.3.0/../../../../arm-none-eabi/lib/armv6k/fpu/libg.a(lib_a-jp2uc.o)
 .rodata.a8     0x00121fd8       0x40 /Users/rabougue/Documents/3ds_homebrew_dev/devkitPro/devkitARM/bin/../lib/gcc/arm-none-eabi/5.3.0/../../../../arm-none-eabi/lib/armv6k/fpu/libg.a(lib_a-jp2uc.o)
 .rodata.str1.4
                0x00122018       0x12 /Users/rabougue/Documents/3ds_homebrew_dev/devkitPro/devkitARM/bin/../lib/gcc/arm-none-eabi/5.3.0/../../../../arm-none-eabi/lib/armv6k/fpu/libg.a(lib_a-jp2uc.o)
                                 0x14 (size before relaxing)
 *fill*         0x0012202a        0x2 
 .rodata.b02cf  0x0012202c     0x172c /Users/rabougue/Documents/3ds_homebrew_dev/devkitPro/devkitARM/bin/../lib/gcc/arm-none-eabi/5.3.0/../../../../arm-none-eabi/lib/armv6k/fpu/libg.a(lib_a-jp2uc.o)
 .rodata.d02f4  0x00123758     0x1a7c /Users/rabougue/Documents/3ds_homebrew_dev/devkitPro/devkitARM/bin/../lib/gcc/arm-none-eabi/5.3.0/../../../../arm-none-eabi/lib/armv6k/fpu/libg.a(lib_a-jp2uc.o)
 .rodata.str1.4
                0x001251d4      0x112 /Users/rabougue/Documents/3ds_homebrew_dev/devkitPro/devkitARM/bin/../lib/gcc/arm-none-eabi/5.3.0/../../../../arm-none-eabi/lib/armv6k/fpu/libg.a(lib_a-locale.o)
                                0x130 (size before relaxing)
 .rodata.str1.4
                0x001252e6        0x4 /Users/rabougue/Documents/3ds_homebrew_dev/devkitPro/devkitARM/bin/../lib/gcc/arm-none-eabi/5.3.0/../../../../arm-none-eabi/lib/armv6k/fpu/libg.a(lib_a-mbrtowc.o)
 *fill*         0x001252e6        0x2 
 .rodata.__mprec_tens
                0x001252e8       0xc8 /Users/rabougue/Documents/3ds_homebrew_dev/devkitPro/devkitARM/bin/../lib/gcc/arm-none-eabi/5.3.0/../../../../arm-none-eabi/lib/armv6k/fpu/libg.a(lib_a-mprec.o)
                0x001252e8                __mprec_tens
 .rodata.p05.5412
                0x001253b0        0xc /Users/rabougue/Documents/3ds_homebrew_dev/devkitPro/devkitARM/bin/../lib/gcc/arm-none-eabi/5.3.0/../../../../arm-none-eabi/lib/armv6k/fpu/libg.a(lib_a-mprec.o)
 *fill*         0x001253bc        0x4 
 .rodata.__mprec_bigtens
                0x001253c0       0x28 /Users/rabougue/Documents/3ds_homebrew_dev/devkitPro/devkitARM/bin/../lib/gcc/arm-none-eabi/5.3.0/../../../../arm-none-eabi/lib/armv6k/fpu/libg.a(lib_a-mprec.o)
                0x001253c0                __mprec_bigtens
 .rodata.fpinan.5417
                0x001253e8       0x14 /Users/rabougue/Documents/3ds_homebrew_dev/devkitPro/devkitARM/bin/../lib/gcc/arm-none-eabi/5.3.0/../../../../arm-none-eabi/lib/armv6k/fpu/libg.a(lib_a-strtod.o)
 .rodata.str1.4
                0x001253fc        0xf /Users/rabougue/Documents/3ds_homebrew_dev/devkitPro/devkitARM/bin/../lib/gcc/arm-none-eabi/5.3.0/../../../../arm-none-eabi/lib/armv6k/fpu/libg.a(lib_a-strtod.o)
                                 0x10 (size before relaxing)
 *fill*         0x0012540b        0x1 
 .rodata.fpi.5381
                0x0012540c       0x14 /Users/rabougue/Documents/3ds_homebrew_dev/devkitPro/devkitARM/bin/../lib/gcc/arm-none-eabi/5.3.0/../../../../arm-none-eabi/lib/armv6k/fpu/libg.a(lib_a-strtod.o)
 .rodata.tinytens
                0x00125420       0x28 /Users/rabougue/Documents/3ds_homebrew_dev/devkitPro/devkitARM/bin/../lib/gcc/arm-none-eabi/5.3.0/../../../../arm-none-eabi/lib/armv6k/fpu/libg.a(lib_a-strtod.o)
 .rodata.__state_table
                0x00125448       0x6c /Users/rabougue/Documents/3ds_homebrew_dev/devkitPro/devkitARM/bin/../lib/gcc/arm-none-eabi/5.3.0/../../../../arm-none-eabi/lib/armv6k/fpu/libg.a(lib_a-svfiprintf.o)
                0x00125448                __state_table
 .rodata.__chclass
                0x001254b4      0x100 /Users/rabougue/Documents/3ds_homebrew_dev/devkitPro/devkitARM/bin/../lib/gcc/arm-none-eabi/5.3.0/../../../../arm-none-eabi/lib/armv6k/fpu/libg.a(lib_a-svfiprintf.o)
                0x001254b4                __chclass
 .rodata.__action_table
                0x001255b4       0x6c /Users/rabougue/Documents/3ds_homebrew_dev/devkitPro/devkitARM/bin/../lib/gcc/arm-none-eabi/5.3.0/../../../../arm-none-eabi/lib/armv6k/fpu/libg.a(lib_a-svfiprintf.o)
                0x001255b4                __action_table
 .rodata.blanks.7122
                0x00125620       0x10 /Users/rabougue/Documents/3ds_homebrew_dev/devkitPro/devkitARM/bin/../lib/gcc/arm-none-eabi/5.3.0/../../../../arm-none-eabi/lib/armv6k/fpu/libg.a(lib_a-svfprintf.o)
 .rodata.str1.4
                0x00125630       0x44 /Users/rabougue/Documents/3ds_homebrew_dev/devkitPro/devkitARM/bin/../lib/gcc/arm-none-eabi/5.3.0/../../../../arm-none-eabi/lib/armv6k/fpu/libg.a(lib_a-svfprintf.o)
 .rodata.zeroes.7123
                0x00125630       0x10 /Users/rabougue/Documents/3ds_homebrew_dev/devkitPro/devkitARM/bin/../lib/gcc/arm-none-eabi/5.3.0/../../../../arm-none-eabi/lib/armv6k/fpu/libg.a(lib_a-svfprintf.o)
 .rodata.__hexdig
                0x00125640      0x100 /Users/rabougue/Documents/3ds_homebrew_dev/devkitPro/devkitARM/bin/../lib/gcc/arm-none-eabi/5.3.0/../../../../arm-none-eabi/lib/armv6k/fpu/libg.a(lib_a-gdtoa-gethex.o)
                0x00125640                __hexdig
 .rodata.str1.4
                0x00125740        0x8 /Users/rabougue/Documents/3ds_homebrew_dev/devkitPro/devkitARM/bin/../lib/gcc/arm-none-eabi/5.3.0/../../../../arm-none-eabi/lib/armv6k/fpu/libsysbase.a(iosupport.o)
 *all.rodata*(*)
 *(.gnu.linkonce.r*)
                0x00125748                . = ALIGN (0x4)

.eh_frame       0x00125748        0x0
 .eh_frame      0x00125748        0x0 /Users/rabougue/Documents/3ds_homebrew_dev/devkitPro/devkitARM/bin/../lib/gcc/arm-none-eabi/5.3.0/armv6k/fpu/crtbegin.o

.rel.dyn        0x00125748        0x0
 .rel.iplt      0x00125748        0x0 /Users/rabougue/Documents/3ds_homebrew_dev/devkitPro/devkitARM/bin/../lib/gcc/arm-none-eabi/5.3.0/../../../../arm-none-eabi/lib/armv6k/fpu/3dsx_crt0.o

.ARM.extab
 *(.ARM.extab* .gnu.linkonce.armextab.*)
                0x00125748                __exidx_start = .

ARM.exidx
 *(.ARM.exidx* .gnu.linkonce.armexidx.*)
                0x00125748                __exidx_end = .

.data           0x00126000     0x2e40
 *(.data)
 .data          0x00126000       0x54 /Users/rabougue/Documents/3ds_homebrew_dev/devkitPro/libctru/lib/libctru.a(console.o)
                0x00126000                defaultConsole
                0x0012604c                currentConsole
 .data          0x00126054        0xc /Users/rabougue/Documents/3ds_homebrew_dev/devkitPro/libctru/lib/libctru.a(gfx.o)
 .data          0x00126060        0x4 /Users/rabougue/Documents/3ds_homebrew_dev/devkitPro/libctru/lib/libctru.a(stack_adjust.o)
                0x00126060                __stacksize__
 *fill*         0x00126064        0x4 
 .data          0x00126068      0x488 /Users/rabougue/Documents/3ds_homebrew_dev/devkitPro/libctru/lib/libctru.a(sdmc_dev.o)
 .data          0x001264f0       0x44 /Users/rabougue/Documents/3ds_homebrew_dev/devkitPro/devkitARM/bin/../lib/gcc/arm-none-eabi/5.3.0/../../../../arm-none-eabi/lib/armv6k/fpu/libsysbase.a(iosupport.o)
                0x001264f4                devoptab_list
 .data          0x00126534     0x1000 /Users/rabougue/Documents/3ds_homebrew_dev/devkitPro/devkitARM/bin/../lib/gcc/arm-none-eabi/5.3.0/../../../../arm-none-eabi/lib/armv6k/fpu/libsysbase.a(chdir.o)
 .data          0x00127534     0x1028 /Users/rabougue/Documents/3ds_homebrew_dev/devkitPro/devkitARM/bin/../lib/gcc/arm-none-eabi/5.3.0/../../../../arm-none-eabi/lib/armv6k/fpu/libsysbase.a(handle_manager.o)
 *(.data.*)