Archive member included to satisfy reference by file (symbol)

/Users/rabougue/Documents/3ds_homebrew_dev/devkitPro/libctru/lib/libctru.a(console.o)
                              main.o (consoleSelect)
/Users/rabougue/Documents/3ds_homebrew_dev/devkitPro/libctru/lib/libctru.a(gfx.o)
                              /Users/rabougue/Documents/3ds_homebrew_dev/devkitPro/libctru/lib/libctru.a(console.o) (gfxSetScreenFormat)
/Users/rabougue/Documents/3ds_homebrew_dev/devkitPro/libctru/lib/libctru.a(gx.o)
                              /Users/rabougue/Documents/3ds_homebrew_dev/devkitPro/libctru/lib/libctru.a(gfx.o) (gxCmdBuf)
/Users/rabougue/Documents/3ds_homebrew_dev/devkitPro/libctru/lib/libctru.a(apt.o)
                              main.o (aptMainLoop)
/Users/rabougue/Documents/3ds_homebrew_dev/devkitPro/libctru/lib/libctru.a(gspgpu.o)
                              /Users/rabougue/Documents/3ds_homebrew_dev/devkitPro/libctru/lib/libctru.a(gfx.o) (gspInit)
/Users/rabougue/Documents/3ds_homebrew_dev/devkitPro/libctru/lib/libctru.a(hid.o)
                              main.o (hidScanInput)
/Users/rabougue/Documents/3ds_homebrew_dev/devkitPro/libctru/lib/libctru.a(irrst.o)
                              /Users/rabougue/Documents/3ds_homebrew_dev/devkitPro/libctru/lib/libctru.a(hid.o) (irrstScanInput)
/Users/rabougue/Documents/3ds_homebrew_dev/devkitPro/libctru/lib/libctru.a(initArgv.o)
                              /Users/rabougue/Documents/3ds_homebrew_dev/devkitPro/devkitARM/bin/../lib/gcc/arm-none-eabi/5.3.0/../../../../arm-none-eabi/lib/armv6k/fpu/3dsx_crt0.o (__system_argc)
/Users/rabougue/Documents/3ds_homebrew_dev/devkitPro/libctru/lib/libctru.a(initSystem.o)
                              /Users/rabougue/Documents/3ds_homebrew_dev/devkitPro/libctru/lib/libctru.a(apt.o) (__system_retAddr)
/Users/rabougue/Documents/3ds_homebrew_dev/devkitPro/libctru/lib/libctru.a(syscalls.o)
                              /Users/rabougue/Documents/3ds_homebrew_dev/devkitPro/libctru/lib/libctru.a(initSystem.o) (__system_initSyscalls)
/Users/rabougue/Documents/3ds_homebrew_dev/devkitPro/libctru/lib/libctru.a(svc.o)
                              /Users/rabougue/Documents/3ds_homebrew_dev/devkitPro/libctru/lib/libctru.a(apt.o) (svcExitProcess)
/Users/rabougue/Documents/3ds_homebrew_dev/devkitPro/libctru/lib/libctru.a(stack_adjust.o)
                              /Users/rabougue/Documents/3ds_homebrew_dev/devkitPro/devkitARM/bin/../lib/gcc/arm-none-eabi/5.3.0/../../../../arm-none-eabi/lib/armv6k/fpu/3dsx_crt0.o (initSystem)
/Users/rabougue/Documents/3ds_homebrew_dev/devkitPro/libctru/lib/libctru.a(default_font.bin.o)
                              /Users/rabougue/Documents/3ds_homebrew_dev/devkitPro/libctru/lib/libctru.a(console.o) (default_font_bin)
/Users/rabougue/Documents/3ds_homebrew_dev/devkitPro/libctru/lib/libctru.a(linear.o)
                              /Users/rabougue/Documents/3ds_homebrew_dev/devkitPro/libctru/lib/libctru.a(gfx.o) (linearAlloc)
/Users/rabougue/Documents/3ds_homebrew_dev/devkitPro/libctru/lib/libctru.a(mappable.o)
                              /Users/rabougue/Documents/3ds_homebrew_dev/devkitPro/libctru/lib/libctru.a(gfx.o) (mappableAlloc)
/Users/rabougue/Documents/3ds_homebrew_dev/devkitPro/libctru/lib/libctru.a(mem_pool.o)
                              /Users/rabougue/Documents/3ds_homebrew_dev/devkitPro/libctru/lib/libctru.a(linear.o) (MemPool::Allocate(MemChunk&, unsigned long, int))
/Users/rabougue/Documents/3ds_homebrew_dev/devkitPro/libctru/lib/libctru.a(vram.o)
                              /Users/rabougue/Documents/3ds_homebrew_dev/devkitPro/libctru/lib/libctru.a(gfx.o) (vramAlloc)
/Users/rabougue/Documents/3ds_homebrew_dev/devkitPro/libctru/lib/libctru.a(env.o)
                              /Users/rabougue/Documents/3ds_homebrew_dev/devkitPro/libctru/lib/libctru.a(irrst.o) (envGetHandle)
/Users/rabougue/Documents/3ds_homebrew_dev/devkitPro/libctru/lib/libctru.a(os.o)
                              /Users/rabougue/Documents/3ds_homebrew_dev/devkitPro/libctru/lib/libctru.a(syscalls.o) (__libctru_gtod)
/Users/rabougue/Documents/3ds_homebrew_dev/devkitPro/libctru/lib/libctru.a(srv.o)
                              /Users/rabougue/Documents/3ds_homebrew_dev/devkitPro/libctru/lib/libctru.a(apt.o) (srvInit)
/Users/rabougue/Documents/3ds_homebrew_dev/devkitPro/libctru/lib/libctru.a(synchronization.o)
                              /Users/rabougue/Documents/3ds_homebrew_dev/devkitPro/libctru/lib/libctru.a(initSystem.o) (__sync_init)
/Users/rabougue/Documents/3ds_homebrew_dev/devkitPro/libctru/lib/libctru.a(thread.o)
                              /Users/rabougue/Documents/3ds_homebrew_dev/devkitPro/libctru/lib/libctru.a(apt.o) (threadCreate)
/Users/rabougue/Documents/3ds_homebrew_dev/devkitPro/libctru/lib/libctru.a(ptmsysm.o)
                              /Users/rabougue/Documents/3ds_homebrew_dev/devkitPro/libctru/lib/libctru.a(os.o) (ptmSysmInit)
[...]
Memory Configuration

Name             Origin             Length             Attributes
*default*        0x00000000         0xffffffff

Linker script and memory map

                0x00100000                . = 0x100000
                0x00100000                __start__ = .

.text           0x00100000    0x1b1d0
 *(.crt0)
 .crt0          0x00100000       0x94 /Users/rabougue/Documents/3ds_homebrew_dev/devkitPro/devkitARM/bin/../lib/gcc/arm-none-eabi/5.3.0/../../../../arm-none-eabi/lib/armv6k/fpu/3dsx_crt0.o
                0x00100000                _start
                0x00100008                __service_ptr
                0x0010000c                __apt_appid
                0x00100010                __heap_size
                0x00100014                __linear_heap_size
                0x00100018                __system_arglist
                0x0010001c                __system_runflags
 *(.init)
 .init          0x00100094        0xc /Users/rabougue/Documents/3ds_homebrew_dev/devkitPro/devkitARM/bin/../lib/gcc/arm-none-eabi/5.3.0/armv6k/fpu/crti.o
                0x00100094                _init
 .init          0x001000a0        0xc /Users/rabougue/Documents/3ds_homebrew_dev/devkitPro/devkitARM/bin/../lib/gcc/arm-none-eabi/5.3.0/armv6k/fpu/crtn.o
                0x001000ac                . = ALIGN (0x4)
 *(.text)
 .text          0x001000ac      0x108 /Users/rabougue/Documents/3ds_homebrew_dev/devkitPro/devkitARM/bin/../lib/gcc/arm-none-eabi/5.3.0/armv6k/fpu/crtbegin.o
 .text          0x001001b4       0x64 /Users/rabougue/Documents/3ds_homebrew_dev/devkitPro/libctru/lib/libctru.a(stack_adjust.o)
                0x001001b4                initSystem
                0x001001f8                __ctru_exit
 .text          0x00100218      0x240 /Users/rabougue/Documents/3ds_homebrew_dev/devkitPro/devkitARM/bin/../lib/gcc/arm-none-eabi/5.3.0/armv6k/fpu/libgcc.a(_divsi3.o)
                0x00100218                __aeabi_idiv
                0x00100218                __divsi3
                0x00100438                __aeabi_idivmod
 .text          0x00100458        0x4 /Users/rabougue/Documents/3ds_homebrew_dev/devkitPro/devkitARM/bin/../lib/gcc/arm-none-eabi/5.3.0/armv6k/fpu/libgcc.a(_dvmd_tls.o)
                0x00100458                __aeabi_ldiv0
                0x00100458                __aeabi_idiv0
 .text          0x0010045c       0x3c /Users/rabougue/Documents/3ds_homebrew_dev/devkitPro/devkitARM/bin/../lib/gcc/arm-none-eabi/5.3.0/armv6k/fpu/libgcc.a(_aeabi_uldivmod.o)
                0x0010045c                __aeabi_uldivmod
 .text          0x00100498      0x128 /Users/rabougue/Documents/3ds_homebrew_dev/devkitPro/devkitARM/bin/../lib/gcc/arm-none-eabi/5.3.0/armv6k/fpu/libgcc.a(_udivmoddi4.o)
                0x00100498                __udivmoddi4
 .text          0x001005c0      0x3a0 /Users/rabougue/Documents/3ds_homebrew_dev/devkitPro/devkitARM/bin/../lib/gcc/arm-none-eabi/5.3.0/../../../../arm-none-eabi/lib/armv6k/fpu/libg.a(lib_a-strcmp.o)
                0x001005c8                strcmp
 .text          0x00100960      0x1c4 /Users/rabougue/Documents/3ds_homebrew_dev/devkitPro/devkitARM/bin/../lib/gcc/arm-none-eabi/5.3.0/../../../../arm-none-eabi/lib/armv6k/fpu/libsysbase.a(iosupport.o)
                0x00100968                setDefaultDevice
                0x00100980                FindDevice
                0x00100a3c                RemoveDevice
                0x00100a68                AddDevice
                0x00100b00                GetDeviceOpTab
 .text          0x00100b24       0x7c /Users/rabougue/Documents/3ds_homebrew_dev/devkitPro/devkitARM/bin/../lib/gcc/arm-none-eabi/5.3.0/../../../../arm-none-eabi/lib/armv6k/fpu/libsysbase.a(close.o)
                0x00100b24                _close_r
 .text          0x00100ba0       0x78 /Users/rabougue/Documents/3ds_homebrew_dev/devkitPro/devkitARM/bin/../lib/gcc/arm-none-eabi/5.3.0/../../../../arm-none-eabi/lib/armv6k/fpu/libsysbase.a(lseek.o)
                0x00100ba0                _lseek_r
 .text          0x00100c18       0x78 /Users/rabougue/Documents/3ds_homebrew_dev/devkitPro/devkitARM/bin/../lib/gcc/arm-none-eabi/5.3.0/../../../../arm-none-eabi/lib/armv6k/fpu/libsysbase.a(read.o)
                0x00100c18                _read_r
 .text          0x00100c90       0x70 /Users/rabougue/Documents/3ds_homebrew_dev/devkitPro/devkitARM/bin/../lib/gcc/arm-none-eabi/5.3.0/../../../../arm-none-eabi/lib/armv6k/fpu/libsysbase.a(sbrk.o)
                0x00100c90                _sbrk_r
 .text          0x00100d00       0x78 /Users/rabougue/Documents/3ds_homebrew_dev/devkitPro/devkitARM/bin/../lib/gcc/arm-none-eabi/5.3.0/../../../../arm-none-eabi/lib/armv6k/fpu/libsysbase.a(write.o)
                0x00100d00                _write_r
 .text          0x00100d78      0x3b0 /Users/rabougue/Documents/3ds_homebrew_dev/devkitPro/devkitARM/bin/../lib/gcc/arm-none-eabi/5.3.0/../../../../arm-none-eabi/lib/armv6k/fpu/libsysbase.a(chdir.o)
                0x00100d78                _concatenate_path
                0x00100f34                chdir
                0x00101088                getcwd
 .text          0x00101128       0x10 /Users/rabougue/Documents/3ds_homebrew_dev/devkitPro/devkitARM/bin/../lib/gcc/arm-none-eabi/5.3.0/../../../../arm-none-eabi/lib/armv6k/fpu/libsysbase.a(flock.o)
                0x00101128                __flockfile
                0x00101130                __funlockfile
 .text          0x00101138      0x108 /Users/rabougue/Documents/3ds_homebrew_dev/devkitPro/devkitARM/bin/../lib/gcc/arm-none-eabi/5.3.0/../../../../arm-none-eabi/lib/armv6k/fpu/libsysbase.a(syscall_support.o)
                0x00101138                __libc_lock_init
                0x00101150                __libc_lock_acquire
                0x00101168                __libc_lock_try_acquire
                0x0010118c                __libc_lock_release
                0x001011a4                __libc_lock_close
                0x001011bc                __libc_lock_init_recursive
                0x001011d4                __libc_lock_acquire_recursive
                0x001011ec                __libc_lock_try_acquire_recursive
                0x00101210                __libc_lock_release_recursive
                0x00101228                __libc_lock_close_recursive
 .text          0x00101240      0x2c4 /Users/rabougue/Documents/3ds_homebrew_dev/devkitPro/devkitARM/bin/../lib/gcc/arm-none-eabi/5.3.0/../../../../arm-none-eabi/lib/armv6k/fpu/libsysbase.a(handle_manager.o)
                0x00101240                __free_handle
                0x00101284                __release_handle
                0x001012c0                __alloc_handle
                0x00101338                __get_handle
                0x00101354                dup
                0x001013f8                dup2
 .text          0x00101504       0x28 /Users/rabougue/Documents/3ds_homebrew_dev/devkitPro/devkitARM/bin/../lib/gcc/arm-none-eabi/5.3.0/../../../../arm-none-eabi/lib/armv6k/fpu/libsysbase.a(getreent.o)
                0x00101504                __getreent
 .text          0x0010152c      0x20c /Users/rabougue/Documents/3ds_homebrew_dev/devkitPro/devkitARM/bin/../lib/gcc/arm-none-eabi/5.3.0/armv6k/fpu/libgcc.a(_udivsi3.o)
                0x0010152c                __udivsi3
                0x0010152c                __aeabi_uidiv
                0x00101718                __aeabi_uidivmod
 *(.text.*)
 .text.clear_image
                0x00101738       0x10 clear_image.o
                0x00101738                clear_image
 .text.draw_rect
                0x00101748       0xa4 draw_rect.o
                0x00101748                draw_rect
 *fill*         0x001017ec        0x4 
 .text.startup.main
                0x001017f0      0x1e8 main.o
                0x001017f0                main
 .text.put_pixel
                0x001019d8       0x2c put_pixel.o
                0x001019d8                put_pixel
 .text.debug_write
                0x00101a04       0x1c /Users/rabougue/Documents/3ds_homebrew_dev/devkitPro/libctru/lib/libctru.a(console.o)
                0x00101a04                debug_write
 .text.consoleSelect
                0x00101a20       0x18 /Users/rabougue/Documents/3ds_homebrew_dev/devkitPro/libctru/lib/libctru.a(console.o)
                0x00101a20                consoleSelect
 .text.consoleDrawChar
                0x00101a38      0x1ac /Users/rabougue/Documents/3ds_homebrew_dev/devkitPro/libctru/lib/libctru.a(console.o)
                0x00101a38                consoleDrawChar
 .text.consolePrintChar
                0x00101be4      0x128 /Users/rabougue/Documents/3ds_homebrew_dev/devkitPro/libctru/lib/libctru.a(console.o)
                0x00101be4                consolePrintChar
 .text.consoleCls
                0x00101d0c      0x184 /Users/rabougue/Documents/3ds_homebrew_dev/devkitPro/libctru/lib/libctru.a(console.o)
 .text.consoleInit
                0x00101e90       0xf8 /Users/rabougue/Documents/3ds_homebrew_dev/devkitPro/libctru/lib/libctru.a(console.o)
                0x00101e90                consoleInit
 .text.consoleClearLine
                0x00101f88      0x138 /Users/rabougue/Documents/3ds_homebrew_dev/devkitPro/libctru/lib/libctru.a(console.o)
 .text.newRow   0x001020c0       0xc0 /Users/rabougue/Documents/3ds_homebrew_dev/devkitPro/libctru/lib/libctru.a(console.o)
 .text.con_write
                0x00102180      0x86c /Users/rabougue/Documents/3ds_homebrew_dev/devkitPro/libctru/lib/libctru.a(console.o)
                0x00102180                con_write
 .text.gfxSetFramebufferInfo.part.0
                0x001029ec       0x8c /Users/rabougue/Documents/3ds_homebrew_dev/devkitPro/libctru/lib/libctru.a(gfx.o)
 .text.gfxSetScreenFormat
                0x00102a78       0x18 /Users/rabougue/Documents/3ds_homebrew_dev/devkitPro/libctru/lib/libctru.a(gfx.o)
                0x00102a78                gfxSetScreenFormat
 .text.gfxSetDoubleBuffering
                0x00102a90       0x14 /Users/rabougue/Documents/3ds_homebrew_dev/devkitPro/libctru/lib/libctru.a(gfx.o)
                0x00102a90                gfxSetDoubleBuffering
 .text.__get_bytes_per_pixel
                0x00102aa4       0x18 /Users/rabougue/Documents/3ds_homebrew_dev/devkitPro/libctru/lib/libctru.a(gfx.o)
                0x00102aa4                __get_bytes_per_pixel
 .text.gfxSetFramebufferInfo
                0x00102abc       0x70 /Users/rabougue/Documents/3ds_homebrew_dev/devkitPro/libctru/lib/libctru.a(gfx.o)
                0x00102abc                gfxSetFramebufferInfo
 .text.gfxWriteFramebufferInfo
                0x00102b2c       0x88 /Users/rabougue/Documents/3ds_homebrew_dev/devkitPro/libctru/lib/libctru.a(gfx.o)
                0x00102b2c                gfxWriteFramebufferInfo
 .text.gfxInit  0x00102bb4      0x1d0 /Users/rabougue/Documents/3ds_homebrew_dev/devkitPro/libctru/lib/libctru.a(gfx.o)
                0x00102bb4                gfxInit
 .text.gfxInitDefault
                0x00102d84       0x10 /Users/rabougue/Documents/3ds_homebrew_dev/devkitPro/libctru/lib/libctru.a(gfx.o)
                0x00102d84                gfxInitDefault
 .text.gfxExit  0x00102d94       0xe0 /Users/rabougue/Documents/3ds_homebrew_dev/devkitPro/libctru/lib/libctru.a(gfx.o)
                0x00102d94                gfxExit
 .text.gfxGetFramebuffer
                0x00102e74       0xb0 /Users/rabougue/Documents/3ds_homebrew_dev/devkitPro/libctru/lib/libctru.a(gfx.o)
                0x00102e74                gfxGetFramebuffer
 .text.gfxFlushBuffers
                0x00102f24       0xcc /Users/rabougue/Documents/3ds_homebrew_dev/devkitPro/libctru/lib/libctru.a(gfx.o)
                0x00102f24                gfxFlushBuffers
 .text.gfxConfigScreen
                0x00102ff0       0x70 /Users/rabougue/Documents/3ds_homebrew_dev/devkitPro/libctru/lib/libctru.a(gfx.o)
                0x00102ff0                gfxConfigScreen
 .text.gfxSwapBuffersGpu
                0x00103060       0x20 /Users/rabougue/Documents/3ds_homebrew_dev/devkitPro/libctru/lib/libctru.a(gfx.o)
                0x00103060                gfxSwapBuffersGpu
 .text._aptDebug
                0x00103080        0x4 /Users/rabougue/Documents/3ds_homebrew_dev/devkitPro/libctru/lib/libctru.a(apt.o)
                0x00103080                _aptDebug
 .text.aptSendCommand
                0x00103084      0x12c /Users/rabougue/Documents/3ds_homebrew_dev/devkitPro/libctru/lib/libctru.a(apt.o)
                0x00103084                aptSendCommand
 .text.aptExitProcess
                0x001031b0       0x3c /Users/rabougue/Documents/3ds_homebrew_dev/devkitPro/libctru/lib/libctru.a(apt.o)
 .text.APT_InquireNotification
                0x001031ec       0x4c /Users/rabougue/Documents/3ds_homebrew_dev/devkitPro/libctru/lib/libctru.a(apt.o)
                0x001031ec                APT_InquireNotification
 .text.aptEventHandler
                0x00103238      0x198 /Users/rabougue/Documents/3ds_homebrew_dev/devkitPro/libctru/lib/libctru.a(apt.o)
 .text.APT_AppletUtility
                0x001033d0       0x74 /Users/rabougue/Documents/3ds_homebrew_dev/devkitPro/libctru/lib/libctru.a(apt.o)
                0x001033d0                APT_AppletUtility
 .text.aptSetSleepAllowed
                0x00103444       0xb0 /Users/rabougue/Documents/3ds_homebrew_dev/devkitPro/libctru/lib/libctru.a(apt.o)
                0x00103444                aptSetSleepAllowed
 .text.APT_GlanceParameter
                0x001034f4       0xb4 /Users/rabougue/Documents/3ds_homebrew_dev/devkitPro/libctru/lib/libctru.a(apt.o)
                0x001034f4                APT_GlanceParameter
 .text.APT_ReceiveParameter
                0x001035a8       0xc0 /Users/rabougue/Documents/3ds_homebrew_dev/devkitPro/libctru/lib/libctru.a(apt.o)
                0x001035a8                APT_ReceiveParameter
 .text.aptReceiveParameter.constprop.1
                0x00103668       0xa8 /Users/rabougue/Documents/3ds_homebrew_dev/devkitPro/libctru/lib/libctru.a(apt.o)
 .text.aptScreenTransfer
                0x00103710      0x1e0 /Users/rabougue/Documents/3ds_homebrew_dev/devkitPro/libctru/lib/libctru.a(apt.o)
 .text.aptWaitForWakeUp
                0x001038f0      0x224 /Users/rabougue/Documents/3ds_homebrew_dev/devkitPro/libctru/lib/libctru.a(apt.o)
 .text.APT_CancelParameter
                0x00103b14       0x70 /Users/rabougue/Documents/3ds_homebrew_dev/devkitPro/libctru/lib/libctru.a(apt.o)
                0x00103b14                APT_CancelParameter
 .text.aptInit  0x00103b84      0x21c /Users/rabougue/Documents/3ds_homebrew_dev/devkitPro/libctru/lib/libctru.a(apt.o)
                0x00103b84                aptInit
 .text.aptClearParamQueue
                0x00103da0       0x88 /Users/rabougue/Documents/3ds_homebrew_dev/devkitPro/libctru/lib/libctru.a(apt.o)
 .text.aptMainLoop
                0x00103e28      0x208 /Users/rabougue/Documents/3ds_homebrew_dev/devkitPro/libctru/lib/libctru.a(apt.o)
                0x00103e28                aptMainLoop
 .text.aptExit  0x00104030      0x148 /Users/rabougue/Documents/3ds_homebrew_dev/devkitPro/libctru/lib/libctru.a(apt.o)
                0x00104030                aptExit
 .text.APT_CheckNew3DS
                0x00104178       0x70 /Users/rabougue/Documents/3ds_homebrew_dev/devkitPro/libctru/lib/libctru.a(apt.o)
                0x00104178                APT_CheckNew3DS
 .text.gspEventThreadMain
                0x001041e8      0x154 /Users/rabougue/Documents/3ds_homebrew_dev/devkitPro/libctru/lib/libctru.a(gspgpu.o)
 .text.gspInit  0x0010433c       0x74 /Users/rabougue/Documents/3ds_homebrew_dev/devkitPro/libctru/lib/libctru.a(gspgpu.o)
                0x0010433c                gspInit
 .text.gspExit  0x001043b0       0x3c /Users/rabougue/Documents/3ds_homebrew_dev/devkitPro/libctru/lib/libctru.a(gspgpu.o)
                0x001043b0                gspExit
 .text.gspInitEventHandler
                0x001043ec       0x84 /Users/rabougue/Documents/3ds_homebrew_dev/devkitPro/libctru/lib/libctru.a(gspgpu.o)
                0x001043ec                gspInitEventHandler
 .text.gspExitEventHandler
                0x00104470       0x30 /Users/rabougue/Documents/3ds_homebrew_dev/devkitPro/libctru/lib/libctru.a(gspgpu.o)
                0x00104470                gspExitEventHandler
 .text.gspWaitForEvent
                0x001044a0       0x44 /Users/rabougue/Documents/3ds_homebrew_dev/devkitPro/libctru/lib/libctru.a(gspgpu.o)
                0x001044a0                gspWaitForEvent
 .text.GSPGPU_SetBufferSwap
                0x001044e4       0x6c /Users/rabougue/Documents/3ds_homebrew_dev/devkitPro/libctru/lib/libctru.a(gspgpu.o)
                0x001044e4                GSPGPU_SetBufferSwap
 .text.GSPGPU_FlushDataCache
                0x00104550       0x4c /Users/rabougue/Documents/3ds_homebrew_dev/devkitPro/libctru/lib/libctru.a(gspgpu.o)
                0x00104550                GSPGPU_FlushDataCache
 .text.GSPGPU_SetLcdForceBlack
                0x0010459c       0x34 /Users/rabougue/Documents/3ds_homebrew_dev/devkitPro/libctru/lib/libctru.a(gspgpu.o)
                0x0010459c                GSPGPU_SetLcdForceBlack
 .text.GSPGPU_RegisterInterruptRelayQueue
                0x001045d0       0x64 /Users/rabougue/Documents/3ds_homebrew_dev/devkitPro/libctru/lib/libctru.a(gspgpu.o)
                0x001045d0                GSPGPU_RegisterInterruptRelayQueue
 .text.GSPGPU_UnregisterInterruptRelayQueue
                0x00104634       0x2c /Users/rabougue/Documents/3ds_homebrew_dev/devkitPro/libctru/lib/libctru.a(gspgpu.o)
                0x00104634                GSPGPU_UnregisterInterruptRelayQueue
 .text.GSPGPU_AcquireRight
                0x00104660       0x48 /Users/rabougue/Documents/3ds_homebrew_dev/devkitPro/libctru/lib/libctru.a(gspgpu.o)
                0x00104660                GSPGPU_AcquireRight
 .text.GSPGPU_ReleaseRight
                0x001046a8       0x2c /Users/rabougue/Documents/3ds_homebrew_dev/devkitPro/libctru/lib/libctru.a(gspgpu.o)
                0x001046a8                GSPGPU_ReleaseRight
 .text.GSPGPU_ImportDisplayCaptureInfo
                0x001046d4       0x80 /Users/rabougue/Documents/3ds_homebrew_dev/devkitPro/libctru/lib/libctru.a(gspgpu.o)
                0x001046d4                GSPGPU_ImportDisplayCaptureInfo
 .text.GSPGPU_SaveVramSysArea
                0x00104754       0x2c /Users/rabougue/Documents/3ds_homebrew_dev/devkitPro/libctru/lib/libctru.a(gspgpu.o)
                0x00104754                GSPGPU_SaveVramSysArea
 .text.GSPGPU_RestoreVramSysArea
                0x00104780       0x2c /Users/rabougue/Documents/3ds_homebrew_dev/devkitPro/libctru/lib/libctru.a(gspgpu.o)
                0x00104780                GSPGPU_RestoreVramSysArea
 .text.hidExit  0x001047ac       0xd8 /Users/rabougue/Documents/3ds_homebrew_dev/devkitPro/libctru/lib/libctru.a(hid.o)
                0x001047ac                hidExit
 .text.hidScanInput
                0x00104884      0x238 /Users/rabougue/Documents/3ds_homebrew_dev/devkitPro/libctru/lib/libctru.a(hid.o)
                0x00104884                hidScanInput
 .text.hidKeysHeld
                0x00104abc       0x10 /Users/rabougue/Documents/3ds_homebrew_dev/devkitPro/libctru/lib/libctru.a(hid.o)
                0x00104abc                hidKeysHeld
 .text.HIDUSER_GetHandles
                0x00104acc       0x90 /Users/rabougue/Documents/3ds_homebrew_dev/devkitPro/libctru/lib/libctru.a(hid.o)
                0x00104acc                HIDUSER_GetHandles
 .text.hidInit  0x00104b5c      0x184 /Users/rabougue/Documents/3ds_homebrew_dev/devkitPro/libctru/lib/libctru.a(hid.o)
                0x00104b5c                hidInit
 .text.irrstScanInput
                0x00104ce0       0xb0 /Users/rabougue/Documents/3ds_homebrew_dev/devkitPro/libctru/lib/libctru.a(irrst.o)
                0x00104ce0                irrstScanInput
 .text.irrstKeysHeld
                0x00104d90       0x1c /Users/rabougue/Documents/3ds_homebrew_dev/devkitPro/libctru/lib/libctru.a(irrst.o)
                0x00104d90                irrstKeysHeld
 .text.IRRST_GetHandles
                0x00104dac       0x50 /Users/rabougue/Documents/3ds_homebrew_dev/devkitPro/libctru/lib/libctru.a(irrst.o)
                0x00104dac                IRRST_GetHandles
 .text.irrstInit
                0x00104dfc      0x148 /Users/rabougue/Documents/3ds_homebrew_dev/devkitPro/libctru/lib/libctru.a(irrst.o)
                0x00104dfc                irrstInit
 .text.IRRST_Shutdown
                0x00104f44       0x2c /Users/rabougue/Documents/3ds_homebrew_dev/devkitPro/libctru/lib/libctru.a(irrst.o)
                0x00104f44                IRRST_Shutdown
 .text.irrstExit
                0x00104f70       0xb0 /Users/rabougue/Documents/3ds_homebrew_dev/devkitPro/libctru/lib/libctru.a(irrst.o)
                0x00104f70                irrstExit
 .text.__system_initArgv
                0x00105020       0xf4 /Users/rabougue/Documents/3ds_homebrew_dev/devkitPro/libctru/lib/libctru.a(initArgv.o)
                0x00105020                __system_initArgv
 .text.__libctru_init
                0x00105114       0x38 /Users/rabougue/Documents/3ds_homebrew_dev/devkitPro/libctru/lib/libctru.a(initSystem.o)
                0x00105114                __libctru_init
 .text.__ctru_get_reent
                0x0010514c       0x30 /Users/rabougue/Documents/3ds_homebrew_dev/devkitPro/libctru/lib/libctru.a(syscalls.o)
 .text.__system_initSyscalls
                0x0010517c       0xe8 /Users/rabougue/Documents/3ds_homebrew_dev/devkitPro/libctru/lib/libctru.a(syscalls.o)
                0x0010517c                __system_initSyscalls
 .text.svcControlMemory
                0x00105264       0x20 /Users/rabougue/Documents/3ds_homebrew_dev/devkitPro/libctru/lib/libctru.a(svc.o)
                0x00105264                svcControlMemory
 .text.svcExitProcess
                0x00105284        0x8 /Users/rabougue/Documents/3ds_homebrew_dev/devkitPro/libctru/lib/libctru.a(svc.o)
                0x00105284                svcExitProcess
 .text.svcCreateThread
                0x0010528c       0x20 /Users/rabougue/Documents/3ds_homebrew_dev/devkitPro/libctru/lib/libctru.a(svc.o)
                0x0010528c                svcCreateThread
 .text.svcExitThread
                0x001052ac        0x8 /Users/rabougue/Documents/3ds_homebrew_dev/devkitPro/libctru/lib/libctru.a(svc.o)
                0x001052ac                svcExitThread
 .text.svcSleepThread
                0x001052b4        0x8 /Users/rabougue/Documents/3ds_homebrew_dev/devkitPro/libctru/lib/libctru.a(svc.o)
                0x001052b4                svcSleepThread
 .text.svcReleaseMutex
                0x001052bc        0x8 /Users/rabougue/Documents/3ds_homebrew_dev/devkitPro/libctru/lib/libctru.a(svc.o)
                0x001052bc                svcReleaseMutex
 .text.svcCreateEvent
                0x001052c4       0x14 /Users/rabougue/Documents/3ds_homebrew_dev/devkitPro/libctru/lib/libctru.a(svc.o)
                0x001052c4                svcCreateEvent
 .text.svcSignalEvent
                0x001052d8        0x8 /Users/rabougue/Documents/3ds_homebrew_dev/devkitPro/libctru/lib/libctru.a(svc.o)
                0x001052d8                svcSignalEvent
 .text.svcClearEvent
                0x001052e0        0x8 /Users/rabougue/Documents/3ds_homebrew_dev/devkitPro/libctru/lib/libctru.a(svc.o)
                0x001052e0                svcClearEvent
 .text.svcMapMemoryBlock
                0x001052e8        0x8 /Users/rabougue/Documents/3ds_homebrew_dev/devkitPro/libctru/lib/libctru.a(svc.o)
                0x001052e8                svcMapMemoryBlock
 .text.svcUnmapMemoryBlock
                0x001052f0        0x8 /Users/rabougue/Documents/3ds_homebrew_dev/devkitPro/libctru/lib/libctru.a(svc.o)
                0x001052f0                svcUnmapMemoryBlock
 .text.svcCreateAddressArbiter
                0x001052f8       0x14 /Users/rabougue/Documents/3ds_homebrew_dev/devkitPro/libctru/lib/libctru.a(svc.o)
                0x001052f8                svcCreateAddressArbiter
 .text.svcArbitrateAddress
                0x0010530c       0x18 /Users/rabougue/Documents/3ds_homebrew_dev/devkitPro/libctru/lib/libctru.a(svc.o)
                0x0010530c                svcArbitrateAddress
 .text.svcCloseHandle
                0x00105324        0x8 /Users/rabougue/Documents/3ds_homebrew_dev/devkitPro/libctru/lib/libctru.a(svc.o)
                0x00105324                svcCloseHandle
 .text.svcWaitSynchronization
                0x0010532c        0x8 /Users/rabougue/Documents/3ds_homebrew_dev/devkitPro/libctru/lib/libctru.a(svc.o)
                0x0010532c                svcWaitSynchronization
 .text.svcWaitSynchronizationN
                0x00105334       0x28 /Users/rabougue/Documents/3ds_homebrew_dev/devkitPro/libctru/lib/libctru.a(svc.o)
                0x00105334                svcWaitSynchronizationN
 .text.svcDuplicateHandle
                0x0010535c       0x14 /Users/rabougue/Documents/3ds_homebrew_dev/devkitPro/libctru/lib/libctru.a(svc.o)
                0x0010535c                svcDuplicateHandle
 .text.svcGetSystemTick
                0x00105370        0x8 /Users/rabougue/Documents/3ds_homebrew_dev/devkitPro/libctru/lib/libctru.a(svc.o)
                0x00105370                svcGetSystemTick
 .text.svcGetSystemInfo
                0x00105378       0x18 /Users/rabougue/Documents/3ds_homebrew_dev/devkitPro/libctru/lib/libctru.a(svc.o)
                0x00105378                svcGetSystemInfo
 .text.svcConnectToPort
                0x00105390       0x14 /Users/rabougue/Documents/3ds_homebrew_dev/devkitPro/libctru/lib/libctru.a(svc.o)
                0x00105390                svcConnectToPort
 .text.svcSendSyncRequest
                0x001053a4        0x8 /Users/rabougue/Documents/3ds_homebrew_dev/devkitPro/libctru/lib/libctru.a(svc.o)
                0x001053a4                svcSendSyncRequest
 .text.svcBreak
                0x001053ac        0x8 /Users/rabougue/Documents/3ds_homebrew_dev/devkitPro/libctru/lib/libctru.a(svc.o)
                0x001053ac                svcBreak
 .text.svcOutputDebugString
                0x001053b4        0x8 /Users/rabougue/Documents/3ds_homebrew_dev/devkitPro/libctru/lib/libctru.a(svc.o)
                0x001053b4                svcOutputDebugString
 .text._ZL21addrMapNodeComparatorPK11rbtree_nodeS1_
                0x001053bc       0x24 /Users/rabougue/Documents/3ds_homebrew_dev/devkitPro/libctru/lib/libctru.a(linear.o)
 .text._ZL21addrMapNodeDestructorP11rbtree_node
                0x001053e0        0x4 /Users/rabougue/Documents/3ds_homebrew_dev/devkitPro/libctru/lib/libctru.a(linear.o)
 .text.linearMemAlign
                0x001053e4      0x140 /Users/rabougue/Documents/3ds_homebrew_dev/devkitPro/libctru/lib/libctru.a(linear.o)
                0x001053e4                linearMemAlign
 .text.linearAlloc
                0x00105524        0x8 /Users/rabougue/Documents/3ds_homebrew_dev/devkitPro/libctru/lib/libctru.a(linear.o)
                0x00105524                linearAlloc
 .text.linearFree
                0x0010552c       0x50 /Users/rabougue/Documents/3ds_homebrew_dev/devkitPro/libctru/lib/libctru.a(linear.o)
                0x0010552c                linearFree
 .text._ZL21addrMapNodeComparatorPK11rbtree_nodeS1_
                0x0010557c       0x24 /Users/rabougue/Documents/3ds_homebrew_dev/devkitPro/libctru/lib/libctru.a(mappable.o)
 .text._ZL21addrMapNodeDestructorP11rbtree_node
                0x001055a0        0x4 /Users/rabougue/Documents/3ds_homebrew_dev/devkitPro/libctru/lib/libctru.a(mappable.o)
 .text.mappableAlloc
                0x001055a4       0xf4 /Users/rabougue/Documents/3ds_homebrew_dev/devkitPro/libctru/lib/libctru.a(mappable.o)
                0x001055a4                mappableAlloc
 .text.mappableFree
                0x00105698       0x50 /Users/rabougue/Documents/3ds_homebrew_dev/devkitPro/libctru/lib/libctru.a(mappable.o)
                0x00105698                mappableFree
 .text._ZN7MemPool13CoalesceRightEP8MemBlock
                0x001056e8       0xa0 /Users/rabougue/Documents/3ds_homebrew_dev/devkitPro/libctru/lib/libctru.a(mem_pool.o)
                0x001056e8                MemPool::CoalesceRight(MemBlock*)
 .text._ZN7MemPool8AllocateER8MemChunkmi
                0x00105788      0x18c /Users/rabougue/Documents/3ds_homebrew_dev/devkitPro/libctru/lib/libctru.a(mem_pool.o)
                0x00105788                MemPool::Allocate(MemChunk&, unsigned long, int)
 .text._ZN7MemPool10DeallocateERK8MemChunk
                0x00105914      0x104 /Users/rabougue/Documents/3ds_homebrew_dev/devkitPro/libctru/lib/libctru.a(mem_pool.o)
                0x00105914                MemPool::Deallocate(MemChunk const&)
 .text._ZL21addrMapNodeComparatorPK11rbtree_nodeS1_
                0x00105a18       0x24 /Users/rabougue/Documents/3ds_homebrew_dev/devkitPro/libctru/lib/libctru.a(vram.o)
 .text._ZL21addrMapNodeDestructorP11rbtree_node
                0x00105a3c        0x4 /Users/rabougue/Documents/3ds_homebrew_dev/devkitPro/libctru/lib/libctru.a(vram.o)
 .text.vramMemAlign
                0x00105a40      0x130 /Users/rabougue/Documents/3ds_homebrew_dev/devkitPro/libctru/lib/libctru.a(vram.o)
                0x00105a40                vramMemAlign
 .text.vramAlloc
                0x00105b70        0x8 /Users/rabougue/Documents/3ds_homebrew_dev/devkitPro/libctru/lib/libctru.a(vram.o)
                0x00105b70                vramAlloc
 .text.vramFree
                0x00105b78       0x50 /Users/rabougue/Documents/3ds_homebrew_dev/devkitPro/libctru/lib/libctru.a(vram.o)
                0x00105b78                vramFree
 .text.envGetHandle
                0x00105bc8       0x94 /Users/rabougue/Documents/3ds_homebrew_dev/devkitPro/libctru/lib/libctru.a(env.o)
                0x00105bc8                envGetHandle
 .text.envDestroyHandles
                0x00105c5c       0x4c /Users/rabougue/Documents/3ds_homebrew_dev/devkitPro/libctru/lib/libctru.a(env.o)
                0x00105c5c                envDestroyHandles
 .text.getSysTime
                0x00105ca8       0x58 /Users/rabougue/Documents/3ds_homebrew_dev/devkitPro/libctru/lib/libctru.a(os.o)
 .text.osGetMemRegionUsed
                0x00105d00       0x24 /Users/rabougue/Documents/3ds_homebrew_dev/devkitPro/libctru/lib/libctru.a(os.o)
                0x00105d00                osGetMemRegionUsed
 *fill*         0x00105d24        0x4 
 .text.__libctru_gtod
                0x00105d28       0xf8 /Users/rabougue/Documents/3ds_homebrew_dev/devkitPro/libctru/lib/libctru.a(os.o)
                0x00105d28                __libctru_gtod
 .text.__ctru_speedup_config
                0x00105e20       0x34 /Users/rabougue/Documents/3ds_homebrew_dev/devkitPro/libctru/lib/libctru.a(os.o)
                0x00105e20                __ctru_speedup_config
 .text.srvExit  0x00105e54       0x50 /Users/rabougue/Documents/3ds_homebrew_dev/devkitPro/libctru/lib/libctru.a(srv.o)
                0x00105e54                srvExit
 .text.srvRegisterClient
                0x00105ea4       0x38 /Users/rabougue/Documents/3ds_homebrew_dev/devkitPro/libctru/lib/libctru.a(srv.o)
                0x00105ea4                srvRegisterClient
 .text.srvInit  0x00105edc       0x70 /Users/rabougue/Documents/3ds_homebrew_dev/devkitPro/libctru/lib/libctru.a(srv.o)
                0x00105edc                srvInit
 .text.srvGetServiceHandleDirect
                0x00105f4c       0x68 /Users/rabougue/Documents/3ds_homebrew_dev/devkitPro/libctru/lib/libctru.a(srv.o)
                0x00105f4c                srvGetServiceHandleDirect
 .text.srvGetServiceHandle
                0x00105fb4       0x38 /Users/rabougue/Documents/3ds_homebrew_dev/devkitPro/libctru/lib/libctru.a(srv.o)
                0x00105fb4                srvGetServiceHandle
 .text.LightLock_Unlock.part.1
                0x00105fec       0x34 /Users/rabougue/Documents/3ds_homebrew_dev/devkitPro/libctru/lib/libctru.a(synchronization.o)
 .text.__sync_init
                0x00106020        0xc /Users/rabougue/Documents/3ds_homebrew_dev/devkitPro/libctru/lib/libctru.a(synchronization.o)
                0x00106020                __sync_init
 .text.__sync_fini
                0x0010602c       0x18 /Users/rabougue/Documents/3ds_homebrew_dev/devkitPro/libctru/lib/libctru.a(synchronization.o)
                0x0010602c                __sync_fini
 .text.__sync_get_arbiter
                0x00106044       0x10 /Users/rabougue/Documents/3ds_homebrew_dev/devkitPro/libctru/lib/libctru.a(synchronization.o)
                0x00106044                __sync_get_arbiter
 .text.LightLock_Init
                0x00106054       0x18 /Users/rabougue/Documents/3ds_homebrew_dev/devkitPro/libctru/lib/libctru.a(synchronization.o)
                0x00106054                LightLock_Init
 .text.LightLock_Lock
                0x0010606c       0x94 /Users/rabougue/Documents/3ds_homebrew_dev/devkitPro/libctru/lib/libctru.a(synchronization.o)
                0x0010606c                LightLock_Lock
 .text.LightLock_TryLock
                0x00106100       0x34 /Users/rabougue/Documents/3ds_homebrew_dev/devkitPro/libctru/lib/libctru.a(synchronization.o)
                0x00106100                LightLock_TryLock
 .text.LightLock_Unlock
                0x00106134       0x20 /Users/rabougue/Documents/3ds_homebrew_dev/devkitPro/libctru/lib/libctru.a(synchronization.o)
                0x00106134                LightLock_Unlock
 .text.RecursiveLock_Init
                0x00106154       0x24 /Users/rabougue/Documents/3ds_homebrew_dev/devkitPro/libctru/lib/libctru.a(synchronization.o)
                0x00106154                RecursiveLock_Init
 .text.RecursiveLock_Lock
                0x00106178       0x30 /Users/rabougue/Documents/3ds_homebrew_dev/devkitPro/libctru/lib/libctru.a(synchronization.o)
                0x00106178                RecursiveLock_Lock
 .text.RecursiveLock_TryLock
                0x001061a8       0x58 /Users/rabougue/Documents/3ds_homebrew_dev/devkitPro/libctru/lib/libctru.a(synchronization.o)
                0x001061a8                RecursiveLock_TryLock
 .text.RecursiveLock_Unlock
                0x00106200       0x38 /Users/rabougue/Documents/3ds_homebrew_dev/devkitPro/libctru/lib/libctru.a(synchronization.o)
                0x00106200                RecursiveLock_Unlock
 .text.LightEvent_Init
                0x00106238       0x38 /Users/rabougue/Documents/3ds_homebrew_dev/devkitPro/libctru/lib/libctru.a(synchronization.o)
                0x00106238                LightEvent_Init
 .text.LightEvent_Clear
                0x00106270       0x7c /Users/rabougue/Documents/3ds_homebrew_dev/devkitPro/libctru/lib/libctru.a(synchronization.o)
                0x00106270                LightEvent_Clear
 .text.LightEvent_Signal
                0x001062ec       0xdc /Users/rabougue/Documents/3ds_homebrew_dev/devkitPro/libctru/lib/libctru.a(synchronization.o)
                0x001062ec                LightEvent_Signal
 .text.LightEvent_Wait
                0x001063c8       0xc8 /Users/rabougue/Documents/3ds_homebrew_dev/devkitPro/libctru/lib/libctru.a(synchronization.o)
                0x001063c8                LightEvent_Wait
 .text.threadCreate
                0x00106490      0x1c8 /Users/rabougue/Documents/3ds_homebrew_dev/devkitPro/libctru/lib/libctru.a(thread.o)
                0x00106490                threadCreate
 .text.threadJoin
                0x00106658       0x24 /Users/rabougue/Documents/3ds_homebrew_dev/devkitPro/libctru/lib/libctru.a(thread.o)
                0x00106658                threadJoin
 .text.threadExit
                0x0010667c       0x6c /Users/rabougue/Documents/3ds_homebrew_dev/devkitPro/libctru/lib/libctru.a(thread.o)
                0x0010667c                threadExit
 .text._thread_begin
                0x001066e8       0x3c /Users/rabougue/Documents/3ds_homebrew_dev/devkitPro/libctru/lib/libctru.a(thread.o)
 .text.ptmSysmInit
                0x00106724       0x70 /Users/rabougue/Documents/3ds_homebrew_dev/devkitPro/libctru/lib/libctru.a(ptmsysm.o)
                0x00106724                ptmSysmInit
 .text.ptmSysmExit
                0x00106794       0x34 /Users/rabougue/Documents/3ds_homebrew_dev/devkitPro/libctru/lib/libctru.a(ptmsysm.o)
                0x00106794                ptmSysmExit
 .text.PTMSYSM_ConfigureNew3DSCPU
                0x001067c8       0x34 /Users/rabougue/Documents/3ds_homebrew_dev/devkitPro/libctru/lib/libctru.a(ptmsysm.o)
                0x001067c8                PTMSYSM_ConfigureNew3DSCPU
 .text.rbtree_find
                0x001067fc       0x70 /Users/rabougue/Documents/3ds_homebrew_dev/devkitPro/libctru/lib/libctru.a(rbtree_find.o)
                0x001067fc                rbtree_find
 .text.rbtree_init
                0x0010686c       0x14 /Users/rabougue/Documents/3ds_homebrew_dev/devkitPro/libctru/lib/libctru.a(rbtree_init.o)
                0x0010686c                rbtree_init
 .text.do_insert
                0x00106880      0x1d4 /Users/rabougue/Documents/3ds_homebrew_dev/devkitPro/libctru/lib/libctru.a(rbtree_insert.o)
 .text.rbtree_insert
                0x00106a54        0x8 /Users/rabougue/Documents/3ds_homebrew_dev/devkitPro/libctru/lib/libctru.a(rbtree_insert.o)
                0x00106a54                rbtree_insert
 .text.rbtree_remove
                0x00106a5c      0x35c /Users/rabougue/Documents/3ds_homebrew_dev/devkitPro/libctru/lib/libctru.a(rbtree_remove.o)
                0x00106a5c                rbtree_remove
 .text.rbtree_rotate
                0x00106db8       0xac /Users/rabougue/Documents/3ds_homebrew_dev/devkitPro/libctru/lib/libctru.a(rbtree_rotate.o)
                0x00106db8                rbtree_rotate
 .text.osGetMemRegionSize
                0x00106e64       0x58 /Users/rabougue/Documents/3ds_homebrew_dev/devkitPro/libctru/lib/libctru.a(allocateHeaps.o)
 .text.__system_allocateHeaps
                0x00106ebc      0x124 /Users/rabougue/Documents/3ds_homebrew_dev/devkitPro/libctru/lib/libctru.a(allocateHeaps.o)
                0x00106ebc                __system_allocateHeaps
 .text.__appExit
                0x00106fe0       0x1c /Users/rabougue/Documents/3ds_homebrew_dev/devkitPro/libctru/lib/libctru.a(appExit.o)
                0x00106fe0                __appExit
 .text.__appInit
                0x00106ffc       0x1c /Users/rabougue/Documents/3ds_homebrew_dev/devkitPro/libctru/lib/libctru.a(appInit.o)
                0x00106ffc                __appInit
 .text.__libctru_exit
                0x00107018       0xa4 /Users/rabougue/Documents/3ds_homebrew_dev/devkitPro/libctru/lib/libctru.a(ctru_exit.o)
                0x00107018                __libctru_exit
 .text.sdmc_link
                0x001070bc       0x10 /Users/rabougue/Documents/3ds_homebrew_dev/devkitPro/libctru/lib/libctru.a(sdmc_dev.o)
 .text.sdmc_dirreset
                0x001070cc       0x10 /Users/rabougue/Documents/3ds_homebrew_dev/devkitPro/libctru/lib/libctru.a(sdmc_dev.o)
 .text.sdmc_chmod
                0x001070dc       0x10 /Users/rabougue/Documents/3ds_homebrew_dev/devkitPro/libctru/lib/libctru.a(sdmc_dev.o)
 .text.sdmc_fchmod
                0x001070ec       0x10 /Users/rabougue/Documents/3ds_homebrew_dev/devkitPro/libctru/lib/libctru.a(sdmc_dev.o)
 .text.error_cmp
                0x001070fc       0x24 /Users/rabougue/Documents/3ds_homebrew_dev/devkitPro/libctru/lib/libctru.a(sdmc_dev.o)
 .text.sdmc_translate_error
                0x00107120       0x50 /Users/rabougue/Documents/3ds_homebrew_dev/devkitPro/libctru/lib/libctru.a(sdmc_dev.o)
 .text.sdmc_fsync
                0x00107170       0x34 /Users/rabougue/Documents/3ds_homebrew_dev/devkitPro/libctru/lib/libctru.a(sdmc_dev.o)
 .text.sdmc_ftruncate
                0x001071a4       0x54 /Users/rabougue/Documents/3ds_homebrew_dev/devkitPro/libctru/lib/libctru.a(sdmc_dev.o)
 .text.sdmc_statvfs
                0x001071f8       0xac /Users/rabougue/Documents/3ds_homebrew_dev/devkitPro/libctru/lib/libctru.a(sdmc_dev.o)
 .text.sdmc_dirclose
                0x001072a4       0x38 /Users/rabougue/Documents/3ds_homebrew_dev/devkitPro/libctru/lib/libctru.a(sdmc_dev.o)
 .text.sdmc_dirnext
                0x001072dc      0x13c /Users/rabougue/Documents/3ds_homebrew_dev/devkitPro/libctru/lib/libctru.a(sdmc_dev.o)
 .text.sdmc_close
                0x00107418       0x34 /Users/rabougue/Documents/3ds_homebrew_dev/devkitPro/libctru/lib/libctru.a(sdmc_dev.o)
 .text.sdmc_fstat
                0x0010744c       0x74 /Users/rabougue/Documents/3ds_homebrew_dev/devkitPro/libctru/lib/libctru.a(sdmc_dev.o)
 .text.sdmc_seek
                0x001074c0       0xc0 /Users/rabougue/Documents/3ds_homebrew_dev/devkitPro/libctru/lib/libctru.a(sdmc_dev.o)
 .text.sdmc_read
                0x00107580       0x8c /Users/rabougue/Documents/3ds_homebrew_dev/devkitPro/libctru/lib/libctru.a(sdmc_dev.o)
 .text.sdmc_write_safe
                0x0010760c      0x110 /Users/rabougue/Documents/3ds_homebrew_dev/devkitPro/libctru/lib/libctru.a(sdmc_dev.o)
 .text.sdmc_utf16path
                0x0010771c      0x1b4 /Users/rabougue/Documents/3ds_homebrew_dev/devkitPro/libctru/lib/libctru.a(sdmc_dev.o)
 .text.sdmc_rmdir
                0x001078d0       0x74 /Users/rabougue/Documents/3ds_homebrew_dev/devkitPro/libctru/lib/libctru.a(sdmc_dev.o)
 .text.sdmc_diropen
                0x00107944       0xa8 /Users/rabougue/Documents/3ds_homebrew_dev/devkitPro/libctru/lib/libctru.a(sdmc_dev.o)
 .text.sdmc_chdir
                0x001079ec       0xa0 /Users/rabougue/Documents/3ds_homebrew_dev/devkitPro/libctru/lib/libctru.a(sdmc_dev.o)
 .text.sdmc_mkdir
                0x00107a8c       0x98 /Users/rabougue/Documents/3ds_homebrew_dev/devkitPro/libctru/lib/libctru.a(sdmc_dev.o)
 .text.sdmc_rename
                0x00107b24      0x108 /Users/rabougue/Documents/3ds_homebrew_dev/devkitPro/libctru/lib/libctru.a(sdmc_dev.o)
 .text.sdmc_unlink
                0x00107c2c       0x74 /Users/rabougue/Documents/3ds_homebrew_dev/devkitPro/libctru/lib/libctru.a(sdmc_dev.o)
 .text.sdmc_stat
                0x00107ca0      0x108 /Users/rabougue/Documents/3ds_homebrew_dev/devkitPro/libctru/lib/libctru.a(sdmc_dev.o)
 .text.sdmc_open
                0x00107da8      0x188 /Users/rabougue/Documents/3ds_homebrew_dev/devkitPro/libctru/lib/libctru.a(sdmc_dev.o)
 .text.sdmcInit
                0x00107f30      0x15c /Users/rabougue/Documents/3ds_homebrew_dev/devkitPro/libctru/lib/libctru.a(sdmc_dev.o)
                0x00107f30                sdmcInit
 .text.sdmcExit
                0x0010808c       0x54 /Users/rabougue/Documents/3ds_homebrew_dev/devkitPro/libctru/lib/libctru.a(sdmc_dev.o)
                0x0010808c                sdmcExit
 .text.fsSessionForArchive.part.0
                0x001080e0       0x28 /Users/rabougue/Documents/3ds_homebrew_dev/devkitPro/libctru/lib/libctru.a(fs.o)
 .text.fsInit   0x00108108       0xcc /Users/rabougue/Documents/3ds_homebrew_dev/devkitPro/libctru/lib/libctru.a(fs.o)
                0x00108108                fsInit
 .text.fsExit   0x001081d4       0x38 /Users/rabougue/Documents/3ds_homebrew_dev/devkitPro/libctru/lib/libctru.a(fs.o)
                0x001081d4                fsExit
 .text.fsExemptFromSession
                0x0010820c       0x74 /Users/rabougue/Documents/3ds_homebrew_dev/devkitPro/libctru/lib/libctru.a(fs.o)
                0x0010820c                fsExemptFromSession
 .text.fsUnexemptFromSession
                0x00108280       0x54 /Users/rabougue/Documents/3ds_homebrew_dev/devkitPro/libctru/lib/libctru.a(fs.o)
                0x00108280                fsUnexemptFromSession
 .text.FSUSER_OpenFile
                0x001082d4       0xbc /Users/rabougue/Documents/3ds_homebrew_dev/devkitPro/libctru/lib/libctru.a(fs.o)
                0x001082d4                FSUSER_OpenFile
 .text.FSUSER_DeleteFile
                0x00108390       0xa4 /Users/rabougue/Documents/3ds_homebrew_dev/devkitPro/libctru/lib/libctru.a(fs.o)
                0x00108390                FSUSER_DeleteFile
 .text.FSUSER_RenameFile
                0x00108434       0xe0 /Users/rabougue/Documents/3ds_homebrew_dev/devkitPro/libctru/lib/libctru.a(fs.o)
                0x00108434                FSUSER_RenameFile
 .text.FSUSER_DeleteDirectory
                0x00108514       0xa4 /Users/rabougue/Documents/3ds_homebrew_dev/devkitPro/libctru/lib/libctru.a(fs.o)
                0x00108514                FSUSER_DeleteDirectory
 .text.FSUSER_CreateFile
                0x001085b8       0xbc /Users/rabougue/Documents/3ds_homebrew_dev/devkitPro/libctru/lib/libctru.a(fs.o)
                0x001085b8                FSUSER_CreateFile
 .text.FSUSER_CreateDirectory
                0x00108674       0xac /Users/rabougue/Documents/3ds_homebrew_dev/devkitPro/libctru/lib/libctru.a(fs.o)
                0x00108674                FSUSER_CreateDirectory
 .text.FSUSER_RenameDirectory
                0x00108720       0xe0 /Users/rabougue/Documents/3ds_homebrew_dev/devkitPro/libctru/lib/libctru.a(fs.o)
                0x00108720                FSUSER_RenameDirectory
 .text.FSUSER_OpenDirectory
                0x00108800       0xa4 /Users/rabougue/Documents/3ds_homebrew_dev/devkitPro/libctru/lib/libctru.a(fs.o)
                0x00108800                FSUSER_OpenDirectory
 .text.FSUSER_OpenArchive
                0x001088a4       0x9c /Users/rabougue/Documents/3ds_homebrew_dev/devkitPro/libctru/lib/libctru.a(fs.o)
                0x001088a4                FSUSER_OpenArchive
 .text.FSUSER_CloseArchive
                0x00108940       0x74 /Users/rabougue/Documents/3ds_homebrew_dev/devkitPro/libctru/lib/libctru.a(fs.o)
                0x00108940                FSUSER_CloseArchive
 .text.FSUSER_GetSdmcArchiveResource
                0x001089b4       0x78 /Users/rabougue/Documents/3ds_homebrew_dev/devkitPro/libctru/lib/libctru.a(fs.o)
                0x001089b4                FSUSER_GetSdmcArchiveResource
 .text.FSUSER_IsSdmcWritable
                0x00108a2c       0x64 /Users/rabougue/Documents/3ds_homebrew_dev/devkitPro/libctru/lib/libctru.a(fs.o)
                0x00108a2c                FSUSER_IsSdmcWritable
 .text.FSFILE_Read
                0x00108a90       0x5c /Users/rabougue/Documents/3ds_homebrew_dev/devkitPro/libctru/lib/libctru.a(fs.o)
                0x00108a90                FSFILE_Read
 .text.FSFILE_Write
                0x00108aec       0x64 /Users/rabougue/Documents/3ds_homebrew_dev/devkitPro/libctru/lib/libctru.a(fs.o)
                0x00108aec                FSFILE_Write
 .text.FSFILE_GetSize
                0x00108b50       0x3c /Users/rabougue/Documents/3ds_homebrew_dev/devkitPro/libctru/lib/libctru.a(fs.o)
                0x00108b50                FSFILE_GetSize
 .text.FSFILE_SetSize
                0x00108b8c       0x2c /Users/rabougue/Documents/3ds_homebrew_dev/devkitPro/libctru/lib/libctru.a(fs.o)
                0x00108b8c                FSFILE_SetSize
 .text.FSFILE_Close
                0x00108bb8       0x3c /Users/rabougue/Documents/3ds_homebrew_dev/devkitPro/libctru/lib/libctru.a(fs.o)
                0x00108bb8                FSFILE_Close
 .text.FSFILE_Flush
                0x00108bf4       0x24 /Users/rabougue/Documents/3ds_homebrew_dev/devkitPro/libctru/lib/libctru.a(fs.o)
                0x00108bf4                FSFILE_Flush
 .text.FSDIR_Read
                0x00108c18       0x54 /Users/rabougue/Documents/3ds_homebrew_dev/devkitPro/libctru/lib/libctru.a(fs.o)
                0x00108c18                FSDIR_Read
 .text.FSDIR_Close
                0x00108c6c       0x3c /Users/rabougue/Documents/3ds_homebrew_dev/devkitPro/libctru/lib/libctru.a(fs.o)
                0x00108c6c                FSDIR_Close
 .text.rbtree_node_next
                0x00108ca8       0x8c /Users/rabougue/Documents/3ds_homebrew_dev/devkitPro/libctru/lib/libctru.a(rbtree_iterator.o)
                0x00108ca8                rbtree_node_next
 .text.decode_utf8
                0x00108d34      0x138 /Users/rabougue/Documents/3ds_homebrew_dev/devkitPro/libctru/lib/libctru.a(decode_utf8.o)
                0x00108d34                decode_utf8
 .text.utf16_to_utf8
                0x00108e6c       0xe4 /Users/rabougue/Documents/3ds_homebrew_dev/devkitPro/libctru/lib/libctru.a(utf16_to_utf8.o)
                0x00108e6c                utf16_to_utf8
 .text.utf8_to_utf16
                0x00108f50       0xbc /Users/rabougue/Documents/3ds_homebrew_dev/devkitPro/libctru/lib/libctru.a(utf8_to_utf16.o)
                0x00108f50                utf8_to_utf16
 .text.__aeabi_read_tp
                0x0010900c        0xc /Users/rabougue/Documents/3ds_homebrew_dev/devkitPro/libctru/lib/libctru.a(readtp.o)
                0x0010900c                __aeabi_read_tp
 .text.decode_utf16
                0x00109018       0x60 /Users/rabougue/Documents/3ds_homebrew_dev/devkitPro/libctru/lib/libctru.a(decode_utf16.o)
                0x00109018                decode_utf16
 .text.encode_utf16
                0x00109078       0x68 /Users/rabougue/Documents/3ds_homebrew_dev/devkitPro/libctru/lib/libctru.a(encode_utf16.o)
                0x00109078                encode_utf16
 .text.encode_utf8
                0x001090e0      0x104 /Users/rabougue/Documents/3ds_homebrew_dev/devkitPro/libctru/lib/libctru.a(encode_utf8.o)
                0x001090e0                encode_utf8
 *fill*         0x001091e4        0x4 
 .text.cos      0x001091e8       0xc8 /Users/rabougue/Documents/3ds_homebrew_dev/devkitPro/devkitARM/bin/../lib/gcc/arm-none-eabi/5.3.0/../../../../arm-none-eabi/lib/armv6k/fpu/libm.a(lib_a-s_cos.o)
                0x001091e8                cos
 .text.sin      0x001092b0       0xd0 /Users/rabougue/Documents/3ds_homebrew_dev/devkitPro/devkitARM/bin/../lib/gcc/arm-none-eabi/5.3.0/../../../../arm-none-eabi/lib/armv6k/fpu/libm.a(lib_a-s_sin.o)
                0x001092b0                sin
 .text.__ieee754_rem_pio2
                0x00109380      0x308 /Users/rabougue/Documents/3ds_homebrew_dev/devkitPro/devkitARM/bin/../lib/gcc/arm-none-eabi/5.3.0/../../../../arm-none-eabi/lib/armv6k/fpu/libm.a(lib_a-e_rem_pio2.o)
                0x00109380                __ieee754_rem_pio2
 .text.__kernel_cos
                0x00109688      0x150 /Users/rabougue/Documents/3ds_homebrew_dev/devkitPro/devkitARM/bin/../lib/gcc/arm-none-eabi/5.3.0/../../../../arm-none-eabi/lib/armv6k/fpu/libm.a(lib_a-k_cos.o)
                0x00109688                __kernel_cos
 .text.__kernel_rem_pio2
                0x001097d8      0x898 /Users/rabougue/Documents/3ds_homebrew_dev/devkitPro/devkitARM/bin/../lib/gcc/arm-none-eabi/5.3.0/../../../../arm-none-eabi/lib/armv6k/fpu/libm.a(lib_a-k_rem_pio2.o)
                0x001097d8                __kernel_rem_pio2
 .text.__kernel_sin
                0x0010a070       0xc0 /Users/rabougue/Documents/3ds_homebrew_dev/devkitPro/devkitARM/bin/../lib/gcc/arm-none-eabi/5.3.0/../../../../arm-none-eabi/lib/armv6k/fpu/libm.a(lib_a-k_sin.o)
                0x0010a070                __kernel_sin
 .text.fabs     0x0010a130       0x10 /Users/rabougue/Documents/3ds_homebrew_dev/devkitPro/devkitARM/bin/../lib/gcc/arm-none-eabi/5.3.0/../../../../arm-none-eabi/lib/armv6k/fpu/libm.a(lib_a-s_fabs.o)
                0x0010a130                fabs
 .text.floor    0x0010a140      0x180 /Users/rabougue/Documents/3ds_homebrew_dev/devkitPro/devkitARM/bin/../lib/gcc/arm-none-eabi/5.3.0/../../../../arm-none-eabi/lib/armv6k/fpu/libm.a(lib_a-s_floor.o)
                0x0010a140                floor
 .text.scalbn   0x0010a2c0      0x188 /Users/rabougue/Documents/3ds_homebrew_dev/devkitPro/devkitARM/bin/../lib/gcc/arm-none-eabi/5.3.0/../../../../arm-none-eabi/lib/armv6k/fpu/libm.a(lib_a-s_scalbn.o)
                0x0010a2c0                scalbn
 .text.copysign
                0x0010a448       0x1c /Users/rabougue/Documents/3ds_homebrew_dev/devkitPro/devkitARM/bin/../lib/gcc/arm-none-eabi/5.3.0/../../../../arm-none-eabi/lib/armv6k/fpu/libm.a(lib_a-s_copysign.o)
                0x0010a448                copysign
 .text.bsearch  0x0010a464       0x78 /Users/rabougue/Documents/3ds_homebrew_dev/devkitPro/devkitARM/bin/../lib/gcc/arm-none-eabi/5.3.0/../../../../arm-none-eabi/lib/armv6k/fpu/libg.a(lib_a-bsearch.o)
                0x0010a464                bsearch
 .text.__errno  0x0010a4dc        0xc /Users/rabougue/Documents/3ds_homebrew_dev/devkitPro/devkitARM/bin/../lib/gcc/arm-none-eabi/5.3.0/../../../../arm-none-eabi/lib/armv6k/fpu/libg.a(lib_a-errno.o)
                0x0010a4dc                __errno
 .text.__libc_fini_array
                0x0010a4e8       0x3c /Users/rabougue/Documents/3ds_homebrew_dev/devkitPro/devkitARM/bin/../lib/gcc/arm-none-eabi/5.3.0/../../../../arm-none-eabi/lib/armv6k/fpu/libg.a(lib_a-fini.o)
                0x0010a4e8                __libc_fini_array
 .text.__libc_init_array
                0x0010a524       0x78 /Users/rabougue/Documents/3ds_homebrew_dev/devkitPro/devkitARM/bin/../lib/gcc/arm-none-eabi/5.3.0/../../../../arm-none-eabi/lib/armv6k/fpu/libg.a(lib_a-init.o)
                0x0010a524                __libc_init_array
 .text.memalign
                0x0010a59c       0x20 /Users/rabougue/Documents/3ds_homebrew_dev/devkitPro/devkitARM/bin/../lib/gcc/arm-none-eabi/5.3.0/../../../../arm-none-eabi/lib/armv6k/fpu/libg.a(lib_a-malign.o)
                0x0010a59c                memalign
 .text._memalign_r
                0x0010a5bc      0x15c /Users/rabougue/Documents/3ds_homebrew_dev/devkitPro/devkitARM/bin/../lib/gcc/arm-none-eabi/5.3.0/../../../../arm-none-eabi/lib/armv6k/fpu/libg.a(lib_a-malignr.o)
                0x0010a5bc                _memalign_r
 .text.malloc   0x0010a718       0x18 /Users/rabougue/Documents/3ds_homebrew_dev/devkitPro/devkitARM/bin/../lib/gcc/arm-none-eabi/5.3.0/../../../../arm-none-eabi/lib/armv6k/fpu/libg.a(lib_a-malloc.o)
                0x0010a718                malloc
 .text.free     0x0010a730       0x18 /Users/rabougue/Documents/3ds_homebrew_dev/devkitPro/devkitARM/bin/../lib/gcc/arm-none-eabi/5.3.0/../../../../arm-none-eabi/lib/armv6k/fpu/libg.a(lib_a-malloc.o)
                0x0010a730                free
 .text._malloc_r
                0x0010a748      0x7a8 /Users/rabougue/Documents/3ds_homebrew_dev/devkitPro/devkitARM/bin/../lib/gcc/arm-none-eabi/5.3.0/../../../../arm-none-eabi/lib/armv6k/fpu/libg.a(lib_a-mallocr.o)
                0x0010a748                _malloc_r
 .text.memcpy   0x0010aef0       0xf0 /Users/rabougue/Documents/3ds_homebrew_dev/devkitPro/devkitARM/bin/../lib/gcc/arm-none-eabi/5.3.0/../../../../arm-none-eabi/lib/armv6k/fpu/libg.a(lib_a-memcpy.o)
                0x0010aef0                memcpy
 .text.memset   0x0010afe0       0xf4 /Users/rabougue/Documents/3ds_homebrew_dev/devkitPro/devkitARM/bin/../lib/gcc/arm-none-eabi/5.3.0/../../../../arm-none-eabi/lib/armv6k/fpu/libg.a(lib_a-memset.o)
                0x0010afe0                memset
 .text.__malloc_lock
                0x0010b0d4        0xc /Users/rabougue/Documents/3ds_homebrew_dev/devkitPro/devkitARM/bin/../lib/gcc/arm-none-eabi/5.3.0/../../../../arm-none-eabi/lib/armv6k/fpu/libg.a(lib_a-mlock.o)
                0x0010b0d4                __malloc_lock
 .text.__malloc_unlock
                0x0010b0e0        0xc /Users/rabougue/Documents/3ds_homebrew_dev/devkitPro/devkitARM/bin/../lib/gcc/arm-none-eabi/5.3.0/../../../../arm-none-eabi/lib/armv6k/fpu/libg.a(lib_a-mlock.o)
                0x0010b0e0                __malloc_unlock
 .text.setvbuf  0x0010b0ec      0x1fc /Users/rabougue/Documents/3ds_homebrew_dev/devkitPro/devkitARM/bin/../lib/gcc/arm-none-eabi/5.3.0/../../../../arm-none-eabi/lib/armv6k/fpu/libg.a(lib_a-setvbuf.o)
                0x0010b0ec                setvbuf
 .text.sscanf   0x0010b2e8       0x74 /Users/rabougue/Documents/3ds_homebrew_dev/devkitPro/devkitARM/bin/../lib/gcc/arm-none-eabi/5.3.0/../../../../arm-none-eabi/lib/armv6k/fpu/libg.a(lib_a-sscanf.o)
                0x0010b2e8                sscanf
 .text.__sread  0x0010b35c       0x30 /Users/rabougue/Documents/3ds_homebrew_dev/devkitPro/devkitARM/bin/../lib/gcc/arm-none-eabi/5.3.0/../../../../arm-none-eabi/lib/armv6k/fpu/libg.a(lib_a-stdio.o)
                0x0010b35c                __sread
 .text.__seofread
                0x0010b38c        0x8 /Users/rabougue/Documents/3ds_homebrew_dev/devkitPro/devkitARM/bin/../lib/gcc/arm-none-eabi/5.3.0/../../../../arm-none-eabi/lib/armv6k/fpu/libg.a(lib_a-stdio.o)
                0x0010b38c                __seofread
 .text.__swrite
                0x0010b394       0x54 /Users/rabougue/Documents/3ds_homebrew_dev/devkitPro/devkitARM/bin/../lib/gcc/arm-none-eabi/5.3.0/../../../../arm-none-eabi/lib/armv6k/fpu/libg.a(lib_a-stdio.o)
                0x0010b394                __swrite
 .text.__sseek  0x0010b3e8       0x2c /Users/rabougue/Documents/3ds_homebrew_dev/devkitPro/devkitARM/bin/../lib/gcc/arm-none-eabi/5.3.0/../../../../arm-none-eabi/lib/armv6k/fpu/libg.a(lib_a-stdio.o)
                0x0010b3e8                __sseek
 .text.__sclose
                0x0010b414        0x8 /Users/rabougue/Documents/3ds_homebrew_dev/devkitPro/devkitARM/bin/../lib/gcc/arm-none-eabi/5.3.0/../../../../arm-none-eabi/lib/armv6k/fpu/libg.a(lib_a-stdio.o)
                0x0010b414                __sclose
 .text.strchr   0x0010b41c      0x15c /Users/rabougue/Documents/3ds_homebrew_dev/devkitPro/devkitARM/bin/../lib/gcc/arm-none-eabi/5.3.0/../../../../arm-none-eabi/lib/armv6k/fpu/libg.a(lib_a-strchr.o)
                0x0010b41c                strchr
 .text.strlen   0x0010b578       0x5c /Users/rabougue/Documents/3ds_homebrew_dev/devkitPro/devkitARM/bin/../lib/gcc/arm-none-eabi/5.3.0/../../../../arm-none-eabi/lib/armv6k/fpu/libg.a(lib_a-strlen.o)
                0x0010b578                strlen
 .text.strncat  0x0010b5d4       0xa4 /Users/rabougue/Documents/3ds_homebrew_dev/devkitPro/devkitARM/bin/../lib/gcc/arm-none-eabi/5.3.0/../../../../arm-none-eabi/lib/armv6k/fpu/libg.a(lib_a-strncat.o)
                0x0010b5d4                strncat
 .text.strncpy  0x0010b678       0xe0 /Users/rabougue/Documents/3ds_homebrew_dev/devkitPro/devkitARM/bin/../lib/gcc/arm-none-eabi/5.3.0/../../../../arm-none-eabi/lib/armv6k/fpu/libg.a(lib_a-strncpy.o)
                0x0010b678                strncpy
 .text.__ssvfscanf_r
                0x0010b758     0x2c20 /Users/rabougue/Documents/3ds_homebrew_dev/devkitPro/devkitARM/bin/../lib/gcc/arm-none-eabi/5.3.0/../../../../arm-none-eabi/lib/armv6k/fpu/libg.a(lib_a-svfscanf.o)
                0x0010b758                __ssvfscanf_r
 .text._wcrtomb_r
                0x0010e378       0x8c /Users/rabougue/Documents/3ds_homebrew_dev/devkitPro/devkitARM/bin/../lib/gcc/arm-none-eabi/5.3.0/../../../../arm-none-eabi/lib/armv6k/fpu/libg.a(lib_a-wcrtomb.o)
                0x0010e378                _wcrtomb_r
 .text._wcsrtombs_r
                0x0010e404       0x20 /Users/rabougue/Documents/3ds_homebrew_dev/devkitPro/devkitARM/bin/../lib/gcc/arm-none-eabi/5.3.0/../../../../arm-none-eabi/lib/armv6k/fpu/libg.a(lib_a-wcsrtombs.o)
                0x0010e404                _wcsrtombs_r
 .text.__utf8_wctomb
                0x0010e424      0x114 /Users/rabougue/Documents/3ds_homebrew_dev/devkitPro/devkitARM/bin/../lib/gcc/arm-none-eabi/5.3.0/../../../../arm-none-eabi/lib/armv6k/fpu/libg.a(lib_a-wctomb_r.o)
                0x0010e424                __utf8_wctomb
 .text.__sflush_r
                0x0010e538      0x230 /Users/rabougue/Documents/3ds_homebrew_dev/devkitPro/devkitARM/bin/../lib/gcc/arm-none-eabi/5.3.0/../../../../arm-none-eabi/lib/armv6k/fpu/libg.a(lib_a-fflush.o)
                0x0010e538                __sflush_r
 .text._fflush_r
                0x0010e768       0x90 /Users/rabougue/Documents/3ds_homebrew_dev/devkitPro/devkitARM/bin/../lib/gcc/arm-none-eabi/5.3.0/../../../../arm-none-eabi/lib/armv6k/fpu/libg.a(lib_a-fflush.o)
                0x0010e768                _fflush_r
 .text._cleanup_r
                0x0010e7f8        0xc /Users/rabougue/Documents/3ds_homebrew_dev/devkitPro/devkitARM/bin/../lib/gcc/arm-none-eabi/5.3.0/../../../../arm-none-eabi/lib/armv6k/fpu/libg.a(lib_a-findfp.o)
                0x0010e7f8                _cleanup_r
 .text.std.isra.0
                0x0010e804       0x80 /Users/rabougue/Documents/3ds_homebrew_dev/devkitPro/devkitARM/bin/../lib/gcc/arm-none-eabi/5.3.0/../../../../arm-none-eabi/lib/armv6k/fpu/libg.a(lib_a-findfp.o)
 .text.__sinit  0x0010e884       0x8c /Users/rabougue/Documents/3ds_homebrew_dev/devkitPro/devkitARM/bin/../lib/gcc/arm-none-eabi/5.3.0/../../../../arm-none-eabi/lib/armv6k/fpu/libg.a(lib_a-findfp.o)
                0x0010e884                __sinit
 .text.__sfp_lock_acquire
                0x0010e910        0xc /Users/rabougue/Documents/3ds_homebrew_dev/devkitPro/devkitARM/bin/../lib/gcc/arm-none-eabi/5.3.0/../../../../arm-none-eabi/lib/armv6k/fpu/libg.a(lib_a-findfp.o)
                0x0010e910                __sfp_lock_acquire
 .text.__sfp_lock_release
                0x0010e91c        0xc /Users/rabougue/Documents/3ds_homebrew_dev/devkitPro/devkitARM/bin/../lib/gcc/arm-none-eabi/5.3.0/../../../../arm-none-eabi/lib/armv6k/fpu/libg.a(lib_a-findfp.o)
                0x0010e91c                __sfp_lock_release
 .text._malloc_trim_r
                0x0010e928       0xf8 /Users/rabougue/Documents/3ds_homebrew_dev/devkitPro/devkitARM/bin/../lib/gcc/arm-none-eabi/5.3.0/../../../../arm-none-eabi/lib/armv6k/fpu/libg.a(lib_a-freer.o)
                0x0010e928                _malloc_trim_r
 .text._free_r  0x0010ea20      0x2e4 /Users/rabougue/Documents/3ds_homebrew_dev/devkitPro/devkitARM/bin/../lib/gcc/arm-none-eabi/5.3.0/../../../../arm-none-eabi/lib/armv6k/fpu/libg.a(lib_a-freer.o)
                0x0010ea20                _free_r
 .text._fwalk_reent
                0x0010ed04       0x80 /Users/rabougue/Documents/3ds_homebrew_dev/devkitPro/devkitARM/bin/../lib/gcc/arm-none-eabi/5.3.0/../../../../arm-none-eabi/lib/armv6k/fpu/libg.a(lib_a-fwalk.o)
                0x0010ed04                _fwalk_reent
 .text.iswspace
                0x0010ed84       0x74 /Users/rabougue/Documents/3ds_homebrew_dev/devkitPro/devkitARM/bin/../lib/gcc/arm-none-eabi/5.3.0/../../../../arm-none-eabi/lib/armv6k/fpu/libg.a(lib_a-iswspace.o)
                0x0010ed84                iswspace
 .text.__jp2uc  0x0010edf8      0x204 /Users/rabougue/Documents/3ds_homebrew_dev/devkitPro/devkitARM/bin/../lib/gcc/arm-none-eabi/5.3.0/../../../../arm-none-eabi/lib/armv6k/fpu/libg.a(lib_a-jp2uc.o)
 .text._jp2uc   0x0010effc       0x84 /Users/rabougue/Documents/3ds_homebrew_dev/devkitPro/devkitARM/bin/../lib/gcc/arm-none-eabi/5.3.0/../../../../arm-none-eabi/lib/armv6k/fpu/libg.a(lib_a-jp2uc.o)
                0x0010effc                _jp2uc
 .text.__locale_charset
                0x0010f080        0xc /Users/rabougue/Documents/3ds_homebrew_dev/devkitPro/devkitARM/bin/../lib/gcc/arm-none-eabi/5.3.0/../../../../arm-none-eabi/lib/armv6k/fpu/libg.a(lib_a-locale.o)
                0x0010f080                __locale_charset
 .text.__locale_mb_cur_max
                0x0010f08c       0x10 /Users/rabougue/Documents/3ds_homebrew_dev/devkitPro/devkitARM/bin/../lib/gcc/arm-none-eabi/5.3.0/../../../../arm-none-eabi/lib/armv6k/fpu/libg.a(lib_a-locale.o)
                0x0010f08c                __locale_mb_cur_max
 .text._localeconv_r
                0x0010f09c        0xc /Users/rabougue/Documents/3ds_homebrew_dev/devkitPro/devkitARM/bin/../lib/gcc/arm-none-eabi/5.3.0/../../../../arm-none-eabi/lib/armv6k/fpu/libg.a(lib_a-locale.o)
                0x0010f09c                _localeconv_r
 .text._mbrtowc_r
                0x0010f0a8       0x98 /Users/rabougue/Documents/3ds_homebrew_dev/devkitPro/devkitARM/bin/../lib/gcc/arm-none-eabi/5.3.0/../../../../arm-none-eabi/lib/armv6k/fpu/libg.a(lib_a-mbrtowc.o)
                0x0010f0a8                _mbrtowc_r
 .text.__utf8_mbtowc
                0x0010f140      0x2fc /Users/rabougue/Documents/3ds_homebrew_dev/devkitPro/devkitARM/bin/../lib/gcc/arm-none-eabi/5.3.0/../../../../arm-none-eabi/lib/armv6k/fpu/libg.a(lib_a-mbtowc_r.o)
                0x0010f140                __utf8_mbtowc
 .text.memchr   0x0010f43c      0x100 /Users/rabougue/Documents/3ds_homebrew_dev/devkitPro/devkitARM/bin/../lib/gcc/arm-none-eabi/5.3.0/../../../../arm-none-eabi/lib/armv6k/fpu/libg.a(lib_a-memchr.o)
                0x0010f43c                memchr
 .text.memmove  0x0010f53c      0x128 /Users/rabougue/Documents/3ds_homebrew_dev/devkitPro/devkitARM/bin/../lib/gcc/arm-none-eabi/5.3.0/../../../../arm-none-eabi/lib/armv6k/fpu/libg.a(lib_a-memmove.o)
                0x0010f53c                memmove
 .text._realloc_r
                0x0010f664      0x4c0 /Users/rabougue/Documents/3ds_homebrew_dev/devkitPro/devkitARM/bin/../lib/gcc/arm-none-eabi/5.3.0/../../../../arm-none-eabi/lib/armv6k/fpu/libg.a(lib_a-reallocr.o)
                0x0010f664                _realloc_r
 .text.__fpclassifyd
                0x0010fb24       0x74 /Users/rabougue/Documents/3ds_homebrew_dev/devkitPro/devkitARM/bin/../lib/gcc/arm-none-eabi/5.3.0/../../../../arm-none-eabi/lib/armv6k/fpu/libg.a(lib_a-s_fpclassify.o)
                0x0010fb24                __fpclassifyd
 .text.__sccl   0x0010fb98       0xd0 /Users/rabougue/Documents/3ds_homebrew_dev/devkitPro/devkitARM/bin/../lib/gcc/arm-none-eabi/5.3.0/../../../../arm-none-eabi/lib/armv6k/fpu/libg.a(lib_a-sccl.o)
                0x0010fb98                __sccl
 .text.nanf     0x0010fc68        0xc /Users/rabougue/Documents/3ds_homebrew_dev/devkitPro/devkitARM/bin/../lib/gcc/arm-none-eabi/5.3.0/../../../../arm-none-eabi/lib/armv6k/fpu/libg.a(lib_a-sf_nan.o)
                0x0010fc68                nanf
 .text.sprintf  0x0010fc74       0x68 /Users/rabougue/Documents/3ds_homebrew_dev/devkitPro/devkitARM/bin/../lib/gcc/arm-none-eabi/5.3.0/../../../../arm-none-eabi/lib/armv6k/fpu/libg.a(lib_a-sprintf.o)
                0x0010fc74                sprintf
 .text.stpncpy  0x0010fcdc      0x108 /Users/rabougue/Documents/3ds_homebrew_dev/devkitPro/devkitARM/bin/../lib/gcc/arm-none-eabi/5.3.0/../../../../arm-none-eabi/lib/armv6k/fpu/libg.a(lib_a-stpncpy.o)
                0x0010fcdc                stpncpy
 .text.strncmp  0x0010fde4      0x11c /Users/rabougue/Documents/3ds_homebrew_dev/devkitPro/devkitARM/bin/../lib/gcc/arm-none-eabi/5.3.0/../../../../arm-none-eabi/lib/armv6k/fpu/libg.a(lib_a-strncmp.o)
                0x0010fde4                strncmp
 .text.unlikely.sulp
                0x0010ff00       0x58 /Users/rabougue/Documents/3ds_homebrew_dev/devkitPro/devkitARM/bin/../lib/gcc/arm-none-eabi/5.3.0/../../../../arm-none-eabi/lib/armv6k/fpu/libg.a(lib_a-strtod.o)
 .text._strtod_r
                0x0010ff58     0x1460 /Users/rabougue/Documents/3ds_homebrew_dev/devkitPro/devkitARM/bin/../lib/gcc/arm-none-eabi/5.3.0/../../../../arm-none-eabi/lib/armv6k/fpu/libg.a(lib_a-strtod.o)
                0x0010ff58                _strtod_r
 .text._strtol_r
                0x001113b8      0x1d4 /Users/rabougue/Documents/3ds_homebrew_dev/devkitPro/devkitARM/bin/../lib/gcc/arm-none-eabi/5.3.0/../../../../arm-none-eabi/lib/armv6k/fpu/libg.a(lib_a-strtol.o)
                0x001113b8                _strtol_r
 .text._strtoll_r
                0x0011158c      0x25c /Users/rabougue/Documents/3ds_homebrew_dev/devkitPro/devkitARM/bin/../lib/gcc/arm-none-eabi/5.3.0/../../../../arm-none-eabi/lib/armv6k/fpu/libg.a(lib_a-strtoll_r.o)
                0x0011158c                _strtoll_r
 .text._strtoul_r
                0x001117e8      0x1d4 /Users/rabougue/Documents/3ds_homebrew_dev/devkitPro/devkitARM/bin/../lib/gcc/arm-none-eabi/5.3.0/../../../../arm-none-eabi/lib/armv6k/fpu/libg.a(lib_a-strtoul.o)
                0x001117e8                _strtoul_r
 *fill*         0x001119bc        0x4 
 .text._strtoull_r
                0x001119c0      0x268 /Users/rabougue/Documents/3ds_homebrew_dev/devkitPro/devkitARM/bin/../lib/gcc/arm-none-eabi/5.3.0/../../../../arm-none-eabi/lib/armv6k/fpu/libg.a(lib_a-strtoull_r.o)
                0x001119c0                _strtoull_r
 .text.__ssprint_r
                0x00111c28      0x1a8 /Users/rabougue/Documents/3ds_homebrew_dev/devkitPro/devkitARM/bin/../lib/gcc/arm-none-eabi/5.3.0/../../../../arm-none-eabi/lib/armv6k/fpu/libg.a(lib_a-svfiprintf.o)
                0x00111c28                __ssprint_r
 .text._sungetc_r
                0x00111dd0       0xf8 /Users/rabougue/Documents/3ds_homebrew_dev/devkitPro/devkitARM/bin/../lib/gcc/arm-none-eabi/5.3.0/../../../../arm-none-eabi/lib/armv6k/fpu/libg.a(lib_a-svfiscanf.o)
                0x00111dd0                _sungetc_r
 .text.__ssrefill_r
                0x00111ec8       0x6c /Users/rabougue/Documents/3ds_homebrew_dev/devkitPro/devkitARM/bin/../lib/gcc/arm-none-eabi/5.3.0/../../../../arm-none-eabi/lib/armv6k/fpu/libg.a(lib_a-svfiscanf.o)
                0x00111ec8                __ssrefill_r
 .text._sfread_r
                0x00111f34       0xc8 /Users/rabougue/Documents/3ds_homebrew_dev/devkitPro/devkitARM/bin/../lib/gcc/arm-none-eabi/5.3.0/../../../../arm-none-eabi/lib/armv6k/fpu/libg.a(lib_a-svfiscanf.o)
                0x00111f34                _sfread_r
 .text.get_arg  0x00111ffc     0x161c /Users/rabougue/Documents/3ds_homebrew_dev/devkitPro/devkitARM/bin/../lib/gcc/arm-none-eabi/5.3.0/../../../../arm-none-eabi/lib/armv6k/fpu/libg.a(lib_a-svfprintf.o)
 .text._svfprintf_r
                0x00113618     0x49f8 /Users/rabougue/Documents/3ds_homebrew_dev/devkitPro/devkitARM/bin/../lib/gcc/arm-none-eabi/5.3.0/../../../../arm-none-eabi/lib/armv6k/fpu/libg.a(lib_a-svfprintf.o)
                0x00113618                _svfprintf_r
 .text.__submore
                0x00118010       0xa8 /Users/rabougue/Documents/3ds_homebrew_dev/devkitPro/devkitARM/bin/../lib/gcc/arm-none-eabi/5.3.0/../../../../arm-none-eabi/lib/armv6k/fpu/libg.a(lib_a-ungetc.o)
                0x00118010                __submore
 .text._wcsnrtombs_r
                0x001180b8      0x190 /Users/rabougue/Documents/3ds_homebrew_dev/devkitPro/devkitARM/bin/../lib/gcc/arm-none-eabi/5.3.0/../../../../arm-none-eabi/lib/armv6k/fpu/libg.a(lib_a-wcsnrtombs.o)
                0x001180b8                _wcsnrtombs_r
 .text.quorem   0x00118248      0x1bc /Users/rabougue/Documents/3ds_homebrew_dev/devkitPro/devkitARM/bin/../lib/gcc/arm-none-eabi/5.3.0/../../../../arm-none-eabi/lib/armv6k/fpu/libg.a(lib_a-dtoa.o)
 *fill*         0x00118404        0x4 
 .text._dtoa_r  0x00118408     0x12c8 /Users/rabougue/Documents/3ds_homebrew_dev/devkitPro/devkitARM/bin/../lib/gcc/arm-none-eabi/5.3.0/../../../../arm-none-eabi/lib/armv6k/fpu/libg.a(lib_a-dtoa.o)
                0x00118408                _dtoa_r
 .text._fclose_r
                0x001196d0      0x120 /Users/rabougue/Documents/3ds_homebrew_dev/devkitPro/devkitARM/bin/../lib/gcc/arm-none-eabi/5.3.0/../../../../arm-none-eabi/lib/armv6k/fpu/libg.a(lib_a-fclose.o)
                0x001196d0                _fclose_r
 .text.rshift   0x001197f0       0xec /Users/rabougue/Documents/3ds_homebrew_dev/devkitPro/devkitARM/bin/../lib/gcc/arm-none-eabi/5.3.0/../../../../arm-none-eabi/lib/armv6k/fpu/libg.a(lib_a-gdtoa-gethex.o)
 .text.__gethex
                0x001198dc      0x7d0 /Users/rabougue/Documents/3ds_homebrew_dev/devkitPro/devkitARM/bin/../lib/gcc/arm-none-eabi/5.3.0/../../../../arm-none-eabi/lib/armv6k/fpu/libg.a(lib_a-gdtoa-gethex.o)
                0x001198dc                __gethex
 .text.__hexnan
                0x0011a0ac      0x258 /Users/rabougue/Documents/3ds_homebrew_dev/devkitPro/devkitARM/bin/../lib/gcc/arm-none-eabi/5.3.0/../../../../arm-none-eabi/lib/armv6k/fpu/libg.a(lib_a-gdtoa-hexnan.o)
                0x0011a0ac                __hexnan
 .text._Balloc  0x0011a304       0x8c /Users/rabougue/Documents/3ds_homebrew_dev/devkitPro/devkitARM/bin/../lib/gcc/arm-none-eabi/5.3.0/../../../../arm-none-eabi/lib/armv6k/fpu/libg.a(lib_a-mprec.o)
                0x0011a304                _Balloc
 .text._Bfree   0x0011a390       0x1c /Users/rabougue/Documents/3ds_homebrew_dev/devkitPro/devkitARM/bin/../lib/gcc/arm-none-eabi/5.3.0/../../../../arm-none-eabi/lib/armv6k/fpu/libg.a(lib_a-mprec.o)
                0x0011a390                _Bfree
 .text.__multadd
                0x0011a3ac       0xd0 /Users/rabougue/Documents/3ds_homebrew_dev/devkitPro/devkitARM/bin/../lib/gcc/arm-none-eabi/5.3.0/../../../../arm-none-eabi/lib/armv6k/fpu/libg.a(lib_a-mprec.o)
                0x0011a3ac                __multadd
 .text.__s2b    0x0011a47c       0xe4 /Users/rabougue/Documents/3ds_homebrew_dev/devkitPro/devkitARM/bin/../lib/gcc/arm-none-eabi/5.3.0/../../../../arm-none-eabi/lib/armv6k/fpu/libg.a(lib_a-mprec.o)
                0x0011a47c                __s2b
 .text.__hi0bits
                0x0011a560       0x5c /Users/rabougue/Documents/3ds_homebrew_dev/devkitPro/devkitARM/bin/../lib/gcc/arm-none-eabi/5.3.0/../../../../arm-none-eabi/lib/armv6k/fpu/libg.a(lib_a-mprec.o)
                0x0011a560                __hi0bits
 .text.__lo0bits
                0x0011a5bc       0x98 /Users/rabougue/Documents/3ds_homebrew_dev/devkitPro/devkitARM/bin/../lib/gcc/arm-none-eabi/5.3.0/../../../../arm-none-eabi/lib/armv6k/fpu/libg.a(lib_a-mprec.o)
                0x0011a5bc                __lo0bits
 .text.__i2b    0x0011a654       0x20 /Users/rabougue/Documents/3ds_homebrew_dev/devkitPro/devkitARM/bin/../lib/gcc/arm-none-eabi/5.3.0/../../../../arm-none-eabi/lib/armv6k/fpu/libg.a(lib_a-mprec.o)
                0x0011a654                __i2b
 .text.__multiply
                0x0011a674      0x1dc /Users/rabougue/Documents/3ds_homebrew_dev/devkitPro/devkitARM/bin/../lib/gcc/arm-none-eabi/5.3.0/../../../../arm-none-eabi/lib/armv6k/fpu/libg.a(lib_a-mprec.o)
                0x0011a674                __multiply
 .text.__pow5mult
                0x0011a850      0x100 /Users/rabougue/Documents/3ds_homebrew_dev/devkitPro/devkitARM/bin/../lib/gcc/arm-none-eabi/5.3.0/../../../../arm-none-eabi/lib/armv6k/fpu/libg.a(lib_a-mprec.o)
                0x0011a850                __pow5mult
 .text.__lshift
                0x0011a950       0xf0 /Users/rabougue/Documents/3ds_homebrew_dev/devkitPro/devkitARM/bin/../lib/gcc/arm-none-eabi/5.3.0/../../../../arm-none-eabi/lib/armv6k/fpu/libg.a(lib_a-mprec.o)
                0x0011a950                __lshift
 .text.__mcmp   0x0011aa40       0x64 /Users/rabougue/Documents/3ds_homebrew_dev/devkitPro/devkitARM/bin/../lib/gcc/arm-none-eabi/5.3.0/../../../../arm-none-eabi/lib/armv6k/fpu/libg.a(lib_a-mprec.o)
                0x0011aa40                __mcmp
 .text.__mdiff  0x0011aaa4      0x198 /Users/rabougue/Documents/3ds_homebrew_dev/devkitPro/devkitARM/bin/../lib/gcc/arm-none-eabi/5.3.0/../../../../arm-none-eabi/lib/armv6k/fpu/libg.a(lib_a-mprec.o)
                0x0011aaa4                __mdiff
 .text.__ulp    0x0011ac3c       0x78 /Users/rabougue/Documents/3ds_homebrew_dev/devkitPro/devkitARM/bin/../lib/gcc/arm-none-eabi/5.3.0/../../../../arm-none-eabi/lib/armv6k/fpu/libg.a(lib_a-mprec.o)
                0x0011ac3c                __ulp
 .text.__b2d    0x0011acb4       0xd4 /Users/rabougue/Documents/3ds_homebrew_dev/devkitPro/devkitARM/bin/../lib/gcc/arm-none-eabi/5.3.0/../../../../arm-none-eabi/lib/armv6k/fpu/libg.a(lib_a-mprec.o)
                0x0011acb4                __b2d
 .text.__d2b    0x0011ad88      0x104 /Users/rabougue/Documents/3ds_homebrew_dev/devkitPro/devkitARM/bin/../lib/gcc/arm-none-eabi/5.3.0/../../../../arm-none-eabi/lib/armv6k/fpu/libg.a(lib_a-mprec.o)
                0x0011ad88                __d2b
 .text.__ratio  0x0011ae8c       0x78 /Users/rabougue/Documents/3ds_homebrew_dev/devkitPro/devkitARM/bin/../lib/gcc/arm-none-eabi/5.3.0/../../../../arm-none-eabi/lib/armv6k/fpu/libg.a(lib_a-mprec.o)
                0x0011ae8c                __ratio
 .text.__copybits
                0x0011af04       0x6c /Users/rabougue/Documents/3ds_homebrew_dev/devkitPro/devkitARM/bin/../lib/gcc/arm-none-eabi/5.3.0/../../../../arm-none-eabi/lib/armv6k/fpu/libg.a(lib_a-mprec.o)
                0x0011af04                __copybits
 .text.__any_on
                0x0011af70       0x80 /Users/rabougue/Documents/3ds_homebrew_dev/devkitPro/devkitARM/bin/../lib/gcc/arm-none-eabi/5.3.0/../../../../arm-none-eabi/lib/armv6k/fpu/libg.a(lib_a-mprec.o)
                0x0011af70                __any_on
 .text.frexp    0x0011aff0       0x98 /Users/rabougue/Documents/3ds_homebrew_dev/devkitPro/devkitARM/bin/../lib/gcc/arm-none-eabi/5.3.0/../../../../arm-none-eabi/lib/armv6k/fpu/libg.a(lib_a-s_frexp.o)
                0x0011aff0                frexp
 .text._calloc_r
                0x0011b088       0x90 /Users/rabougue/Documents/3ds_homebrew_dev/devkitPro/devkitARM/bin/../lib/gcc/arm-none-eabi/5.3.0/../../../../arm-none-eabi/lib/armv6k/fpu/libg.a(lib_a-callocr.o)
                0x0011b088                _calloc_r
 .text.strnlen  0x0011b118       0x5c /Users/rabougue/Documents/3ds_homebrew_dev/devkitPro/devkitARM/bin/../lib/gcc/arm-none-eabi/5.3.0/../../../../arm-none-eabi/lib/armv6k/fpu/libg.a(lib_a-strnlen.o)
                0x0011b118                strnlen
 .text.strrchr  0x0011b174       0x44 /Users/rabougue/Documents/3ds_homebrew_dev/devkitPro/devkitARM/bin/../lib/gcc/arm-none-eabi/5.3.0/../../../../arm-none-eabi/lib/armv6k/fpu/libg.a(lib_a-strrchr.o)
                0x0011b174                strrchr
 *(.glue_7)
 .glue_7        0x0011b1b8        0x0 linker stubs
 *(.glue_7t)
 .glue_7t       0x0011b1b8        0x0 linker stubs
 *(.stub)
 *(.gnu.warning)
 *(.gnu.linkonce.t*)
                0x0011b1b8                . = ALIGN (0x4)
 *(.fini)
 .fini          0x0011b1b8        0xc /Users/rabougue/Documents/3ds_homebrew_dev/devkitPro/devkitARM/bin/../lib/gcc/arm-none-eabi/5.3.0/armv6k/fpu/crti.o
                0x0011b1b8                _fini
 .fini          0x0011b1c4        0xc /Users/rabougue/Documents/3ds_homebrew_dev/devkitPro/devkitARM/bin/../lib/gcc/arm-none-eabi/5.3.0/armv6k/fpu/crtn.o
                0x0011b1d0                . = ALIGN (0x4)

.vfp11_veneer   0x0011b1d0        0x0
 .vfp11_veneer  0x0011b1d0        0x0 linker stubs

.v4_bx          0x0011b1d0        0x0
 .v4_bx         0x0011b1d0        0x0 linker stubs

.iplt           0x0011b1d0        0x0
 .iplt          0x0011b1d0        0x0 /Users/rabougue/Documents/3ds_homebrew_dev/devkitPro/devkitARM/bin/../lib/gcc/arm-none-eabi/5.3.0/../../../../arm-none-eabi/lib/armv6k/fpu/3dsx_crt0.o

.rodata         0x0011c000     0x48e0
 *(.rodata)
 .rodata        0x0011c000      0x168 /Users/rabougue/Documents/3ds_homebrew_dev/devkitPro/libctru/lib/libctru.a(console.o)
 .rodata        0x0011c168       0x1c /Users/rabougue/Documents/3ds_homebrew_dev/devkitPro/libctru/lib/libctru.a(gfx.o)
 .rodata        0x0011c184        0xc /Users/rabougue/Documents/3ds_homebrew_dev/devkitPro/libctru/lib/libctru.a(apt.o)
 .rodata        0x0011c190      0x804 /Users/rabougue/Documents/3ds_homebrew_dev/devkitPro/libctru/lib/libctru.a(default_font.bin.o)
                0x0011c190                default_font_bin
                0x0011c990                default_font_bin_end
                0x0011c990                default_font_bin_size
 .rodata        0x0011c994       0x3c /Users/rabougue/Documents/3ds_homebrew_dev/devkitPro/libctru/lib/libctru.a(sdmc_dev.o)
 .rodata        0x0011c9d0       0x68 /Users/rabougue/Documents/3ds_homebrew_dev/devkitPro/devkitARM/bin/../lib/gcc/arm-none-eabi/5.3.0/../../../../arm-none-eabi/lib/armv6k/fpu/libsysbase.a(iosupport.o)
                0x0011c9d0                dotab_stdnull
 .rodata        0x0011ca38        0xc /Users/rabougue/Documents/3ds_homebrew_dev/devkitPro/devkitARM/bin/../lib/gcc/arm-none-eabi/5.3.0/../../../../arm-none-eabi/lib/armv6k/fpu/libsysbase.a(chdir.o)
                0x0011ca38                DIRECTORY_PARENT
                0x0011ca3c                DIRECTORY_THIS
                0x0011ca40                DIRECTORY_SEPARATOR
 *(.roda)
 *(.rodata.*)
 .rodata.str1.4
                0x0011ca44       0x70 /Users/rabougue/Documents/3ds_homebrew_dev/devkitPro/libctru/lib/libctru.a(console.o)
 .rodata.str1.4
                0x0011cab4       0x16 /Users/rabougue/Documents/3ds_homebrew_dev/devkitPro/libctru/lib/libctru.a(apt.o)
                                 0x18 (size before relaxing)
 *fill*         0x0011caca        0x2 
 .rodata.str1.4
                0x0011cacc        0x9 /Users/rabougue/Documents/3ds_homebrew_dev/devkitPro/libctru/lib/libctru.a(gspgpu.o)
                                  0xc (size before relaxing)
 *fill*         0x0011cad5        0x3 
 .rodata.str1.4
                0x0011cad8       0x15 /Users/rabougue/Documents/3ds_homebrew_dev/devkitPro/libctru/lib/libctru.a(hid.o)
                                 0x18 (size before relaxing)
 *fill*         0x0011caed        0x3 
 .rodata.str1.4
                0x0011caf0        0x7 /Users/rabougue/Documents/3ds_homebrew_dev/devkitPro/libctru/lib/libctru.a(irrst.o)
                                  0x8 (size before relaxing)
 *fill*         0x0011caf7        0x1 
 .rodata.str1.4
                0x0011caf8        0x5 /Users/rabougue/Documents/3ds_homebrew_dev/devkitPro/libctru/lib/libctru.a(srv.o)
                                  0x8 (size before relaxing)
 *fill*         0x0011cafd        0x3 
 .rodata.str1.4
                0x0011cb00        0x2 /Users/rabougue/Documents/3ds_homebrew_dev/devkitPro/libctru/lib/libctru.a(thread.o)
                                  0x4 (size before relaxing)
 *fill*         0x0011cb02        0x2 
 .rodata.str1.4
                0x0011cb04        0x9 /Users/rabougue/Documents/3ds_homebrew_dev/devkitPro/libctru/lib/libctru.a(ptmsysm.o)
                                  0xc (size before relaxing)
 *fill*         0x0011cb0d        0x3 
 .rodata.str1.4
                0x0011cb10        0xd /Users/rabougue/Documents/3ds_homebrew_dev/devkitPro/libctru/lib/libctru.a(sdmc_dev.o)
                                 0x14 (size before relaxing)
 *fill*         0x0011cb1d        0x3 
 .rodata.str1.4
                0x0011cb20        0x8 /Users/rabougue/Documents/3ds_homebrew_dev/devkitPro/libctru/lib/libctru.a(fs.o)
                                  0xc (size before relaxing)
 .rodata.npio2_hw
                0x0011cb28       0x80 /Users/rabougue/Documents/3ds_homebrew_dev/devkitPro/devkitARM/bin/../lib/gcc/arm-none-eabi/5.3.0/../../../../arm-none-eabi/lib/armv6k/fpu/libm.a(lib_a-e_rem_pio2.o)
 .rodata.two_over_pi
                0x0011cba8      0x108 /Users/rabougue/Documents/3ds_homebrew_dev/devkitPro/devkitARM/bin/../lib/gcc/arm-none-eabi/5.3.0/../../../../arm-none-eabi/lib/armv6k/fpu/libm.a(lib_a-e_rem_pio2.o)
 .rodata.init_jk
                0x0011ccb0       0x10 /Users/rabougue/Documents/3ds_homebrew_dev/devkitPro/devkitARM/bin/../lib/gcc/arm-none-eabi/5.3.0/../../../../arm-none-eabi/lib/armv6k/fpu/libm.a(lib_a-k_rem_pio2.o)
 .rodata.PIo2   0x0011ccc0       0x40 /Users/rabougue/Documents/3ds_homebrew_dev/devkitPro/devkitARM/bin/../lib/gcc/arm-none-eabi/5.3.0/../../../../arm-none-eabi/lib/armv6k/fpu/libm.a(lib_a-k_rem_pio2.o)
 .rodata.str1.4
                0x0011cd00        0x4 /Users/rabougue/Documents/3ds_homebrew_dev/devkitPro/devkitARM/bin/../lib/gcc/arm-none-eabi/5.3.0/../../../../arm-none-eabi/lib/armv6k/fpu/libg.a(lib_a-impure.o)
 .rodata.basefix.7044
                0x0011cd00       0x24 /Users/rabougue/Documents/3ds_homebrew_dev/devkitPro/devkitARM/bin/../lib/gcc/arm-none-eabi/5.3.0/../../../../arm-none-eabi/lib/armv6k/fpu/libg.a(lib_a-svfscanf.o)
 .rodata.str1.4
                0x0011cd24        0x5 /Users/rabougue/Documents/3ds_homebrew_dev/devkitPro/devkitARM/bin/../lib/gcc/arm-none-eabi/5.3.0/../../../../arm-none-eabi/lib/armv6k/fpu/libg.a(lib_a-svfscanf.o)
                                  0x8 (size before relaxing)
 *fill*         0x0011cd29        0x3 
 .rodata._ctype_
                0x0011cd2c      0x104 /Users/rabougue/Documents/3ds_homebrew_dev/devkitPro/devkitARM/bin/../lib/gcc/arm-none-eabi/5.3.0/../../../../arm-none-eabi/lib/armv6k/fpu/libg.a(lib_a-ctype_.o)
                0x0011cd2c                _ctype_
 .rodata.a1     0x0011ce30       0xbc /Users/rabougue/Documents/3ds_homebrew_dev/devkitPro/devkitARM/bin/../lib/gcc/arm-none-eabi/5.3.0/../../../../arm-none-eabi/lib/armv6k/fpu/libg.a(lib_a-jp2uc.o)
 .rodata.a2     0x0011ceec       0xbc /Users/rabougue/Documents/3ds_homebrew_dev/devkitPro/devkitARM/bin/../lib/gcc/arm-none-eabi/5.3.0/../../../../arm-none-eabi/lib/armv6k/fpu/libg.a(lib_a-jp2uc.o)
 .rodata.a3     0x0011cfa8       0x5c /Users/rabougue/Documents/3ds_homebrew_dev/devkitPro/devkitARM/bin/../lib/gcc/arm-none-eabi/5.3.0/../../../../arm-none-eabi/lib/armv6k/fpu/libg.a(lib_a-jp2uc.o)
 .rodata.a6     0x0011d004       0x70 /Users/rabougue/Documents/3ds_homebrew_dev/devkitPro/devkitARM/bin/../lib/gcc/arm-none-eabi/5.3.0/../../../../arm-none-eabi/lib/armv6k/fpu/libg.a(lib_a-jp2uc.o)
 .rodata.a7     0x0011d074       0xa4 /Users/rabougue/Documents/3ds_homebrew_dev/devkitPro/devkitARM/bin/../lib/gcc/arm-none-eabi/5.3.0/../../../../arm-none-eabi/lib/armv6k/fpu/libg.a(lib_a-jp2uc.o)
 .rodata.a8     0x0011d118       0x40 /Users/rabougue/Documents/3ds_homebrew_dev/devkitPro/devkitARM/bin/../lib/gcc/arm-none-eabi/5.3.0/../../../../arm-none-eabi/lib/armv6k/fpu/libg.a(lib_a-jp2uc.o)
 .rodata.str1.4
                0x0011d158       0x12 /Users/rabougue/Documents/3ds_homebrew_dev/devkitPro/devkitARM/bin/../lib/gcc/arm-none-eabi/5.3.0/../../../../arm-none-eabi/lib/armv6k/fpu/libg.a(lib_a-jp2uc.o)
                                 0x14 (size before relaxing)
 *fill*         0x0011d16a        0x2 
 .rodata.b02cf  0x0011d16c     0x172c /Users/rabougue/Documents/3ds_homebrew_dev/devkitPro/devkitARM/bin/../lib/gcc/arm-none-eabi/5.3.0/../../../../arm-none-eabi/lib/armv6k/fpu/libg.a(lib_a-jp2uc.o)
 .rodata.d02f4  0x0011e898     0x1a7c /Users/rabougue/Documents/3ds_homebrew_dev/devkitPro/devkitARM/bin/../lib/gcc/arm-none-eabi/5.3.0/../../../../arm-none-eabi/lib/armv6k/fpu/libg.a(lib_a-jp2uc.o)
 .rodata.str1.4
                0x00120314      0x112 /Users/rabougue/Documents/3ds_homebrew_dev/devkitPro/devkitARM/bin/../lib/gcc/arm-none-eabi/5.3.0/../../../../arm-none-eabi/lib/armv6k/fpu/libg.a(lib_a-locale.o)
                                0x130 (size before relaxing)
 .rodata.str1.4
                0x00120426        0x4 /Users/rabougue/Documents/3ds_homebrew_dev/devkitPro/devkitARM/bin/../lib/gcc/arm-none-eabi/5.3.0/../../../../arm-none-eabi/lib/armv6k/fpu/libg.a(lib_a-mbrtowc.o)
 *fill*         0x00120426        0x2 
 .rodata.fpinan.5417
                0x00120428       0x14 /Users/rabougue/Documents/3ds_homebrew_dev/devkitPro/devkitARM/bin/../lib/gcc/arm-none-eabi/5.3.0/../../../../arm-none-eabi/lib/armv6k/fpu/libg.a(lib_a-strtod.o)
 .rodata.str1.4
                0x0012043c        0xf /Users/rabougue/Documents/3ds_homebrew_dev/devkitPro/devkitARM/bin/../lib/gcc/arm-none-eabi/5.3.0/../../../../arm-none-eabi/lib/armv6k/fpu/libg.a(lib_a-strtod.o)
                                 0x10 (size before relaxing)
 *fill*         0x0012044b        0x1 
 .rodata.fpi.5381
                0x0012044c       0x14 /Users/rabougue/Documents/3ds_homebrew_dev/devkitPro/devkitARM/bin/../lib/gcc/arm-none-eabi/5.3.0/../../../../arm-none-eabi/lib/armv6k/fpu/libg.a(lib_a-strtod.o)
 .rodata.tinytens
                0x00120460       0x28 /Users/rabougue/Documents/3ds_homebrew_dev/devkitPro/devkitARM/bin/../lib/gcc/arm-none-eabi/5.3.0/../../../../arm-none-eabi/lib/armv6k/fpu/libg.a(lib_a-strtod.o)
 .rodata.__state_table
                0x00120488       0x6c /Users/rabougue/Documents/3ds_homebrew_dev/devkitPro/devkitARM/bin/../lib/gcc/arm-none-eabi/5.3.0/../../../../arm-none-eabi/lib/armv6k/fpu/libg.a(lib_a-svfiprintf.o)
                0x00120488                __state_table
 .rodata.__chclass
                0x001204f4      0x100 /Users/rabougue/Documents/3ds_homebrew_dev/devkitPro/devkitARM/bin/../lib/gcc/arm-none-eabi/5.3.0/../../../../arm-none-eabi/lib/armv6k/fpu/libg.a(lib_a-svfiprintf.o)
                0x001204f4                __chclass
 .rodata.__action_table
                0x001205f4       0x6c /Users/rabougue/Documents/3ds_homebrew_dev/devkitPro/devkitARM/bin/../lib/gcc/arm-none-eabi/5.3.0/../../../../arm-none-eabi/lib/armv6k/fpu/libg.a(lib_a-svfiprintf.o)
                0x001205f4                __action_table
 .rodata.blanks.7122
                0x00120660       0x10 /Users/rabougue/Documents/3ds_homebrew_dev/devkitPro/devkitARM/bin/../lib/gcc/arm-none-eabi/5.3.0/../../../../arm-none-eabi/lib/armv6k/fpu/libg.a(lib_a-svfprintf.o)
 .rodata.str1.4
                0x00120670       0x42 /Users/rabougue/Documents/3ds_homebrew_dev/devkitPro/devkitARM/bin/../lib/gcc/arm-none-eabi/5.3.0/../../../../arm-none-eabi/lib/armv6k/fpu/libg.a(lib_a-svfprintf.o)
                                 0x44 (size before relaxing)
 *fill*         0x001206b2        0x2 
 .rodata.zeroes.7123
                0x001206b4       0x10 /Users/rabougue/Documents/3ds_homebrew_dev/devkitPro/devkitARM/bin/../lib/gcc/arm-none-eabi/5.3.0/../../../../arm-none-eabi/lib/armv6k/fpu/libg.a(lib_a-svfprintf.o)
 .rodata.str1.4
                0x001206c4       0x10 /Users/rabougue/Documents/3ds_homebrew_dev/devkitPro/devkitARM/bin/../lib/gcc/arm-none-eabi/5.3.0/../../../../arm-none-eabi/lib/armv6k/fpu/libg.a(lib_a-dtoa.o)
                                 0x14 (size before relaxing)
 .rodata.__hexdig
                0x001206d4      0x100 /Users/rabougue/Documents/3ds_homebrew_dev/devkitPro/devkitARM/bin/../lib/gcc/arm-none-eabi/5.3.0/../../../../arm-none-eabi/lib/armv6k/fpu/libg.a(lib_a-gdtoa-gethex.o)
                0x001206d4                __hexdig
 *fill*         0x001207d4        0x4 
 .rodata.__mprec_tens
                0x001207d8       0xc8 /Users/rabougue/Documents/3ds_homebrew_dev/devkitPro/devkitARM/bin/../lib/gcc/arm-none-eabi/5.3.0/../../../../arm-none-eabi/lib/armv6k/fpu/libg.a(lib_a-mprec.o)
                0x001207d8                __mprec_tens
 .rodata.p05.5412
                0x001208a0        0xc /Users/rabougue/Documents/3ds_homebrew_dev/devkitPro/devkitARM/bin/../lib/gcc/arm-none-eabi/5.3.0/../../../../arm-none-eabi/lib/armv6k/fpu/libg.a(lib_a-mprec.o)
 *fill*         0x001208ac        0x4 
 .rodata.__mprec_bigtens
                0x001208b0       0x28 /Users/rabougue/Documents/3ds_homebrew_dev/devkitPro/devkitARM/bin/../lib/gcc/arm-none-eabi/5.3.0/../../../../arm-none-eabi/lib/armv6k/fpu/libg.a(lib_a-mprec.o)
                0x001208b0                __mprec_bigtens
 .rodata.str1.4
                0x001208d8        0x8 /Users/rabougue/Documents/3ds_homebrew_dev/devkitPro/devkitARM/bin/../lib/gcc/arm-none-eabi/5.3.0/../../../../arm-none-eabi/lib/armv6k/fpu/libsysbase.a(iosupport.o)
 *all.rodata*(*)
 *(.gnu.linkonce.r*)
                0x001208e0                . = ALIGN (0x4)

.eh_frame       0x001208e0        0x0
 .eh_frame      0x001208e0        0x0 /Users/rabougue/Documents/3ds_homebrew_dev/devkitPro/devkitARM/bin/../lib/gcc/arm-none-eabi/5.3.0/armv6k/fpu/crtbegin.o

.rel.dyn        0x001208e0        0x0
 .rel.iplt      0x001208e0        0x0 /Users/rabougue/Documents/3ds_homebrew_dev/devkitPro/devkitARM/bin/../lib/gcc/arm-none-eabi/5.3.0/../../../../arm-none-eabi/lib/armv6k/fpu/3dsx_crt0.o

.ARM.extab
 *(.ARM.extab* .gnu.linkonce.armextab.*)
                0x001208e0                __exidx_start = .

ARM.exidx
 *(.ARM.exidx* .gnu.linkonce.armexidx.*)
                0x001208e0                __exidx_end = .

.data           0x00121000     0x2e28
 *(.data)
 .data          0x00121000       0x54 /Users/rabougue/Documents/3ds_homebrew_dev/devkitPro/libctru/lib/libctru.a(console.o)
                0x00121000                defaultConsole
                0x0012104c                currentConsole
 .data          0x00121054        0xc /Users/rabougue/Documents/3ds_homebrew_dev/devkitPro/libctru/lib/libctru.a(gfx.o)
 .data          0x00121060        0x4 /Users/rabougue/Documents/3ds_homebrew_dev/devkitPro/libctru/lib/libctru.a(apt.o)
 .data          0x00121064        0x4 /Users/rabougue/Documents/3ds_homebrew_dev/devkitPro/libctru/lib/libctru.a(gspgpu.o)
 .data          0x00121068        0x4 /Users/rabougue/Documents/3ds_homebrew_dev/devkitPro/libctru/lib/libctru.a(stack_adjust.o)
                0x00121068                __stacksize__
 .data          0x0012106c      0x46c /Users/rabougue/Documents/3ds_homebrew_dev/devkitPro/libctru/lib/libctru.a(sdmc_dev.o)
 .data          0x001214d8       0x44 /Users/rabougue/Documents/3ds_homebrew_dev/devkitPro/devkitARM/bin/../lib/gcc/arm-none-eabi/5.3.0/../../../../arm-none-eabi/lib/armv6k/fpu/libsysbase.a(iosupport.o)
                0x001214dc                devoptab_list
 .data          0x0012151c     0x1000 /Users/rabougue/Documents/3ds_homebrew_dev/devkitPro/devkitARM/bin/../lib/gcc/arm-none-eabi/5.3.0/../../../../arm-none-eabi/lib/armv6k/fpu/libsysbase.a(chdir.o)
 .data          0x0012251c     0x1028 /Users/rabougue/Documents/3ds_homebrew_dev/devkitPro/devkitARM/bin/../lib/gcc/arm-none-eabi/5.3.0/../../../../arm-none-eabi/lib/armv6k/fpu/libsysbase.a(handle_manager.o)
 *(.data.*)
 *fill*         0x00123544        0x4 
 .data.impure_data
                0x00123548      0x440 /Users/rabougue/Documents/3ds_homebrew_dev/devkitPro/devkitARM/bin/../lib/gcc/arm-none-eabi/5.3.0/../../../../arm-none-eabi/lib/armv6k/fpu/libg.a(lib_a-impure.o)
 .data._impure_ptr
                0x00123988        0x4 /Users/rabougue/Documents/3ds_homebrew_dev/devkitPro/devkitARM/bin/../lib/gcc/arm-none-eabi/5.3.0/../../../../arm-none-eabi/lib/armv6k/fpu/libg.a(lib_a-impure.o)
                0x00123988                _impure_ptr
 .data.__malloc_av_
                0x0012398c      0x408 /Users/rabougue/Documents/3ds_homebrew_dev/devkitPro/devkitARM/bin/../lib/gcc/arm-none-eabi/5.3.0/../../../../arm-none-eabi/lib/armv6k/fpu/libg.a(lib_a-mallocr.o)
                0x0012398c                __malloc_av_
 .data.__malloc_trim_threshold
                0x00123d94        0x4 /Users/rabougue/Documents/3ds_homebrew_dev/devkitPro/devkitARM/bin/../lib/gcc/arm-none-eabi/5.3.0/../../../../arm-none-eabi/lib/armv6k/fpu/libg.a(lib_a-mallocr.o)
                0x00123d94                __malloc_trim_threshold
 .data.__malloc_sbrk_base
                0x00123d98        0x4 /Users/rabougue/Documents/3ds_homebrew_dev/devkitPro/devkitARM/bin/../lib/gcc/arm-none-eabi/5.3.0/../../../../arm-none-eabi/lib/armv6k/fpu/libg.a(lib_a-mallocr.o)
                0x00123d98                __malloc_sbrk_base
 .data.__malloc_lock_object
                0x00123d9c        0xc /Users/rabougue/Documents/3ds_homebrew_dev/devkitPro/devkitARM/bin/../lib/gcc/arm-none-eabi/5.3.0/../../../../arm-none-eabi/lib/armv6k/fpu/libg.a(lib_a-mlock.o)
 .data.__wctomb
                0x00123da8        0x4 /Users/rabougue/Documents/3ds_homebrew_dev/devkitPro/devkitARM/bin/../lib/gcc/arm-none-eabi/5.3.0/../../../../arm-none-eabi/lib/armv6k/fpu/libg.a(lib_a-wctomb_r.o)