Archive member included to satisfy reference by file (symbol)

/Users/rabougue/Documents/3ds_homebrew_dev/devkitPro/libctru/lib/libctru.a(console.o)
                              main.o (consoleSelect)
/Users/rabougue/Documents/3ds_homebrew_dev/devkitPro/libctru/lib/libctru.a(gfx.o)
                              /Users/rabougue/Documents/3ds_homebrew_dev/devkitPro/libctru/lib/libctru.a(console.o) (gfxSetScreenFormat)
/Users/rabougue/Documents/3ds_homebrew_dev/devkitPro/libctru/lib/libctru.a(gx.o)
                              /Users/rabougue/Documents/3ds_homebrew_dev/devkitPro/libctru/lib/libctru.a(gfx.o) (gxCmdBuf)
/Users/rabougue/Documents/3ds_homebrew_dev/devkitPro/libctru/lib/libctru.a(apt.o)
                              main.o (aptMainLoop)
/Users/rabougue/Documents/3ds_homebrew_dev/devkitPro/libctru/lib/libctru.a(gspgpu.o)
                              /Users/rabougue/Documents/3ds_homebrew_dev/devkitPro/libctru/lib/libctru.a(gfx.o) (gspInit)
/Users/rabougue/Documents/3ds_homebrew_dev/devkitPro/libctru/lib/libctru.a(hid.o)
                              main.o (hidScanInput)
/Users/rabougue/Documents/3ds_homebrew_dev/devkitPro/libctru/lib/libctru.a(irrst.o)
                              /Users/rabougue/Documents/3ds_homebrew_dev/devkitPro/libctru/lib/libctru.a(hid.o) (irrstScanInput)
/Users/rabougue/Documents/3ds_homebrew_dev/devkitPro/libctru/lib/libctru.a(initArgv.o)
                              /Users/rabougue/Documents/3ds_homebrew_dev/devkitPro/devkitARM/bin/../lib/gcc/arm-none-eabi/5.3.0/../../../../arm-none-eabi/lib/armv6k/fpu/3dsx_crt0.o (__system_argc)
/Users/rabougue/Documents/3ds_homebrew_dev/devkitPro/libctru/lib/libctru.a(initSystem.o)
                              /Users/rabougue/Documents/3ds_homebrew_dev/devkitPro/libctru/lib/libctru.a(apt.o) (__system_retAddr)
/Users/rabougue/Documents/3ds_homebrew_dev/devkitPro/libctru/lib/libctru.a(syscalls.o)
                              /Users/rabougue/Documents/3ds_homebrew_dev/devkitPro/libctru/lib/libctru.a(initSystem.o) (__system_initSyscalls)
/Users/rabougue/Documents/3ds_homebrew_dev/devkitPro/libctru/lib/libctru.a(svc.o)
                              /Users/rabougue/Documents/3ds_homebrew_dev/devkitPro/libctru/lib/libctru.a(gfx.o) (svcCreateEvent)
/Users/rabougue/Documents/3ds_homebrew_dev/devkitPro/libctru/lib/libctru.a(stack_adjust.o)
                              /Users/rabougue/Documents/3ds_homebrew_dev/devkitPro/devkitARM/bin/../lib/gcc/arm-none-eabi/5.3.0/../../../../arm-none-eabi/lib/armv6k/fpu/3dsx_crt0.o (initSystem)
/Users/rabougue/Documents/3ds_homebrew_dev/devkitPro/libctru/lib/libctru.a(default_font.bin.o)
                              /Users/rabougue/Documents/3ds_homebrew_dev/devkitPro/libctru/lib/libctru.a(console.o) (default_font_bin)
/Users/rabougue/Documents/3ds_homebrew_dev/devkitPro/libctru/lib/libctru.a(linear.o)
                              /Users/rabougue/Documents/3ds_homebrew_dev/devkitPro/libctru/lib/libctru.a(gfx.o) (linearAlloc)
/Users/rabougue/Documents/3ds_homebrew_dev/devkitPro/libctru/lib/libctru.a(mappable.o)
                              /Users/rabougue/Documents/3ds_homebrew_dev/devkitPro/libctru/lib/libctru.a(gfx.o) (mappableAlloc)
/Users/rabougue/Documents/3ds_homebrew_dev/devkitPro/libctru/lib/libctru.a(mem_pool.o)
                              /Users/rabougue/Documents/3ds_homebrew_dev/devkitPro/libctru/lib/libctru.a(linear.o) (MemPool::Allocate(MemChunk&, unsigned long, int))
/Users/rabougue/Documents/3ds_homebrew_dev/devkitPro/libctru/lib/libctru.a(vram.o)
                              /Users/rabougue/Documents/3ds_homebrew_dev/devkitPro/libctru/lib/libctru.a(gfx.o) (vramAlloc)
/Users/rabougue/Documents/3ds_homebrew_dev/devkitPro/libctru/lib/libctru.a(env.o)
                              /Users/rabougue/Documents/3ds_homebrew_dev/devkitPro/libctru/lib/libctru.a(irrst.o) (envGetHandle)
/Users/rabougue/Documents/3ds_homebrew_dev/devkitPro/libctru/lib/libctru.a(os.o)
                              /Users/rabougue/Documents/3ds_homebrew_dev/devkitPro/libctru/lib/libctru.a(syscalls.o) (__libctru_gtod)
/Users/rabougue/Documents/3ds_homebrew_dev/devkitPro/libctru/lib/libctru.a(srv.o)
                              /Users/rabougue/Documents/3ds_homebrew_dev/devkitPro/libctru/lib/libctru.a(apt.o) (srvGetServiceHandle)
/Users/rabougue/Documents/3ds_homebrew_dev/devkitPro/libctru/lib/libctru.a(synchronization.o)
                              /Users/rabougue/Documents/3ds_homebrew_dev/devkitPro/libctru/lib/libctru.a(initSystem.o) (__sync_init)
/Users/rabougue/Documents/3ds_homebrew_dev/devkitPro/libctru/lib/libctru.a(thread.o)
                              /Users/rabougue/Documents/3ds_homebrew_dev/devkitPro/libctru/lib/libctru.a(apt.o) (threadCreate)
/Users/rabougue/Documents/3ds_homebrew_dev/devkitPro/libctru/lib/libctru.a(ptmsysm.o)
                              /Users/rabougue/Documents/3ds_homebrew_dev/devkitPro/libctru/lib/libctru.a(os.o) (ptmSysmInit)
[...]
Memory Configuration

Name             Origin             Length             Attributes
*default*        0x00000000         0xffffffff

Linker script and memory map

                0x00100000                . = 0x100000
                0x00100000                __start__ = .

.text           0x00100000    0x1a44c
 *(.crt0)
 .crt0          0x00100000       0x94 /Users/rabougue/Documents/3ds_homebrew_dev/devkitPro/devkitARM/bin/../lib/gcc/arm-none-eabi/5.3.0/../../../../arm-none-eabi/lib/armv6k/fpu/3dsx_crt0.o
                0x00100000                _start
                0x00100008                __service_ptr
                0x0010000c                __apt_appid
                0x00100010                __heap_size
                0x00100014                __linear_heap_size
                0x00100018                __system_arglist
                0x0010001c                __system_runflags
 *(.init)
 .init          0x00100094        0xc /Users/rabougue/Documents/3ds_homebrew_dev/devkitPro/devkitARM/bin/../lib/gcc/arm-none-eabi/5.3.0/armv6k/fpu/crti.o
                0x00100094                _init
 .init          0x001000a0        0xc /Users/rabougue/Documents/3ds_homebrew_dev/devkitPro/devkitARM/bin/../lib/gcc/arm-none-eabi/5.3.0/armv6k/fpu/crtn.o
                0x001000ac                . = ALIGN (0x4)
 *(.text)
 .text          0x001000ac      0x108 /Users/rabougue/Documents/3ds_homebrew_dev/devkitPro/devkitARM/bin/../lib/gcc/arm-none-eabi/5.3.0/armv6k/fpu/crtbegin.o
 .text          0x001001b4       0x64 /Users/rabougue/Documents/3ds_homebrew_dev/devkitPro/libctru/lib/libctru.a(stack_adjust.o)
                0x001001b4                initSystem
                0x001001f8                __ctru_exit
 .text          0x00100218      0x240 /Users/rabougue/Documents/3ds_homebrew_dev/devkitPro/devkitARM/bin/../lib/gcc/arm-none-eabi/5.3.0/armv6k/fpu/libgcc.a(_divsi3.o)
                0x00100218                __aeabi_idiv
                0x00100218                __divsi3
                0x00100438                __aeabi_idivmod
 .text          0x00100458        0x4 /Users/rabougue/Documents/3ds_homebrew_dev/devkitPro/devkitARM/bin/../lib/gcc/arm-none-eabi/5.3.0/armv6k/fpu/libgcc.a(_dvmd_tls.o)
                0x00100458                __aeabi_ldiv0
                0x00100458                __aeabi_idiv0
 *fill*         0x0010045c        0x4 
 .text          0x00100460      0x3a0 /Users/rabougue/Documents/3ds_homebrew_dev/devkitPro/devkitARM/bin/../lib/gcc/arm-none-eabi/5.3.0/../../../../arm-none-eabi/lib/armv6k/fpu/libg.a(lib_a-strcmp.o)
                0x00100468                strcmp
 .text          0x00100800      0x1c4 /Users/rabougue/Documents/3ds_homebrew_dev/devkitPro/devkitARM/bin/../lib/gcc/arm-none-eabi/5.3.0/../../../../arm-none-eabi/lib/armv6k/fpu/libsysbase.a(iosupport.o)
                0x00100808                setDefaultDevice
                0x00100820                FindDevice
                0x001008dc                RemoveDevice
                0x00100908                AddDevice
                0x001009a0                GetDeviceOpTab
 .text          0x001009c4       0x7c /Users/rabougue/Documents/3ds_homebrew_dev/devkitPro/devkitARM/bin/../lib/gcc/arm-none-eabi/5.3.0/../../../../arm-none-eabi/lib/armv6k/fpu/libsysbase.a(close.o)
                0x001009c4                _close_r
 .text          0x00100a40       0x78 /Users/rabougue/Documents/3ds_homebrew_dev/devkitPro/devkitARM/bin/../lib/gcc/arm-none-eabi/5.3.0/../../../../arm-none-eabi/lib/armv6k/fpu/libsysbase.a(lseek.o)
                0x00100a40                _lseek_r
 .text          0x00100ab8       0x78 /Users/rabougue/Documents/3ds_homebrew_dev/devkitPro/devkitARM/bin/../lib/gcc/arm-none-eabi/5.3.0/../../../../arm-none-eabi/lib/armv6k/fpu/libsysbase.a(read.o)
                0x00100ab8                _read_r
 .text          0x00100b30       0x70 /Users/rabougue/Documents/3ds_homebrew_dev/devkitPro/devkitARM/bin/../lib/gcc/arm-none-eabi/5.3.0/../../../../arm-none-eabi/lib/armv6k/fpu/libsysbase.a(sbrk.o)
                0x00100b30                _sbrk_r
 .text          0x00100ba0       0x78 /Users/rabougue/Documents/3ds_homebrew_dev/devkitPro/devkitARM/bin/../lib/gcc/arm-none-eabi/5.3.0/../../../../arm-none-eabi/lib/armv6k/fpu/libsysbase.a(write.o)
                0x00100ba0                _write_r
 .text          0x00100c18      0x3b0 /Users/rabougue/Documents/3ds_homebrew_dev/devkitPro/devkitARM/bin/../lib/gcc/arm-none-eabi/5.3.0/../../../../arm-none-eabi/lib/armv6k/fpu/libsysbase.a(chdir.o)
                0x00100c18                _concatenate_path
                0x00100dd4                chdir
                0x00100f28                getcwd
 .text          0x00100fc8       0x10 /Users/rabougue/Documents/3ds_homebrew_dev/devkitPro/devkitARM/bin/../lib/gcc/arm-none-eabi/5.3.0/../../../../arm-none-eabi/lib/armv6k/fpu/libsysbase.a(flock.o)
                0x00100fc8                __flockfile
                0x00100fd0                __funlockfile
 .text          0x00100fd8      0x108 /Users/rabougue/Documents/3ds_homebrew_dev/devkitPro/devkitARM/bin/../lib/gcc/arm-none-eabi/5.3.0/../../../../arm-none-eabi/lib/armv6k/fpu/libsysbase.a(syscall_support.o)
                0x00100fd8                __libc_lock_init
                0x00100ff0                __libc_lock_acquire
                0x00101008                __libc_lock_try_acquire
                0x0010102c                __libc_lock_release
                0x00101044                __libc_lock_close
                0x0010105c                __libc_lock_init_recursive
                0x00101074                __libc_lock_acquire_recursive
                0x0010108c                __libc_lock_try_acquire_recursive
                0x001010b0                __libc_lock_release_recursive
                0x001010c8                __libc_lock_close_recursive
 .text          0x001010e0      0x2c4 /Users/rabougue/Documents/3ds_homebrew_dev/devkitPro/devkitARM/bin/../lib/gcc/arm-none-eabi/5.3.0/../../../../arm-none-eabi/lib/armv6k/fpu/libsysbase.a(handle_manager.o)
                0x001010e0                __free_handle
                0x00101124                __release_handle
                0x00101160                __alloc_handle
                0x001011d8                __get_handle
                0x001011f4                dup
                0x00101298                dup2
 .text          0x001013a4       0x28 /Users/rabougue/Documents/3ds_homebrew_dev/devkitPro/devkitARM/bin/../lib/gcc/arm-none-eabi/5.3.0/../../../../arm-none-eabi/lib/armv6k/fpu/libsysbase.a(getreent.o)
                0x001013a4                __getreent
 .text          0x001013cc      0x20c /Users/rabougue/Documents/3ds_homebrew_dev/devkitPro/devkitARM/bin/../lib/gcc/arm-none-eabi/5.3.0/armv6k/fpu/libgcc.a(_udivsi3.o)
                0x001013cc                __udivsi3
                0x001013cc                __aeabi_uidiv
                0x001015b8                __aeabi_uidivmod
 .text          0x001015d8       0x3c /Users/rabougue/Documents/3ds_homebrew_dev/devkitPro/devkitARM/bin/../lib/gcc/arm-none-eabi/5.3.0/armv6k/fpu/libgcc.a(_aeabi_uldivmod.o)
                0x001015d8                __aeabi_uldivmod
 .text          0x00101614      0x128 /Users/rabougue/Documents/3ds_homebrew_dev/devkitPro/devkitARM/bin/../lib/gcc/arm-none-eabi/5.3.0/armv6k/fpu/libgcc.a(_udivmoddi4.o)
                0x00101614                __udivmoddi4
 *(.text.*)
 .text.drawRect
                0x0010173c       0x7c main.o
                0x0010173c                drawRect
 .text.startup.main
                0x001017b8      0x134 main.o
                0x001017b8                main
 .text.debug_write
                0x001018ec       0x1c /Users/rabougue/Documents/3ds_homebrew_dev/devkitPro/libctru/lib/libctru.a(console.o)
                0x001018ec                debug_write
 .text.consoleSelect
                0x00101908       0x18 /Users/rabougue/Documents/3ds_homebrew_dev/devkitPro/libctru/lib/libctru.a(console.o)
                0x00101908                consoleSelect
 .text.consoleDrawChar
                0x00101920      0x1ac /Users/rabougue/Documents/3ds_homebrew_dev/devkitPro/libctru/lib/libctru.a(console.o)
                0x00101920                consoleDrawChar
 .text.consolePrintChar
                0x00101acc      0x128 /Users/rabougue/Documents/3ds_homebrew_dev/devkitPro/libctru/lib/libctru.a(console.o)
                0x00101acc                consolePrintChar
 .text.consoleCls
                0x00101bf4      0x184 /Users/rabougue/Documents/3ds_homebrew_dev/devkitPro/libctru/lib/libctru.a(console.o)
 .text.consoleInit
                0x00101d78       0xf8 /Users/rabougue/Documents/3ds_homebrew_dev/devkitPro/libctru/lib/libctru.a(console.o)
                0x00101d78                consoleInit
 .text.consoleClearLine
                0x00101e70      0x138 /Users/rabougue/Documents/3ds_homebrew_dev/devkitPro/libctru/lib/libctru.a(console.o)
 .text.newRow   0x00101fa8       0xc0 /Users/rabougue/Documents/3ds_homebrew_dev/devkitPro/libctru/lib/libctru.a(console.o)
 .text.con_write
                0x00102068      0x86c /Users/rabougue/Documents/3ds_homebrew_dev/devkitPro/libctru/lib/libctru.a(console.o)
                0x00102068                con_write
 .text.gfxSetFramebufferInfo.part.0
                0x001028d4       0x8c /Users/rabougue/Documents/3ds_homebrew_dev/devkitPro/libctru/lib/libctru.a(gfx.o)
 .text.gfxSetScreenFormat
                0x00102960       0x18 /Users/rabougue/Documents/3ds_homebrew_dev/devkitPro/libctru/lib/libctru.a(gfx.o)
                0x00102960                gfxSetScreenFormat
 .text.gfxSetDoubleBuffering
                0x00102978       0x14 /Users/rabougue/Documents/3ds_homebrew_dev/devkitPro/libctru/lib/libctru.a(gfx.o)
                0x00102978                gfxSetDoubleBuffering
 .text.gfxSetFramebufferInfo
                0x0010298c       0x70 /Users/rabougue/Documents/3ds_homebrew_dev/devkitPro/libctru/lib/libctru.a(gfx.o)
                0x0010298c                gfxSetFramebufferInfo
 .text.gfxWriteFramebufferInfo
                0x001029fc       0x88 /Users/rabougue/Documents/3ds_homebrew_dev/devkitPro/libctru/lib/libctru.a(gfx.o)
                0x001029fc                gfxWriteFramebufferInfo
 .text.gfxInit  0x00102a84      0x1d0 /Users/rabougue/Documents/3ds_homebrew_dev/devkitPro/libctru/lib/libctru.a(gfx.o)
                0x00102a84                gfxInit
 .text.gfxInitDefault
                0x00102c54       0x10 /Users/rabougue/Documents/3ds_homebrew_dev/devkitPro/libctru/lib/libctru.a(gfx.o)
                0x00102c54                gfxInitDefault
 .text.gfxExit  0x00102c64       0xe0 /Users/rabougue/Documents/3ds_homebrew_dev/devkitPro/libctru/lib/libctru.a(gfx.o)
                0x00102c64                gfxExit
 .text.gfxGetFramebuffer
                0x00102d44       0xb0 /Users/rabougue/Documents/3ds_homebrew_dev/devkitPro/libctru/lib/libctru.a(gfx.o)
                0x00102d44                gfxGetFramebuffer
 .text.gfxFlushBuffers
                0x00102df4       0xcc /Users/rabougue/Documents/3ds_homebrew_dev/devkitPro/libctru/lib/libctru.a(gfx.o)
                0x00102df4                gfxFlushBuffers
 .text.gfxConfigScreen
                0x00102ec0       0x70 /Users/rabougue/Documents/3ds_homebrew_dev/devkitPro/libctru/lib/libctru.a(gfx.o)
                0x00102ec0                gfxConfigScreen
 .text.gfxSwapBuffersGpu
                0x00102f30       0x20 /Users/rabougue/Documents/3ds_homebrew_dev/devkitPro/libctru/lib/libctru.a(gfx.o)
                0x00102f30                gfxSwapBuffersGpu
 .text.__apt_initservicehandle
                0x00102f50       0x68 /Users/rabougue/Documents/3ds_homebrew_dev/devkitPro/libctru/lib/libctru.a(apt.o)
 .text._aptDebug
                0x00102fb8        0x4 /Users/rabougue/Documents/3ds_homebrew_dev/devkitPro/libctru/lib/libctru.a(apt.o)
                0x00102fb8                _aptDebug
 .text.aptInitCaptureInfo
                0x00102fbc       0x98 /Users/rabougue/Documents/3ds_homebrew_dev/devkitPro/libctru/lib/libctru.a(apt.o)
                0x00102fbc                aptInitCaptureInfo
 .text.aptWaitStatusEvent
                0x00103054       0x28 /Users/rabougue/Documents/3ds_homebrew_dev/devkitPro/libctru/lib/libctru.a(apt.o)
                0x00103054                aptWaitStatusEvent
 .text.aptGetMenuAppID
                0x0010307c       0x60 /Users/rabougue/Documents/3ds_homebrew_dev/devkitPro/libctru/lib/libctru.a(apt.o)
                0x0010307c                aptGetMenuAppID
 .text.aptSetStatus
                0x001030dc       0x6c /Users/rabougue/Documents/3ds_homebrew_dev/devkitPro/libctru/lib/libctru.a(apt.o)
                0x001030dc                aptSetStatus
 .text.APT_GetLockHandle
                0x00103148       0x48 /Users/rabougue/Documents/3ds_homebrew_dev/devkitPro/libctru/lib/libctru.a(apt.o)
                0x00103148                APT_GetLockHandle
 .text.APT_Initialize
                0x00103190       0x60 /Users/rabougue/Documents/3ds_homebrew_dev/devkitPro/libctru/lib/libctru.a(apt.o)
                0x00103190                APT_Initialize
 .text.APT_Finalize
                0x001031f0       0x34 /Users/rabougue/Documents/3ds_homebrew_dev/devkitPro/libctru/lib/libctru.a(apt.o)
                0x001031f0                APT_Finalize
 .text.APT_InquireNotification
                0x00103224       0x48 /Users/rabougue/Documents/3ds_homebrew_dev/devkitPro/libctru/lib/libctru.a(apt.o)
                0x00103224                APT_InquireNotification
 .text.APT_PrepareToJumpToHomeMenu
                0x0010326c       0x2c /Users/rabougue/Documents/3ds_homebrew_dev/devkitPro/libctru/lib/libctru.a(apt.o)
                0x0010326c                APT_PrepareToJumpToHomeMenu
 .text.APT_JumpToHomeMenu
                0x00103298       0x50 /Users/rabougue/Documents/3ds_homebrew_dev/devkitPro/libctru/lib/libctru.a(apt.o)
                0x00103298                APT_JumpToHomeMenu
 .text.APT_PrepareToJumpToApplication
                0x001032e8       0x34 /Users/rabougue/Documents/3ds_homebrew_dev/devkitPro/libctru/lib/libctru.a(apt.o)
                0x001032e8                APT_PrepareToJumpToApplication
 .text.APT_JumpToApplication
                0x0010331c       0x50 /Users/rabougue/Documents/3ds_homebrew_dev/devkitPro/libctru/lib/libctru.a(apt.o)
                0x0010331c                APT_JumpToApplication
 .text.APT_NotifyToWait
                0x0010336c       0x34 /Users/rabougue/Documents/3ds_homebrew_dev/devkitPro/libctru/lib/libctru.a(apt.o)
                0x0010336c                APT_NotifyToWait
 .text.APT_AppletUtility
                0x001033a0       0x7c /Users/rabougue/Documents/3ds_homebrew_dev/devkitPro/libctru/lib/libctru.a(apt.o)
                0x001033a0                APT_AppletUtility
 .text.aptAppletUtility_Exit_RetToApp
                0x0010341c      0x188 /Users/rabougue/Documents/3ds_homebrew_dev/devkitPro/libctru/lib/libctru.a(apt.o)
                0x0010341c                aptAppletUtility_Exit_RetToApp
 .text.aptAppletClosed
                0x001035a4       0x3c /Users/rabougue/Documents/3ds_homebrew_dev/devkitPro/libctru/lib/libctru.a(apt.o)
                0x001035a4                aptAppletClosed
 .text.aptAppStarted
                0x001035e0      0x114 /Users/rabougue/Documents/3ds_homebrew_dev/devkitPro/libctru/lib/libctru.a(apt.o)
 .text.aptInit  0x001036f4      0x298 /Users/rabougue/Documents/3ds_homebrew_dev/devkitPro/libctru/lib/libctru.a(apt.o)
                0x001036f4                aptInit
 .text.APT_ReceiveParameter
                0x0010398c       0x6c /Users/rabougue/Documents/3ds_homebrew_dev/devkitPro/libctru/lib/libctru.a(apt.o)
                0x0010398c                APT_ReceiveParameter
 .text.APT_SendParameter
                0x001039f8       0x64 /Users/rabougue/Documents/3ds_homebrew_dev/devkitPro/libctru/lib/libctru.a(apt.o)
                0x001039f8                APT_SendParameter
 .text.APT_SendCaptureBufferInfo
                0x00103a5c       0x44 /Users/rabougue/Documents/3ds_homebrew_dev/devkitPro/libctru/lib/libctru.a(apt.o)
                0x00103a5c                APT_SendCaptureBufferInfo
 .text.aptReturnToMenu
                0x00103aa0      0x264 /Users/rabougue/Documents/3ds_homebrew_dev/devkitPro/libctru/lib/libctru.a(apt.o)
                0x00103aa0                aptReturnToMenu
 .text.APT_ReplySleepQuery
                0x00103d04       0x38 /Users/rabougue/Documents/3ds_homebrew_dev/devkitPro/libctru/lib/libctru.a(apt.o)
                0x00103d04                APT_ReplySleepQuery
 .text.APT_ReplySleepNotificationComplete
                0x00103d3c       0x34 /Users/rabougue/Documents/3ds_homebrew_dev/devkitPro/libctru/lib/libctru.a(apt.o)
                0x00103d3c                APT_ReplySleepNotificationComplete
 .text.aptEventHandler
                0x00103d70      0x3f4 /Users/rabougue/Documents/3ds_homebrew_dev/devkitPro/libctru/lib/libctru.a(apt.o)
                0x00103d70                aptEventHandler
 .text.APT_PrepareToCloseApplication
                0x00104164       0x34 /Users/rabougue/Documents/3ds_homebrew_dev/devkitPro/libctru/lib/libctru.a(apt.o)
                0x00104164                APT_PrepareToCloseApplication
 .text.APT_CloseApplication
                0x00104198       0x50 /Users/rabougue/Documents/3ds_homebrew_dev/devkitPro/libctru/lib/libctru.a(apt.o)
                0x00104198                APT_CloseApplication
 .text.aptExit  0x001041e8      0x2d0 /Users/rabougue/Documents/3ds_homebrew_dev/devkitPro/libctru/lib/libctru.a(apt.o)
                0x001041e8                aptExit
 .text.APT_CheckNew3DS_System
                0x001044b8       0x6c /Users/rabougue/Documents/3ds_homebrew_dev/devkitPro/libctru/lib/libctru.a(apt.o)
                0x001044b8                APT_CheckNew3DS_System
 .text.APT_CheckNew3DS
                0x00104524       0x8c /Users/rabougue/Documents/3ds_homebrew_dev/devkitPro/libctru/lib/libctru.a(apt.o)
                0x00104524                APT_CheckNew3DS
 .text.APT_StartLibraryApplet
                0x001045b0       0x54 /Users/rabougue/Documents/3ds_homebrew_dev/devkitPro/libctru/lib/libctru.a(apt.o)
                0x001045b0                APT_StartLibraryApplet
 .text.aptAppletStarted
                0x00104604      0x174 /Users/rabougue/Documents/3ds_homebrew_dev/devkitPro/libctru/lib/libctru.a(apt.o)
                0x00104604                aptAppletStarted
 .text.aptMainLoop
                0x00104778      0x1a4 /Users/rabougue/Documents/3ds_homebrew_dev/devkitPro/libctru/lib/libctru.a(apt.o)
                0x00104778                aptMainLoop
 .text.gspEventThreadMain
                0x0010491c      0x124 /Users/rabougue/Documents/3ds_homebrew_dev/devkitPro/libctru/lib/libctru.a(gspgpu.o)
 .text.gspInit  0x00104a40       0x74 /Users/rabougue/Documents/3ds_homebrew_dev/devkitPro/libctru/lib/libctru.a(gspgpu.o)
                0x00104a40                gspInit
 .text.gspExit  0x00104ab4       0x3c /Users/rabougue/Documents/3ds_homebrew_dev/devkitPro/libctru/lib/libctru.a(gspgpu.o)
                0x00104ab4                gspExit
 .text.gspInitEventHandler
                0x00104af0       0xd0 /Users/rabougue/Documents/3ds_homebrew_dev/devkitPro/libctru/lib/libctru.a(gspgpu.o)
                0x00104af0                gspInitEventHandler
 .text.gspExitEventHandler
                0x00104bc0       0x5c /Users/rabougue/Documents/3ds_homebrew_dev/devkitPro/libctru/lib/libctru.a(gspgpu.o)
                0x00104bc0                gspExitEventHandler
 .text.gspWaitForEvent
                0x00104c1c       0x58 /Users/rabougue/Documents/3ds_homebrew_dev/devkitPro/libctru/lib/libctru.a(gspgpu.o)
                0x00104c1c                gspWaitForEvent
 .text.GSPGPU_SetBufferSwap
                0x00104c74       0x6c /Users/rabougue/Documents/3ds_homebrew_dev/devkitPro/libctru/lib/libctru.a(gspgpu.o)
                0x00104c74                GSPGPU_SetBufferSwap
 .text.GSPGPU_FlushDataCache
                0x00104ce0       0x4c /Users/rabougue/Documents/3ds_homebrew_dev/devkitPro/libctru/lib/libctru.a(gspgpu.o)
                0x00104ce0                GSPGPU_FlushDataCache
 .text.GSPGPU_SetLcdForceBlack
                0x00104d2c       0x34 /Users/rabougue/Documents/3ds_homebrew_dev/devkitPro/libctru/lib/libctru.a(gspgpu.o)
                0x00104d2c                GSPGPU_SetLcdForceBlack
 .text.GSPGPU_RegisterInterruptRelayQueue
                0x00104d60       0x64 /Users/rabougue/Documents/3ds_homebrew_dev/devkitPro/libctru/lib/libctru.a(gspgpu.o)
                0x00104d60                GSPGPU_RegisterInterruptRelayQueue
 .text.GSPGPU_UnregisterInterruptRelayQueue
                0x00104dc4       0x2c /Users/rabougue/Documents/3ds_homebrew_dev/devkitPro/libctru/lib/libctru.a(gspgpu.o)
                0x00104dc4                GSPGPU_UnregisterInterruptRelayQueue
 .text.GSPGPU_AcquireRight
                0x00104df0       0x48 /Users/rabougue/Documents/3ds_homebrew_dev/devkitPro/libctru/lib/libctru.a(gspgpu.o)
                0x00104df0                GSPGPU_AcquireRight
 .text.GSPGPU_ReleaseRight
                0x00104e38       0x2c /Users/rabougue/Documents/3ds_homebrew_dev/devkitPro/libctru/lib/libctru.a(gspgpu.o)
                0x00104e38                GSPGPU_ReleaseRight
 .text.GSPGPU_ImportDisplayCaptureInfo
                0x00104e64       0x80 /Users/rabougue/Documents/3ds_homebrew_dev/devkitPro/libctru/lib/libctru.a(gspgpu.o)
                0x00104e64                GSPGPU_ImportDisplayCaptureInfo
 .text.GSPGPU_SaveVramSysArea
                0x00104ee4       0x2c /Users/rabougue/Documents/3ds_homebrew_dev/devkitPro/libctru/lib/libctru.a(gspgpu.o)
                0x00104ee4                GSPGPU_SaveVramSysArea
 .text.GSPGPU_RestoreVramSysArea
                0x00104f10       0x2c /Users/rabougue/Documents/3ds_homebrew_dev/devkitPro/libctru/lib/libctru.a(gspgpu.o)
                0x00104f10                GSPGPU_RestoreVramSysArea
 .text.hidExit  0x00104f3c       0xd8 /Users/rabougue/Documents/3ds_homebrew_dev/devkitPro/libctru/lib/libctru.a(hid.o)
                0x00104f3c                hidExit
 .text.hidScanInput
                0x00105014      0x238 /Users/rabougue/Documents/3ds_homebrew_dev/devkitPro/libctru/lib/libctru.a(hid.o)
                0x00105014                hidScanInput
 .text.hidKeysHeld
                0x0010524c       0x10 /Users/rabougue/Documents/3ds_homebrew_dev/devkitPro/libctru/lib/libctru.a(hid.o)
                0x0010524c                hidKeysHeld
 .text.HIDUSER_GetHandles
                0x0010525c       0x90 /Users/rabougue/Documents/3ds_homebrew_dev/devkitPro/libctru/lib/libctru.a(hid.o)
                0x0010525c                HIDUSER_GetHandles
 .text.hidInit  0x001052ec      0x184 /Users/rabougue/Documents/3ds_homebrew_dev/devkitPro/libctru/lib/libctru.a(hid.o)
                0x001052ec                hidInit
 .text.irrstScanInput
                0x00105470       0xb0 /Users/rabougue/Documents/3ds_homebrew_dev/devkitPro/libctru/lib/libctru.a(irrst.o)
                0x00105470                irrstScanInput
 .text.irrstKeysHeld
                0x00105520       0x1c /Users/rabougue/Documents/3ds_homebrew_dev/devkitPro/libctru/lib/libctru.a(irrst.o)
                0x00105520                irrstKeysHeld
 .text.IRRST_GetHandles
                0x0010553c       0x50 /Users/rabougue/Documents/3ds_homebrew_dev/devkitPro/libctru/lib/libctru.a(irrst.o)
                0x0010553c                IRRST_GetHandles
 .text.irrstInit
                0x0010558c      0x148 /Users/rabougue/Documents/3ds_homebrew_dev/devkitPro/libctru/lib/libctru.a(irrst.o)
                0x0010558c                irrstInit
 .text.IRRST_Shutdown
                0x001056d4       0x2c /Users/rabougue/Documents/3ds_homebrew_dev/devkitPro/libctru/lib/libctru.a(irrst.o)
                0x001056d4                IRRST_Shutdown
 .text.irrstExit
                0x00105700       0xb0 /Users/rabougue/Documents/3ds_homebrew_dev/devkitPro/libctru/lib/libctru.a(irrst.o)
                0x00105700                irrstExit
 .text.__system_initArgv
                0x001057b0       0xf4 /Users/rabougue/Documents/3ds_homebrew_dev/devkitPro/libctru/lib/libctru.a(initArgv.o)
                0x001057b0                __system_initArgv
 .text.__libctru_init
                0x001058a4       0x38 /Users/rabougue/Documents/3ds_homebrew_dev/devkitPro/libctru/lib/libctru.a(initSystem.o)
                0x001058a4                __libctru_init
 .text.__ctru_get_reent
                0x001058dc       0x30 /Users/rabougue/Documents/3ds_homebrew_dev/devkitPro/libctru/lib/libctru.a(syscalls.o)
 .text.__system_initSyscalls
                0x0010590c       0xe8 /Users/rabougue/Documents/3ds_homebrew_dev/devkitPro/libctru/lib/libctru.a(syscalls.o)
                0x0010590c                __system_initSyscalls
 .text.svcControlMemory
                0x001059f4       0x20 /Users/rabougue/Documents/3ds_homebrew_dev/devkitPro/libctru/lib/libctru.a(svc.o)
                0x001059f4                svcControlMemory
 .text.svcExitProcess
                0x00105a14        0x8 /Users/rabougue/Documents/3ds_homebrew_dev/devkitPro/libctru/lib/libctru.a(svc.o)
                0x00105a14                svcExitProcess
 .text.svcCreateThread
                0x00105a1c       0x20 /Users/rabougue/Documents/3ds_homebrew_dev/devkitPro/libctru/lib/libctru.a(svc.o)
                0x00105a1c                svcCreateThread
 .text.svcExitThread
                0x00105a3c        0x8 /Users/rabougue/Documents/3ds_homebrew_dev/devkitPro/libctru/lib/libctru.a(svc.o)
                0x00105a3c                svcExitThread
 .text.svcCreateEvent
                0x00105a44       0x14 /Users/rabougue/Documents/3ds_homebrew_dev/devkitPro/libctru/lib/libctru.a(svc.o)
                0x00105a44                svcCreateEvent
 .text.svcSignalEvent
                0x00105a58        0x8 /Users/rabougue/Documents/3ds_homebrew_dev/devkitPro/libctru/lib/libctru.a(svc.o)
                0x00105a58                svcSignalEvent
 .text.svcClearEvent
                0x00105a60        0x8 /Users/rabougue/Documents/3ds_homebrew_dev/devkitPro/libctru/lib/libctru.a(svc.o)
                0x00105a60                svcClearEvent
 .text.svcMapMemoryBlock
                0x00105a68        0x8 /Users/rabougue/Documents/3ds_homebrew_dev/devkitPro/libctru/lib/libctru.a(svc.o)
                0x00105a68                svcMapMemoryBlock
 .text.svcUnmapMemoryBlock
                0x00105a70        0x8 /Users/rabougue/Documents/3ds_homebrew_dev/devkitPro/libctru/lib/libctru.a(svc.o)
                0x00105a70                svcUnmapMemoryBlock
 .text.svcCreateAddressArbiter
                0x00105a78       0x14 /Users/rabougue/Documents/3ds_homebrew_dev/devkitPro/libctru/lib/libctru.a(svc.o)
                0x00105a78                svcCreateAddressArbiter
 .text.svcArbitrateAddress
                0x00105a8c       0x18 /Users/rabougue/Documents/3ds_homebrew_dev/devkitPro/libctru/lib/libctru.a(svc.o)
                0x00105a8c                svcArbitrateAddress
 .text.svcCloseHandle
                0x00105aa4        0x8 /Users/rabougue/Documents/3ds_homebrew_dev/devkitPro/libctru/lib/libctru.a(svc.o)
                0x00105aa4                svcCloseHandle
 .text.svcWaitSynchronization
                0x00105aac        0x8 /Users/rabougue/Documents/3ds_homebrew_dev/devkitPro/libctru/lib/libctru.a(svc.o)
                0x00105aac                svcWaitSynchronization
 .text.svcWaitSynchronizationN
                0x00105ab4       0x28 /Users/rabougue/Documents/3ds_homebrew_dev/devkitPro/libctru/lib/libctru.a(svc.o)
                0x00105ab4                svcWaitSynchronizationN
 .text.svcDuplicateHandle
                0x00105adc       0x14 /Users/rabougue/Documents/3ds_homebrew_dev/devkitPro/libctru/lib/libctru.a(svc.o)
                0x00105adc                svcDuplicateHandle
 .text.svcGetSystemTick
                0x00105af0        0x8 /Users/rabougue/Documents/3ds_homebrew_dev/devkitPro/libctru/lib/libctru.a(svc.o)
                0x00105af0                svcGetSystemTick
 .text.svcGetSystemInfo
                0x00105af8       0x18 /Users/rabougue/Documents/3ds_homebrew_dev/devkitPro/libctru/lib/libctru.a(svc.o)
                0x00105af8                svcGetSystemInfo
 .text.svcConnectToPort
                0x00105b10       0x14 /Users/rabougue/Documents/3ds_homebrew_dev/devkitPro/libctru/lib/libctru.a(svc.o)
                0x00105b10                svcConnectToPort
 .text.svcSendSyncRequest
                0x00105b24        0x8 /Users/rabougue/Documents/3ds_homebrew_dev/devkitPro/libctru/lib/libctru.a(svc.o)
                0x00105b24                svcSendSyncRequest
 .text.svcBreak
                0x00105b2c        0x8 /Users/rabougue/Documents/3ds_homebrew_dev/devkitPro/libctru/lib/libctru.a(svc.o)
                0x00105b2c                svcBreak
 .text.svcOutputDebugString
                0x00105b34        0x8 /Users/rabougue/Documents/3ds_homebrew_dev/devkitPro/libctru/lib/libctru.a(svc.o)
                0x00105b34                svcOutputDebugString
 .text._ZL21addrMapNodeComparatorPK11rbtree_nodeS1_
                0x00105b3c       0x24 /Users/rabougue/Documents/3ds_homebrew_dev/devkitPro/libctru/lib/libctru.a(linear.o)
 .text._ZL21addrMapNodeDestructorP11rbtree_node
                0x00105b60        0x4 /Users/rabougue/Documents/3ds_homebrew_dev/devkitPro/libctru/lib/libctru.a(linear.o)
 .text.linearMemAlign
                0x00105b64      0x140 /Users/rabougue/Documents/3ds_homebrew_dev/devkitPro/libctru/lib/libctru.a(linear.o)
                0x00105b64                linearMemAlign
 .text.linearAlloc
                0x00105ca4        0x8 /Users/rabougue/Documents/3ds_homebrew_dev/devkitPro/libctru/lib/libctru.a(linear.o)
                0x00105ca4                linearAlloc
 .text.linearFree
                0x00105cac       0x50 /Users/rabougue/Documents/3ds_homebrew_dev/devkitPro/libctru/lib/libctru.a(linear.o)
                0x00105cac                linearFree
 .text._ZL21addrMapNodeComparatorPK11rbtree_nodeS1_
                0x00105cfc       0x24 /Users/rabougue/Documents/3ds_homebrew_dev/devkitPro/libctru/lib/libctru.a(mappable.o)
 .text._ZL21addrMapNodeDestructorP11rbtree_node
                0x00105d20        0x4 /Users/rabougue/Documents/3ds_homebrew_dev/devkitPro/libctru/lib/libctru.a(mappable.o)
 .text.mappableAlloc
                0x00105d24       0xf4 /Users/rabougue/Documents/3ds_homebrew_dev/devkitPro/libctru/lib/libctru.a(mappable.o)
                0x00105d24                mappableAlloc
 .text.mappableFree
                0x00105e18       0x50 /Users/rabougue/Documents/3ds_homebrew_dev/devkitPro/libctru/lib/libctru.a(mappable.o)
                0x00105e18                mappableFree
 .text._ZN7MemPool13CoalesceRightEP8MemBlock
                0x00105e68       0xa0 /Users/rabougue/Documents/3ds_homebrew_dev/devkitPro/libctru/lib/libctru.a(mem_pool.o)
                0x00105e68                MemPool::CoalesceRight(MemBlock*)
 .text._ZN7MemPool8AllocateER8MemChunkmi
                0x00105f08      0x18c /Users/rabougue/Documents/3ds_homebrew_dev/devkitPro/libctru/lib/libctru.a(mem_pool.o)
                0x00105f08                MemPool::Allocate(MemChunk&, unsigned long, int)
 .text._ZN7MemPool10DeallocateERK8MemChunk
                0x00106094      0x104 /Users/rabougue/Documents/3ds_homebrew_dev/devkitPro/libctru/lib/libctru.a(mem_pool.o)
                0x00106094                MemPool::Deallocate(MemChunk const&)
 .text._ZL21addrMapNodeComparatorPK11rbtree_nodeS1_
                0x00106198       0x24 /Users/rabougue/Documents/3ds_homebrew_dev/devkitPro/libctru/lib/libctru.a(vram.o)
 .text._ZL21addrMapNodeDestructorP11rbtree_node
                0x001061bc        0x4 /Users/rabougue/Documents/3ds_homebrew_dev/devkitPro/libctru/lib/libctru.a(vram.o)
 .text.vramMemAlign
                0x001061c0      0x130 /Users/rabougue/Documents/3ds_homebrew_dev/devkitPro/libctru/lib/libctru.a(vram.o)
                0x001061c0                vramMemAlign
 .text.vramAlloc
                0x001062f0        0x8 /Users/rabougue/Documents/3ds_homebrew_dev/devkitPro/libctru/lib/libctru.a(vram.o)
                0x001062f0                vramAlloc
 .text.vramFree
                0x001062f8       0x50 /Users/rabougue/Documents/3ds_homebrew_dev/devkitPro/libctru/lib/libctru.a(vram.o)
                0x001062f8                vramFree
 .text.envGetHandle
                0x00106348       0x94 /Users/rabougue/Documents/3ds_homebrew_dev/devkitPro/libctru/lib/libctru.a(env.o)
                0x00106348                envGetHandle
 .text.envDestroyHandles
                0x001063dc       0x4c /Users/rabougue/Documents/3ds_homebrew_dev/devkitPro/libctru/lib/libctru.a(env.o)
                0x001063dc                envDestroyHandles
 .text.getSysTime
                0x00106428       0x58 /Users/rabougue/Documents/3ds_homebrew_dev/devkitPro/libctru/lib/libctru.a(os.o)
 .text.osGetMemRegionUsed
                0x00106480       0x24 /Users/rabougue/Documents/3ds_homebrew_dev/devkitPro/libctru/lib/libctru.a(os.o)
                0x00106480                osGetMemRegionUsed
 *fill*         0x001064a4        0x4 
 .text.__libctru_gtod
                0x001064a8       0xf8 /Users/rabougue/Documents/3ds_homebrew_dev/devkitPro/libctru/lib/libctru.a(os.o)
                0x001064a8                __libctru_gtod
 .text.__ctru_speedup_config
                0x001065a0       0x34 /Users/rabougue/Documents/3ds_homebrew_dev/devkitPro/libctru/lib/libctru.a(os.o)
                0x001065a0                __ctru_speedup_config
 .text.srvExit  0x001065d4       0x50 /Users/rabougue/Documents/3ds_homebrew_dev/devkitPro/libctru/lib/libctru.a(srv.o)
                0x001065d4                srvExit
 .text.srvRegisterClient
                0x00106624       0x38 /Users/rabougue/Documents/3ds_homebrew_dev/devkitPro/libctru/lib/libctru.a(srv.o)
                0x00106624                srvRegisterClient
 .text.srvInit  0x0010665c       0x70 /Users/rabougue/Documents/3ds_homebrew_dev/devkitPro/libctru/lib/libctru.a(srv.o)
                0x0010665c                srvInit
 .text.srvGetServiceHandleDirect
                0x001066cc       0x68 /Users/rabougue/Documents/3ds_homebrew_dev/devkitPro/libctru/lib/libctru.a(srv.o)
                0x001066cc                srvGetServiceHandleDirect
 .text.srvGetServiceHandle
                0x00106734       0x38 /Users/rabougue/Documents/3ds_homebrew_dev/devkitPro/libctru/lib/libctru.a(srv.o)
                0x00106734                srvGetServiceHandle
 .text.LightLock_Unlock.part.1
                0x0010676c       0x34 /Users/rabougue/Documents/3ds_homebrew_dev/devkitPro/libctru/lib/libctru.a(synchronization.o)
 .text.__sync_init
                0x001067a0        0xc /Users/rabougue/Documents/3ds_homebrew_dev/devkitPro/libctru/lib/libctru.a(synchronization.o)
                0x001067a0                __sync_init
 .text.__sync_fini
                0x001067ac       0x18 /Users/rabougue/Documents/3ds_homebrew_dev/devkitPro/libctru/lib/libctru.a(synchronization.o)
                0x001067ac                __sync_fini
 .text.LightLock_Init
                0x001067c4       0x18 /Users/rabougue/Documents/3ds_homebrew_dev/devkitPro/libctru/lib/libctru.a(synchronization.o)
                0x001067c4                LightLock_Init
 .text.LightLock_Lock
                0x001067dc       0x94 /Users/rabougue/Documents/3ds_homebrew_dev/devkitPro/libctru/lib/libctru.a(synchronization.o)
                0x001067dc                LightLock_Lock
 .text.LightLock_TryLock
                0x00106870       0x34 /Users/rabougue/Documents/3ds_homebrew_dev/devkitPro/libctru/lib/libctru.a(synchronization.o)
                0x00106870                LightLock_TryLock
 .text.LightLock_Unlock
                0x001068a4       0x20 /Users/rabougue/Documents/3ds_homebrew_dev/devkitPro/libctru/lib/libctru.a(synchronization.o)
                0x001068a4                LightLock_Unlock
 .text.RecursiveLock_Init
                0x001068c4       0x24 /Users/rabougue/Documents/3ds_homebrew_dev/devkitPro/libctru/lib/libctru.a(synchronization.o)
                0x001068c4                RecursiveLock_Init
 .text.RecursiveLock_Lock
                0x001068e8       0x30 /Users/rabougue/Documents/3ds_homebrew_dev/devkitPro/libctru/lib/libctru.a(synchronization.o)
                0x001068e8                RecursiveLock_Lock
 .text.RecursiveLock_TryLock
                0x00106918       0x58 /Users/rabougue/Documents/3ds_homebrew_dev/devkitPro/libctru/lib/libctru.a(synchronization.o)
                0x00106918                RecursiveLock_TryLock
 .text.RecursiveLock_Unlock
                0x00106970       0x38 /Users/rabougue/Documents/3ds_homebrew_dev/devkitPro/libctru/lib/libctru.a(synchronization.o)
                0x00106970                RecursiveLock_Unlock
 .text.threadCreate
                0x001069a8      0x1c8 /Users/rabougue/Documents/3ds_homebrew_dev/devkitPro/libctru/lib/libctru.a(thread.o)
                0x001069a8                threadCreate
 .text.threadJoin
                0x00106b70       0x24 /Users/rabougue/Documents/3ds_homebrew_dev/devkitPro/libctru/lib/libctru.a(thread.o)
                0x00106b70                threadJoin
 .text.threadExit
                0x00106b94       0x6c /Users/rabougue/Documents/3ds_homebrew_dev/devkitPro/libctru/lib/libctru.a(thread.o)
                0x00106b94                threadExit
 .text._thread_begin
                0x00106c00       0x3c /Users/rabougue/Documents/3ds_homebrew_dev/devkitPro/libctru/lib/libctru.a(thread.o)
 .text.ptmSysmInit
                0x00106c3c       0x70 /Users/rabougue/Documents/3ds_homebrew_dev/devkitPro/libctru/lib/libctru.a(ptmsysm.o)
                0x00106c3c                ptmSysmInit
 .text.ptmSysmExit
                0x00106cac       0x34 /Users/rabougue/Documents/3ds_homebrew_dev/devkitPro/libctru/lib/libctru.a(ptmsysm.o)
                0x00106cac                ptmSysmExit
 .text.PTMSYSM_ConfigureNew3DSCPU
                0x00106ce0       0x34 /Users/rabougue/Documents/3ds_homebrew_dev/devkitPro/libctru/lib/libctru.a(ptmsysm.o)
                0x00106ce0                PTMSYSM_ConfigureNew3DSCPU
 .text.rbtree_find
                0x00106d14       0x70 /Users/rabougue/Documents/3ds_homebrew_dev/devkitPro/libctru/lib/libctru.a(rbtree_find.o)
                0x00106d14                rbtree_find
 .text.rbtree_init
                0x00106d84       0x14 /Users/rabougue/Documents/3ds_homebrew_dev/devkitPro/libctru/lib/libctru.a(rbtree_init.o)
                0x00106d84                rbtree_init
 .text.do_insert
                0x00106d98      0x1d4 /Users/rabougue/Documents/3ds_homebrew_dev/devkitPro/libctru/lib/libctru.a(rbtree_insert.o)
 .text.rbtree_insert
                0x00106f6c        0x8 /Users/rabougue/Documents/3ds_homebrew_dev/devkitPro/libctru/lib/libctru.a(rbtree_insert.o)
                0x00106f6c                rbtree_insert
 .text.rbtree_remove
                0x00106f74      0x35c /Users/rabougue/Documents/3ds_homebrew_dev/devkitPro/libctru/lib/libctru.a(rbtree_remove.o)
                0x00106f74                rbtree_remove
 .text.rbtree_rotate
                0x001072d0       0xac /Users/rabougue/Documents/3ds_homebrew_dev/devkitPro/libctru/lib/libctru.a(rbtree_rotate.o)
                0x001072d0                rbtree_rotate
 .text.osGetMemRegionSize
                0x0010737c       0x58 /Users/rabougue/Documents/3ds_homebrew_dev/devkitPro/libctru/lib/libctru.a(allocateHeaps.o)
 .text.__system_allocateHeaps
                0x001073d4      0x124 /Users/rabougue/Documents/3ds_homebrew_dev/devkitPro/libctru/lib/libctru.a(allocateHeaps.o)
                0x001073d4                __system_allocateHeaps
 .text.__appExit
                0x001074f8       0x1c /Users/rabougue/Documents/3ds_homebrew_dev/devkitPro/libctru/lib/libctru.a(appExit.o)
                0x001074f8                __appExit
 .text.__appInit
                0x00107514       0x1c /Users/rabougue/Documents/3ds_homebrew_dev/devkitPro/libctru/lib/libctru.a(appInit.o)
                0x00107514                __appInit
 .text.__libctru_exit
                0x00107530       0xa4 /Users/rabougue/Documents/3ds_homebrew_dev/devkitPro/libctru/lib/libctru.a(ctru_exit.o)
                0x00107530                __libctru_exit
 .text.sdmc_link
                0x001075d4       0x10 /Users/rabougue/Documents/3ds_homebrew_dev/devkitPro/libctru/lib/libctru.a(sdmc_dev.o)
 .text.sdmc_dirreset
                0x001075e4       0x10 /Users/rabougue/Documents/3ds_homebrew_dev/devkitPro/libctru/lib/libctru.a(sdmc_dev.o)
 .text.sdmc_chmod
                0x001075f4       0x10 /Users/rabougue/Documents/3ds_homebrew_dev/devkitPro/libctru/lib/libctru.a(sdmc_dev.o)
 .text.sdmc_fchmod
                0x00107604       0x10 /Users/rabougue/Documents/3ds_homebrew_dev/devkitPro/libctru/lib/libctru.a(sdmc_dev.o)
 .text.error_cmp
                0x00107614       0x24 /Users/rabougue/Documents/3ds_homebrew_dev/devkitPro/libctru/lib/libctru.a(sdmc_dev.o)
 .text.sdmc_translate_error
                0x00107638       0x50 /Users/rabougue/Documents/3ds_homebrew_dev/devkitPro/libctru/lib/libctru.a(sdmc_dev.o)
 .text.sdmc_fsync
                0x00107688       0x34 /Users/rabougue/Documents/3ds_homebrew_dev/devkitPro/libctru/lib/libctru.a(sdmc_dev.o)
 .text.sdmc_ftruncate
                0x001076bc       0x54 /Users/rabougue/Documents/3ds_homebrew_dev/devkitPro/libctru/lib/libctru.a(sdmc_dev.o)
 .text.sdmc_statvfs
                0x00107710       0xac /Users/rabougue/Documents/3ds_homebrew_dev/devkitPro/libctru/lib/libctru.a(sdmc_dev.o)
 .text.sdmc_dirclose
                0x001077bc       0x38 /Users/rabougue/Documents/3ds_homebrew_dev/devkitPro/libctru/lib/libctru.a(sdmc_dev.o)
 .text.sdmc_dirnext
                0x001077f4       0xe0 /Users/rabougue/Documents/3ds_homebrew_dev/devkitPro/libctru/lib/libctru.a(sdmc_dev.o)
 .text.sdmc_close
                0x001078d4       0x34 /Users/rabougue/Documents/3ds_homebrew_dev/devkitPro/libctru/lib/libctru.a(sdmc_dev.o)
 .text.sdmc_fstat
                0x00107908       0x74 /Users/rabougue/Documents/3ds_homebrew_dev/devkitPro/libctru/lib/libctru.a(sdmc_dev.o)
 .text.sdmc_seek
                0x0010797c       0xc0 /Users/rabougue/Documents/3ds_homebrew_dev/devkitPro/libctru/lib/libctru.a(sdmc_dev.o)
 .text.sdmc_read
                0x00107a3c       0x8c /Users/rabougue/Documents/3ds_homebrew_dev/devkitPro/libctru/lib/libctru.a(sdmc_dev.o)
 .text.sdmc_write
                0x00107ac8      0x108 /Users/rabougue/Documents/3ds_homebrew_dev/devkitPro/libctru/lib/libctru.a(sdmc_dev.o)
 .text.sdmc_utf16path
                0x00107bd0      0x1b4 /Users/rabougue/Documents/3ds_homebrew_dev/devkitPro/libctru/lib/libctru.a(sdmc_dev.o)
 .text.sdmc_rmdir
                0x00107d84       0x80 /Users/rabougue/Documents/3ds_homebrew_dev/devkitPro/libctru/lib/libctru.a(sdmc_dev.o)
 .text.sdmc_diropen
                0x00107e04       0x9c /Users/rabougue/Documents/3ds_homebrew_dev/devkitPro/libctru/lib/libctru.a(sdmc_dev.o)
 .text.sdmc_chdir
                0x00107ea0       0xa8 /Users/rabougue/Documents/3ds_homebrew_dev/devkitPro/libctru/lib/libctru.a(sdmc_dev.o)
 .text.sdmc_mkdir
                0x00107f48       0x84 /Users/rabougue/Documents/3ds_homebrew_dev/devkitPro/libctru/lib/libctru.a(sdmc_dev.o)
 .text.sdmc_rename
                0x00107fcc      0x138 /Users/rabougue/Documents/3ds_homebrew_dev/devkitPro/libctru/lib/libctru.a(sdmc_dev.o)
 .text.sdmc_unlink
                0x00108104       0x80 /Users/rabougue/Documents/3ds_homebrew_dev/devkitPro/libctru/lib/libctru.a(sdmc_dev.o)
 .text.sdmc_stat
                0x00108184      0x120 /Users/rabougue/Documents/3ds_homebrew_dev/devkitPro/libctru/lib/libctru.a(sdmc_dev.o)
 .text.sdmc_open
                0x001082a4      0x1ac /Users/rabougue/Documents/3ds_homebrew_dev/devkitPro/libctru/lib/libctru.a(sdmc_dev.o)
 .text.sdmcInit
                0x00108450      0x134 /Users/rabougue/Documents/3ds_homebrew_dev/devkitPro/libctru/lib/libctru.a(sdmc_dev.o)
                0x00108450                sdmcInit
 .text.sdmcExit
                0x00108584       0x50 /Users/rabougue/Documents/3ds_homebrew_dev/devkitPro/libctru/lib/libctru.a(sdmc_dev.o)
                0x00108584                sdmcExit
 .text.fsInit   0x001085d4       0xc8 /Users/rabougue/Documents/3ds_homebrew_dev/devkitPro/libctru/lib/libctru.a(fs.o)
                0x001085d4                fsInit
 .text.fsExit   0x0010869c       0x34 /Users/rabougue/Documents/3ds_homebrew_dev/devkitPro/libctru/lib/libctru.a(fs.o)
                0x0010869c                fsExit
 .text.FSUSER_OpenFile
                0x001086d0       0xdc /Users/rabougue/Documents/3ds_homebrew_dev/devkitPro/libctru/lib/libctru.a(fs.o)
                0x001086d0                FSUSER_OpenFile
 .text.FSUSER_DeleteFile
                0x001087ac       0xb8 /Users/rabougue/Documents/3ds_homebrew_dev/devkitPro/libctru/lib/libctru.a(fs.o)
                0x001087ac                FSUSER_DeleteFile
 .text.FSUSER_RenameFile
                0x00108864       0xf4 /Users/rabougue/Documents/3ds_homebrew_dev/devkitPro/libctru/lib/libctru.a(fs.o)
                0x00108864                FSUSER_RenameFile
 .text.FSUSER_DeleteDirectory
                0x00108958       0xb8 /Users/rabougue/Documents/3ds_homebrew_dev/devkitPro/libctru/lib/libctru.a(fs.o)
                0x00108958                FSUSER_DeleteDirectory
 .text.FSUSER_CreateFile
                0x00108a10       0xd0 /Users/rabougue/Documents/3ds_homebrew_dev/devkitPro/libctru/lib/libctru.a(fs.o)
                0x00108a10                FSUSER_CreateFile
 .text.FSUSER_CreateDirectory
                0x00108ae0       0xc0 /Users/rabougue/Documents/3ds_homebrew_dev/devkitPro/libctru/lib/libctru.a(fs.o)
                0x00108ae0                FSUSER_CreateDirectory
 .text.FSUSER_RenameDirectory
                0x00108ba0       0xf4 /Users/rabougue/Documents/3ds_homebrew_dev/devkitPro/libctru/lib/libctru.a(fs.o)
                0x00108ba0                FSUSER_RenameDirectory
 .text.FSUSER_OpenDirectory
                0x00108c94       0xc4 /Users/rabougue/Documents/3ds_homebrew_dev/devkitPro/libctru/lib/libctru.a(fs.o)
                0x00108c94                FSUSER_OpenDirectory
 .text.FSUSER_OpenArchive
                0x00108d58       0xbc /Users/rabougue/Documents/3ds_homebrew_dev/devkitPro/libctru/lib/libctru.a(fs.o)
                0x00108d58                FSUSER_OpenArchive
 .text.FSUSER_CloseArchive
                0x00108e14       0x88 /Users/rabougue/Documents/3ds_homebrew_dev/devkitPro/libctru/lib/libctru.a(fs.o)
                0x00108e14                FSUSER_CloseArchive
 .text.FSUSER_GetSdmcArchiveResource
                0x00108e9c       0x8c /Users/rabougue/Documents/3ds_homebrew_dev/devkitPro/libctru/lib/libctru.a(fs.o)
                0x00108e9c                FSUSER_GetSdmcArchiveResource
 .text.FSUSER_IsSdmcWritable
                0x00108f28       0x64 /Users/rabougue/Documents/3ds_homebrew_dev/devkitPro/libctru/lib/libctru.a(fs.o)
                0x00108f28                FSUSER_IsSdmcWritable
 .text.FSFILE_Read
                0x00108f8c       0x5c /Users/rabougue/Documents/3ds_homebrew_dev/devkitPro/libctru/lib/libctru.a(fs.o)
                0x00108f8c                FSFILE_Read
 .text.FSFILE_Write
                0x00108fe8       0x64 /Users/rabougue/Documents/3ds_homebrew_dev/devkitPro/libctru/lib/libctru.a(fs.o)
                0x00108fe8                FSFILE_Write
 .text.FSFILE_GetSize
                0x0010904c       0x3c /Users/rabougue/Documents/3ds_homebrew_dev/devkitPro/libctru/lib/libctru.a(fs.o)
                0x0010904c                FSFILE_GetSize
 .text.FSFILE_SetSize
                0x00109088       0x2c /Users/rabougue/Documents/3ds_homebrew_dev/devkitPro/libctru/lib/libctru.a(fs.o)
                0x00109088                FSFILE_SetSize
 .text.FSFILE_Close
                0x001090b4       0x3c /Users/rabougue/Documents/3ds_homebrew_dev/devkitPro/libctru/lib/libctru.a(fs.o)
                0x001090b4                FSFILE_Close
 .text.FSFILE_Flush
                0x001090f0       0x24 /Users/rabougue/Documents/3ds_homebrew_dev/devkitPro/libctru/lib/libctru.a(fs.o)
                0x001090f0                FSFILE_Flush
 .text.FSDIR_Read
                0x00109114       0x54 /Users/rabougue/Documents/3ds_homebrew_dev/devkitPro/libctru/lib/libctru.a(fs.o)
                0x00109114                FSDIR_Read
 .text.FSDIR_Close
                0x00109168       0x3c /Users/rabougue/Documents/3ds_homebrew_dev/devkitPro/libctru/lib/libctru.a(fs.o)
                0x00109168                FSDIR_Close
 .text.rbtree_node_next
                0x001091a4       0x8c /Users/rabougue/Documents/3ds_homebrew_dev/devkitPro/libctru/lib/libctru.a(rbtree_iterator.o)
                0x001091a4                rbtree_node_next
 .text.decode_utf8
                0x00109230      0x138 /Users/rabougue/Documents/3ds_homebrew_dev/devkitPro/libctru/lib/libctru.a(decode_utf8.o)
                0x00109230                decode_utf8
 .text.utf16_to_utf8
                0x00109368       0xe4 /Users/rabougue/Documents/3ds_homebrew_dev/devkitPro/libctru/lib/libctru.a(utf16_to_utf8.o)
                0x00109368                utf16_to_utf8
 .text.utf8_to_utf16
                0x0010944c       0xbc /Users/rabougue/Documents/3ds_homebrew_dev/devkitPro/libctru/lib/libctru.a(utf8_to_utf16.o)
                0x0010944c                utf8_to_utf16
 .text.__aeabi_read_tp
                0x00109508        0xc /Users/rabougue/Documents/3ds_homebrew_dev/devkitPro/libctru/lib/libctru.a(readtp.o)
                0x00109508                __aeabi_read_tp
 .text.decode_utf16
                0x00109514       0x60 /Users/rabougue/Documents/3ds_homebrew_dev/devkitPro/libctru/lib/libctru.a(decode_utf16.o)
                0x00109514                decode_utf16
 .text.encode_utf16
                0x00109574       0x68 /Users/rabougue/Documents/3ds_homebrew_dev/devkitPro/libctru/lib/libctru.a(encode_utf16.o)
                0x00109574                encode_utf16
 .text.encode_utf8
                0x001095dc      0x104 /Users/rabougue/Documents/3ds_homebrew_dev/devkitPro/libctru/lib/libctru.a(encode_utf8.o)
                0x001095dc                encode_utf8
 .text.bsearch  0x001096e0       0x78 /Users/rabougue/Documents/3ds_homebrew_dev/devkitPro/devkitARM/bin/../lib/gcc/arm-none-eabi/5.3.0/../../../../arm-none-eabi/lib/armv6k/fpu/libg.a(lib_a-bsearch.o)
                0x001096e0                bsearch
 .text.__libc_fini_array
                0x00109758       0x3c /Users/rabougue/Documents/3ds_homebrew_dev/devkitPro/devkitARM/bin/../lib/gcc/arm-none-eabi/5.3.0/../../../../arm-none-eabi/lib/armv6k/fpu/libg.a(lib_a-fini.o)
                0x00109758                __libc_fini_array
 .text.__libc_init_array
                0x00109794       0x78 /Users/rabougue/Documents/3ds_homebrew_dev/devkitPro/devkitARM/bin/../lib/gcc/arm-none-eabi/5.3.0/../../../../arm-none-eabi/lib/armv6k/fpu/libg.a(lib_a-init.o)
                0x00109794                __libc_init_array
 .text.memalign
                0x0010980c       0x20 /Users/rabougue/Documents/3ds_homebrew_dev/devkitPro/devkitARM/bin/../lib/gcc/arm-none-eabi/5.3.0/../../../../arm-none-eabi/lib/armv6k/fpu/libg.a(lib_a-malign.o)
                0x0010980c                memalign
 .text._memalign_r
                0x0010982c      0x15c /Users/rabougue/Documents/3ds_homebrew_dev/devkitPro/devkitARM/bin/../lib/gcc/arm-none-eabi/5.3.0/../../../../arm-none-eabi/lib/armv6k/fpu/libg.a(lib_a-malignr.o)
                0x0010982c                _memalign_r
 .text.malloc   0x00109988       0x18 /Users/rabougue/Documents/3ds_homebrew_dev/devkitPro/devkitARM/bin/../lib/gcc/arm-none-eabi/5.3.0/../../../../arm-none-eabi/lib/armv6k/fpu/libg.a(lib_a-malloc.o)
                0x00109988                malloc
 .text.free     0x001099a0       0x18 /Users/rabougue/Documents/3ds_homebrew_dev/devkitPro/devkitARM/bin/../lib/gcc/arm-none-eabi/5.3.0/../../../../arm-none-eabi/lib/armv6k/fpu/libg.a(lib_a-malloc.o)
                0x001099a0                free
 .text._malloc_r
                0x001099b8      0x7a8 /Users/rabougue/Documents/3ds_homebrew_dev/devkitPro/devkitARM/bin/../lib/gcc/arm-none-eabi/5.3.0/../../../../arm-none-eabi/lib/armv6k/fpu/libg.a(lib_a-mallocr.o)
                0x001099b8                _malloc_r
 .text.memcpy   0x0010a160       0xf0 /Users/rabougue/Documents/3ds_homebrew_dev/devkitPro/devkitARM/bin/../lib/gcc/arm-none-eabi/5.3.0/../../../../arm-none-eabi/lib/armv6k/fpu/libg.a(lib_a-memcpy.o)
                0x0010a160                memcpy
 .text.memset   0x0010a250       0xf4 /Users/rabougue/Documents/3ds_homebrew_dev/devkitPro/devkitARM/bin/../lib/gcc/arm-none-eabi/5.3.0/../../../../arm-none-eabi/lib/armv6k/fpu/libg.a(lib_a-memset.o)
                0x0010a250                memset
 .text.__malloc_lock
                0x0010a344        0xc /Users/rabougue/Documents/3ds_homebrew_dev/devkitPro/devkitARM/bin/../lib/gcc/arm-none-eabi/5.3.0/../../../../arm-none-eabi/lib/armv6k/fpu/libg.a(lib_a-mlock.o)
                0x0010a344                __malloc_lock
 .text.__malloc_unlock
                0x0010a350        0xc /Users/rabougue/Documents/3ds_homebrew_dev/devkitPro/devkitARM/bin/../lib/gcc/arm-none-eabi/5.3.0/../../../../arm-none-eabi/lib/armv6k/fpu/libg.a(lib_a-mlock.o)
                0x0010a350                __malloc_unlock
 .text.setvbuf  0x0010a35c      0x1fc /Users/rabougue/Documents/3ds_homebrew_dev/devkitPro/devkitARM/bin/../lib/gcc/arm-none-eabi/5.3.0/../../../../arm-none-eabi/lib/armv6k/fpu/libg.a(lib_a-setvbuf.o)
                0x0010a35c                setvbuf
 .text.sscanf   0x0010a558       0x74 /Users/rabougue/Documents/3ds_homebrew_dev/devkitPro/devkitARM/bin/../lib/gcc/arm-none-eabi/5.3.0/../../../../arm-none-eabi/lib/armv6k/fpu/libg.a(lib_a-sscanf.o)
                0x0010a558                sscanf
 .text.__sread  0x0010a5cc       0x30 /Users/rabougue/Documents/3ds_homebrew_dev/devkitPro/devkitARM/bin/../lib/gcc/arm-none-eabi/5.3.0/../../../../arm-none-eabi/lib/armv6k/fpu/libg.a(lib_a-stdio.o)
                0x0010a5cc                __sread
 .text.__seofread
                0x0010a5fc        0x8 /Users/rabougue/Documents/3ds_homebrew_dev/devkitPro/devkitARM/bin/../lib/gcc/arm-none-eabi/5.3.0/../../../../arm-none-eabi/lib/armv6k/fpu/libg.a(lib_a-stdio.o)
                0x0010a5fc                __seofread
 .text.__swrite
                0x0010a604       0x54 /Users/rabougue/Documents/3ds_homebrew_dev/devkitPro/devkitARM/bin/../lib/gcc/arm-none-eabi/5.3.0/../../../../arm-none-eabi/lib/armv6k/fpu/libg.a(lib_a-stdio.o)
                0x0010a604                __swrite
 .text.__sseek  0x0010a658       0x2c /Users/rabougue/Documents/3ds_homebrew_dev/devkitPro/devkitARM/bin/../lib/gcc/arm-none-eabi/5.3.0/../../../../arm-none-eabi/lib/armv6k/fpu/libg.a(lib_a-stdio.o)
                0x0010a658                __sseek
 .text.__sclose
                0x0010a684        0x8 /Users/rabougue/Documents/3ds_homebrew_dev/devkitPro/devkitARM/bin/../lib/gcc/arm-none-eabi/5.3.0/../../../../arm-none-eabi/lib/armv6k/fpu/libg.a(lib_a-stdio.o)
                0x0010a684                __sclose
 .text.strchr   0x0010a68c      0x15c /Users/rabougue/Documents/3ds_homebrew_dev/devkitPro/devkitARM/bin/../lib/gcc/arm-none-eabi/5.3.0/../../../../arm-none-eabi/lib/armv6k/fpu/libg.a(lib_a-strchr.o)
                0x0010a68c                strchr
 .text.strlen   0x0010a7e8       0x5c /Users/rabougue/Documents/3ds_homebrew_dev/devkitPro/devkitARM/bin/../lib/gcc/arm-none-eabi/5.3.0/../../../../arm-none-eabi/lib/armv6k/fpu/libg.a(lib_a-strlen.o)
                0x0010a7e8                strlen
 .text.strncat  0x0010a844       0xa4 /Users/rabougue/Documents/3ds_homebrew_dev/devkitPro/devkitARM/bin/../lib/gcc/arm-none-eabi/5.3.0/../../../../arm-none-eabi/lib/armv6k/fpu/libg.a(lib_a-strncat.o)
                0x0010a844                strncat
 .text.strncpy  0x0010a8e8       0xe0 /Users/rabougue/Documents/3ds_homebrew_dev/devkitPro/devkitARM/bin/../lib/gcc/arm-none-eabi/5.3.0/../../../../arm-none-eabi/lib/armv6k/fpu/libg.a(lib_a-strncpy.o)
                0x0010a8e8                strncpy
 .text.__ssvfscanf_r
                0x0010a9c8     0x2c20 /Users/rabougue/Documents/3ds_homebrew_dev/devkitPro/devkitARM/bin/../lib/gcc/arm-none-eabi/5.3.0/../../../../arm-none-eabi/lib/armv6k/fpu/libg.a(lib_a-svfscanf.o)
                0x0010a9c8                __ssvfscanf_r
 .text._wcrtomb_r
                0x0010d5e8       0x8c /Users/rabougue/Documents/3ds_homebrew_dev/devkitPro/devkitARM/bin/../lib/gcc/arm-none-eabi/5.3.0/../../../../arm-none-eabi/lib/armv6k/fpu/libg.a(lib_a-wcrtomb.o)
                0x0010d5e8                _wcrtomb_r
 .text._wcsrtombs_r
                0x0010d674       0x20 /Users/rabougue/Documents/3ds_homebrew_dev/devkitPro/devkitARM/bin/../lib/gcc/arm-none-eabi/5.3.0/../../../../arm-none-eabi/lib/armv6k/fpu/libg.a(lib_a-wcsrtombs.o)
                0x0010d674                _wcsrtombs_r
 .text.__utf8_wctomb
                0x0010d694      0x114 /Users/rabougue/Documents/3ds_homebrew_dev/devkitPro/devkitARM/bin/../lib/gcc/arm-none-eabi/5.3.0/../../../../arm-none-eabi/lib/armv6k/fpu/libg.a(lib_a-wctomb_r.o)
                0x0010d694                __utf8_wctomb
 .text.__sflush_r
                0x0010d7a8      0x230 /Users/rabougue/Documents/3ds_homebrew_dev/devkitPro/devkitARM/bin/../lib/gcc/arm-none-eabi/5.3.0/../../../../arm-none-eabi/lib/armv6k/fpu/libg.a(lib_a-fflush.o)
                0x0010d7a8                __sflush_r
 .text._fflush_r
                0x0010d9d8       0x90 /Users/rabougue/Documents/3ds_homebrew_dev/devkitPro/devkitARM/bin/../lib/gcc/arm-none-eabi/5.3.0/../../../../arm-none-eabi/lib/armv6k/fpu/libg.a(lib_a-fflush.o)
                0x0010d9d8                _fflush_r
 .text._cleanup_r
                0x0010da68        0xc /Users/rabougue/Documents/3ds_homebrew_dev/devkitPro/devkitARM/bin/../lib/gcc/arm-none-eabi/5.3.0/../../../../arm-none-eabi/lib/armv6k/fpu/libg.a(lib_a-findfp.o)
                0x0010da68                _cleanup_r
 .text.std.isra.0
                0x0010da74       0x80 /Users/rabougue/Documents/3ds_homebrew_dev/devkitPro/devkitARM/bin/../lib/gcc/arm-none-eabi/5.3.0/../../../../arm-none-eabi/lib/armv6k/fpu/libg.a(lib_a-findfp.o)
 .text.__sinit  0x0010daf4       0x8c /Users/rabougue/Documents/3ds_homebrew_dev/devkitPro/devkitARM/bin/../lib/gcc/arm-none-eabi/5.3.0/../../../../arm-none-eabi/lib/armv6k/fpu/libg.a(lib_a-findfp.o)
                0x0010daf4                __sinit
 .text.__sfp_lock_acquire
                0x0010db80        0xc /Users/rabougue/Documents/3ds_homebrew_dev/devkitPro/devkitARM/bin/../lib/gcc/arm-none-eabi/5.3.0/../../../../arm-none-eabi/lib/armv6k/fpu/libg.a(lib_a-findfp.o)
                0x0010db80                __sfp_lock_acquire
 .text.__sfp_lock_release
                0x0010db8c        0xc /Users/rabougue/Documents/3ds_homebrew_dev/devkitPro/devkitARM/bin/../lib/gcc/arm-none-eabi/5.3.0/../../../../arm-none-eabi/lib/armv6k/fpu/libg.a(lib_a-findfp.o)
                0x0010db8c                __sfp_lock_release
 .text._malloc_trim_r
                0x0010db98       0xf8 /Users/rabougue/Documents/3ds_homebrew_dev/devkitPro/devkitARM/bin/../lib/gcc/arm-none-eabi/5.3.0/../../../../arm-none-eabi/lib/armv6k/fpu/libg.a(lib_a-freer.o)
                0x0010db98                _malloc_trim_r
 .text._free_r  0x0010dc90      0x2e4 /Users/rabougue/Documents/3ds_homebrew_dev/devkitPro/devkitARM/bin/../lib/gcc/arm-none-eabi/5.3.0/../../../../arm-none-eabi/lib/armv6k/fpu/libg.a(lib_a-freer.o)
                0x0010dc90                _free_r
 .text._fwalk_reent
                0x0010df74       0x80 /Users/rabougue/Documents/3ds_homebrew_dev/devkitPro/devkitARM/bin/../lib/gcc/arm-none-eabi/5.3.0/../../../../arm-none-eabi/lib/armv6k/fpu/libg.a(lib_a-fwalk.o)
                0x0010df74                _fwalk_reent
 .text.iswspace
                0x0010dff4       0x74 /Users/rabougue/Documents/3ds_homebrew_dev/devkitPro/devkitARM/bin/../lib/gcc/arm-none-eabi/5.3.0/../../../../arm-none-eabi/lib/armv6k/fpu/libg.a(lib_a-iswspace.o)
                0x0010dff4                iswspace
 .text.__jp2uc  0x0010e068      0x204 /Users/rabougue/Documents/3ds_homebrew_dev/devkitPro/devkitARM/bin/../lib/gcc/arm-none-eabi/5.3.0/../../../../arm-none-eabi/lib/armv6k/fpu/libg.a(lib_a-jp2uc.o)
 .text._jp2uc   0x0010e26c       0x84 /Users/rabougue/Documents/3ds_homebrew_dev/devkitPro/devkitARM/bin/../lib/gcc/arm-none-eabi/5.3.0/../../../../arm-none-eabi/lib/armv6k/fpu/libg.a(lib_a-jp2uc.o)
                0x0010e26c                _jp2uc
 .text.__locale_charset
                0x0010e2f0        0xc /Users/rabougue/Documents/3ds_homebrew_dev/devkitPro/devkitARM/bin/../lib/gcc/arm-none-eabi/5.3.0/../../../../arm-none-eabi/lib/armv6k/fpu/libg.a(lib_a-locale.o)
                0x0010e2f0                __locale_charset
 .text.__locale_mb_cur_max
                0x0010e2fc       0x10 /Users/rabougue/Documents/3ds_homebrew_dev/devkitPro/devkitARM/bin/../lib/gcc/arm-none-eabi/5.3.0/../../../../arm-none-eabi/lib/armv6k/fpu/libg.a(lib_a-locale.o)
                0x0010e2fc                __locale_mb_cur_max
 .text._localeconv_r
                0x0010e30c        0xc /Users/rabougue/Documents/3ds_homebrew_dev/devkitPro/devkitARM/bin/../lib/gcc/arm-none-eabi/5.3.0/../../../../arm-none-eabi/lib/armv6k/fpu/libg.a(lib_a-locale.o)
                0x0010e30c                _localeconv_r
 .text._mbrtowc_r
                0x0010e318       0x98 /Users/rabougue/Documents/3ds_homebrew_dev/devkitPro/devkitARM/bin/../lib/gcc/arm-none-eabi/5.3.0/../../../../arm-none-eabi/lib/armv6k/fpu/libg.a(lib_a-mbrtowc.o)
                0x0010e318                _mbrtowc_r
 .text.__utf8_mbtowc
                0x0010e3b0      0x2fc /Users/rabougue/Documents/3ds_homebrew_dev/devkitPro/devkitARM/bin/../lib/gcc/arm-none-eabi/5.3.0/../../../../arm-none-eabi/lib/armv6k/fpu/libg.a(lib_a-mbtowc_r.o)
                0x0010e3b0                __utf8_mbtowc
 .text.memchr   0x0010e6ac      0x100 /Users/rabougue/Documents/3ds_homebrew_dev/devkitPro/devkitARM/bin/../lib/gcc/arm-none-eabi/5.3.0/../../../../arm-none-eabi/lib/armv6k/fpu/libg.a(lib_a-memchr.o)
                0x0010e6ac                memchr
 .text.memmove  0x0010e7ac      0x128 /Users/rabougue/Documents/3ds_homebrew_dev/devkitPro/devkitARM/bin/../lib/gcc/arm-none-eabi/5.3.0/../../../../arm-none-eabi/lib/armv6k/fpu/libg.a(lib_a-memmove.o)
                0x0010e7ac                memmove
 .text._realloc_r
                0x0010e8d4      0x4c0 /Users/rabougue/Documents/3ds_homebrew_dev/devkitPro/devkitARM/bin/../lib/gcc/arm-none-eabi/5.3.0/../../../../arm-none-eabi/lib/armv6k/fpu/libg.a(lib_a-reallocr.o)
                0x0010e8d4                _realloc_r
 .text.__fpclassifyd
                0x0010ed94       0x74 /Users/rabougue/Documents/3ds_homebrew_dev/devkitPro/devkitARM/bin/../lib/gcc/arm-none-eabi/5.3.0/../../../../arm-none-eabi/lib/armv6k/fpu/libg.a(lib_a-s_fpclassify.o)
                0x0010ed94                __fpclassifyd
 .text.__sccl   0x0010ee08       0xd0 /Users/rabougue/Documents/3ds_homebrew_dev/devkitPro/devkitARM/bin/../lib/gcc/arm-none-eabi/5.3.0/../../../../arm-none-eabi/lib/armv6k/fpu/libg.a(lib_a-sccl.o)
                0x0010ee08                __sccl
 .text.nanf     0x0010eed8        0xc /Users/rabougue/Documents/3ds_homebrew_dev/devkitPro/devkitARM/bin/../lib/gcc/arm-none-eabi/5.3.0/../../../../arm-none-eabi/lib/armv6k/fpu/libg.a(lib_a-sf_nan.o)
                0x0010eed8                nanf
 .text.sprintf  0x0010eee4       0x68 /Users/rabougue/Documents/3ds_homebrew_dev/devkitPro/devkitARM/bin/../lib/gcc/arm-none-eabi/5.3.0/../../../../arm-none-eabi/lib/armv6k/fpu/libg.a(lib_a-sprintf.o)
                0x0010eee4                sprintf
 .text.stpncpy  0x0010ef4c      0x108 /Users/rabougue/Documents/3ds_homebrew_dev/devkitPro/devkitARM/bin/../lib/gcc/arm-none-eabi/5.3.0/../../../../arm-none-eabi/lib/armv6k/fpu/libg.a(lib_a-stpncpy.o)
                0x0010ef4c                stpncpy
 .text.strncmp  0x0010f054      0x11c /Users/rabougue/Documents/3ds_homebrew_dev/devkitPro/devkitARM/bin/../lib/gcc/arm-none-eabi/5.3.0/../../../../arm-none-eabi/lib/armv6k/fpu/libg.a(lib_a-strncmp.o)
                0x0010f054                strncmp
 .text.unlikely.sulp
                0x0010f170       0x58 /Users/rabougue/Documents/3ds_homebrew_dev/devkitPro/devkitARM/bin/../lib/gcc/arm-none-eabi/5.3.0/../../../../arm-none-eabi/lib/armv6k/fpu/libg.a(lib_a-strtod.o)
 .text._strtod_r
                0x0010f1c8     0x1460 /Users/rabougue/Documents/3ds_homebrew_dev/devkitPro/devkitARM/bin/../lib/gcc/arm-none-eabi/5.3.0/../../../../arm-none-eabi/lib/armv6k/fpu/libg.a(lib_a-strtod.o)
                0x0010f1c8                _strtod_r
 .text._strtol_r
                0x00110628      0x1d4 /Users/rabougue/Documents/3ds_homebrew_dev/devkitPro/devkitARM/bin/../lib/gcc/arm-none-eabi/5.3.0/../../../../arm-none-eabi/lib/armv6k/fpu/libg.a(lib_a-strtol.o)
                0x00110628                _strtol_r
 .text._strtoll_r
                0x001107fc      0x25c /Users/rabougue/Documents/3ds_homebrew_dev/devkitPro/devkitARM/bin/../lib/gcc/arm-none-eabi/5.3.0/../../../../arm-none-eabi/lib/armv6k/fpu/libg.a(lib_a-strtoll_r.o)
                0x001107fc                _strtoll_r
 .text._strtoul_r
                0x00110a58      0x1d4 /Users/rabougue/Documents/3ds_homebrew_dev/devkitPro/devkitARM/bin/../lib/gcc/arm-none-eabi/5.3.0/../../../../arm-none-eabi/lib/armv6k/fpu/libg.a(lib_a-strtoul.o)
                0x00110a58                _strtoul_r
 *fill*         0x00110c2c        0x4 
 .text._strtoull_r
                0x00110c30      0x268 /Users/rabougue/Documents/3ds_homebrew_dev/devkitPro/devkitARM/bin/../lib/gcc/arm-none-eabi/5.3.0/../../../../arm-none-eabi/lib/armv6k/fpu/libg.a(lib_a-strtoull_r.o)
                0x00110c30                _strtoull_r
 .text.__ssprint_r
                0x00110e98      0x1a8 /Users/rabougue/Documents/3ds_homebrew_dev/devkitPro/devkitARM/bin/../lib/gcc/arm-none-eabi/5.3.0/../../../../arm-none-eabi/lib/armv6k/fpu/libg.a(lib_a-svfiprintf.o)
                0x00110e98                __ssprint_r
 .text._sungetc_r
                0x00111040       0xf8 /Users/rabougue/Documents/3ds_homebrew_dev/devkitPro/devkitARM/bin/../lib/gcc/arm-none-eabi/5.3.0/../../../../arm-none-eabi/lib/armv6k/fpu/libg.a(lib_a-svfiscanf.o)
                0x00111040                _sungetc_r
 .text.__ssrefill_r
                0x00111138       0x6c /Users/rabougue/Documents/3ds_homebrew_dev/devkitPro/devkitARM/bin/../lib/gcc/arm-none-eabi/5.3.0/../../../../arm-none-eabi/lib/armv6k/fpu/libg.a(lib_a-svfiscanf.o)
                0x00111138                __ssrefill_r
 .text._sfread_r
                0x001111a4       0xc8 /Users/rabougue/Documents/3ds_homebrew_dev/devkitPro/devkitARM/bin/../lib/gcc/arm-none-eabi/5.3.0/../../../../arm-none-eabi/lib/armv6k/fpu/libg.a(lib_a-svfiscanf.o)
                0x001111a4                _sfread_r
 .text.get_arg  0x0011126c     0x161c /Users/rabougue/Documents/3ds_homebrew_dev/devkitPro/devkitARM/bin/../lib/gcc/arm-none-eabi/5.3.0/../../../../arm-none-eabi/lib/armv6k/fpu/libg.a(lib_a-svfprintf.o)
 .text._svfprintf_r
                0x00112888     0x49f8 /Users/rabougue/Documents/3ds_homebrew_dev/devkitPro/devkitARM/bin/../lib/gcc/arm-none-eabi/5.3.0/../../../../arm-none-eabi/lib/armv6k/fpu/libg.a(lib_a-svfprintf.o)
                0x00112888                _svfprintf_r
 .text.__submore
                0x00117280       0xa8 /Users/rabougue/Documents/3ds_homebrew_dev/devkitPro/devkitARM/bin/../lib/gcc/arm-none-eabi/5.3.0/../../../../arm-none-eabi/lib/armv6k/fpu/libg.a(lib_a-ungetc.o)
                0x00117280                __submore
 .text._wcsnrtombs_r
                0x00117328      0x190 /Users/rabougue/Documents/3ds_homebrew_dev/devkitPro/devkitARM/bin/../lib/gcc/arm-none-eabi/5.3.0/../../../../arm-none-eabi/lib/armv6k/fpu/libg.a(lib_a-wcsnrtombs.o)
                0x00117328                _wcsnrtombs_r
 .text.quorem   0x001174b8      0x1bc /Users/rabougue/Documents/3ds_homebrew_dev/devkitPro/devkitARM/bin/../lib/gcc/arm-none-eabi/5.3.0/../../../../arm-none-eabi/lib/armv6k/fpu/libg.a(lib_a-dtoa.o)
 *fill*         0x00117674        0x4 
 .text._dtoa_r  0x00117678     0x12c8 /Users/rabougue/Documents/3ds_homebrew_dev/devkitPro/devkitARM/bin/../lib/gcc/arm-none-eabi/5.3.0/../../../../arm-none-eabi/lib/armv6k/fpu/libg.a(lib_a-dtoa.o)
                0x00117678                _dtoa_r
 .text._fclose_r
                0x00118940      0x120 /Users/rabougue/Documents/3ds_homebrew_dev/devkitPro/devkitARM/bin/../lib/gcc/arm-none-eabi/5.3.0/../../../../arm-none-eabi/lib/armv6k/fpu/libg.a(lib_a-fclose.o)
                0x00118940                _fclose_r
 .text.rshift   0x00118a60       0xec /Users/rabougue/Documents/3ds_homebrew_dev/devkitPro/devkitARM/bin/../lib/gcc/arm-none-eabi/5.3.0/../../../../arm-none-eabi/lib/armv6k/fpu/libg.a(lib_a-gdtoa-gethex.o)
 .text.__gethex
                0x00118b4c      0x7d0 /Users/rabougue/Documents/3ds_homebrew_dev/devkitPro/devkitARM/bin/../lib/gcc/arm-none-eabi/5.3.0/../../../../arm-none-eabi/lib/armv6k/fpu/libg.a(lib_a-gdtoa-gethex.o)
                0x00118b4c                __gethex
 .text.__hexnan
                0x0011931c      0x258 /Users/rabougue/Documents/3ds_homebrew_dev/devkitPro/devkitARM/bin/../lib/gcc/arm-none-eabi/5.3.0/../../../../arm-none-eabi/lib/armv6k/fpu/libg.a(lib_a-gdtoa-hexnan.o)
                0x0011931c                __hexnan
 .text._Balloc  0x00119574       0x8c /Users/rabougue/Documents/3ds_homebrew_dev/devkitPro/devkitARM/bin/../lib/gcc/arm-none-eabi/5.3.0/../../../../arm-none-eabi/lib/armv6k/fpu/libg.a(lib_a-mprec.o)
                0x00119574                _Balloc
 .text._Bfree   0x00119600       0x1c /Users/rabougue/Documents/3ds_homebrew_dev/devkitPro/devkitARM/bin/../lib/gcc/arm-none-eabi/5.3.0/../../../../arm-none-eabi/lib/armv6k/fpu/libg.a(lib_a-mprec.o)
                0x00119600                _Bfree
 .text.__multadd
                0x0011961c       0xd0 /Users/rabougue/Documents/3ds_homebrew_dev/devkitPro/devkitARM/bin/../lib/gcc/arm-none-eabi/5.3.0/../../../../arm-none-eabi/lib/armv6k/fpu/libg.a(lib_a-mprec.o)
                0x0011961c                __multadd
 .text.__s2b    0x001196ec       0xe4 /Users/rabougue/Documents/3ds_homebrew_dev/devkitPro/devkitARM/bin/../lib/gcc/arm-none-eabi/5.3.0/../../../../arm-none-eabi/lib/armv6k/fpu/libg.a(lib_a-mprec.o)
                0x001196ec                __s2b
 .text.__hi0bits
                0x001197d0       0x5c /Users/rabougue/Documents/3ds_homebrew_dev/devkitPro/devkitARM/bin/../lib/gcc/arm-none-eabi/5.3.0/../../../../arm-none-eabi/lib/armv6k/fpu/libg.a(lib_a-mprec.o)
                0x001197d0                __hi0bits
 .text.__lo0bits
                0x0011982c       0x98 /Users/rabougue/Documents/3ds_homebrew_dev/devkitPro/devkitARM/bin/../lib/gcc/arm-none-eabi/5.3.0/../../../../arm-none-eabi/lib/armv6k/fpu/libg.a(lib_a-mprec.o)
                0x0011982c                __lo0bits
 .text.__i2b    0x001198c4       0x20 /Users/rabougue/Documents/3ds_homebrew_dev/devkitPro/devkitARM/bin/../lib/gcc/arm-none-eabi/5.3.0/../../../../arm-none-eabi/lib/armv6k/fpu/libg.a(lib_a-mprec.o)
                0x001198c4                __i2b
 .text.__multiply
                0x001198e4      0x1dc /Users/rabougue/Documents/3ds_homebrew_dev/devkitPro/devkitARM/bin/../lib/gcc/arm-none-eabi/5.3.0/../../../../arm-none-eabi/lib/armv6k/fpu/libg.a(lib_a-mprec.o)
                0x001198e4                __multiply
 .text.__pow5mult
                0x00119ac0      0x100 /Users/rabougue/Documents/3ds_homebrew_dev/devkitPro/devkitARM/bin/../lib/gcc/arm-none-eabi/5.3.0/../../../../arm-none-eabi/lib/armv6k/fpu/libg.a(lib_a-mprec.o)
                0x00119ac0                __pow5mult
 .text.__lshift
                0x00119bc0       0xf0 /Users/rabougue/Documents/3ds_homebrew_dev/devkitPro/devkitARM/bin/../lib/gcc/arm-none-eabi/5.3.0/../../../../arm-none-eabi/lib/armv6k/fpu/libg.a(lib_a-mprec.o)
                0x00119bc0                __lshift
 .text.__mcmp   0x00119cb0       0x64 /Users/rabougue/Documents/3ds_homebrew_dev/devkitPro/devkitARM/bin/../lib/gcc/arm-none-eabi/5.3.0/../../../../arm-none-eabi/lib/armv6k/fpu/libg.a(lib_a-mprec.o)
                0x00119cb0                __mcmp
 .text.__mdiff  0x00119d14      0x198 /Users/rabougue/Documents/3ds_homebrew_dev/devkitPro/devkitARM/bin/../lib/gcc/arm-none-eabi/5.3.0/../../../../arm-none-eabi/lib/armv6k/fpu/libg.a(lib_a-mprec.o)
                0x00119d14                __mdiff
 .text.__ulp    0x00119eac       0x78 /Users/rabougue/Documents/3ds_homebrew_dev/devkitPro/devkitARM/bin/../lib/gcc/arm-none-eabi/5.3.0/../../../../arm-none-eabi/lib/armv6k/fpu/libg.a(lib_a-mprec.o)
                0x00119eac                __ulp
 .text.__b2d    0x00119f24       0xd4 /Users/rabougue/Documents/3ds_homebrew_dev/devkitPro/devkitARM/bin/../lib/gcc/arm-none-eabi/5.3.0/../../../../arm-none-eabi/lib/armv6k/fpu/libg.a(lib_a-mprec.o)
                0x00119f24                __b2d
 .text.__d2b    0x00119ff8      0x104 /Users/rabougue/Documents/3ds_homebrew_dev/devkitPro/devkitARM/bin/../lib/gcc/arm-none-eabi/5.3.0/../../../../arm-none-eabi/lib/armv6k/fpu/libg.a(lib_a-mprec.o)
                0x00119ff8                __d2b
 .text.__ratio  0x0011a0fc       0x78 /Users/rabougue/Documents/3ds_homebrew_dev/devkitPro/devkitARM/bin/../lib/gcc/arm-none-eabi/5.3.0/../../../../arm-none-eabi/lib/armv6k/fpu/libg.a(lib_a-mprec.o)
                0x0011a0fc                __ratio
 .text.__copybits
                0x0011a174       0x6c /Users/rabougue/Documents/3ds_homebrew_dev/devkitPro/devkitARM/bin/../lib/gcc/arm-none-eabi/5.3.0/../../../../arm-none-eabi/lib/armv6k/fpu/libg.a(lib_a-mprec.o)
                0x0011a174                __copybits
 .text.__any_on
                0x0011a1e0       0x80 /Users/rabougue/Documents/3ds_homebrew_dev/devkitPro/devkitARM/bin/../lib/gcc/arm-none-eabi/5.3.0/../../../../arm-none-eabi/lib/armv6k/fpu/libg.a(lib_a-mprec.o)
                0x0011a1e0                __any_on
 .text.frexp    0x0011a260       0x98 /Users/rabougue/Documents/3ds_homebrew_dev/devkitPro/devkitARM/bin/../lib/gcc/arm-none-eabi/5.3.0/../../../../arm-none-eabi/lib/armv6k/fpu/libg.a(lib_a-s_frexp.o)
                0x0011a260                frexp
 .text._calloc_r
                0x0011a2f8       0x90 /Users/rabougue/Documents/3ds_homebrew_dev/devkitPro/devkitARM/bin/../lib/gcc/arm-none-eabi/5.3.0/../../../../arm-none-eabi/lib/armv6k/fpu/libg.a(lib_a-callocr.o)
                0x0011a2f8                _calloc_r
 .text.__errno  0x0011a388        0xc /Users/rabougue/Documents/3ds_homebrew_dev/devkitPro/devkitARM/bin/../lib/gcc/arm-none-eabi/5.3.0/../../../../arm-none-eabi/lib/armv6k/fpu/libg.a(lib_a-errno.o)
                0x0011a388                __errno
 .text.strnlen  0x0011a394       0x5c /Users/rabougue/Documents/3ds_homebrew_dev/devkitPro/devkitARM/bin/../lib/gcc/arm-none-eabi/5.3.0/../../../../arm-none-eabi/lib/armv6k/fpu/libg.a(lib_a-strnlen.o)
                0x0011a394                strnlen
 .text.strrchr  0x0011a3f0       0x44 /Users/rabougue/Documents/3ds_homebrew_dev/devkitPro/devkitARM/bin/../lib/gcc/arm-none-eabi/5.3.0/../../../../arm-none-eabi/lib/armv6k/fpu/libg.a(lib_a-strrchr.o)
                0x0011a3f0                strrchr
 *(.glue_7)
 .glue_7        0x0011a434        0x0 linker stubs
 *(.glue_7t)
 .glue_7t       0x0011a434        0x0 linker stubs
 *(.stub)
 *(.gnu.warning)
 *(.gnu.linkonce.t*)
                0x0011a434                . = ALIGN (0x4)
 *(.fini)
 .fini          0x0011a434        0xc /Users/rabougue/Documents/3ds_homebrew_dev/devkitPro/devkitARM/bin/../lib/gcc/arm-none-eabi/5.3.0/armv6k/fpu/crti.o
                0x0011a434                _fini
 .fini          0x0011a440        0xc /Users/rabougue/Documents/3ds_homebrew_dev/devkitPro/devkitARM/bin/../lib/gcc/arm-none-eabi/5.3.0/armv6k/fpu/crtn.o
                0x0011a44c                . = ALIGN (0x4)

.vfp11_veneer   0x0011a44c        0x0
 .vfp11_veneer  0x0011a44c        0x0 linker stubs

.v4_bx          0x0011a44c        0x0
 .v4_bx         0x0011a44c        0x0 linker stubs

.iplt           0x0011a44c        0x0
 .iplt          0x0011a44c        0x0 /Users/rabougue/Documents/3ds_homebrew_dev/devkitPro/devkitARM/bin/../lib/gcc/arm-none-eabi/5.3.0/../../../../arm-none-eabi/lib/armv6k/fpu/3dsx_crt0.o

.rodata         0x0011b000     0x46f8
 *(.rodata)
 .rodata        0x0011b000      0x168 /Users/rabougue/Documents/3ds_homebrew_dev/devkitPro/libctru/lib/libctru.a(console.o)
 .rodata        0x0011b168       0x1c /Users/rabougue/Documents/3ds_homebrew_dev/devkitPro/libctru/lib/libctru.a(gfx.o)
 .rodata        0x0011b184        0xc /Users/rabougue/Documents/3ds_homebrew_dev/devkitPro/libctru/lib/libctru.a(apt.o)
 .rodata        0x0011b190      0x804 /Users/rabougue/Documents/3ds_homebrew_dev/devkitPro/libctru/lib/libctru.a(default_font.bin.o)
                0x0011b190                default_font_bin
                0x0011b990                default_font_bin_end
                0x0011b990                default_font_bin_size
 .rodata        0x0011b994       0x30 /Users/rabougue/Documents/3ds_homebrew_dev/devkitPro/libctru/lib/libctru.a(sdmc_dev.o)
 .rodata        0x0011b9c4       0x68 /Users/rabougue/Documents/3ds_homebrew_dev/devkitPro/devkitARM/bin/../lib/gcc/arm-none-eabi/5.3.0/../../../../arm-none-eabi/lib/armv6k/fpu/libsysbase.a(iosupport.o)
                0x0011b9c4                dotab_stdnull
 .rodata        0x0011ba2c        0xc /Users/rabougue/Documents/3ds_homebrew_dev/devkitPro/devkitARM/bin/../lib/gcc/arm-none-eabi/5.3.0/../../../../arm-none-eabi/lib/armv6k/fpu/libsysbase.a(chdir.o)
                0x0011ba2c                DIRECTORY_PARENT
                0x0011ba30                DIRECTORY_THIS
                0x0011ba34                DIRECTORY_SEPARATOR
 *(.roda)
 *(.rodata.*)
 .rodata.str1.4
                0x0011ba38       0x70 /Users/rabougue/Documents/3ds_homebrew_dev/devkitPro/libctru/lib/libctru.a(console.o)
 .rodata.str1.4
                0x0011baa8       0x16 /Users/rabougue/Documents/3ds_homebrew_dev/devkitPro/libctru/lib/libctru.a(apt.o)
                                 0x18 (size before relaxing)
 *fill*         0x0011babe        0x2 
 .rodata.str1.4
                0x0011bac0        0x9 /Users/rabougue/Documents/3ds_homebrew_dev/devkitPro/libctru/lib/libctru.a(gspgpu.o)
                                  0xc (size before relaxing)
 *fill*         0x0011bac9        0x3 
 .rodata.str1.4
                0x0011bacc       0x15 /Users/rabougue/Documents/3ds_homebrew_dev/devkitPro/libctru/lib/libctru.a(hid.o)
                                 0x18 (size before relaxing)
 *fill*         0x0011bae1        0x3 
 .rodata.str1.4
                0x0011bae4        0x7 /Users/rabougue/Documents/3ds_homebrew_dev/devkitPro/libctru/lib/libctru.a(irrst.o)
                                  0x8 (size before relaxing)
 *fill*         0x0011baeb        0x1 
 .rodata.str1.4
                0x0011baec        0x5 /Users/rabougue/Documents/3ds_homebrew_dev/devkitPro/libctru/lib/libctru.a(srv.o)
                                  0x8 (size before relaxing)
 *fill*         0x0011baf1        0x3 
 .rodata.str1.4
                0x0011baf4        0x2 /Users/rabougue/Documents/3ds_homebrew_dev/devkitPro/libctru/lib/libctru.a(thread.o)
                                  0x4 (size before relaxing)
 *fill*         0x0011baf6        0x2 
 .rodata.str1.4
                0x0011baf8        0x9 /Users/rabougue/Documents/3ds_homebrew_dev/devkitPro/libctru/lib/libctru.a(ptmsysm.o)
                                  0xc (size before relaxing)
 *fill*         0x0011bb01        0x3 
 .rodata.str1.4
                0x0011bb04        0x5 /Users/rabougue/Documents/3ds_homebrew_dev/devkitPro/libctru/lib/libctru.a(sdmc_dev.o)
                                  0xc (size before relaxing)
 *fill*         0x0011bb09        0x3 
 .rodata.str1.4
                0x0011bb0c        0x8 /Users/rabougue/Documents/3ds_homebrew_dev/devkitPro/libctru/lib/libctru.a(fs.o)
                                  0xc (size before relaxing)
 .rodata.str1.4
                0x0011bb14        0x4 /Users/rabougue/Documents/3ds_homebrew_dev/devkitPro/devkitARM/bin/../lib/gcc/arm-none-eabi/5.3.0/../../../../arm-none-eabi/lib/armv6k/fpu/libg.a(lib_a-impure.o)
 .rodata.basefix.7044
                0x0011bb14       0x24 /Users/rabougue/Documents/3ds_homebrew_dev/devkitPro/devkitARM/bin/../lib/gcc/arm-none-eabi/5.3.0/../../../../arm-none-eabi/lib/armv6k/fpu/libg.a(lib_a-svfscanf.o)
 .rodata.str1.4
                0x0011bb38        0x5 /Users/rabougue/Documents/3ds_homebrew_dev/devkitPro/devkitARM/bin/../lib/gcc/arm-none-eabi/5.3.0/../../../../arm-none-eabi/lib/armv6k/fpu/libg.a(lib_a-svfscanf.o)
                                  0x8 (size before relaxing)
 *fill*         0x0011bb3d        0x3 
 .rodata._ctype_
                0x0011bb40      0x104 /Users/rabougue/Documents/3ds_homebrew_dev/devkitPro/devkitARM/bin/../lib/gcc/arm-none-eabi/5.3.0/../../../../arm-none-eabi/lib/armv6k/fpu/libg.a(lib_a-ctype_.o)
                0x0011bb40                _ctype_
 .rodata.a1     0x0011bc44       0xbc /Users/rabougue/Documents/3ds_homebrew_dev/devkitPro/devkitARM/bin/../lib/gcc/arm-none-eabi/5.3.0/../../../../arm-none-eabi/lib/armv6k/fpu/libg.a(lib_a-jp2uc.o)
 .rodata.a2     0x0011bd00       0xbc /Users/rabougue/Documents/3ds_homebrew_dev/devkitPro/devkitARM/bin/../lib/gcc/arm-none-eabi/5.3.0/../../../../arm-none-eabi/lib/armv6k/fpu/libg.a(lib_a-jp2uc.o)
 .rodata.a3     0x0011bdbc       0x5c /Users/rabougue/Documents/3ds_homebrew_dev/devkitPro/devkitARM/bin/../lib/gcc/arm-none-eabi/5.3.0/../../../../arm-none-eabi/lib/armv6k/fpu/libg.a(lib_a-jp2uc.o)
 .rodata.a6     0x0011be18       0x70 /Users/rabougue/Documents/3ds_homebrew_dev/devkitPro/devkitARM/bin/../lib/gcc/arm-none-eabi/5.3.0/../../../../arm-none-eabi/lib/armv6k/fpu/libg.a(lib_a-jp2uc.o)
 .rodata.a7     0x0011be88       0xa4 /Users/rabougue/Documents/3ds_homebrew_dev/devkitPro/devkitARM/bin/../lib/gcc/arm-none-eabi/5.3.0/../../../../arm-none-eabi/lib/armv6k/fpu/libg.a(lib_a-jp2uc.o)
 .rodata.a8     0x0011bf2c       0x40 /Users/rabougue/Documents/3ds_homebrew_dev/devkitPro/devkitARM/bin/../lib/gcc/arm-none-eabi/5.3.0/../../../../arm-none-eabi/lib/armv6k/fpu/libg.a(lib_a-jp2uc.o)
 .rodata.str1.4
                0x0011bf6c       0x12 /Users/rabougue/Documents/3ds_homebrew_dev/devkitPro/devkitARM/bin/../lib/gcc/arm-none-eabi/5.3.0/../../../../arm-none-eabi/lib/armv6k/fpu/libg.a(lib_a-jp2uc.o)
                                 0x14 (size before relaxing)
 *fill*         0x0011bf7e        0x2 
 .rodata.b02cf  0x0011bf80     0x172c /Users/rabougue/Documents/3ds_homebrew_dev/devkitPro/devkitARM/bin/../lib/gcc/arm-none-eabi/5.3.0/../../../../arm-none-eabi/lib/armv6k/fpu/libg.a(lib_a-jp2uc.o)
 .rodata.d02f4  0x0011d6ac     0x1a7c /Users/rabougue/Documents/3ds_homebrew_dev/devkitPro/devkitARM/bin/../lib/gcc/arm-none-eabi/5.3.0/../../../../arm-none-eabi/lib/armv6k/fpu/libg.a(lib_a-jp2uc.o)
 .rodata.str1.4
                0x0011f128      0x112 /Users/rabougue/Documents/3ds_homebrew_dev/devkitPro/devkitARM/bin/../lib/gcc/arm-none-eabi/5.3.0/../../../../arm-none-eabi/lib/armv6k/fpu/libg.a(lib_a-locale.o)
                                0x130 (size before relaxing)
 .rodata.str1.4
                0x0011f23a        0x4 /Users/rabougue/Documents/3ds_homebrew_dev/devkitPro/devkitARM/bin/../lib/gcc/arm-none-eabi/5.3.0/../../../../arm-none-eabi/lib/armv6k/fpu/libg.a(lib_a-mbrtowc.o)
 *fill*         0x0011f23a        0x2 
 .rodata.fpinan.5417
                0x0011f23c       0x14 /Users/rabougue/Documents/3ds_homebrew_dev/devkitPro/devkitARM/bin/../lib/gcc/arm-none-eabi/5.3.0/../../../../arm-none-eabi/lib/armv6k/fpu/libg.a(lib_a-strtod.o)
 .rodata.str1.4
                0x0011f250        0xf /Users/rabougue/Documents/3ds_homebrew_dev/devkitPro/devkitARM/bin/../lib/gcc/arm-none-eabi/5.3.0/../../../../arm-none-eabi/lib/armv6k/fpu/libg.a(lib_a-strtod.o)
                                 0x10 (size before relaxing)
 *fill*         0x0011f25f        0x1 
 .rodata.fpi.5381
                0x0011f260       0x14 /Users/rabougue/Documents/3ds_homebrew_dev/devkitPro/devkitARM/bin/../lib/gcc/arm-none-eabi/5.3.0/../../../../arm-none-eabi/lib/armv6k/fpu/libg.a(lib_a-strtod.o)
 *fill*         0x0011f274        0x4 
 .rodata.tinytens
                0x0011f278       0x28 /Users/rabougue/Documents/3ds_homebrew_dev/devkitPro/devkitARM/bin/../lib/gcc/arm-none-eabi/5.3.0/../../../../arm-none-eabi/lib/armv6k/fpu/libg.a(lib_a-strtod.o)
 .rodata.__state_table
                0x0011f2a0       0x6c /Users/rabougue/Documents/3ds_homebrew_dev/devkitPro/devkitARM/bin/../lib/gcc/arm-none-eabi/5.3.0/../../../../arm-none-eabi/lib/armv6k/fpu/libg.a(lib_a-svfiprintf.o)
                0x0011f2a0                __state_table
 .rodata.__chclass
                0x0011f30c      0x100 /Users/rabougue/Documents/3ds_homebrew_dev/devkitPro/devkitARM/bin/../lib/gcc/arm-none-eabi/5.3.0/../../../../arm-none-eabi/lib/armv6k/fpu/libg.a(lib_a-svfiprintf.o)
                0x0011f30c                __chclass
 .rodata.__action_table
                0x0011f40c       0x6c /Users/rabougue/Documents/3ds_homebrew_dev/devkitPro/devkitARM/bin/../lib/gcc/arm-none-eabi/5.3.0/../../../../arm-none-eabi/lib/armv6k/fpu/libg.a(lib_a-svfiprintf.o)
                0x0011f40c                __action_table
 .rodata.blanks.7122
                0x0011f478       0x10 /Users/rabougue/Documents/3ds_homebrew_dev/devkitPro/devkitARM/bin/../lib/gcc/arm-none-eabi/5.3.0/../../../../arm-none-eabi/lib/armv6k/fpu/libg.a(lib_a-svfprintf.o)
 .rodata.str1.4
                0x0011f488       0x42 /Users/rabougue/Documents/3ds_homebrew_dev/devkitPro/devkitARM/bin/../lib/gcc/arm-none-eabi/5.3.0/../../../../arm-none-eabi/lib/armv6k/fpu/libg.a(lib_a-svfprintf.o)
                                 0x44 (size before relaxing)
 *fill*         0x0011f4ca        0x2 
 .rodata.zeroes.7123
                0x0011f4cc       0x10 /Users/rabougue/Documents/3ds_homebrew_dev/devkitPro/devkitARM/bin/../lib/gcc/arm-none-eabi/5.3.0/../../../../arm-none-eabi/lib/armv6k/fpu/libg.a(lib_a-svfprintf.o)
 .rodata.str1.4
                0x0011f4dc       0x10 /Users/rabougue/Documents/3ds_homebrew_dev/devkitPro/devkitARM/bin/../lib/gcc/arm-none-eabi/5.3.0/../../../../arm-none-eabi/lib/armv6k/fpu/libg.a(lib_a-dtoa.o)
                                 0x14 (size before relaxing)
 .rodata.__hexdig
                0x0011f4ec      0x100 /Users/rabougue/Documents/3ds_homebrew_dev/devkitPro/devkitARM/bin/../lib/gcc/arm-none-eabi/5.3.0/../../../../arm-none-eabi/lib/armv6k/fpu/libg.a(lib_a-gdtoa-gethex.o)
                0x0011f4ec                __hexdig
 *fill*         0x0011f5ec        0x4 
 .rodata.__mprec_tens
                0x0011f5f0       0xc8 /Users/rabougue/Documents/3ds_homebrew_dev/devkitPro/devkitARM/bin/../lib/gcc/arm-none-eabi/5.3.0/../../../../arm-none-eabi/lib/armv6k/fpu/libg.a(lib_a-mprec.o)
                0x0011f5f0                __mprec_tens
 .rodata.p05.5412
                0x0011f6b8        0xc /Users/rabougue/Documents/3ds_homebrew_dev/devkitPro/devkitARM/bin/../lib/gcc/arm-none-eabi/5.3.0/../../../../arm-none-eabi/lib/armv6k/fpu/libg.a(lib_a-mprec.o)
 *fill*         0x0011f6c4        0x4 
 .rodata.__mprec_bigtens
                0x0011f6c8       0x28 /Users/rabougue/Documents/3ds_homebrew_dev/devkitPro/devkitARM/bin/../lib/gcc/arm-none-eabi/5.3.0/../../../../arm-none-eabi/lib/armv6k/fpu/libg.a(lib_a-mprec.o)
                0x0011f6c8                __mprec_bigtens
 .rodata.str1.4
                0x0011f6f0        0x8 /Users/rabougue/Documents/3ds_homebrew_dev/devkitPro/devkitARM/bin/../lib/gcc/arm-none-eabi/5.3.0/../../../../arm-none-eabi/lib/armv6k/fpu/libsysbase.a(iosupport.o)
 *all.rodata*(*)
 *(.gnu.linkonce.r*)
                0x0011f6f8                . = ALIGN (0x4)

.eh_frame       0x0011f6f8        0x0
 .eh_frame      0x0011f6f8        0x0 /Users/rabougue/Documents/3ds_homebrew_dev/devkitPro/devkitARM/bin/../lib/gcc/arm-none-eabi/5.3.0/armv6k/fpu/crtbegin.o

.rel.dyn        0x0011f6f8        0x0
 .rel.iplt      0x0011f6f8        0x0 /Users/rabougue/Documents/3ds_homebrew_dev/devkitPro/devkitARM/bin/../lib/gcc/arm-none-eabi/5.3.0/../../../../arm-none-eabi/lib/armv6k/fpu/3dsx_crt0.o

.ARM.extab
 *(.ARM.extab* .gnu.linkonce.armextab.*)
                0x0011f6f8                __exidx_start = .

ARM.exidx
 *(.ARM.exidx* .gnu.linkonce.armexidx.*)
                0x0011f6f8                __exidx_end = .

.data           0x00120000     0x2e40
 *(.data)
 .data          0x00120000       0x54 /Users/rabougue/Documents/3ds_homebrew_dev/devkitPro/libctru/lib/libctru.a(console.o)
                0x00120000                defaultConsole
                0x0012004c                currentConsole
 .data          0x00120054        0xc /Users/rabougue/Documents/3ds_homebrew_dev/devkitPro/libctru/lib/libctru.a(gfx.o)
 .data          0x00120060        0x4 /Users/rabougue/Documents/3ds_homebrew_dev/devkitPro/libctru/lib/libctru.a(stack_adjust.o)
                0x00120060                __stacksize__
 *fill*         0x00120064        0x4 
 .data          0x00120068      0x488 /Users/rabougue/Documents/3ds_homebrew_dev/devkitPro/libctru/lib/libctru.a(sdmc_dev.o)
 .data          0x001204f0       0x44 /Users/rabougue/Documents/3ds_homebrew_dev/devkitPro/devkitARM/bin/../lib/gcc/arm-none-eabi/5.3.0/../../../../arm-none-eabi/lib/armv6k/fpu/libsysbase.a(iosupport.o)
                0x001204f4                devoptab_list
 .data          0x00120534     0x1000 /Users/rabougue/Documents/3ds_homebrew_dev/devkitPro/devkitARM/bin/../lib/gcc/arm-none-eabi/5.3.0/../../../../arm-none-eabi/lib/armv6k/fpu/libsysbase.a(chdir.o)
 .data          0x00121534     0x1028 /Users/rabougue/Documents/3ds_homebrew_dev/devkitPro/devkitARM/bin/../lib/gcc/arm-none-eabi/5.3.0/../../../../arm-none-eabi/lib/armv6k/fpu/libsysbase.a(handle_manager.o)
 *(.data.*)
 *fill*         0x0012255c        0x4 
 .data.impure_data
                0x00122560      0x440 /Users/rabougue/Documents/3ds_homebrew_dev/devkitPro/devkitARM/bin/../lib/gcc/arm-none-eabi/5.3.0/../../../../arm-none-eabi/lib/armv6k/fpu/libg.a(lib_a-impure.o)
 .data._impure_ptr
                0x001229a0        0x4 /Users/rabougue/Documents/3ds_homebrew_dev/devkitPro/devkitARM/bin/../lib/gcc/arm-none-eabi/5.3.0/../../../../arm-none-eabi/lib/armv6k/fpu/libg.a(lib_a-impure.o)
                0x001229a0                _impure_ptr
 .data.__malloc_av_
                0x001229a4      0x408 /Users/rabougue/Documents/3ds_homebrew_dev/devkitPro/devkitARM/bin/../lib/gcc/arm-none-eabi/5.3.0/../../../../arm-none-eabi/lib/armv6k/fpu/libg.a(lib_a-mallocr.o)
                0x001229a4                __malloc_av_
 .data.__malloc_trim_threshold
                0x00122dac        0x4 /Users/rabougue/Documents/3ds_homebrew_dev/devkitPro/devkitARM/bin/../lib/gcc/arm-none-eabi/5.3.0/../../../../arm-none-eabi/lib/armv6k/fpu/libg.a(lib_a-mallocr.o)
                0x00122dac                __malloc_trim_threshold
 .data.__malloc_sbrk_base
                0x00122db0        0x4 /Users/rabougue/Documents/3ds_homebrew_dev/devkitPro/devkitARM/bin/../lib/gcc/arm-none-eabi/5.3.0/../../../../arm-none-eabi/lib/armv6k/fpu/libg.a(lib_a-mallocr.o)
                0x00122db0                __malloc_sbrk_base
 .data.__malloc_lock_object
                0x00122db4        0xc /Users/rabougue/Documents/3ds_homebrew_dev/devkitPro/devkitARM/bin/../lib/gcc/arm-none-eabi/5.3.0/../../../../arm-none-eabi/lib/armv6k/fpu/libg.a(lib_a-mlock.o)
 .data.__wctomb
                0x00122dc0        0x4 /Users/rabougue/Documents/3ds_homebrew_dev/devkitPro/devkitARM/bin/../lib/gcc/arm-none-eabi/5.3.0/../../../../arm-none-eabi/lib/armv6k/fpu/libg.a(lib_a-wctomb_r.o)
                0x00122dc0                __wctomb
 .data.__ctype_ptr__
                0x00122dc4        0x4 /Users/rabougue/Documents/3ds_homebrew_dev/devkitPro/devkitARM/bin/../lib/gcc/arm-none-eabi/5.3.0/../../../../arm-none-eabi/lib/armv6k/fpu/libg.a(lib_a-ctype_.o)
                0x00122dc4                __ctype_ptr__
 .data.__sfp_lock
                0x00122dc8        0xc /Users/rabougue/Documents/3ds_homebrew_dev/devkitPro/devkitARM/bin/../lib/gcc/arm-none-eabi/5.3.0/../../../../arm-none-eabi/lib/armv6k/fpu/libg.a(lib_a-findfp.o)
 .data.__sinit_lock
                0x00122dd4        0xc /Users/rabougue/Documents/3ds_homebrew_dev/devkitPro/devkitARM/bin/../lib/gcc/arm-none-eabi/5.3.0/../../../../arm-none-eabi/lib/armv6k/fpu/libg.a(lib_a-findfp.o)
 .data.lconv    0x00122de0       0x38 /Users/rabougue/Documents/3ds_homebrew_dev/devkitPro/devkitARM/bin/../lib/gcc/arm-none-eabi/5.3.0/../../../../arm-none-eabi/lib/armv6k/fpu/libg.a(lib_a-locale.o)
 .data.lc_ctype_charset
                0x00122e18       0x20 /Users/rabougue/Documents/3ds_homebrew_dev/devkitPro/devkitARM/bin/../lib/gcc/arm-none-eabi/5.3.0/../../../../arm-none-eabi/lib/armv6k/fpu/libg.a(lib_a-locale.o)
 .data.__mb_cur_max
                0x00122e38        0x4 /Users/rabougue/Documents/3ds_homebrew_dev/devkitPro/devkitARM/bin/../lib/gcc/arm-none-eabi/5.3.0/../../../../arm-none-eabi/lib/armv6k/fpu/libg.a(lib_a-locale.o)
                0x00122e38                __mb_cur_max
 .data.__mbtowc
                0x00122e3c        0x4 /Users/rabougue/Documents/3ds_homebrew_dev/devkitPro/devkitARM/bin/../lib/gcc/arm-none-eabi/5.3.0/../../../../arm-none-eabi/lib/armv6k/fpu/libg.a(lib_a-mbtowc_r.o)
                0x00122e3c                __mbtowc
 *(.gnu.linkonce.d*)
                0x00122e40                . = ALIGN (0x4)

.igot.plt       0x00122e40        0x0
 .igot.plt      0x00122e40        0x0 /Users/rabougue/Documents/3ds_homebrew_dev/devkitPro/devkitARM/bin/../lib/gcc/arm-none-eabi/5.3.0/../../../../arm-none-eabi/lib/armv6k/fpu/3dsx_crt0.o

.jcr            0x00122e40        0x0
 .jcr           0x00122e40        0x0 /Users/rabougue/Documents/3ds_homebrew_dev/devkitPro/devkitARM/bin/../lib/gcc/arm-none-eabi/5.3.0/armv6k/fpu/crtbegin.o

.tm_clone_table
                0x00122e40        0x0
 .tm_clone_table