Archive member included to satisfy reference by file (symbol)

/nfs/2015/r/rabougue/devkitPro/libctru/lib/libctru.a(gfx.o)
                              main.o (gfxInitDefault)
/nfs/2015/r/rabougue/devkitPro/libctru/lib/libctru.a(gx.o)
                              /nfs/2015/r/rabougue/devkitPro/libctru/lib/libctru.a(gfx.o) (gxCmdBuf)
/nfs/2015/r/rabougue/devkitPro/libctru/lib/libctru.a(apt.o)
                              main.o (aptMainLoop)
/nfs/2015/r/rabougue/devkitPro/libctru/lib/libctru.a(gspgpu.o)
                              /nfs/2015/r/rabougue/devkitPro/libctru/lib/libctru.a(gfx.o) (gspInit)
/nfs/2015/r/rabougue/devkitPro/libctru/lib/libctru.a(hid.o)
                              main.o (hidScanInput)
/nfs/2015/r/rabougue/devkitPro/libctru/lib/libctru.a(irrst.o)
                              /nfs/2015/r/rabougue/devkitPro/libctru/lib/libctru.a(hid.o) (irrstScanInput)
/nfs/2015/r/rabougue/devkitPro/libctru/lib/libctru.a(initArgv.o)
                              /nfs/2015/r/rabougue/devkitPro/devkitARM/bin/../lib/gcc/arm-none-eabi/5.3.0/../../../../arm-none-eabi/lib/armv6k/fpu/3dsx_crt0.o (__system_argc)
/nfs/2015/r/rabougue/devkitPro/libctru/lib/libctru.a(initSystem.o)
                              /nfs/2015/r/rabougue/devkitPro/libctru/lib/libctru.a(apt.o) (__system_retAddr)
/nfs/2015/r/rabougue/devkitPro/libctru/lib/libctru.a(syscalls.o)
                              /nfs/2015/r/rabougue/devkitPro/libctru/lib/libctru.a(initSystem.o) (__system_initSyscalls)
/nfs/2015/r/rabougue/devkitPro/libctru/lib/libctru.a(svc.o)
                              /nfs/2015/r/rabougue/devkitPro/libctru/lib/libctru.a(gfx.o) (svcCreateEvent)
/nfs/2015/r/rabougue/devkitPro/libctru/lib/libctru.a(stack_adjust.o)
                              /nfs/2015/r/rabougue/devkitPro/devkitARM/bin/../lib/gcc/arm-none-eabi/5.3.0/../../../../arm-none-eabi/lib/armv6k/fpu/3dsx_crt0.o (initSystem)
/nfs/2015/r/rabougue/devkitPro/libctru/lib/libctru.a(linear.o)
                              /nfs/2015/r/rabougue/devkitPro/libctru/lib/libctru.a(gfx.o) (linearAlloc)
/nfs/2015/r/rabougue/devkitPro/libctru/lib/libctru.a(mappable.o)
                              /nfs/2015/r/rabougue/devkitPro/libctru/lib/libctru.a(gfx.o) (mappableAlloc)
/nfs/2015/r/rabougue/devkitPro/libctru/lib/libctru.a(mem_pool.o)
                              /nfs/2015/r/rabougue/devkitPro/libctru/lib/libctru.a(linear.o) (MemPool::Allocate(MemChunk&, unsigned long, int))
/nfs/2015/r/rabougue/devkitPro/libctru/lib/libctru.a(vram.o)
                              /nfs/2015/r/rabougue/devkitPro/libctru/lib/libctru.a(gfx.o) (vramAlloc)
/nfs/2015/r/rabougue/devkitPro/libctru/lib/libctru.a(env.o)
                              /nfs/2015/r/rabougue/devkitPro/libctru/lib/libctru.a(irrst.o) (envGetHandle)
/nfs/2015/r/rabougue/devkitPro/libctru/lib/libctru.a(os.o)
                              /nfs/2015/r/rabougue/devkitPro/libctru/lib/libctru.a(syscalls.o) (__libctru_gtod)
/nfs/2015/r/rabougue/devkitPro/libctru/lib/libctru.a(srv.o)
                              /nfs/2015/r/rabougue/devkitPro/libctru/lib/libctru.a(apt.o) (srvGetServiceHandle)
/nfs/2015/r/rabougue/devkitPro/libctru/lib/libctru.a(synchronization.o)
                              /nfs/2015/r/rabougue/devkitPro/libctru/lib/libctru.a(initSystem.o) (__sync_init)
/nfs/2015/r/rabougue/devkitPro/libctru/lib/libctru.a(thread.o)
                              /nfs/2015/r/rabougue/devkitPro/libctru/lib/libctru.a(apt.o) (threadCreate)
/nfs/2015/r/rabougue/devkitPro/libctru/lib/libctru.a(ptmsysm.o)
                              /nfs/2015/r/rabougue/devkitPro/libctru/lib/libctru.a(os.o) (ptmSysmInit)
/nfs/2015/r/rabougue/devkitPro/libctru/lib/libctru.a(rbtree_find.o)
                              /nfs/2015/r/rabougue/devkitPro/libctru/lib/libctru.a(linear.o) (rbtree_find)
/nfs/2015/r/rabougue/devkitPro/libctru/lib/libctru.a(rbtree_init.o)
                              /nfs/2015/r/rabougue/devkitPro/libctru/lib/libctru.a(linear.o) (rbtree_init)
/nfs/2015/r/rabougue/devkitPro/libctru/lib/libctru.a(rbtree_insert.o)
                              /nfs/2015/r/rabougue/devkitPro/libctru/lib/libctru.a(linear.o) (rbtree_insert)
/nfs/2015/r/rabougue/devkitPro/libctru/lib/libctru.a(rbtree_remove.o)
                              /nfs/2015/r/rabougue/devkitPro/libctru/lib/libctru.a(linear.o) (rbtree_remove)
/nfs/2015/r/rabougue/devkitPro/libctru/lib/libctru.a(rbtree_rotate.o)
                              /nfs/2015/r/rabougue/devkitPro/libctru/lib/libctru.a(rbtree_insert.o) (rbtree_rotate)
/nfs/2015/r/rabougue/devkitPro/libctru/lib/libctru.a(allocateHeaps.o)
                              /nfs/2015/r/rabougue/devkitPro/libctru/lib/libctru.a(initSystem.o) (__system_allocateHeaps)
/nfs/2015/r/rabougue/devkitPro/libctru/lib/libctru.a(appExit.o)
                              /nfs/2015/r/rabougue/devkitPro/libctru/lib/libctru.a(stack_adjust.o) (__appExit)
/nfs/2015/r/rabougue/devkitPro/libctru/lib/libctru.a(appInit.o)
[...]
Memory Configuration

Name             Origin             Length             Attributes
*default*        0x00000000         0xffffffff

Linker script and memory map

                0x00100000                . = 0x100000
                0x00100000                __start__ = .

.text           0x00100000     0x92a0
 *(.crt0)
 .crt0          0x00100000       0x94 /nfs/2015/r/rabougue/devkitPro/devkitARM/bin/../lib/gcc/arm-none-eabi/5.3.0/../../../../arm-none-eabi/lib/armv6k/fpu/3dsx_crt0.o
                0x00100000                _start
                0x00100008                __service_ptr
                0x0010000c                __apt_appid
                0x00100010                __heap_size
                0x00100014                __linear_heap_size
                0x00100018                __system_arglist
                0x0010001c                __system_runflags
 *(.init)
 .init          0x00100094        0xc /nfs/2015/r/rabougue/devkitPro/devkitARM/bin/../lib/gcc/arm-none-eabi/5.3.0/armv6k/fpu/crti.o
                0x00100094                _init
 .init          0x001000a0        0xc /nfs/2015/r/rabougue/devkitPro/devkitARM/bin/../lib/gcc/arm-none-eabi/5.3.0/armv6k/fpu/crtn.o
                0x001000ac                . = ALIGN (0x4)
 *(.text)
 .text          0x001000ac      0x108 /nfs/2015/r/rabougue/devkitPro/devkitARM/bin/../lib/gcc/arm-none-eabi/5.3.0/armv6k/fpu/crtbegin.o
 .text          0x001001b4       0x64 /nfs/2015/r/rabougue/devkitPro/libctru/lib/libctru.a(stack_adjust.o)
                0x001001b4                initSystem
                0x001001f8                __ctru_exit
 .text          0x00100218      0x1c4 /nfs/2015/r/rabougue/devkitPro/devkitARM/bin/../lib/gcc/arm-none-eabi/5.3.0/../../../../arm-none-eabi/lib/armv6k/fpu/libsysbase.a(iosupport.o)
                0x00100220                setDefaultDevice
                0x00100238                FindDevice
                0x001002f4                RemoveDevice
                0x00100320                AddDevice
                0x001003b8                GetDeviceOpTab
 .text          0x001003dc       0x70 /nfs/2015/r/rabougue/devkitPro/devkitARM/bin/../lib/gcc/arm-none-eabi/5.3.0/../../../../arm-none-eabi/lib/armv6k/fpu/libsysbase.a(sbrk.o)
                0x001003dc                _sbrk_r
 .text          0x0010044c      0x3b0 /nfs/2015/r/rabougue/devkitPro/devkitARM/bin/../lib/gcc/arm-none-eabi/5.3.0/../../../../arm-none-eabi/lib/armv6k/fpu/libsysbase.a(chdir.o)
                0x0010044c                _concatenate_path
                0x00100608                chdir
                0x0010075c                getcwd
 .text          0x001007fc      0x108 /nfs/2015/r/rabougue/devkitPro/devkitARM/bin/../lib/gcc/arm-none-eabi/5.3.0/../../../../arm-none-eabi/lib/armv6k/fpu/libsysbase.a(syscall_support.o)
                0x001007fc                __libc_lock_init
                0x00100814                __libc_lock_acquire
                0x0010082c                __libc_lock_try_acquire
                0x00100850                __libc_lock_release
                0x00100868                __libc_lock_close
                0x00100880                __libc_lock_init_recursive
                0x00100898                __libc_lock_acquire_recursive
                0x001008b0                __libc_lock_try_acquire_recursive
                0x001008d4                __libc_lock_release_recursive
                0x001008ec                __libc_lock_close_recursive
 .text          0x00100904       0x28 /nfs/2015/r/rabougue/devkitPro/devkitARM/bin/../lib/gcc/arm-none-eabi/5.3.0/../../../../arm-none-eabi/lib/armv6k/fpu/libsysbase.a(getreent.o)
                0x00100904                __getreent
 .text          0x0010092c      0x20c /nfs/2015/r/rabougue/devkitPro/devkitARM/bin/../lib/gcc/arm-none-eabi/5.3.0/armv6k/fpu/libgcc.a(_udivsi3.o)
                0x0010092c                __udivsi3
                0x0010092c                __aeabi_uidiv
                0x00100b18                __aeabi_uidivmod
 .text          0x00100b38        0x4 /nfs/2015/r/rabougue/devkitPro/devkitARM/bin/../lib/gcc/arm-none-eabi/5.3.0/armv6k/fpu/libgcc.a(_dvmd_tls.o)
                0x00100b38                __aeabi_ldiv0
                0x00100b38                __aeabi_idiv0
 *fill*         0x00100b3c        0x4 
 .text          0x00100b40      0x3a0 /nfs/2015/r/rabougue/devkitPro/devkitARM/bin/../lib/gcc/arm-none-eabi/5.3.0/../../../../arm-none-eabi/lib/armv6k/fpu/libg.a(lib_a-strcmp.o)
                0x00100b48                strcmp
 *(.text.*)
 .text.startup.main
                0x00100ee0       0x84 main.o
                0x00100ee0                main
 .text.gfxSetFramebufferInfo.part.0
                0x00100f64       0x8c /nfs/2015/r/rabougue/devkitPro/libctru/lib/libctru.a(gfx.o)
 .text.gfxSetFramebufferInfo
                0x00100ff0       0x70 /nfs/2015/r/rabougue/devkitPro/libctru/lib/libctru.a(gfx.o)
                0x00100ff0                gfxSetFramebufferInfo
 .text.gfxWriteFramebufferInfo
                0x00101060       0x88 /nfs/2015/r/rabougue/devkitPro/libctru/lib/libctru.a(gfx.o)
                0x00101060                gfxWriteFramebufferInfo
 .text.gfxInit  0x001010e8      0x1d0 /nfs/2015/r/rabougue/devkitPro/libctru/lib/libctru.a(gfx.o)
                0x001010e8                gfxInit
 .text.gfxInitDefault
                0x001012b8       0x10 /nfs/2015/r/rabougue/devkitPro/libctru/lib/libctru.a(gfx.o)
                0x001012b8                gfxInitDefault
 .text.gfxExit  0x001012c8       0xe0 /nfs/2015/r/rabougue/devkitPro/libctru/lib/libctru.a(gfx.o)
                0x001012c8                gfxExit
 .text.gfxGetFramebuffer
                0x001013a8       0xb0 /nfs/2015/r/rabougue/devkitPro/libctru/lib/libctru.a(gfx.o)
                0x001013a8                gfxGetFramebuffer
 .text.gfxFlushBuffers
                0x00101458       0xcc /nfs/2015/r/rabougue/devkitPro/libctru/lib/libctru.a(gfx.o)
                0x00101458                gfxFlushBuffers
 .text.gfxConfigScreen
                0x00101524       0x70 /nfs/2015/r/rabougue/devkitPro/libctru/lib/libctru.a(gfx.o)
                0x00101524                gfxConfigScreen
 .text.gfxSwapBuffers
                0x00101594       0x20 /nfs/2015/r/rabougue/devkitPro/libctru/lib/libctru.a(gfx.o)
                0x00101594                gfxSwapBuffers
 .text.__apt_initservicehandle
                0x001015b4       0x68 /nfs/2015/r/rabougue/devkitPro/libctru/lib/libctru.a(apt.o)
 .text._aptDebug
                0x0010161c        0x4 /nfs/2015/r/rabougue/devkitPro/libctru/lib/libctru.a(apt.o)
                0x0010161c                _aptDebug
 .text.aptInitCaptureInfo
                0x00101620       0x98 /nfs/2015/r/rabougue/devkitPro/libctru/lib/libctru.a(apt.o)
                0x00101620                aptInitCaptureInfo
 .text.aptWaitStatusEvent
                0x001016b8       0x28 /nfs/2015/r/rabougue/devkitPro/libctru/lib/libctru.a(apt.o)
                0x001016b8                aptWaitStatusEvent
 .text.aptGetMenuAppID
                0x001016e0       0x60 /nfs/2015/r/rabougue/devkitPro/libctru/lib/libctru.a(apt.o)
                0x001016e0                aptGetMenuAppID
 .text.aptSetStatus
                0x00101740       0x6c /nfs/2015/r/rabougue/devkitPro/libctru/lib/libctru.a(apt.o)
                0x00101740                aptSetStatus
 .text.APT_GetLockHandle
                0x001017ac       0x48 /nfs/2015/r/rabougue/devkitPro/libctru/lib/libctru.a(apt.o)
                0x001017ac                APT_GetLockHandle
 .text.APT_Initialize
                0x001017f4       0x60 /nfs/2015/r/rabougue/devkitPro/libctru/lib/libctru.a(apt.o)
                0x001017f4                APT_Initialize
 .text.APT_Finalize
                0x00101854       0x34 /nfs/2015/r/rabougue/devkitPro/libctru/lib/libctru.a(apt.o)
                0x00101854                APT_Finalize
 .text.APT_InquireNotification
                0x00101888       0x48 /nfs/2015/r/rabougue/devkitPro/libctru/lib/libctru.a(apt.o)
                0x00101888                APT_InquireNotification
 .text.APT_PrepareToJumpToHomeMenu
                0x001018d0       0x2c /nfs/2015/r/rabougue/devkitPro/libctru/lib/libctru.a(apt.o)
                0x001018d0                APT_PrepareToJumpToHomeMenu
 .text.APT_JumpToHomeMenu
                0x001018fc       0x50 /nfs/2015/r/rabougue/devkitPro/libctru/lib/libctru.a(apt.o)
                0x001018fc                APT_JumpToHomeMenu
 .text.APT_PrepareToJumpToApplication
                0x0010194c       0x34 /nfs/2015/r/rabougue/devkitPro/libctru/lib/libctru.a(apt.o)
                0x0010194c                APT_PrepareToJumpToApplication
 .text.APT_JumpToApplication
                0x00101980       0x50 /nfs/2015/r/rabougue/devkitPro/libctru/lib/libctru.a(apt.o)
                0x00101980                APT_JumpToApplication
 .text.APT_NotifyToWait
                0x001019d0       0x34 /nfs/2015/r/rabougue/devkitPro/libctru/lib/libctru.a(apt.o)
                0x001019d0                APT_NotifyToWait
 .text.APT_AppletUtility
                0x00101a04       0x7c /nfs/2015/r/rabougue/devkitPro/libctru/lib/libctru.a(apt.o)
                0x00101a04                APT_AppletUtility
 .text.aptAppletUtility_Exit_RetToApp
                0x00101a80      0x188 /nfs/2015/r/rabougue/devkitPro/libctru/lib/libctru.a(apt.o)
                0x00101a80                aptAppletUtility_Exit_RetToApp
 .text.aptAppletClosed
                0x00101c08       0x3c /nfs/2015/r/rabougue/devkitPro/libctru/lib/libctru.a(apt.o)
                0x00101c08                aptAppletClosed
 .text.aptAppStarted
                0x00101c44      0x114 /nfs/2015/r/rabougue/devkitPro/libctru/lib/libctru.a(apt.o)
 .text.aptInit  0x00101d58      0x298 /nfs/2015/r/rabougue/devkitPro/libctru/lib/libctru.a(apt.o)
                0x00101d58                aptInit
 .text.APT_ReceiveParameter
                0x00101ff0       0x6c /nfs/2015/r/rabougue/devkitPro/libctru/lib/libctru.a(apt.o)
                0x00101ff0                APT_ReceiveParameter
 .text.APT_SendParameter
                0x0010205c       0x64 /nfs/2015/r/rabougue/devkitPro/libctru/lib/libctru.a(apt.o)
                0x0010205c                APT_SendParameter
 .text.APT_SendCaptureBufferInfo
                0x001020c0       0x44 /nfs/2015/r/rabougue/devkitPro/libctru/lib/libctru.a(apt.o)
                0x001020c0                APT_SendCaptureBufferInfo
 .text.aptReturnToMenu
                0x00102104      0x264 /nfs/2015/r/rabougue/devkitPro/libctru/lib/libctru.a(apt.o)
                0x00102104                aptReturnToMenu
 .text.APT_ReplySleepQuery
                0x00102368       0x38 /nfs/2015/r/rabougue/devkitPro/libctru/lib/libctru.a(apt.o)
                0x00102368                APT_ReplySleepQuery
 .text.APT_ReplySleepNotificationComplete
                0x001023a0       0x34 /nfs/2015/r/rabougue/devkitPro/libctru/lib/libctru.a(apt.o)
                0x001023a0                APT_ReplySleepNotificationComplete
 .text.aptEventHandler
                0x001023d4      0x3f4 /nfs/2015/r/rabougue/devkitPro/libctru/lib/libctru.a(apt.o)
                0x001023d4                aptEventHandler
 .text.APT_PrepareToCloseApplication
                0x001027c8       0x34 /nfs/2015/r/rabougue/devkitPro/libctru/lib/libctru.a(apt.o)
                0x001027c8                APT_PrepareToCloseApplication
 .text.APT_CloseApplication
                0x001027fc       0x50 /nfs/2015/r/rabougue/devkitPro/libctru/lib/libctru.a(apt.o)
                0x001027fc                APT_CloseApplication
 .text.aptExit  0x0010284c      0x2d0 /nfs/2015/r/rabougue/devkitPro/libctru/lib/libctru.a(apt.o)
                0x0010284c                aptExit
 .text.APT_CheckNew3DS_System
                0x00102b1c       0x6c /nfs/2015/r/rabougue/devkitPro/libctru/lib/libctru.a(apt.o)
                0x00102b1c                APT_CheckNew3DS_System
 .text.APT_CheckNew3DS
                0x00102b88       0x8c /nfs/2015/r/rabougue/devkitPro/libctru/lib/libctru.a(apt.o)
                0x00102b88                APT_CheckNew3DS
 .text.APT_StartLibraryApplet
                0x00102c14       0x54 /nfs/2015/r/rabougue/devkitPro/libctru/lib/libctru.a(apt.o)
                0x00102c14                APT_StartLibraryApplet
 .text.aptAppletStarted
                0x00102c68      0x174 /nfs/2015/r/rabougue/devkitPro/libctru/lib/libctru.a(apt.o)
                0x00102c68                aptAppletStarted
 .text.aptMainLoop
                0x00102ddc      0x1a4 /nfs/2015/r/rabougue/devkitPro/libctru/lib/libctru.a(apt.o)
                0x00102ddc                aptMainLoop
 .text.gspEventThreadMain
                0x00102f80      0x124 /nfs/2015/r/rabougue/devkitPro/libctru/lib/libctru.a(gspgpu.o)
 .text.gspInit  0x001030a4       0x74 /nfs/2015/r/rabougue/devkitPro/libctru/lib/libctru.a(gspgpu.o)
                0x001030a4                gspInit
 .text.gspExit  0x00103118       0x3c /nfs/2015/r/rabougue/devkitPro/libctru/lib/libctru.a(gspgpu.o)
                0x00103118                gspExit
 .text.gspInitEventHandler
                0x00103154       0xd0 /nfs/2015/r/rabougue/devkitPro/libctru/lib/libctru.a(gspgpu.o)
                0x00103154                gspInitEventHandler
 .text.gspExitEventHandler
                0x00103224       0x5c /nfs/2015/r/rabougue/devkitPro/libctru/lib/libctru.a(gspgpu.o)
                0x00103224                gspExitEventHandler
 .text.gspWaitForEvent
                0x00103280       0x58 /nfs/2015/r/rabougue/devkitPro/libctru/lib/libctru.a(gspgpu.o)
                0x00103280                gspWaitForEvent
 .text.GSPGPU_SetBufferSwap
                0x001032d8       0x6c /nfs/2015/r/rabougue/devkitPro/libctru/lib/libctru.a(gspgpu.o)
                0x001032d8                GSPGPU_SetBufferSwap
 .text.GSPGPU_FlushDataCache
                0x00103344       0x4c /nfs/2015/r/rabougue/devkitPro/libctru/lib/libctru.a(gspgpu.o)
                0x00103344                GSPGPU_FlushDataCache
 .text.GSPGPU_SetLcdForceBlack
                0x00103390       0x34 /nfs/2015/r/rabougue/devkitPro/libctru/lib/libctru.a(gspgpu.o)
                0x00103390                GSPGPU_SetLcdForceBlack
 .text.GSPGPU_RegisterInterruptRelayQueue
                0x001033c4       0x64 /nfs/2015/r/rabougue/devkitPro/libctru/lib/libctru.a(gspgpu.o)
                0x001033c4                GSPGPU_RegisterInterruptRelayQueue
 .text.GSPGPU_UnregisterInterruptRelayQueue
                0x00103428       0x2c /nfs/2015/r/rabougue/devkitPro/libctru/lib/libctru.a(gspgpu.o)
                0x00103428                GSPGPU_UnregisterInterruptRelayQueue
 .text.GSPGPU_AcquireRight
                0x00103454       0x48 /nfs/2015/r/rabougue/devkitPro/libctru/lib/libctru.a(gspgpu.o)
                0x00103454                GSPGPU_AcquireRight
 .text.GSPGPU_ReleaseRight
                0x0010349c       0x2c /nfs/2015/r/rabougue/devkitPro/libctru/lib/libctru.a(gspgpu.o)
                0x0010349c                GSPGPU_ReleaseRight
 .text.GSPGPU_ImportDisplayCaptureInfo
                0x001034c8       0x80 /nfs/2015/r/rabougue/devkitPro/libctru/lib/libctru.a(gspgpu.o)
                0x001034c8                GSPGPU_ImportDisplayCaptureInfo
 .text.GSPGPU_SaveVramSysArea
                0x00103548       0x2c /nfs/2015/r/rabougue/devkitPro/libctru/lib/libctru.a(gspgpu.o)
                0x00103548                GSPGPU_SaveVramSysArea
 .text.GSPGPU_RestoreVramSysArea
                0x00103574       0x2c /nfs/2015/r/rabougue/devkitPro/libctru/lib/libctru.a(gspgpu.o)
                0x00103574                GSPGPU_RestoreVramSysArea
 .text.hidExit  0x001035a0       0xd8 /nfs/2015/r/rabougue/devkitPro/libctru/lib/libctru.a(hid.o)
                0x001035a0                hidExit
 .text.hidScanInput
                0x00103678      0x238 /nfs/2015/r/rabougue/devkitPro/libctru/lib/libctru.a(hid.o)
                0x00103678                hidScanInput
 .text.hidKeysDown
                0x001038b0       0x10 /nfs/2015/r/rabougue/devkitPro/libctru/lib/libctru.a(hid.o)
                0x001038b0                hidKeysDown
 .text.HIDUSER_GetHandles
                0x001038c0       0x90 /nfs/2015/r/rabougue/devkitPro/libctru/lib/libctru.a(hid.o)
                0x001038c0                HIDUSER_GetHandles
 .text.hidInit  0x00103950      0x184 /nfs/2015/r/rabougue/devkitPro/libctru/lib/libctru.a(hid.o)
                0x00103950                hidInit
 .text.irrstScanInput
                0x00103ad4       0xb0 /nfs/2015/r/rabougue/devkitPro/libctru/lib/libctru.a(irrst.o)
                0x00103ad4                irrstScanInput
 .text.irrstKeysHeld
                0x00103b84       0x1c /nfs/2015/r/rabougue/devkitPro/libctru/lib/libctru.a(irrst.o)
                0x00103b84                irrstKeysHeld
 .text.IRRST_GetHandles
                0x00103ba0       0x50 /nfs/2015/r/rabougue/devkitPro/libctru/lib/libctru.a(irrst.o)
                0x00103ba0                IRRST_GetHandles
 .text.irrstInit
                0x00103bf0      0x148 /nfs/2015/r/rabougue/devkitPro/libctru/lib/libctru.a(irrst.o)
                0x00103bf0                irrstInit
 .text.IRRST_Shutdown
                0x00103d38       0x2c /nfs/2015/r/rabougue/devkitPro/libctru/lib/libctru.a(irrst.o)
                0x00103d38                IRRST_Shutdown
 .text.irrstExit
                0x00103d64       0xb0 /nfs/2015/r/rabougue/devkitPro/libctru/lib/libctru.a(irrst.o)
                0x00103d64                irrstExit
 .text.__system_initArgv
                0x00103e14       0xf4 /nfs/2015/r/rabougue/devkitPro/libctru/lib/libctru.a(initArgv.o)
                0x00103e14                __system_initArgv
 .text.__libctru_init
                0x00103f08       0x38 /nfs/2015/r/rabougue/devkitPro/libctru/lib/libctru.a(initSystem.o)
                0x00103f08                __libctru_init
 .text.__ctru_get_reent
                0x00103f40       0x30 /nfs/2015/r/rabougue/devkitPro/libctru/lib/libctru.a(syscalls.o)
 .text.__system_initSyscalls
                0x00103f70       0xe8 /nfs/2015/r/rabougue/devkitPro/libctru/lib/libctru.a(syscalls.o)
                0x00103f70                __system_initSyscalls
 .text.svcControlMemory
                0x00104058       0x20 /nfs/2015/r/rabougue/devkitPro/libctru/lib/libctru.a(svc.o)
                0x00104058                svcControlMemory
 .text.svcExitProcess
                0x00104078        0x8 /nfs/2015/r/rabougue/devkitPro/libctru/lib/libctru.a(svc.o)
                0x00104078                svcExitProcess
 .text.svcCreateThread
                0x00104080       0x20 /nfs/2015/r/rabougue/devkitPro/libctru/lib/libctru.a(svc.o)
                0x00104080                svcCreateThread
 .text.svcExitThread
                0x001040a0        0x8 /nfs/2015/r/rabougue/devkitPro/libctru/lib/libctru.a(svc.o)
                0x001040a0                svcExitThread
 .text.svcCreateEvent
                0x001040a8       0x14 /nfs/2015/r/rabougue/devkitPro/libctru/lib/libctru.a(svc.o)
                0x001040a8                svcCreateEvent
 .text.svcSignalEvent
                0x001040bc        0x8 /nfs/2015/r/rabougue/devkitPro/libctru/lib/libctru.a(svc.o)
                0x001040bc                svcSignalEvent
 .text.svcClearEvent
                0x001040c4        0x8 /nfs/2015/r/rabougue/devkitPro/libctru/lib/libctru.a(svc.o)
                0x001040c4                svcClearEvent
 .text.svcMapMemoryBlock
                0x001040cc        0x8 /nfs/2015/r/rabougue/devkitPro/libctru/lib/libctru.a(svc.o)
                0x001040cc                svcMapMemoryBlock
 .text.svcUnmapMemoryBlock
                0x001040d4        0x8 /nfs/2015/r/rabougue/devkitPro/libctru/lib/libctru.a(svc.o)
                0x001040d4                svcUnmapMemoryBlock
 .text.svcCreateAddressArbiter
                0x001040dc       0x14 /nfs/2015/r/rabougue/devkitPro/libctru/lib/libctru.a(svc.o)
                0x001040dc                svcCreateAddressArbiter
 .text.svcArbitrateAddress
                0x001040f0       0x18 /nfs/2015/r/rabougue/devkitPro/libctru/lib/libctru.a(svc.o)
                0x001040f0                svcArbitrateAddress
 .text.svcCloseHandle
                0x00104108        0x8 /nfs/2015/r/rabougue/devkitPro/libctru/lib/libctru.a(svc.o)
                0x00104108                svcCloseHandle
 .text.svcWaitSynchronization
                0x00104110        0x8 /nfs/2015/r/rabougue/devkitPro/libctru/lib/libctru.a(svc.o)
                0x00104110                svcWaitSynchronization
 .text.svcWaitSynchronizationN
                0x00104118       0x28 /nfs/2015/r/rabougue/devkitPro/libctru/lib/libctru.a(svc.o)
                0x00104118                svcWaitSynchronizationN
 .text.svcDuplicateHandle
                0x00104140       0x14 /nfs/2015/r/rabougue/devkitPro/libctru/lib/libctru.a(svc.o)
                0x00104140                svcDuplicateHandle
 .text.svcGetSystemTick
                0x00104154        0x8 /nfs/2015/r/rabougue/devkitPro/libctru/lib/libctru.a(svc.o)
                0x00104154                svcGetSystemTick
 .text.svcGetSystemInfo
                0x0010415c       0x18 /nfs/2015/r/rabougue/devkitPro/libctru/lib/libctru.a(svc.o)
                0x0010415c                svcGetSystemInfo
 .text.svcConnectToPort
                0x00104174       0x14 /nfs/2015/r/rabougue/devkitPro/libctru/lib/libctru.a(svc.o)
                0x00104174                svcConnectToPort
 .text.svcSendSyncRequest
                0x00104188        0x8 /nfs/2015/r/rabougue/devkitPro/libctru/lib/libctru.a(svc.o)
                0x00104188                svcSendSyncRequest
 .text.svcBreak
                0x00104190        0x8 /nfs/2015/r/rabougue/devkitPro/libctru/lib/libctru.a(svc.o)
                0x00104190                svcBreak
 .text._ZL21addrMapNodeComparatorPK11rbtree_nodeS1_
                0x00104198       0x24 /nfs/2015/r/rabougue/devkitPro/libctru/lib/libctru.a(linear.o)
 .text._ZL21addrMapNodeDestructorP11rbtree_node
                0x001041bc        0x4 /nfs/2015/r/rabougue/devkitPro/libctru/lib/libctru.a(linear.o)
 .text.linearMemAlign
                0x001041c0      0x140 /nfs/2015/r/rabougue/devkitPro/libctru/lib/libctru.a(linear.o)
                0x001041c0                linearMemAlign
 .text.linearAlloc
                0x00104300        0x8 /nfs/2015/r/rabougue/devkitPro/libctru/lib/libctru.a(linear.o)
                0x00104300                linearAlloc
 .text.linearFree
                0x00104308       0x50 /nfs/2015/r/rabougue/devkitPro/libctru/lib/libctru.a(linear.o)
                0x00104308                linearFree
 .text._ZL21addrMapNodeComparatorPK11rbtree_nodeS1_
                0x00104358       0x24 /nfs/2015/r/rabougue/devkitPro/libctru/lib/libctru.a(mappable.o)
 .text._ZL21addrMapNodeDestructorP11rbtree_node
                0x0010437c        0x4 /nfs/2015/r/rabougue/devkitPro/libctru/lib/libctru.a(mappable.o)
 .text.mappableAlloc
                0x00104380       0xf4 /nfs/2015/r/rabougue/devkitPro/libctru/lib/libctru.a(mappable.o)
                0x00104380                mappableAlloc
 .text.mappableFree
                0x00104474       0x50 /nfs/2015/r/rabougue/devkitPro/libctru/lib/libctru.a(mappable.o)
                0x00104474                mappableFree
 .text._ZN7MemPool13CoalesceRightEP8MemBlock
                0x001044c4       0xa0 /nfs/2015/r/rabougue/devkitPro/libctru/lib/libctru.a(mem_pool.o)
                0x001044c4                MemPool::CoalesceRight(MemBlock*)
 .text._ZN7MemPool8AllocateER8MemChunkmi
                0x00104564      0x18c /nfs/2015/r/rabougue/devkitPro/libctru/lib/libctru.a(mem_pool.o)
                0x00104564                MemPool::Allocate(MemChunk&, unsigned long, int)
 .text._ZN7MemPool10DeallocateERK8MemChunk
                0x001046f0      0x104 /nfs/2015/r/rabougue/devkitPro/libctru/lib/libctru.a(mem_pool.o)
                0x001046f0                MemPool::Deallocate(MemChunk const&)
 .text._ZL21addrMapNodeComparatorPK11rbtree_nodeS1_
                0x001047f4       0x24 /nfs/2015/r/rabougue/devkitPro/libctru/lib/libctru.a(vram.o)
 .text._ZL21addrMapNodeDestructorP11rbtree_node
                0x00104818        0x4 /nfs/2015/r/rabougue/devkitPro/libctru/lib/libctru.a(vram.o)
 .text.vramMemAlign
                0x0010481c      0x130 /nfs/2015/r/rabougue/devkitPro/libctru/lib/libctru.a(vram.o)
                0x0010481c                vramMemAlign
 .text.vramAlloc
                0x0010494c        0x8 /nfs/2015/r/rabougue/devkitPro/libctru/lib/libctru.a(vram.o)
                0x0010494c                vramAlloc
 .text.vramFree
                0x00104954       0x50 /nfs/2015/r/rabougue/devkitPro/libctru/lib/libctru.a(vram.o)
                0x00104954                vramFree
 .text.envGetHandle
                0x001049a4       0x94 /nfs/2015/r/rabougue/devkitPro/libctru/lib/libctru.a(env.o)
                0x001049a4                envGetHandle
 .text.envDestroyHandles
                0x00104a38       0x4c /nfs/2015/r/rabougue/devkitPro/libctru/lib/libctru.a(env.o)
                0x00104a38                envDestroyHandles
 .text.getSysTime
                0x00104a84       0x58 /nfs/2015/r/rabougue/devkitPro/libctru/lib/libctru.a(os.o)
 .text.osGetMemRegionUsed
                0x00104adc       0x24 /nfs/2015/r/rabougue/devkitPro/libctru/lib/libctru.a(os.o)
                0x00104adc                osGetMemRegionUsed
 .text.__libctru_gtod
                0x00104b00       0xf8 /nfs/2015/r/rabougue/devkitPro/libctru/lib/libctru.a(os.o)
                0x00104b00                __libctru_gtod
 .text.__ctru_speedup_config
                0x00104bf8       0x34 /nfs/2015/r/rabougue/devkitPro/libctru/lib/libctru.a(os.o)
                0x00104bf8                __ctru_speedup_config
 .text.srvExit  0x00104c2c       0x50 /nfs/2015/r/rabougue/devkitPro/libctru/lib/libctru.a(srv.o)
                0x00104c2c                srvExit
 .text.srvRegisterClient
                0x00104c7c       0x38 /nfs/2015/r/rabougue/devkitPro/libctru/lib/libctru.a(srv.o)
                0x00104c7c                srvRegisterClient
 .text.srvInit  0x00104cb4       0x70 /nfs/2015/r/rabougue/devkitPro/libctru/lib/libctru.a(srv.o)
                0x00104cb4                srvInit
 .text.srvGetServiceHandleDirect
                0x00104d24       0x68 /nfs/2015/r/rabougue/devkitPro/libctru/lib/libctru.a(srv.o)
                0x00104d24                srvGetServiceHandleDirect
 .text.srvGetServiceHandle
                0x00104d8c       0x38 /nfs/2015/r/rabougue/devkitPro/libctru/lib/libctru.a(srv.o)
                0x00104d8c                srvGetServiceHandle
 .text.LightLock_Unlock.part.1
                0x00104dc4       0x34 /nfs/2015/r/rabougue/devkitPro/libctru/lib/libctru.a(synchronization.o)
 .text.__sync_init
                0x00104df8        0xc /nfs/2015/r/rabougue/devkitPro/libctru/lib/libctru.a(synchronization.o)
                0x00104df8                __sync_init
 .text.__sync_fini
                0x00104e04       0x18 /nfs/2015/r/rabougue/devkitPro/libctru/lib/libctru.a(synchronization.o)
                0x00104e04                __sync_fini
 .text.LightLock_Init
                0x00104e1c       0x18 /nfs/2015/r/rabougue/devkitPro/libctru/lib/libctru.a(synchronization.o)
                0x00104e1c                LightLock_Init
 .text.LightLock_Lock
                0x00104e34       0x94 /nfs/2015/r/rabougue/devkitPro/libctru/lib/libctru.a(synchronization.o)
                0x00104e34                LightLock_Lock
 .text.LightLock_TryLock
                0x00104ec8       0x34 /nfs/2015/r/rabougue/devkitPro/libctru/lib/libctru.a(synchronization.o)
                0x00104ec8                LightLock_TryLock
 .text.LightLock_Unlock
                0x00104efc       0x20 /nfs/2015/r/rabougue/devkitPro/libctru/lib/libctru.a(synchronization.o)
                0x00104efc                LightLock_Unlock
 .text.RecursiveLock_Init
                0x00104f1c       0x24 /nfs/2015/r/rabougue/devkitPro/libctru/lib/libctru.a(synchronization.o)
                0x00104f1c                RecursiveLock_Init
 .text.RecursiveLock_Lock
                0x00104f40       0x30 /nfs/2015/r/rabougue/devkitPro/libctru/lib/libctru.a(synchronization.o)
                0x00104f40                RecursiveLock_Lock
 .text.RecursiveLock_TryLock
                0x00104f70       0x58 /nfs/2015/r/rabougue/devkitPro/libctru/lib/libctru.a(synchronization.o)
                0x00104f70                RecursiveLock_TryLock
 .text.RecursiveLock_Unlock
                0x00104fc8       0x38 /nfs/2015/r/rabougue/devkitPro/libctru/lib/libctru.a(synchronization.o)
                0x00104fc8                RecursiveLock_Unlock
 .text.threadCreate
                0x00105000      0x1c8 /nfs/2015/r/rabougue/devkitPro/libctru/lib/libctru.a(thread.o)
                0x00105000                threadCreate
 .text.threadJoin
                0x001051c8       0x24 /nfs/2015/r/rabougue/devkitPro/libctru/lib/libctru.a(thread.o)
                0x001051c8                threadJoin
 .text.threadExit
                0x001051ec       0x6c /nfs/2015/r/rabougue/devkitPro/libctru/lib/libctru.a(thread.o)
                0x001051ec                threadExit
 .text._thread_begin
                0x00105258       0x3c /nfs/2015/r/rabougue/devkitPro/libctru/lib/libctru.a(thread.o)
 .text.ptmSysmInit
                0x00105294       0x70 /nfs/2015/r/rabougue/devkitPro/libctru/lib/libctru.a(ptmsysm.o)
                0x00105294                ptmSysmInit
 .text.ptmSysmExit
                0x00105304       0x34 /nfs/2015/r/rabougue/devkitPro/libctru/lib/libctru.a(ptmsysm.o)
                0x00105304                ptmSysmExit
 .text.PTMSYSM_ConfigureNew3DSCPU
                0x00105338       0x34 /nfs/2015/r/rabougue/devkitPro/libctru/lib/libctru.a(ptmsysm.o)
                0x00105338                PTMSYSM_ConfigureNew3DSCPU
 .text.rbtree_find
                0x0010536c       0x70 /nfs/2015/r/rabougue/devkitPro/libctru/lib/libctru.a(rbtree_find.o)
                0x0010536c                rbtree_find
 .text.rbtree_init
                0x001053dc       0x14 /nfs/2015/r/rabougue/devkitPro/libctru/lib/libctru.a(rbtree_init.o)
                0x001053dc                rbtree_init
 .text.do_insert
                0x001053f0      0x1d4 /nfs/2015/r/rabougue/devkitPro/libctru/lib/libctru.a(rbtree_insert.o)
 .text.rbtree_insert
                0x001055c4        0x8 /nfs/2015/r/rabougue/devkitPro/libctru/lib/libctru.a(rbtree_insert.o)
                0x001055c4                rbtree_insert
 .text.rbtree_remove
                0x001055cc      0x35c /nfs/2015/r/rabougue/devkitPro/libctru/lib/libctru.a(rbtree_remove.o)
                0x001055cc                rbtree_remove
 .text.rbtree_rotate
                0x00105928       0xac /nfs/2015/r/rabougue/devkitPro/libctru/lib/libctru.a(rbtree_rotate.o)
                0x00105928                rbtree_rotate
 .text.osGetMemRegionSize
                0x001059d4       0x58 /nfs/2015/r/rabougue/devkitPro/libctru/lib/libctru.a(allocateHeaps.o)
 .text.__system_allocateHeaps
                0x00105a2c      0x124 /nfs/2015/r/rabougue/devkitPro/libctru/lib/libctru.a(allocateHeaps.o)
                0x00105a2c                __system_allocateHeaps
 .text.__appExit
                0x00105b50       0x1c /nfs/2015/r/rabougue/devkitPro/libctru/lib/libctru.a(appExit.o)
                0x00105b50                __appExit
 .text.__appInit
                0x00105b6c       0x1c /nfs/2015/r/rabougue/devkitPro/libctru/lib/libctru.a(appInit.o)
                0x00105b6c                __appInit
 .text.__libctru_exit
                0x00105b88       0xa4 /nfs/2015/r/rabougue/devkitPro/libctru/lib/libctru.a(ctru_exit.o)
                0x00105b88                __libctru_exit
 .text.sdmc_link
                0x00105c2c       0x10 /nfs/2015/r/rabougue/devkitPro/libctru/lib/libctru.a(sdmc_dev.o)
 .text.sdmc_dirreset
                0x00105c3c       0x10 /nfs/2015/r/rabougue/devkitPro/libctru/lib/libctru.a(sdmc_dev.o)
 .text.sdmc_chmod
                0x00105c4c       0x10 /nfs/2015/r/rabougue/devkitPro/libctru/lib/libctru.a(sdmc_dev.o)
 .text.sdmc_fchmod
                0x00105c5c       0x10 /nfs/2015/r/rabougue/devkitPro/libctru/lib/libctru.a(sdmc_dev.o)
 .text.error_cmp
                0x00105c6c       0x24 /nfs/2015/r/rabougue/devkitPro/libctru/lib/libctru.a(sdmc_dev.o)
 .text.sdmc_translate_error
                0x00105c90       0x50 /nfs/2015/r/rabougue/devkitPro/libctru/lib/libctru.a(sdmc_dev.o)
 .text.sdmc_fsync
                0x00105ce0       0x34 /nfs/2015/r/rabougue/devkitPro/libctru/lib/libctru.a(sdmc_dev.o)
 .text.sdmc_ftruncate
                0x00105d14       0x54 /nfs/2015/r/rabougue/devkitPro/libctru/lib/libctru.a(sdmc_dev.o)
 .text.sdmc_statvfs
                0x00105d68       0xac /nfs/2015/r/rabougue/devkitPro/libctru/lib/libctru.a(sdmc_dev.o)
 .text.sdmc_dirclose
                0x00105e14       0x38 /nfs/2015/r/rabougue/devkitPro/libctru/lib/libctru.a(sdmc_dev.o)
 .text.sdmc_dirnext
                0x00105e4c       0xe0 /nfs/2015/r/rabougue/devkitPro/libctru/lib/libctru.a(sdmc_dev.o)
 .text.sdmc_close
                0x00105f2c       0x34 /nfs/2015/r/rabougue/devkitPro/libctru/lib/libctru.a(sdmc_dev.o)
 .text.sdmc_fstat
                0x00105f60       0x74 /nfs/2015/r/rabougue/devkitPro/libctru/lib/libctru.a(sdmc_dev.o)
 .text.sdmc_seek
                0x00105fd4       0xc0 /nfs/2015/r/rabougue/devkitPro/libctru/lib/libctru.a(sdmc_dev.o)
 .text.sdmc_read
                0x00106094       0x8c /nfs/2015/r/rabougue/devkitPro/libctru/lib/libctru.a(sdmc_dev.o)
 .text.sdmc_write
                0x00106120      0x108 /nfs/2015/r/rabougue/devkitPro/libctru/lib/libctru.a(sdmc_dev.o)
 .text.sdmc_utf16path
                0x00106228      0x1b4 /nfs/2015/r/rabougue/devkitPro/libctru/lib/libctru.a(sdmc_dev.o)
 .text.sdmc_rmdir
                0x001063dc       0x80 /nfs/2015/r/rabougue/devkitPro/libctru/lib/libctru.a(sdmc_dev.o)
 .text.sdmc_diropen
                0x0010645c       0x9c /nfs/2015/r/rabougue/devkitPro/libctru/lib/libctru.a(sdmc_dev.o)
 .text.sdmc_chdir
                0x001064f8       0xa8 /nfs/2015/r/rabougue/devkitPro/libctru/lib/libctru.a(sdmc_dev.o)
 .text.sdmc_mkdir
                0x001065a0       0x84 /nfs/2015/r/rabougue/devkitPro/libctru/lib/libctru.a(sdmc_dev.o)
 .text.sdmc_rename
                0x00106624      0x138 /nfs/2015/r/rabougue/devkitPro/libctru/lib/libctru.a(sdmc_dev.o)
 .text.sdmc_unlink
                0x0010675c       0x80 /nfs/2015/r/rabougue/devkitPro/libctru/lib/libctru.a(sdmc_dev.o)
 .text.sdmc_stat
                0x001067dc      0x120 /nfs/2015/r/rabougue/devkitPro/libctru/lib/libctru.a(sdmc_dev.o)
 .text.sdmc_open
                0x001068fc      0x1ac /nfs/2015/r/rabougue/devkitPro/libctru/lib/libctru.a(sdmc_dev.o)
 .text.sdmcInit
                0x00106aa8      0x134 /nfs/2015/r/rabougue/devkitPro/libctru/lib/libctru.a(sdmc_dev.o)
                0x00106aa8                sdmcInit
 .text.sdmcExit
                0x00106bdc       0x50 /nfs/2015/r/rabougue/devkitPro/libctru/lib/libctru.a(sdmc_dev.o)
                0x00106bdc                sdmcExit
 .text.fsInit   0x00106c2c       0xc8 /nfs/2015/r/rabougue/devkitPro/libctru/lib/libctru.a(fs.o)
                0x00106c2c                fsInit
 .text.fsExit   0x00106cf4       0x34 /nfs/2015/r/rabougue/devkitPro/libctru/lib/libctru.a(fs.o)
                0x00106cf4                fsExit
 .text.FSUSER_OpenFile
                0x00106d28       0xdc /nfs/2015/r/rabougue/devkitPro/libctru/lib/libctru.a(fs.o)
                0x00106d28                FSUSER_OpenFile
 .text.FSUSER_DeleteFile
                0x00106e04       0xb8 /nfs/2015/r/rabougue/devkitPro/libctru/lib/libctru.a(fs.o)
                0x00106e04                FSUSER_DeleteFile
 .text.FSUSER_RenameFile
                0x00106ebc       0xf4 /nfs/2015/r/rabougue/devkitPro/libctru/lib/libctru.a(fs.o)
                0x00106ebc                FSUSER_RenameFile
 .text.FSUSER_DeleteDirectory
                0x00106fb0       0xb8 /nfs/2015/r/rabougue/devkitPro/libctru/lib/libctru.a(fs.o)
                0x00106fb0                FSUSER_DeleteDirectory
 .text.FSUSER_CreateFile
                0x00107068       0xd0 /nfs/2015/r/rabougue/devkitPro/libctru/lib/libctru.a(fs.o)
                0x00107068                FSUSER_CreateFile
 .text.FSUSER_CreateDirectory
                0x00107138       0xc0 /nfs/2015/r/rabougue/devkitPro/libctru/lib/libctru.a(fs.o)
                0x00107138                FSUSER_CreateDirectory
 .text.FSUSER_RenameDirectory
                0x001071f8       0xf4 /nfs/2015/r/rabougue/devkitPro/libctru/lib/libctru.a(fs.o)
                0x001071f8                FSUSER_RenameDirectory
 .text.FSUSER_OpenDirectory
                0x001072ec       0xc4 /nfs/2015/r/rabougue/devkitPro/libctru/lib/libctru.a(fs.o)
                0x001072ec                FSUSER_OpenDirectory
 .text.FSUSER_OpenArchive
                0x001073b0       0xbc /nfs/2015/r/rabougue/devkitPro/libctru/lib/libctru.a(fs.o)
                0x001073b0                FSUSER_OpenArchive
 .text.FSUSER_CloseArchive
                0x0010746c       0x88 /nfs/2015/r/rabougue/devkitPro/libctru/lib/libctru.a(fs.o)
                0x0010746c                FSUSER_CloseArchive
 .text.FSUSER_GetSdmcArchiveResource
                0x001074f4       0x8c /nfs/2015/r/rabougue/devkitPro/libctru/lib/libctru.a(fs.o)
                0x001074f4                FSUSER_GetSdmcArchiveResource
 .text.FSUSER_IsSdmcWritable
                0x00107580       0x64 /nfs/2015/r/rabougue/devkitPro/libctru/lib/libctru.a(fs.o)
                0x00107580                FSUSER_IsSdmcWritable
 .text.FSFILE_Read
                0x001075e4       0x5c /nfs/2015/r/rabougue/devkitPro/libctru/lib/libctru.a(fs.o)
                0x001075e4                FSFILE_Read
 .text.FSFILE_Write
                0x00107640       0x64 /nfs/2015/r/rabougue/devkitPro/libctru/lib/libctru.a(fs.o)
                0x00107640                FSFILE_Write
 .text.FSFILE_GetSize
                0x001076a4       0x3c /nfs/2015/r/rabougue/devkitPro/libctru/lib/libctru.a(fs.o)
                0x001076a4                FSFILE_GetSize
 .text.FSFILE_SetSize
                0x001076e0       0x2c /nfs/2015/r/rabougue/devkitPro/libctru/lib/libctru.a(fs.o)
                0x001076e0                FSFILE_SetSize
 .text.FSFILE_Close
                0x0010770c       0x3c /nfs/2015/r/rabougue/devkitPro/libctru/lib/libctru.a(fs.o)
                0x0010770c                FSFILE_Close
 .text.FSFILE_Flush
                0x00107748       0x24 /nfs/2015/r/rabougue/devkitPro/libctru/lib/libctru.a(fs.o)
                0x00107748                FSFILE_Flush
 .text.FSDIR_Read
                0x0010776c       0x54 /nfs/2015/r/rabougue/devkitPro/libctru/lib/libctru.a(fs.o)
                0x0010776c                FSDIR_Read
 .text.FSDIR_Close
                0x001077c0       0x3c /nfs/2015/r/rabougue/devkitPro/libctru/lib/libctru.a(fs.o)
                0x001077c0                FSDIR_Close
 .text.rbtree_node_next
                0x001077fc       0x8c /nfs/2015/r/rabougue/devkitPro/libctru/lib/libctru.a(rbtree_iterator.o)
                0x001077fc                rbtree_node_next
 .text.decode_utf8
                0x00107888      0x138 /nfs/2015/r/rabougue/devkitPro/libctru/lib/libctru.a(decode_utf8.o)
                0x00107888                decode_utf8
 .text.utf16_to_utf8
                0x001079c0       0xe4 /nfs/2015/r/rabougue/devkitPro/libctru/lib/libctru.a(utf16_to_utf8.o)
                0x001079c0                utf16_to_utf8
 .text.utf8_to_utf16
                0x00107aa4       0xbc /nfs/2015/r/rabougue/devkitPro/libctru/lib/libctru.a(utf8_to_utf16.o)
                0x00107aa4                utf8_to_utf16
 .text.__aeabi_read_tp
                0x00107b60        0xc /nfs/2015/r/rabougue/devkitPro/libctru/lib/libctru.a(readtp.o)
                0x00107b60                __aeabi_read_tp
 .text.decode_utf16
                0x00107b6c       0x60 /nfs/2015/r/rabougue/devkitPro/libctru/lib/libctru.a(decode_utf16.o)
                0x00107b6c                decode_utf16
 .text.encode_utf16
                0x00107bcc       0x68 /nfs/2015/r/rabougue/devkitPro/libctru/lib/libctru.a(encode_utf16.o)
                0x00107bcc                encode_utf16
 .text.encode_utf8
                0x00107c34      0x104 /nfs/2015/r/rabougue/devkitPro/libctru/lib/libctru.a(encode_utf8.o)
                0x00107c34                encode_utf8
 .text.bsearch  0x00107d38       0x78 /nfs/2015/r/rabougue/devkitPro/devkitARM/bin/../lib/gcc/arm-none-eabi/5.3.0/../../../../arm-none-eabi/lib/armv6k/fpu/libg.a(lib_a-bsearch.o)
                0x00107d38                bsearch
 .text.__libc_fini_array
                0x00107db0       0x3c /nfs/2015/r/rabougue/devkitPro/devkitARM/bin/../lib/gcc/arm-none-eabi/5.3.0/../../../../arm-none-eabi/lib/armv6k/fpu/libg.a(lib_a-fini.o)
                0x00107db0                __libc_fini_array
 .text.__libc_init_array
                0x00107dec       0x78 /nfs/2015/r/rabougue/devkitPro/devkitARM/bin/../lib/gcc/arm-none-eabi/5.3.0/../../../../arm-none-eabi/lib/armv6k/fpu/libg.a(lib_a-init.o)
                0x00107dec                __libc_init_array
 .text.memalign
                0x00107e64       0x20 /nfs/2015/r/rabougue/devkitPro/devkitARM/bin/../lib/gcc/arm-none-eabi/5.3.0/../../../../arm-none-eabi/lib/armv6k/fpu/libg.a(lib_a-malign.o)
                0x00107e64                memalign
 .text._memalign_r
                0x00107e84      0x15c /nfs/2015/r/rabougue/devkitPro/devkitARM/bin/../lib/gcc/arm-none-eabi/5.3.0/../../../../arm-none-eabi/lib/armv6k/fpu/libg.a(lib_a-malignr.o)
                0x00107e84                _memalign_r
 .text.malloc   0x00107fe0       0x18 /nfs/2015/r/rabougue/devkitPro/devkitARM/bin/../lib/gcc/arm-none-eabi/5.3.0/../../../../arm-none-eabi/lib/armv6k/fpu/libg.a(lib_a-malloc.o)
                0x00107fe0                malloc
 .text.free     0x00107ff8       0x18 /nfs/2015/r/rabougue/devkitPro/devkitARM/bin/../lib/gcc/arm-none-eabi/5.3.0/../../../../arm-none-eabi/lib/armv6k/fpu/libg.a(lib_a-malloc.o)
                0x00107ff8                free
 .text._malloc_r
                0x00108010      0x7a8 /nfs/2015/r/rabougue/devkitPro/devkitARM/bin/../lib/gcc/arm-none-eabi/5.3.0/../../../../arm-none-eabi/lib/armv6k/fpu/libg.a(lib_a-mallocr.o)
                0x00108010                _malloc_r
 .text.memcpy   0x001087b8       0xf0 /nfs/2015/r/rabougue/devkitPro/devkitARM/bin/../lib/gcc/arm-none-eabi/5.3.0/../../../../arm-none-eabi/lib/armv6k/fpu/libg.a(lib_a-memcpy.o)
                0x001087b8                memcpy
 .text.memset   0x001088a8       0xf4 /nfs/2015/r/rabougue/devkitPro/devkitARM/bin/../lib/gcc/arm-none-eabi/5.3.0/../../../../arm-none-eabi/lib/armv6k/fpu/libg.a(lib_a-memset.o)
                0x001088a8                memset
 .text.__malloc_lock
                0x0010899c        0xc /nfs/2015/r/rabougue/devkitPro/devkitARM/bin/../lib/gcc/arm-none-eabi/5.3.0/../../../../arm-none-eabi/lib/armv6k/fpu/libg.a(lib_a-mlock.o)
                0x0010899c                __malloc_lock
 .text.__malloc_unlock
                0x001089a8        0xc /nfs/2015/r/rabougue/devkitPro/devkitARM/bin/../lib/gcc/arm-none-eabi/5.3.0/../../../../arm-none-eabi/lib/armv6k/fpu/libg.a(lib_a-mlock.o)
                0x001089a8                __malloc_unlock
 .text.strlen   0x001089b4       0x5c /nfs/2015/r/rabougue/devkitPro/devkitARM/bin/../lib/gcc/arm-none-eabi/5.3.0/../../../../arm-none-eabi/lib/armv6k/fpu/libg.a(lib_a-strlen.o)
                0x001089b4                strlen
 .text.strncat  0x00108a10       0xa4 /nfs/2015/r/rabougue/devkitPro/devkitARM/bin/../lib/gcc/arm-none-eabi/5.3.0/../../../../arm-none-eabi/lib/armv6k/fpu/libg.a(lib_a-strncat.o)
                0x00108a10                strncat
 .text.strncpy  0x00108ab4       0xe0 /nfs/2015/r/rabougue/devkitPro/devkitARM/bin/../lib/gcc/arm-none-eabi/5.3.0/../../../../arm-none-eabi/lib/armv6k/fpu/libg.a(lib_a-strncpy.o)
                0x00108ab4                strncpy
 .text._malloc_trim_r
                0x00108b94       0xf8 /nfs/2015/r/rabougue/devkitPro/devkitARM/bin/../lib/gcc/arm-none-eabi/5.3.0/../../../../arm-none-eabi/lib/armv6k/fpu/libg.a(lib_a-freer.o)
                0x00108b94                _malloc_trim_r
 .text._free_r  0x00108c8c      0x2e4 /nfs/2015/r/rabougue/devkitPro/devkitARM/bin/../lib/gcc/arm-none-eabi/5.3.0/../../../../arm-none-eabi/lib/armv6k/fpu/libg.a(lib_a-freer.o)
                0x00108c8c                _free_r
 .text.strchr   0x00108f70      0x15c /nfs/2015/r/rabougue/devkitPro/devkitARM/bin/../lib/gcc/arm-none-eabi/5.3.0/../../../../arm-none-eabi/lib/armv6k/fpu/libg.a(lib_a-strchr.o)
                0x00108f70                strchr
 .text.strncmp  0x001090cc      0x11c /nfs/2015/r/rabougue/devkitPro/devkitARM/bin/../lib/gcc/arm-none-eabi/5.3.0/../../../../arm-none-eabi/lib/armv6k/fpu/libg.a(lib_a-strncmp.o)
                0x001090cc                strncmp
 .text.strnlen  0x001091e8       0x5c /nfs/2015/r/rabougue/devkitPro/devkitARM/bin/../lib/gcc/arm-none-eabi/5.3.0/../../../../arm-none-eabi/lib/armv6k/fpu/libg.a(lib_a-strnlen.o)
                0x001091e8                strnlen
 .text.strrchr  0x00109244       0x44 /nfs/2015/r/rabougue/devkitPro/devkitARM/bin/../lib/gcc/arm-none-eabi/5.3.0/../../../../arm-none-eabi/lib/armv6k/fpu/libg.a(lib_a-strrchr.o)
                0x00109244                strrchr
 *(.glue_7)
 .glue_7        0x00109288        0x0 linker stubs
 *(.glue_7t)
 .glue_7t       0x00109288        0x0 linker stubs
 *(.stub)
 *(.gnu.warning)
 *(.gnu.linkonce.t*)
                0x00109288                . = ALIGN (0x4)
 *(.fini)
 .fini          0x00109288        0xc /nfs/2015/r/rabougue/devkitPro/devkitARM/bin/../lib/gcc/arm-none-eabi/5.3.0/armv6k/fpu/crti.o
                0x00109288                _fini
 .fini          0x00109294        0xc /nfs/2015/r/rabougue/devkitPro/devkitARM/bin/../lib/gcc/arm-none-eabi/5.3.0/armv6k/fpu/crtn.o
                0x001092a0                . = ALIGN (0x4)

.vfp11_veneer   0x001092a0        0x0
 .vfp11_veneer  0x001092a0        0x0 linker stubs

.v4_bx          0x001092a0        0x0
 .v4_bx         0x001092a0        0x0 linker stubs

.iplt           0x001092a0        0x0
 .iplt          0x001092a0        0x0 /nfs/2015/r/rabougue/devkitPro/devkitARM/bin/../lib/gcc/arm-none-eabi/5.3.0/../../../../arm-none-eabi/lib/armv6k/fpu/3dsx_crt0.o

.rodata         0x0010a000      0x244
 *(.rodata)
 .rodata        0x0010a000       0x1c /nfs/2015/r/rabougue/devkitPro/libctru/lib/libctru.a(gfx.o)
 .rodata        0x0010a01c        0xc /nfs/2015/r/rabougue/devkitPro/libctru/lib/libctru.a(apt.o)
 .rodata        0x0010a028       0x30 /nfs/2015/r/rabougue/devkitPro/libctru/lib/libctru.a(sdmc_dev.o)
 .rodata        0x0010a058       0x68 /nfs/2015/r/rabougue/devkitPro/devkitARM/bin/../lib/gcc/arm-none-eabi/5.3.0/../../../../arm-none-eabi/lib/armv6k/fpu/libsysbase.a(iosupport.o)
                0x0010a058                dotab_stdnull
 .rodata        0x0010a0c0        0xc /nfs/2015/r/rabougue/devkitPro/devkitARM/bin/../lib/gcc/arm-none-eabi/5.3.0/../../../../arm-none-eabi/lib/armv6k/fpu/libsysbase.a(chdir.o)
                0x0010a0c0                DIRECTORY_PARENT
                0x0010a0c4                DIRECTORY_THIS
                0x0010a0c8                DIRECTORY_SEPARATOR
 *(.roda)
 *(.rodata.*)
 .rodata.str1.4
                0x0010a0cc       0x16 /nfs/2015/r/rabougue/devkitPro/libctru/lib/libctru.a(apt.o)
                                 0x18 (size before relaxing)
 *fill*         0x0010a0e2        0x2 
 .rodata.str1.4
                0x0010a0e4        0x9 /nfs/2015/r/rabougue/devkitPro/libctru/lib/libctru.a(gspgpu.o)
                                  0xc (size before relaxing)
 *fill*         0x0010a0ed        0x3 
 .rodata.str1.4
                0x0010a0f0       0x15 /nfs/2015/r/rabougue/devkitPro/libctru/lib/libctru.a(hid.o)
                                 0x18 (size before relaxing)
 *fill*         0x0010a105        0x3 
 .rodata.str1.4
                0x0010a108        0x7 /nfs/2015/r/rabougue/devkitPro/libctru/lib/libctru.a(irrst.o)
                                  0x8 (size before relaxing)
 *fill*         0x0010a10f        0x1 
 .rodata.str1.4
                0x0010a110        0x5 /nfs/2015/r/rabougue/devkitPro/libctru/lib/libctru.a(srv.o)
                                  0x8 (size before relaxing)
 *fill*         0x0010a115        0x3 
 .rodata.str1.4
                0x0010a118        0x2 /nfs/2015/r/rabougue/devkitPro/libctru/lib/libctru.a(thread.o)
                                  0x4 (size before relaxing)
 *fill*         0x0010a11a        0x2 
 .rodata.str1.4
                0x0010a11c        0x9 /nfs/2015/r/rabougue/devkitPro/libctru/lib/libctru.a(ptmsysm.o)
                                  0xc (size before relaxing)
 *fill*         0x0010a125        0x3 
 .rodata.str1.4
                0x0010a128        0x5 /nfs/2015/r/rabougue/devkitPro/libctru/lib/libctru.a(sdmc_dev.o)
                                  0xc (size before relaxing)
 *fill*         0x0010a12d        0x3 
 .rodata.str1.4
                0x0010a130        0x8 /nfs/2015/r/rabougue/devkitPro/libctru/lib/libctru.a(fs.o)
                                  0xc (size before relaxing)
 .rodata.str1.4
                0x0010a138        0x4 /nfs/2015/r/rabougue/devkitPro/devkitARM/bin/../lib/gcc/arm-none-eabi/5.3.0/../../../../arm-none-eabi/lib/armv6k/fpu/libg.a(lib_a-impure.o)
 .rodata.str1.4
                0x0010a138        0x8 /nfs/2015/r/rabougue/devkitPro/devkitARM/bin/../lib/gcc/arm-none-eabi/5.3.0/../../../../arm-none-eabi/lib/armv6k/fpu/libsysbase.a(iosupport.o)
 .rodata._ctype_
                0x0010a140      0x104 /nfs/2015/r/rabougue/devkitPro/devkitARM/bin/../lib/gcc/arm-none-eabi/5.3.0/../../../../arm-none-eabi/lib/armv6k/fpu/libg.a(lib_a-ctype_.o)
                0x0010a140                _ctype_
 *all.rodata*(*)
 *(.gnu.linkonce.r*)
                0x0010a244                . = ALIGN (0x4)

.eh_frame       0x0010a244        0x0
 .eh_frame      0x0010a244        0x0 /nfs/2015/r/rabougue/devkitPro/devkitARM/bin/../lib/gcc/arm-none-eabi/5.3.0/armv6k/fpu/crtbegin.o

.rel.dyn        0x0010a244        0x0
 .rel.iplt      0x0010a244        0x0 /nfs/2015/r/rabougue/devkitPro/devkitARM/bin/../lib/gcc/arm-none-eabi/5.3.0/../../../../arm-none-eabi/lib/armv6k/fpu/3dsx_crt0.o

.ARM.extab
 *(.ARM.extab* .gnu.linkonce.armextab.*)
                0x0010a244                __exidx_start = .

ARM.exidx
 *(.ARM.exidx* .gnu.linkonce.armexidx.*)
                0x0010a244                __exidx_end = .

.data           0x0010b000     0x1d44
 *(.data)
 .data          0x0010b000        0xc /nfs/2015/r/rabougue/devkitPro/libctru/lib/libctru.a(gfx.o)
 .data          0x0010b00c        0x4 /nfs/2015/r/rabougue/devkitPro/libctru/lib/libctru.a(stack_adjust.o)
                0x0010b00c                __stacksize__
 .data          0x0010b010      0x488 /nfs/2015/r/rabougue/devkitPro/libctru/lib/libctru.a(sdmc_dev.o)
 .data          0x0010b498       0x44 /nfs/2015/r/rabougue/devkitPro/devkitARM/bin/../lib/gcc/arm-none-eabi/5.3.0/../../../../arm-none-eabi/lib/armv6k/fpu/libsysbase.a(iosupport.o)
                0x0010b49c                devoptab_list
 .data          0x0010b4dc     0x1000 /nfs/2015/r/rabougue/devkitPro/devkitARM/bin/../lib/gcc/arm-none-eabi/5.3.0/../../../../arm-none-eabi/lib/armv6k/fpu/libsysbase.a(chdir.o)
 *(.data.*)
 *fill*         0x0010c4dc        0x4 
 .data.impure_data
                0x0010c4e0      0x440 /nfs/2015/r/rabougue/devkitPro/devkitARM/bin/../lib/gcc/arm-none-eabi/5.3.0/../../../../arm-none-eabi/lib/armv6k/fpu/libg.a(lib_a-impure.o)
 .data._impure_ptr
                0x0010c920        0x4 /nfs/2015/r/rabougue/devkitPro/devkitARM/bin/../lib/gcc/arm-none-eabi/5.3.0/../../../../arm-none-eabi/lib/armv6k/fpu/libg.a(lib_a-impure.o)
                0x0010c920                _impure_ptr
 .data.__malloc_av_
                0x0010c924      0x408 /nfs/2015/r/rabougue/devkitPro/devkitARM/bin/../lib/gcc/arm-none-eabi/5.3.0/../../../../arm-none-eabi/lib/armv6k/fpu/libg.a(lib_a-mallocr.o)
                0x0010c924                __malloc_av_
 .data.__malloc_trim_threshold
                0x0010cd2c        0x4 /nfs/2015/r/rabougue/devkitPro/devkitARM/bin/../lib/gcc/arm-none-eabi/5.3.0/../../../../arm-none-eabi/lib/armv6k/fpu/libg.a(lib_a-mallocr.o)
                0x0010cd2c                __malloc_trim_threshold
 .data.__malloc_sbrk_base
                0x0010cd30        0x4 /nfs/2015/r/rabougue/devkitPro/devkitARM/bin/../lib/gcc/arm-none-eabi/5.3.0/../../../../arm-none-eabi/lib/armv6k/fpu/libg.a(lib_a-mallocr.o)
                0x0010cd30                __malloc_sbrk_base
 .data.__malloc_lock_object
                0x0010cd34        0xc /nfs/2015/r/rabougue/devkitPro/devkitARM/bin/../lib/gcc/arm-none-eabi/5.3.0/../../../../arm-none-eabi/lib/armv6k/fpu/libg.a(lib_a-mlock.o)
 .data.__ctype_ptr__
                0x0010cd40        0x4 /nfs/2015/r/rabougue/devkitPro/devkitARM/bin/../lib/gcc/arm-none-eabi/5.3.0/../../../../arm-none-eabi/lib/armv6k/fpu/libg.a(lib_a-ctype_.o)
                0x0010cd40                __ctype_ptr__
 *(.gnu.linkonce.d*)
                0x0010cd44                . = ALIGN (0x4)

.igot.plt       0x0010cd44        0x0
 .igot.plt      0x0010cd44        0x0 /nfs/2015/r/rabougue/devkitPro/devkitARM/bin/../lib/gcc/arm-none-eabi/5.3.0/../../../../arm-none-eabi/lib/armv6k/fpu/3dsx_crt0.o

.jcr            0x0010cd44        0x0
 .jcr           0x0010cd44        0x0 /nfs/2015/r/rabougue/devkitPro/devkitARM/bin/../lib/gcc/arm-none-eabi/5.3.0/armv6k/fpu/crtbegin.o

.tm_clone_table
                0x0010cd44        0x0
 .tm_clone_table
                0x0010cd44        0x0 /nfs/2015/r/rabougue/devkitPro/devkitARM/bin/../lib/gcc/arm-none-eabi/5.3.0/armv6k/fpu/crtbegin.o
 .tm_clone_table
                0x0010cd44        0x0 /nfs/2015/r/rabougue/devkitPro/devkitARM/bin/../lib/gcc/arm-none-eabi/5.3.0/armv6k/fpu/crtend.o
                0x0010cd44                __TMC_END__

.tdata          0x0010cd44        0x0
                0x0010cd44                __tdata_lma = .
 *(.tdata)
 *(.tdata.*)
 *(.gnu.linkonce.td.*)
                0x0010cd44                . = ALIGN (0x4)
                0x0010cd44                __tdata_lma_end = .

.tbss           0x0010cd44     0x340c
 *(.tbss)
 .tbss          0x0010cd44     0x340c /nfs/2015/r/rabougue/devkitPro/libctru/lib/libctru.a(sdmc_dev.o)
 *(.tbss.*)
 *(.gnu.linkonce.tb.*)
 *(.tcommon)
                0x00110150                . = ALIGN (0x4)

.preinit_array  0x0010cd44        0x0
                0x0010cd44                PROVIDE (__preinit_array_start, .)
 *(.preinit_array)
                0x0010cd44                PROVIDE (__preinit_array_end, .)

.init_array     0x0010cd44        0x4
                0x0010cd44                PROVIDE (__init_array_start, .)
 *(SORT(.init_array.*))
 *(.init_array)
 .init_array    0x0010cd44        0x4 /nfs/2015/r/rabougue/devkitPro/devkitARM/bin/../lib/gcc/arm-none-eabi/5.3.0/armv6k/fpu/crtbegin.o
                0x0010cd48                PROVIDE (__init_array_end, .)

.fini_array     0x0010cd48        0x4
                0x0010cd48                PROVIDE (__fini_array_start, .)
 *(.fini_array)
 .fini_array    0x0010cd48        0x4 /nfs/2015/r/rabougue/devkitPro/devkitARM/bin/../lib/gcc/arm-none-eabi/5.3.0/armv6k/fpu/crtbegin.o
 *(SORT(.fini_array.*))
                0x0010cd4c                PROVIDE (__fini_array_end, .)

.ctors
 *crtbegin.o(.ctors)
 *(EXCLUDE_FILE(*crtend.o) .ctors)
 *(SORT(.ctors.*))
 *(.ctors)

.dtors
 *crtbegin.o(.dtors)
 *(EXCLUDE_FILE(*crtend.o) .dtors)
 *(SORT(.dtors.*))
 *(.dtors)
                0x0010cd4c                __bss_start__ = .

.bss            0x0010cd4c     0x570c
 *(.dynbss)
 *(.bss)
 .bss           0x0010cd4c       0x1c /nfs/2015/r/rabougue/devkitPro/devkitARM/bin/../lib/gcc/arm-none-eabi/5.3.0/armv6k/fpu/crtbegin.o
 .bss           0x0010cd68        0xc /nfs/2015/r/rabougue/devkitPro/libctru/lib/libctru.a(gfx.o)
 .bss           0x0010cd74       0x54 /nfs/2015/r/rabougue/devkitPro/libctru/lib/libctru.a(apt.o)
                0x0010cd84                aptStatus
                0x0010cdb0                aptStatusBeforeSleep
 .bss           0x0010cdc8        0xc /nfs/2015/r/rabougue/devkitPro/libctru/lib/libctru.a(gspgpu.o)
 .bss           0x0010cdd4       0x2c /nfs/2015/r/rabougue/devkitPro/libctru/lib/libctru.a(hid.o)
 .bss           0x0010ce00        0xc /nfs/2015/r/rabougue/devkitPro/libctru/lib/libctru.a(irrst.o)
 .bss           0x0010ce0c        0x8 /nfs/2015/r/rabougue/devkitPro/libctru/lib/libctru.a(stack_adjust.o)
 .bss           0x0010ce14       0x14 /nfs/2015/r/rabougue/devkitPro/libctru/lib/libctru.a(linear.o)
 .bss           0x0010ce28       0x14 /nfs/2015/r/rabougue/devkitPro/libctru/lib/libctru.a(mappable.o)
 .bss           0x0010ce3c       0x14 /nfs/2015/r/rabougue/devkitPro/libctru/lib/libctru.a(vram.o)
 .bss           0x0010ce50        0x1 /nfs/2015/r/rabougue/devkitPro/libctru/lib/libctru.a(os.o)
                0x0010ce50                __ctru_speedup
 *fill*         0x0010ce51        0x3 
 .bss           0x0010ce54        0x8 /nfs/2015/r/rabougue/devkitPro/libctru/lib/libctru.a(srv.o)
 .bss           0x0010ce5c        0x4 /nfs/2015/r/rabougue/devkitPro/libctru/lib/libctru.a(synchronization.o)
 .bss           0x0010ce60        0x8 /nfs/2015/r/rabougue/devkitPro/libctru/lib/libctru.a(ptmsysm.o)
 .bss           0x0010ce68        0x1 /nfs/2015/r/rabougue/devkitPro/libctru/lib/libctru.a(sdmc_dev.o)
 *fill*         0x0010ce69        0x3 
 .bss           0x0010ce6c        0x8 /nfs/2015/r/rabougue/devkitPro/libctru/lib/libctru.a(fs.o)
 .bss           0x0010ce74        0x4 /nfs/2015/r/rabougue/devkitPro/devkitARM/bin/../lib/gcc/arm-none-eabi/5.3.0/../../../../arm-none-eabi/lib/armv6k/fpu/libsysbase.a(sbrk.o)
 .bss           0x0010ce78        0x8 /nfs/2015/r/rabougue/devkitPro/devkitARM/bin/../lib/gcc/arm-none-eabi/5.3.0/../../../../arm-none-eabi/lib/armv6k/fpu/libsysbase.a(malloc_vars.o)
                0x0010ce78                fake_heap_start
                0x0010ce7c                fake_heap_end
 .bss           0x0010ce80     0x1000 /nfs/2015/r/rabougue/devkitPro/devkitARM/bin/../lib/gcc/arm-none-eabi/5.3.0/../../../../arm-none-eabi/lib/armv6k/fpu/libsysbase.a(chdir.o)
 .bss           0x0010de80       0x38 /nfs/2015/r/rabougue/devkitPro/devkitARM/bin/../lib/gcc/arm-none-eabi/5.3.0/../../../../arm-none-eabi/lib/armv6k/fpu/libsysbase.a(syscall_support.o)
                0x0010de80                __syscalls
 *(.bss.*)
 .bss.__malloc_max_total_mem
                0x0010deb8        0x4 /nfs/2015/r/rabougue/devkitPro/devkitARM/bin/../lib/gcc/arm-none-eabi/5.3.0/../../../../arm-none-eabi/lib/armv6k/fpu/libg.a(lib_a-mallocr.o)
                0x0010deb8                __malloc_max_total_mem
 .bss.__malloc_max_sbrked_mem
                0x0010debc        0x4 /nfs/2015/r/rabougue/devkitPro/devkitARM/bin/../lib/gcc/arm-none-eabi/5.3.0/../../../../arm-none-eabi/lib/armv6k/fpu/libg.a(lib_a-mallocr.o)
                0x0010debc                __malloc_max_sbrked_mem
 .bss.__malloc_top_pad
                0x0010dec0        0x4 /nfs/2015/r/rabougue/devkitPro/devkitARM/bin/../lib/gcc/arm-none-eabi/5.3.0/../../../../arm-none-eabi/lib/armv6k/fpu/libg.a(lib_a-mallocr.o)
                0x0010dec0                __malloc_top_pad
 .bss.__malloc_current_mallinfo
                0x0010dec4       0x28 /nfs/2015/r/rabougue/devkitPro/devkitARM/bin/../lib/gcc/arm-none-eabi/5.3.0/../../../../arm-none-eabi/lib/armv6k/fpu/libg.a(lib_a-mallocr.o)
                0x0010dec4                __malloc_current_mallinfo
 *(.gnu.linkonce.b*)
 *(COMMON)
 COMMON         0x0010deec       0x60 /nfs/2015/r/rabougue/devkitPro/libctru/lib/libctru.a(gfx.o)
                0x0010deec                gfxBottomFramebuffers
                0x0010def4                gspSharedMemHandle
                0x0010def8                bottomFramebufferInfo
                0x0010df14                gspEvent
                0x0010df18                gfxTopLeftFramebuffers
                0x0010df20                gfxTopRightFramebuffers
                0x0010df28                topFramebufferInfo
                0x0010df44                gfxThreadID
                0x0010df48                gfxSharedMemory
 COMMON         0x0010df4c        0x4 /nfs/2015/r/rabougue/devkitPro/libctru/lib/libctru.a(gx.o)
                0x0010df4c                gxCmdBuf
 COMMON         0x0010df50     0x102a /nfs/2015/r/rabougue/devkitPro/libctru/lib/libctru.a(apt.o)
                0x0010df50                aptEventHandlerThread
                0x0010df54                aptSleepSync
                0x0010df58                aptParameters
                0x0010ef58                aptuHandle
                0x0010ef5c                aptEvents
                0x0010ef68                aptStatusEvent
                0x0010ef6c                aptStatusPower
                0x0010ef70                aptStatusMutex
                0x0010ef74                aptLockHandle
                0x0010ef78                currentAppId
 *fill*         0x0010ef7a        0x2 
 COMMON         0x0010ef7c       0x84 /nfs/2015/r/rabougue/devkitPro/libctru/lib/libctru.a(gspgpu.o)
                0x0010ef7c                gspEventCbOneShot
                0x0010ef84                gspEventCb
                0x0010efa0                gspGpuHandle
                0x0010efa4                gspEventThread
                0x0010efa8                gspEventCounts
                0x0010efc4                gspEvents
                0x0010efe0                gspRunEvents
                0x0010efe4                gspEventCbData
 COMMON         0x0010f000       0x20 /nfs/2015/r/rabougue/devkitPro/libctru/lib/libctru.a(hid.o)
                0x0010f000                hidMemHandle
                0x0010f004                hidHandle
                0x0010f008                hidSharedMem
                0x0010f00c                hidEvents
 COMMON         0x0010f020       0x10 /nfs/2015/r/rabougue/devkitPro/libctru/lib/libctru.a(irrst.o)
                0x0010f020                irrstHandle
                0x0010f024                irrstEvent
                0x0010f028                irrstMemHandle
                0x0010f02c                irrstSharedMem
 COMMON         0x0010f030        0x8 /nfs/2015/r/rabougue/devkitPro/libctru/lib/libctru.a(initArgv.o)
                0x0010f030                __system_argv
                0x0010f034                __system_argc
 COMMON         0x0010f038        0x4 /nfs/2015/r/rabougue/devkitPro/libctru/lib/libctru.a(initSystem.o)
                0x0010f038                __system_retAddr
 COMMON         0x0010f03c       0x10 /nfs/2015/r/rabougue/devkitPro/libctru/lib/libctru.a(allocateHeaps.o)
                0x0010f03c                __ctru_heap_size
                0x0010f040                __ctru_linear_heap
                0x0010f044                __ctru_heap
                0x0010f048                __ctru_linear_heap_size
                0x0010f04c                . = ALIGN (0x4)
                0x0010f04c                __tls_start = .
                0x00112458                . = (. + (SIZEOF (.tdata) + SIZEOF (.tbss)))
 *fill*         0x0010f04c     0x340c 
                0x00112458                __tls_end = .
                0x00112458                __bss_end__ = .
                0x00112458                __end__ = ABSOLUTE (.)

/DISCARD/
 *(.group .comment .note)

.stab
 *(.stab)

.stabstr
 *(.stabstr)

.stab.excl
 *(.stab.excl)

.stab.exclstr
 *(.stab.exclstr)

.stab.index
 *(.stab.index)

.stab.indexstr
 *(.stab.indexstr)

.debug
 *(.debug)

.line
 *(.line)

.debug_srcinfo
 *(.debug_srcinfo)

.debug_sfnames
 *(.debug_sfnames)

.debug_aranges  0x00000000     0x11c8
 *(.debug_aranges)
 .debug_aranges
                0x00000000       0x20 main.o
 .debug_aranges
                0x00000020       0x98 /nfs/2015/r/rabougue/devkitPro/libctru/lib/libctru.a(gfx.o)
 .debug_aranges
                0x000000b8       0x48 /nfs/2015/r/rabougue/devkitPro/libctru/lib/libctru.a(gx.o)
 .debug_aranges
                0x00000100      0x1f8 /nfs/2015/r/rabougue/devkitPro/libctru/lib/libctru.a(apt.o)
 .debug_aranges
                0x000002f8       0xd8 /nfs/2015/r/rabougue/devkitPro/libctru/lib/libctru.a(gspgpu.o)
 .debug_aranges
                0x000003d0       0xb0 /nfs/2015/r/rabougue/devkitPro/libctru/lib/libctru.a(hid.o)
 .debug_aranges
                0x00000480       0x68 /nfs/2015/r/rabougue/devkitPro/libctru/lib/libctru.a(irrst.o)
 .debug_aranges
                0x000004e8       0x20 /nfs/2015/r/rabougue/devkitPro/libctru/lib/libctru.a(initArgv.o)
 .debug_aranges
                0x00000508       0x20 /nfs/2015/r/rabougue/devkitPro/libctru/lib/libctru.a(initSystem.o)
 .debug_aranges
                0x00000528       0x28 /nfs/2015/r/rabougue/devkitPro/libctru/lib/libctru.a(syscalls.o)
 .debug_aranges
                0x00000550      0x240 /nfs/2015/r/rabougue/devkitPro/libctru/lib/libctru.a(svc.o)
 .debug_aranges
                0x00000790       0x20 /nfs/2015/r/rabougue/devkitPro/libctru/lib/libctru.a(stack_adjust.o)
 .debug_aranges
                0x000007b0       0x50 /nfs/2015/r/rabougue/devkitPro/libctru/lib/libctru.a(linear.o)
 .debug_aranges
                0x00000800       0x40 /nfs/2015/r/rabougue/devkitPro/libctru/lib/libctru.a(mappable.o)
 .debug_aranges
                0x00000840       0x38 /nfs/2015/r/rabougue/devkitPro/libctru/lib/libctru.a(mem_pool.o)
 .debug_aranges
                0x00000878       0x50 /nfs/2015/r/rabougue/devkitPro/libctru/lib/libctru.a(vram.o)
 .debug_aranges
                0x000008c8       0x28 /nfs/2015/r/rabougue/devkitPro/libctru/lib/libctru.a(env.o)
 .debug_aranges
                0x000008f0       0x68 /nfs/2015/r/rabougue/devkitPro/libctru/lib/libctru.a(os.o)
 .debug_aranges
                0x00000958       0xa8 /nfs/2015/r/rabougue/devkitPro/libctru/lib/libctru.a(srv.o)
 .debug_aranges
                0x00000a00       0x78 /nfs/2015/r/rabougue/devkitPro/libctru/lib/libctru.a(synchronization.o)
 .debug_aranges
                0x00000a78       0x58 /nfs/2015/r/rabougue/devkitPro/libctru/lib/libctru.a(thread.o)
 .debug_aranges
                0x00000ad0       0x30 /nfs/2015/r/rabougue/devkitPro/libctru/lib/libctru.a(ptmsysm.o)
 .debug_aranges
                0x00000b00       0x20 /nfs/2015/r/rabougue/devkitPro/libctru/lib/libctru.a(rbtree_find.o)
 .debug_aranges
                0x00000b20       0x20 /nfs/2015/r/rabougue/devkitPro/libctru/lib/libctru.a(rbtree_init.o)
 .debug_aranges
                0x00000b40       0x30 /nfs/2015/r/rabougue/devkitPro/libctru/lib/libctru.a(rbtree_insert.o)
 .debug_aranges
                0x00000b70       0x20 /nfs/2015/r/rabougue/devkitPro/libctru/lib/libctru.a(rbtree_remove.o)
 .debug_aranges
                0x00000b90       0x20 /nfs/2015/r/rabougue/devkitPro/libctru/lib/libctru.a(rbtree_rotate.o)
 .debug_aranges
                0x00000bb0       0x28 /nfs/2015/r/rabougue/devkitPro/libctru/lib/libctru.a(allocateHeaps.o)
 .debug_aranges
                0x00000bd8       0x20 /nfs/2015/r/rabougue/devkitPro/libctru/lib/libctru.a(appExit.o)
 .debug_aranges
                0x00000bf8       0x20 /nfs/2015/r/rabougue/devkitPro/libctru/lib/libctru.a(appInit.o)
 .debug_aranges
                0x00000c18       0x20 /nfs/2015/r/rabougue/devkitPro/libctru/lib/libctru.a(ctru_exit.o)
 .debug_aranges
                0x00000c38       0xf0 /nfs/2015/r/rabougue/devkitPro/libctru/lib/libctru.a(sdmc_dev.o)
 .debug_aranges
                0x00000d28      0x398 /nfs/2015/r/rabougue/devkitPro/libctru/lib/libctru.a(fs.o)
 .debug_aranges
                0x000010c0       0x28 /nfs/2015/r/rabougue/devkitPro/libctru/lib/libctru.a(rbtree_iterator.o)
 .debug_aranges
                0x000010e8       0x20 /nfs/2015/r/rabougue/devkitPro/libctru/lib/libctru.a(decode_utf8.o)
 .debug_aranges
                0x00001108       0x20 /nfs/2015/r/rabougue/devkitPro/libctru/lib/libctru.a(utf16_to_utf8.o)
 .debug_aranges
                0x00001128       0x20 /nfs/2015/r/rabougue/devkitPro/libctru/lib/libctru.a(utf8_to_utf16.o)
 .debug_aranges
                0x00001148       0x20 /nfs/2015/r/rabougue/devkitPro/libctru/lib/libctru.a(readtp.o)
 .debug_aranges
                0x00001168       0x20 /nfs/2015/r/rabougue/devkitPro/libctru/lib/libctru.a(decode_utf16.o)
 .debug_aranges
                0x00001188       0x20 /nfs/2015/r/rabougue/devkitPro/libctru/lib/libctru.a(encode_utf16.o)
 .debug_aranges
                0x000011a8       0x20 /nfs/2015/r/rabougue/devkitPro/libctru/lib/libctru.a(encode_utf8.o)

.debug_pubnames
 *(.debug_pubnames)

.debug_info     0x00000000    0x1aa89
 *(.debug_info)
 .debug_info    0x00000000      0x3b9 main.o
 .debug_info    0x000003b9      0xbe0 /nfs/2015/r/rabougue/devkitPro/libctru/lib/libctru.a(gfx.o)
 .debug_info    0x00000f99      0x455 /nfs/2015/r/rabougue/devkitPro/libctru/lib/libctru.a(gx.o)
 .debug_info    0x000013ee     0x4b24 /nfs/2015/r/rabougue/devkitPro/libctru/lib/libctru.a(apt.o)
 .debug_info    0x00005f12     0x134a /nfs/2015/r/rabougue/devkitPro/libctru/lib/libctru.a(gspgpu.o)
 .debug_info    0x0000725c      0xde2 /nfs/2015/r/rabougue/devkitPro/libctru/lib/libctru.a(hid.o)
 .debug_info    0x0000803e      0x857 /nfs/2015/r/rabougue/devkitPro/libctru/lib/libctru.a(irrst.o)
 .debug_info    0x00008895      0x1d2 /nfs/2015/r/rabougue/devkitPro/libctru/lib/libctru.a(initArgv.o)
 .debug_info    0x00008a67      0x1c0 /nfs/2015/r/rabougue/devkitPro/libctru/lib/libctru.a(initSystem.o)
 .debug_info    0x00008c27      0xd20 /nfs/2015/r/rabougue/devkitPro/libctru/lib/libctru.a(syscalls.o)
 .debug_info    0x00009947       0x5f /nfs/2015/r/rabougue/devkitPro/libctru/lib/libctru.a(svc.o)
 .debug_info    0x000099a6       0x73 /nfs/2015/r/rabougue/devkitPro/libctru/lib/libctru.a(stack_adjust.o)
 .debug_info    0x00009a19      0x8d9 /nfs/2015/r/rabougue/devkitPro/libctru/lib/libctru.a(linear.o)
 .debug_info    0x0000a2f2      0x834 /nfs/2015/r/rabougue/devkitPro/libctru/lib/libctru.a(mappable.o)
 .debug_info    0x0000ab26      0x8a8 /nfs/2015/r/rabougue/devkitPro/libctru/lib/libctru.a(mem_pool.o)
 .debug_info    0x0000b3ce      0x8c3 /nfs/2015/r/rabougue/devkitPro/libctru/lib/libctru.a(vram.o)
 .debug_info    0x0000bc91      0x271 /nfs/2015/r/rabougue/devkitPro/libctru/lib/libctru.a(env.o)
 .debug_info    0x0000bf02      0xd37 /nfs/2015/r/rabougue/devkitPro/libctru/lib/libctru.a(os.o)
 .debug_info    0x0000cc39      0xc9d /nfs/2015/r/rabougue/devkitPro/libctru/lib/libctru.a(srv.o)
 .debug_info    0x0000d8d6      0x916 /nfs/2015/r/rabougue/devkitPro/libctru/lib/libctru.a(synchronization.o)
 .debug_info    0x0000e1ec     0x1015 /nfs/2015/r/rabougue/devkitPro/libctru/lib/libctru.a(thread.o)
 .debug_info    0x0000f201      0x29d /nfs/2015/r/rabougue/devkitPro/libctru/lib/libctru.a(ptmsysm.o)
 .debug_info    0x0000f49e      0x1d0 /nfs/2015/r/rabougue/devkitPro/libctru/lib/libctru.a(rbtree_find.o)
 .debug_info    0x0000f66e      0x17f /nfs/2015/r/rabougue/devkitPro/libctru/lib/libctru.a(rbtree_init.o)
 .debug_info    0x0000f7ed      0x5ef /nfs/2015/r/rabougue/devkitPro/libctru/lib/libctru.a(rbtree_insert.o)
 .debug_info    0x0000fddc      0x7cf /nfs/2015/r/rabougue/devkitPro/libctru/lib/libctru.a(rbtree_remove.o)
 .debug_info    0x000105ab      0x2b2 /nfs/2015/r/rabougue/devkitPro/libctru/lib/libctru.a(rbtree_rotate.o)
 .debug_info    0x0001085d      0x469 /nfs/2015/r/rabougue/devkitPro/libctru/lib/libctru.a(allocateHeaps.o)
 .debug_info    0x00010cc6       0xf7 /nfs/2015/r/rabougue/devkitPro/libctru/lib/libctru.a(appExit.o)
 .debug_info    0x00010dbd       0xf7 /nfs/2015/r/rabougue/devkitPro/libctru/lib/libctru.a(appInit.o)
 .debug_info    0x00010eb4      0x25b /nfs/2015/r/rabougue/devkitPro/libctru/lib/libctru.a(ctru_exit.o)
 .debug_info    0x0001110f     0x2748 /nfs/2015/r/rabougue/devkitPro/libctru/lib/libctru.a(sdmc_dev.o)
 .debug_info    0x00013857     0x66f9 /nfs/2015/r/rabougue/devkitPro/libctru/lib/libctru.a(fs.o)
 .debug_info    0x00019f50      0x2ee /nfs/2015/r/rabougue/devkitPro/libctru/lib/libctru.a(rbtree_iterator.o)
 .debug_info    0x0001a23e      0x143 /nfs/2015/r/rabougue/devkitPro/libctru/lib/libctru.a(decode_utf8.o)
 .debug_info    0x0001a381      0x1c0 /nfs/2015/r/rabougue/devkitPro/libctru/lib/libctru.a(utf16_to_utf8.o)
 .debug_info    0x0001a541      0x1c0 /nfs/2015/r/rabougue/devkitPro/libctru/lib/libctru.a(utf8_to_utf16.o)
 .debug_info    0x0001a701       0x6d /nfs/2015/r/rabougue/devkitPro/libctru/lib/libctru.a(readtp.o)
 .debug_info    0x0001a76e      0x123 /nfs/2015/r/rabougue/devkitPro/libctru/lib/libctru.a(decode_utf16.o)
 .debug_info    0x0001a891       0xfc /nfs/2015/r/rabougue/devkitPro/libctru/lib/libctru.a(encode_utf16.o)
 .debug_info    0x0001a98d       0xfc /nfs/2015/r/rabougue/devkitPro/libctru/lib/libctru.a(encode_utf8.o)

.debug_abbrev   0x00000000     0x49bc
 *(.debug_abbrev)
 .debug_abbrev  0x00000000      0x117 main.o
 .debug_abbrev  0x00000117      0x2f4 /nfs/2015/r/rabougue/devkitPro/libctru/lib/libctru.a(gfx.o)
 .debug_abbrev  0x0000040b       0xee /nfs/2015/r/rabougue/devkitPro/libctru/lib/libctru.a(gx.o)
 .debug_abbrev  0x000004f9      0x4e3 /nfs/2015/r/rabougue/devkitPro/libctru/lib/libctru.a(apt.o)
 .debug_abbrev  0x000009dc      0x3c1 /nfs/2015/r/rabougue/devkitPro/libctru/lib/libctru.a(gspgpu.o)
 .debug_abbrev  0x00000d9d      0x2f8 /nfs/2015/r/rabougue/devkitPro/libctru/lib/libctru.a(hid.o)
 .debug_abbrev  0x00001095      0x295 /nfs/2015/r/rabougue/devkitPro/libctru/lib/libctru.a(irrst.o)
 .debug_abbrev  0x0000132a      0x10e /nfs/2015/r/rabougue/devkitPro/libctru/lib/libctru.a(initArgv.o)
 .debug_abbrev  0x00001438      0x10b /nfs/2015/r/rabougue/devkitPro/libctru/lib/libctru.a(initSystem.o)
 .debug_abbrev  0x00001543      0x2aa /nfs/2015/r/rabougue/devkitPro/libctru/lib/libctru.a(syscalls.o)
 .debug_abbrev  0x000017ed       0x12 /nfs/2015/r/rabougue/devkitPro/libctru/lib/libctru.a(svc.o)
 .debug_abbrev  0x000017ff       0x14 /nfs/2015/r/rabougue/devkitPro/libctru/lib/libctru.a(stack_adjust.o)
 .debug_abbrev  0x00001813      0x2df /nfs/2015/r/rabougue/devkitPro/libctru/lib/libctru.a(linear.o)
 .debug_abbrev  0x00001af2      0x2bf /nfs/2015/r/rabougue/devkitPro/libctru/lib/libctru.a(mappable.o)
 .debug_abbrev  0x00001db1      0x269 /nfs/2015/r/rabougue/devkitPro/libctru/lib/libctru.a(mem_pool.o)
 .debug_abbrev  0x0000201a      0x2ce /nfs/2015/r/rabougue/devkitPro/libctru/lib/libctru.a(vram.o)
 .debug_abbrev  0x000022e8      0x1a2 /nfs/2015/r/rabougue/devkitPro/libctru/lib/libctru.a(env.o)
 .debug_abbrev  0x0000248a      0x2d6 /nfs/2015/r/rabougue/devkitPro/libctru/lib/libctru.a(os.o)
 .debug_abbrev  0x00002760      0x21d /nfs/2015/r/rabougue/devkitPro/libctru/lib/libctru.a(srv.o)
 .debug_abbrev  0x0000297d      0x287 /nfs/2015/r/rabougue/devkitPro/libctru/lib/libctru.a(synchronization.o)
 .debug_abbrev  0x00002c04      0x39c /nfs/2015/r/rabougue/devkitPro/libctru/lib/libctru.a(thread.o)
 .debug_abbrev  0x00002fa0      0x191 /nfs/2015/r/rabougue/devkitPro/libctru/lib/libctru.a(ptmsysm.o)
 .debug_abbrev  0x00003131       0xec /nfs/2015/r/rabougue/devkitPro/libctru/lib/libctru.a(rbtree_find.o)
 .debug_abbrev  0x0000321d       0xb0 /nfs/2015/r/rabougue/devkitPro/libctru/lib/libctru.a(rbtree_init.o)
 .debug_abbrev  0x000032cd      0x226 /nfs/2015/r/rabougue/devkitPro/libctru/lib/libctru.a(rbtree_insert.o)
 .debug_abbrev  0x000034f3      0x1f2 /nfs/2015/r/rabougue/devkitPro/libctru/lib/libctru.a(rbtree_remove.o)
 .debug_abbrev  0x000036e5      0x172 /nfs/2015/r/rabougue/devkitPro/libctru/lib/libctru.a(rbtree_rotate.o)
 .debug_abbrev  0x00003857      0x1ba /nfs/2015/r/rabougue/devkitPro/libctru/lib/libctru.a(allocateHeaps.o)
 .debug_abbrev  0x00003a11       0x6c /nfs/2015/r/rabougue/devkitPro/libctru/lib/libctru.a(appExit.o)
 .debug_abbrev  0x00003a7d       0x6c /nfs/2015/r/rabougue/devkitPro/libctru/lib/libctru.a(appInit.o)
 .debug_abbrev  0x00003ae9      0x11c /nfs/2015/r/rabougue/devkitPro/libctru/lib/libctru.a(ctru_exit.o)
 .debug_abbrev  0x00003c05      0x3ef /nfs/2015/r/rabougue/devkitPro/libctru/lib/libctru.a(sdmc_dev.o)
 .debug_abbrev  0x00003ff4      0x497 /nfs/2015/r/rabougue/devkitPro/libctru/lib/libctru.a(fs.o)
 .debug_abbrev  0x0000448b      0x176 /nfs/2015/r/rabougue/devkitPro/libctru/lib/libctru.a(rbtree_iterator.o)
 .debug_abbrev  0x00004601       0x7f /nfs/2015/r/rabougue/devkitPro/libctru/lib/libctru.a(decode_utf8.o)
 .debug_abbrev  0x00004680       0xe4 /nfs/2015/r/rabougue/devkitPro/libctru/lib/libctru.a(utf16_to_utf8.o)
 .debug_abbrev  0x00004764       0xe4 /nfs/2015/r/rabougue/devkitPro/libctru/lib/libctru.a(utf8_to_utf16.o)
 .debug_abbrev  0x00004848       0x14 /nfs/2015/r/rabougue/devkitPro/libctru/lib/libctru.a(readtp.o)
 .debug_abbrev  0x0000485c       0x8e /nfs/2015/r/rabougue/devkitPro/libctru/lib/libctru.a(decode_utf16.o)
 .debug_abbrev  0x000048ea       0x69 /nfs/2015/r/rabougue/devkitPro/libctru/lib/libctru.a(encode_utf16.o)
 .debug_abbrev  0x00004953       0x69 /nfs/2015/r/rabougue/devkitPro/libctru/lib/libctru.a(encode_utf8.o)

.debug_line     0x00000000     0x843c
 *(.debug_line)
 .debug_line    0x00000000      0x1e6 main.o
 .debug_line    0x000001e6      0x3d4 /nfs/2015/r/rabougue/devkitPro/libctru/lib/libctru.a(gfx.o)
 .debug_line    0x000005ba      0x201 /nfs/2015/r/rabougue/devkitPro/libctru/lib/libctru.a(gx.o)
 .debug_line    0x000007bb      0xfc2 /nfs/2015/r/rabougue/devkitPro/libctru/lib/libctru.a(apt.o)
 .debug_line    0x0000177d      0x5a6 /nfs/2015/r/rabougue/devkitPro/libctru/lib/libctru.a(gspgpu.o)
 .debug_line    0x00001d23      0x3fa /nfs/2015/r/rabougue/devkitPro/libctru/lib/libctru.a(hid.o)
 .debug_line    0x0000211d      0x2f0 /nfs/2015/r/rabougue/devkitPro/libctru/lib/libctru.a(irrst.o)
 .debug_line    0x0000240d      0x16a /nfs/2015/r/rabougue/devkitPro/libctru/lib/libctru.a(initArgv.o)
 .debug_line    0x00002577      0x11f /nfs/2015/r/rabougue/devkitPro/libctru/lib/libctru.a(initSystem.o)
 .debug_line    0x00002696      0x264 /nfs/2015/r/rabougue/devkitPro/libctru/lib/libctru.a(syscalls.o)
 .debug_line    0x000028fa      0x55d /nfs/2015/r/rabougue/devkitPro/libctru/lib/libctru.a(svc.o)
 .debug_line    0x00002e57       0x78 /nfs/2015/r/rabougue/devkitPro/libctru/lib/libctru.a(stack_adjust.o)
 .debug_line    0x00002ecf      0x28c /nfs/2015/r/rabougue/devkitPro/libctru/lib/libctru.a(linear.o)
 .debug_line    0x0000315b      0x24e /nfs/2015/r/rabougue/devkitPro/libctru/lib/libctru.a(mappable.o)
 .debug_line    0x000033a9      0x2a8 /nfs/2015/r/rabougue/devkitPro/libctru/lib/libctru.a(mem_pool.o)
 .debug_line    0x00003651      0x289 /nfs/2015/r/rabougue/devkitPro/libctru/lib/libctru.a(vram.o)
 .debug_line    0x000038da      0x146 /nfs/2015/r/rabougue/devkitPro/libctru/lib/libctru.a(env.o)
 .debug_line    0x00003a20      0x2d0 /nfs/2015/r/rabougue/devkitPro/libctru/lib/libctru.a(os.o)
 .debug_line    0x00003cf0      0x38f /nfs/2015/r/rabougue/devkitPro/libctru/lib/libctru.a(srv.o)
 .debug_line    0x0000407f      0x351 /nfs/2015/r/rabougue/devkitPro/libctru/lib/libctru.a(synchronization.o)
 .debug_line    0x000043d0      0x2fa /nfs/2015/r/rabougue/devkitPro/libctru/lib/libctru.a(thread.o)
 .debug_line    0x000046ca      0x163 /nfs/2015/r/rabougue/devkitPro/libctru/lib/libctru.a(ptmsysm.o)
 .debug_line    0x0000482d      0x172 /nfs/2015/r/rabougue/devkitPro/libctru/lib/libctru.a(rbtree_find.o)
 .debug_line    0x0000499f      0x160 /nfs/2015/r/rabougue/devkitPro/libctru/lib/libctru.a(rbtree_init.o)
 .debug_line    0x00004aff      0x233 /nfs/2015/r/rabougue/devkitPro/libctru/lib/libctru.a(rbtree_insert.o)
 .debug_line    0x00004d32      0x2c6 /nfs/2015/r/rabougue/devkitPro/libctru/lib/libctru.a(rbtree_remove.o)
 .debug_line    0x00004ff8      0x1b5 /nfs/2015/r/rabougue/devkitPro/libctru/lib/libctru.a(rbtree_rotate.o)
 .debug_line    0x000051ad      0x184 /nfs/2015/r/rabougue/devkitPro/libctru/lib/libctru.a(allocateHeaps.o)
 .debug_line    0x00005331       0xd5 /nfs/2015/r/rabougue/devkitPro/libctru/lib/libctru.a(appExit.o)
 .debug_line    0x00005406       0xd5 /nfs/2015/r/rabougue/devkitPro/libctru/lib/libctru.a(appInit.o)
 .debug_line    0x000054db      0x12b /nfs/2015/r/rabougue/devkitPro/libctru/lib/libctru.a(ctru_exit.o)
 .debug_line    0x00005606      0x6c3 /nfs/2015/r/rabougue/devkitPro/libctru/lib/libctru.a(sdmc_dev.o)
 .debug_line    0x00005cc9     0x1cd6 /nfs/2015/r/rabougue/devkitPro/libctru/lib/libctru.a(fs.o)
 .debug_line    0x0000799f      0x179 /nfs/2015/r/rabougue/devkitPro/libctru/lib/libctru.a(rbtree_iterator.o)
 .debug_line    0x00007b18      0x162 /nfs/2015/r/rabougue/devkitPro/libctru/lib/libctru.a(decode_utf8.o)
 .debug_line    0x00007c7a      0x1ca /nfs/2015/r/rabougue/devkitPro/libctru/lib/libctru.a(utf16_to_utf8.o)
 .debug_line    0x00007e44      0x1c4 /nfs/2015/r/rabougue/devkitPro/libctru/lib/libctru.a(utf8_to_utf16.o)
 .debug_line    0x00008008       0x5a /nfs/2015/r/rabougue/devkitPro/libctru/lib/libctru.a(readtp.o)
 .debug_line    0x00008062      0x135 /nfs/2015/r/rabougue/devkitPro/libctru/lib/libctru.a(decode_utf16.o)
 .debug_line    0x00008197      0x13f /nfs/2015/r/rabougue/devkitPro/libctru/lib/libctru.a(encode_utf16.o)
 .debug_line    0x000082d6      0x166 /nfs/2015/r/rabougue/devkitPro/libctru/lib/libctru.a(encode_utf8.o)

.debug_frame    0x00000000     0x2c88
 *(.debug_frame)
 .debug_frame   0x00000000       0x2c main.o
 .debug_frame   0x0000002c      0x1ac /nfs/2015/r/rabougue/devkitPro/libctru/lib/libctru.a(gfx.o)
 .debug_frame   0x000001d8       0xd8 /nfs/2015/r/rabougue/devkitPro/libctru/lib/libctru.a(gx.o)
 .debug_frame   0x000002b0      0x704 /nfs/2015/r/rabougue/devkitPro/libctru/lib/libctru.a(apt.o)
 .debug_frame   0x000009b4      0x2b4 /nfs/2015/r/rabougue/devkitPro/libctru/lib/libctru.a(gspgpu.o)
 .debug_frame   0x00000c68      0x204 /nfs/2015/r/rabougue/devkitPro/libctru/lib/libctru.a(hid.o)
 .debug_frame   0x00000e6c      0x114 /nfs/2015/r/rabougue/devkitPro/libctru/lib/libctru.a(irrst.o)
 .debug_frame   0x00000f80       0x2c /nfs/2015/r/rabougue/devkitPro/libctru/lib/libctru.a(initArgv.o)
 .debug_frame   0x00000fac       0x2c /nfs/2015/r/rabougue/devkitPro/libctru/lib/libctru.a(initSystem.o)
 .debug_frame   0x00000fd8       0x4c /nfs/2015/r/rabougue/devkitPro/libctru/lib/libctru.a(syscalls.o)
 .debug_frame   0x00001024       0xc0 /nfs/2015/r/rabougue/devkitPro/libctru/lib/libctru.a(linear.o)
 .debug_frame   0x000010e4       0x88 /nfs/2015/r/rabougue/devkitPro/libctru/lib/libctru.a(mappable.o)
 .debug_frame   0x0000116c       0xa8 /nfs/2015/r/rabougue/devkitPro/libctru/lib/libctru.a(mem_pool.o)
 .debug_frame   0x00001214       0xb4 /nfs/2015/r/rabougue/devkitPro/libctru/lib/libctru.a(vram.o)
 .debug_frame   0x000012c8       0x50 /nfs/2015/r/rabougue/devkitPro/libctru/lib/libctru.a(env.o)
 .debug_frame   0x00001318      0x100 /nfs/2015/r/rabougue/devkitPro/libctru/lib/libctru.a(os.o)
 .debug_frame   0x00001418      0x1f8 /nfs/2015/r/rabougue/devkitPro/libctru/lib/libctru.a(srv.o)
 .debug_frame   0x00001610       0xfc /nfs/2015/r/rabougue/devkitPro/libctru/lib/libctru.a(synchronization.o)
 .debug_frame   0x0000170c       0xdc /nfs/2015/r/rabougue/devkitPro/libctru/lib/libctru.a(thread.o)
 .debug_frame   0x000017e8       0x50 /nfs/2015/r/rabougue/devkitPro/libctru/lib/libctru.a(ptmsysm.o)
 .debug_frame   0x00001838       0x30 /nfs/2015/r/rabougue/devkitPro/libctru/lib/libctru.a(rbtree_find.o)
 .debug_frame   0x00001868       0x20 /nfs/2015/r/rabougue/devkitPro/libctru/lib/libctru.a(rbtree_init.o)
 .debug_frame   0x00001888       0x54 /nfs/2015/r/rabougue/devkitPro/libctru/lib/libctru.a(rbtree_insert.o)
 .debug_frame   0x000018dc       0x40 /nfs/2015/r/rabougue/devkitPro/libctru/lib/libctru.a(rbtree_remove.o)
 .debug_frame   0x0000191c       0x2c /nfs/2015/r/rabougue/devkitPro/libctru/lib/libctru.a(rbtree_rotate.o)
 .debug_frame   0x00001948       0x54 /nfs/2015/r/rabougue/devkitPro/libctru/lib/libctru.a(allocateHeaps.o)
 .debug_frame   0x0000199c       0x2c /nfs/2015/r/rabougue/devkitPro/libctru/lib/libctru.a(appExit.o)
 .debug_frame   0x000019c8       0x2c /nfs/2015/r/rabougue/devkitPro/libctru/lib/libctru.a(appInit.o)
 .debug_frame   0x000019f4       0x28 /nfs/2015/r/rabougue/devkitPro/libctru/lib/libctru.a(ctru_exit.o)
 .debug_frame   0x00001a1c      0x3d4 /nfs/2015/r/rabougue/devkitPro/libctru/lib/libctru.a(sdmc_dev.o)
 .debug_frame   0x00001df0      0xd58 /nfs/2015/r/rabougue/devkitPro/libctru/lib/libctru.a(fs.o)
 .debug_frame   0x00002b48       0x30 /nfs/2015/r/rabougue/devkitPro/libctru/lib/libctru.a(rbtree_iterator.o)
 .debug_frame   0x00002b78       0x30 /nfs/2015/r/rabougue/devkitPro/libctru/lib/libctru.a(decode_utf8.o)
 .debug_frame   0x00002ba8       0x3c /nfs/2015/r/rabougue/devkitPro/libctru/lib/libctru.a(utf16_to_utf8.o)
 .debug_frame   0x00002be4       0x3c /nfs/2015/r/rabougue/devkitPro/libctru/lib/libctru.a(utf8_to_utf16.o)
 .debug_frame   0x00002c20       0x28 /nfs/2015/r/rabougue/devkitPro/libctru/lib/libctru.a(decode_utf16.o)
 .debug_frame   0x00002c48       0x20 /nfs/2015/r/rabougue/devkitPro/libctru/lib/libctru.a(encode_utf16.o)
 .debug_frame   0x00002c68       0x20 /nfs/2015/r/rabougue/devkitPro/libctru/lib/libctru.a(encode_utf8.o)

.debug_str      0x00000000     0x5401
 *(.debug_str)
 .debug_str     0x00000000      0x412 main.o
                                0x45c (size before relaxing)
 .debug_str     0x00000412      0x570 /nfs/2015/r/rabougue/devkitPro/libctru/lib/libctru.a(gfx.o)
                                0x76a (size before relaxing)
 .debug_str     0x00000982      0x12a /nfs/2015/r/rabougue/devkitPro/libctru/lib/libctru.a(gx.o)
                                0x2bb (size before relaxing)
 .debug_str     0x00000aac      0xe67 /nfs/2015/r/rabougue/devkitPro/libctru/lib/libctru.a(apt.o)
                               0x1191 (size before relaxing)
 .debug_str     0x00001913      0x2af /nfs/2015/r/rabougue/devkitPro/libctru/lib/libctru.a(gspgpu.o)
                                0x894 (size before relaxing)
 .debug_str     0x00001bc2      0x360 /nfs/2015/r/rabougue/devkitPro/libctru/lib/libctru.a(hid.o)
                                0x78f (size before relaxing)
 .debug_str     0x00001f22      0x10a /nfs/2015/r/rabougue/devkitPro/libctru/lib/libctru.a(irrst.o)
                                0x519 (size before relaxing)
 .debug_str     0x0000202c       0x94 /nfs/2015/r/rabougue/devkitPro/libctru/lib/libctru.a(initArgv.o)
                                0x24e (size before relaxing)
 .debug_str     0x000020c0       0x85 /nfs/2015/r/rabougue/devkitPro/libctru/lib/libctru.a(initSystem.o)
                                0x261 (size before relaxing)
 .debug_str     0x00002145      0x5a6 /nfs/2015/r/rabougue/devkitPro/libctru/lib/libctru.a(syscalls.o)
                                0x846 (size before relaxing)
 .debug_str     0x000026eb      0x486 /nfs/2015/r/rabougue/devkitPro/libctru/lib/libctru.a(linear.o)
                                0x5a3 (size before relaxing)
 .debug_str     0x00002b71       0x5f /nfs/2015/r/rabougue/devkitPro/libctru/lib/libctru.a(mappable.o)
                                0x557 (size before relaxing)
 .debug_str     0x00002bd0       0x75 /nfs/2015/r/rabougue/devkitPro/libctru/lib/libctru.a(mem_pool.o)
                                0x43f (size before relaxing)
 .debug_str     0x00002c45       0x7b /nfs/2015/r/rabougue/devkitPro/libctru/lib/libctru.a(vram.o)
                                0x568 (size before relaxing)
 .debug_str     0x00002cc0       0x63 /nfs/2015/r/rabougue/devkitPro/libctru/lib/libctru.a(env.o)
                                0x23d (size before relaxing)
 .debug_str     0x00002d23      0x1ba /nfs/2015/r/rabougue/devkitPro/libctru/lib/libctru.a(os.o)
                                0x7c5 (size before relaxing)
 .debug_str     0x00002edd      0x216 /nfs/2015/r/rabougue/devkitPro/libctru/lib/libctru.a(srv.o)
                                0x507 (size before relaxing)
 .debug_str     0x000030f3      0x1a6 /nfs/2015/r/rabougue/devkitPro/libctru/lib/libctru.a(synchronization.o)
                                0x3ec (size before relaxing)
 .debug_str     0x00003299      0x138 /nfs/2015/r/rabougue/devkitPro/libctru/lib/libctru.a(thread.o)
                                0x7f8 (size before relaxing)
 .debug_str     0x000033d1       0x4c /nfs/2015/r/rabougue/devkitPro/libctru/lib/libctru.a(ptmsysm.o)
                                0x2bd (size before relaxing)
 .debug_str     0x0000341d       0x3a /nfs/2015/r/rabougue/devkitPro/libctru/lib/libctru.a(rbtree_find.o)
                                0x20e (size before relaxing)
 .debug_str     0x00003457       0x35 /nfs/2015/r/rabougue/devkitPro/libctru/lib/libctru.a(rbtree_init.o)
                                0x204 (size before relaxing)
 .debug_str     0x0000348c       0xde /nfs/2015/r/rabougue/devkitPro/libctru/lib/libctru.a(rbtree_insert.o)
                                0x2c6 (size before relaxing)
 .debug_str     0x0000356a       0x85 /nfs/2015/r/rabougue/devkitPro/libctru/lib/libctru.a(rbtree_remove.o)
                                0x2e4 (size before relaxing)
 .debug_str     0x000035ef       0x37 /nfs/2015/r/rabougue/devkitPro/libctru/lib/libctru.a(rbtree_rotate.o)
                                0x25b (size before relaxing)
 .debug_str     0x00003626      0x17a /nfs/2015/r/rabougue/devkitPro/libctru/lib/libctru.a(allocateHeaps.o)
                                0x44b (size before relaxing)
 .debug_str     0x000037a0       0x46 /nfs/2015/r/rabougue/devkitPro/libctru/lib/libctru.a(appExit.o)
                                0x199 (size before relaxing)
 .debug_str     0x000037e6       0x46 /nfs/2015/r/rabougue/devkitPro/libctru/lib/libctru.a(appInit.o)
                                0x199 (size before relaxing)
 .debug_str     0x0000382c       0x4c /nfs/2015/r/rabougue/devkitPro/libctru/lib/libctru.a(ctru_exit.o)
                                0x341 (size before relaxing)
 .debug_str     0x00003878      0xa51 /nfs/2015/r/rabougue/devkitPro/libctru/lib/libctru.a(sdmc_dev.o)
                               0x10cb (size before relaxing)
 .debug_str     0x000042c9      0xf6b /nfs/2015/r/rabougue/devkitPro/libctru/lib/libctru.a(fs.o)
                               0x1bab (size before relaxing)
 .debug_str     0x00005234       0x55 /nfs/2015/r/rabougue/devkitPro/libctru/lib/libctru.a(rbtree_iterator.o)
                                0x20e (size before relaxing)
 .debug_str     0x00005289       0x4a /nfs/2015/r/rabougue/devkitPro/libctru/lib/libctru.a(decode_utf8.o)
                                0x1c8 (size before relaxing)
 .debug_str     0x000052d3       0x55 /nfs/2015/r/rabougue/devkitPro/libctru/lib/libctru.a(utf16_to_utf8.o)
                                0x1fb (size before relaxing)
 .debug_str     0x00005328       0x41 /nfs/2015/r/rabougue/devkitPro/libctru/lib/libctru.a(utf8_to_utf16.o)
                                0x1fb (size before relaxing)
 .debug_str     0x00005369       0x33 /nfs/2015/r/rabougue/devkitPro/libctru/lib/libctru.a(decode_utf16.o)
                                0x1c0 (size before relaxing)
 .debug_str     0x0000539c       0x33 /nfs/2015/r/rabougue/devkitPro/libctru/lib/libctru.a(encode_utf16.o)
                                0x1b4 (size before relaxing)
 .debug_str     0x000053cf       0x32 /nfs/2015/r/rabougue/devkitPro/libctru/lib/libctru.a(encode_utf8.o)
                                0x1b0 (size before relaxing)

.debug_loc      0x00000000     0xb0e9
 *(.debug_loc)
 .debug_loc     0x00000000       0x31 main.o
 .debug_loc     0x00000031      0x32a /nfs/2015/r/rabougue/devkitPro/libctru/lib/libctru.a(gfx.o)
 .debug_loc     0x0000035b      0x366 /nfs/2015/r/rabougue/devkitPro/libctru/lib/libctru.a(gx.o)
 .debug_loc     0x000006c1     0x1558 /nfs/2015/r/rabougue/devkitPro/libctru/lib/libctru.a(apt.o)
 .debug_loc     0x00001c19      0x9fa /nfs/2015/r/rabougue/devkitPro/libctru/lib/libctru.a(gspgpu.o)
 .debug_loc     0x00002613      0x7bb /nfs/2015/r/rabougue/devkitPro/libctru/lib/libctru.a(hid.o)
 .debug_loc     0x00002dce      0x3ab /nfs/2015/r/rabougue/devkitPro/libctru/lib/libctru.a(irrst.o)
 .debug_loc     0x00003179       0xfb /nfs/2015/r/rabougue/devkitPro/libctru/lib/libctru.a(initArgv.o)
 .debug_loc     0x00003274       0x21 /nfs/2015/r/rabougue/devkitPro/libctru/lib/libctru.a(initSystem.o)
 .debug_loc     0x00003295       0x23 /nfs/2015/r/rabougue/devkitPro/libctru/lib/libctru.a(syscalls.o)
 .debug_loc     0x000032b8      0x2ec /nfs/2015/r/rabougue/devkitPro/libctru/lib/libctru.a(linear.o)
 .debug_loc     0x000035a4      0x1bf /nfs/2015/r/rabougue/devkitPro/libctru/lib/libctru.a(mappable.o)
 .debug_loc     0x00003763      0x8d3 /nfs/2015/r/rabougue/devkitPro/libctru/lib/libctru.a(mem_pool.o)
 .debug_loc     0x00004036      0x2f2 /nfs/2015/r/rabougue/devkitPro/libctru/lib/libctru.a(vram.o)
 .debug_loc     0x00004328      0x149 /nfs/2015/r/rabougue/devkitPro/libctru/lib/libctru.a(env.o)
 .debug_loc     0x00004471      0x2e4 /nfs/2015/r/rabougue/devkitPro/libctru/lib/libctru.a(os.o)
 .debug_loc     0x00004755      0x5b1 /nfs/2015/r/rabougue/devkitPro/libctru/lib/libctru.a(srv.o)
 .debug_loc     0x00004d06      0x44e /nfs/2015/r/rabougue/devkitPro/libctru/lib/libctru.a(synchronization.o)
 .debug_loc     0x00005154      0x398 /nfs/2015/r/rabougue/devkitPro/libctru/lib/libctru.a(thread.o)
 .debug_loc     0x000054ec       0x34 /nfs/2015/r/rabougue/devkitPro/libctru/lib/libctru.a(ptmsysm.o)
 .debug_loc     0x00005520      0x10d /nfs/2015/r/rabougue/devkitPro/libctru/lib/libctru.a(rbtree_find.o)
 .debug_loc     0x0000562d      0x3ec /nfs/2015/r/rabougue/devkitPro/libctru/lib/libctru.a(rbtree_insert.o)
 .debug_loc     0x00005a19      0x4b0 /nfs/2015/r/rabougue/devkitPro/libctru/lib/libctru.a(rbtree_remove.o)
 .debug_loc     0x00005ec9       0xa1 /nfs/2015/r/rabougue/devkitPro/libctru/lib/libctru.a(rbtree_rotate.o)
 .debug_loc     0x00005f6a       0x49 /nfs/2015/r/rabougue/devkitPro/libctru/lib/libctru.a(allocateHeaps.o)
 .debug_loc     0x00005fb3       0x21 /nfs/2015/r/rabougue/devkitPro/libctru/lib/libctru.a(ctru_exit.o)
 .debug_loc     0x00005fd4     0x1200 /nfs/2015/r/rabougue/devkitPro/libctru/lib/libctru.a(sdmc_dev.o)
 .debug_loc     0x000071d4     0x343f /nfs/2015/r/rabougue/devkitPro/libctru/lib/libctru.a(fs.o)
 .debug_loc     0x0000a613      0x39c /nfs/2015/r/rabougue/devkitPro/libctru/lib/libctru.a(rbtree_iterator.o)