Archive member included to satisfy reference by file (symbol)

/Users/rabougue/Documents/3ds_homebrew_dev/devkitPro/libctru/lib/libcitro3d.a(attribs.o)
                              main.o (AttrInfo_Init)
/Users/rabougue/Documents/3ds_homebrew_dev/devkitPro/libctru/lib/libcitro3d.a(base.o)
                              /Users/rabougue/Documents/3ds_homebrew_dev/devkitPro/libctru/lib/libcitro3d.a(attribs.o) (__C3D_Context)
/Users/rabougue/Documents/3ds_homebrew_dev/devkitPro/libctru/lib/libcitro3d.a(buffers.o)
                              /Users/rabougue/Documents/3ds_homebrew_dev/devkitPro/libctru/lib/libcitro3d.a(base.o) (C3Di_BufInfoBind)
/Users/rabougue/Documents/3ds_homebrew_dev/devkitPro/libctru/lib/libcitro3d.a(effect.o)
                              /Users/rabougue/Documents/3ds_homebrew_dev/devkitPro/libctru/lib/libcitro3d.a(base.o) (C3D_DepthMap)
/Users/rabougue/Documents/3ds_homebrew_dev/devkitPro/libctru/lib/libcitro3d.a(immediate.o)
                              main.o (C3D_ImmDrawBegin)
/Users/rabougue/Documents/3ds_homebrew_dev/devkitPro/libctru/lib/libcitro3d.a(renderbuffer.o)
                              /Users/rabougue/Documents/3ds_homebrew_dev/devkitPro/libctru/lib/libcitro3d.a(base.o) (C3Di_RenderBufBind)
/Users/rabougue/Documents/3ds_homebrew_dev/devkitPro/libctru/lib/libcitro3d.a(renderqueue.o)
                              main.o (C3D_FrameBegin)
/Users/rabougue/Documents/3ds_homebrew_dev/devkitPro/libctru/lib/libcitro3d.a(texenv.o)
                              /Users/rabougue/Documents/3ds_homebrew_dev/devkitPro/libctru/lib/libcitro3d.a(base.o) (TexEnv_Init)
/Users/rabougue/Documents/3ds_homebrew_dev/devkitPro/libctru/lib/libcitro3d.a(texture.o)
                              /Users/rabougue/Documents/3ds_homebrew_dev/devkitPro/libctru/lib/libcitro3d.a(renderbuffer.o) (C3D_TexInitVRAM)
/Users/rabougue/Documents/3ds_homebrew_dev/devkitPro/libctru/lib/libcitro3d.a(uniforms.o)
                              /Users/rabougue/Documents/3ds_homebrew_dev/devkitPro/libctru/lib/libcitro3d.a(base.o) (C3D_UpdateUniforms)
/Users/rabougue/Documents/3ds_homebrew_dev/devkitPro/libctru/lib/libcitro3d.a(mtx_orthotilt.o)
                              main.o (Mtx_OrthoTilt)
/Users/rabougue/Documents/3ds_homebrew_dev/devkitPro/libctru/lib/libcitro3d.a(mtx_identity.o)
                              /Users/rabougue/Documents/3ds_homebrew_dev/devkitPro/libctru/lib/libcitro3d.a(mtx_orthotilt.o) (Mtx_Identity)
/Users/rabougue/Documents/3ds_homebrew_dev/devkitPro/libctru/lib/libcitro3d.a(mtx_multiply.o)
                              /Users/rabougue/Documents/3ds_homebrew_dev/devkitPro/libctru/lib/libcitro3d.a(mtx_orthotilt.o) (Mtx_Multiply)
/Users/rabougue/Documents/3ds_homebrew_dev/devkitPro/libctru/lib/libctru.a(linear.o)
                              /Users/rabougue/Documents/3ds_homebrew_dev/devkitPro/libctru/lib/libcitro3d.a(base.o) (linearAlloc)
/Users/rabougue/Documents/3ds_homebrew_dev/devkitPro/libctru/lib/libctru.a(mem_pool.o)
                              /Users/rabougue/Documents/3ds_homebrew_dev/devkitPro/libctru/lib/libctru.a(linear.o) (MemPool::Allocate(MemChunk&, unsigned long, int))
/Users/rabougue/Documents/3ds_homebrew_dev/devkitPro/libctru/lib/libctru.a(vram.o)
                              /Users/rabougue/Documents/3ds_homebrew_dev/devkitPro/libctru/lib/libcitro3d.a(texture.o) (vramAlloc)
/Users/rabougue/Documents/3ds_homebrew_dev/devkitPro/libctru/lib/libctru.a(gfx.o)
                              /Users/rabougue/Documents/3ds_homebrew_dev/devkitPro/libctru/lib/libcitro3d.a(renderqueue.o) (gfxIs3D)
/Users/rabougue/Documents/3ds_homebrew_dev/devkitPro/libctru/lib/libctru.a(os.o)
                              /Users/rabougue/Documents/3ds_homebrew_dev/devkitPro/libctru/lib/libcitro3d.a(base.o) (osConvertVirtToPhys)
/Users/rabougue/Documents/3ds_homebrew_dev/devkitPro/libctru/lib/libctru.a(gpu.o)
                              /Users/rabougue/Documents/3ds_homebrew_dev/devkitPro/libctru/lib/libcitro3d.a(base.o) (GPUCMD_SetBuffer)
/Users/rabougue/Documents/3ds_homebrew_dev/devkitPro/libctru/lib/libctru.a(gx.o)
                              /Users/rabougue/Documents/3ds_homebrew_dev/devkitPro/libctru/lib/libctru.a(gfx.o) (gxCmdBuf)
/Users/rabougue/Documents/3ds_homebrew_dev/devkitPro/libctru/lib/libctru.a(shaderProgram.o)
                              main.o (shaderInstanceGetUniformLocation)
/Users/rabougue/Documents/3ds_homebrew_dev/devkitPro/libctru/lib/libctru.a(shbin.o)
                              main.o (DVLB_Free)
/Users/rabougue/Documents/3ds_homebrew_dev/devkitPro/libctru/lib/libctru.a(apt.o)
                              /Users/rabougue/Documents/3ds_homebrew_dev/devkitPro/libctru/lib/libcitro3d.a(base.o) (aptHook)
/Users/rabougue/Documents/3ds_homebrew_dev/devkitPro/libctru/lib/libctru.a(gspgpu.o)
                              /Users/rabougue/Documents/3ds_homebrew_dev/devkitPro/libctru/lib/libctru.a(gfx.o) (gspInit)
[...]
Memory Configuration

Name             Origin             Length             Attributes
*default*        0x00000000         0xffffffff

Linker script and memory map

                0x00100000                . = 0x100000
                0x00100000                __start__ = .

.text           0x00100000     0xc974
 *(.crt0)
 .crt0          0x00100000       0x94 /Users/rabougue/Documents/3ds_homebrew_dev/devkitPro/devkitARM/bin/../lib/gcc/arm-none-eabi/5.3.0/../../../../arm-none-eabi/lib/armv6k/fpu/3dsx_crt0.o
                0x00100000                _start
                0x00100008                __service_ptr
                0x0010000c                __apt_appid
                0x00100010                __heap_size
                0x00100014                __linear_heap_size
                0x00100018                __system_arglist
                0x0010001c                __system_runflags
 *(.init)
 .init          0x00100094        0xc /Users/rabougue/Documents/3ds_homebrew_dev/devkitPro/devkitARM/bin/../lib/gcc/arm-none-eabi/5.3.0/armv6k/fpu/crti.o
                0x00100094                _init
 .init          0x001000a0        0xc /Users/rabougue/Documents/3ds_homebrew_dev/devkitPro/devkitARM/bin/../lib/gcc/arm-none-eabi/5.3.0/armv6k/fpu/crtn.o
                0x001000ac                . = ALIGN (0x4)
 *(.text)
 .text          0x001000ac      0x108 /Users/rabougue/Documents/3ds_homebrew_dev/devkitPro/devkitARM/bin/../lib/gcc/arm-none-eabi/5.3.0/armv6k/fpu/crtbegin.o
 .text          0x001001b4       0x64 /Users/rabougue/Documents/3ds_homebrew_dev/devkitPro/libctru/lib/libctru.a(stack_adjust.o)
                0x001001b4                initSystem
                0x001001f8                __ctru_exit
 *fill*         0x00100218        0x8 
 .text          0x00100220      0x3a0 /Users/rabougue/Documents/3ds_homebrew_dev/devkitPro/devkitARM/bin/../lib/gcc/arm-none-eabi/5.3.0/../../../../arm-none-eabi/lib/armv6k/fpu/libg.a(lib_a-strcmp.o)
                0x00100228                strcmp
 .text          0x001005c0      0x1c4 /Users/rabougue/Documents/3ds_homebrew_dev/devkitPro/devkitARM/bin/../lib/gcc/arm-none-eabi/5.3.0/../../../../arm-none-eabi/lib/armv6k/fpu/libsysbase.a(iosupport.o)
                0x001005c8                setDefaultDevice
                0x001005e0                FindDevice
                0x0010069c                RemoveDevice
                0x001006c8                AddDevice
                0x00100760                GetDeviceOpTab
 .text          0x00100784       0x70 /Users/rabougue/Documents/3ds_homebrew_dev/devkitPro/devkitARM/bin/../lib/gcc/arm-none-eabi/5.3.0/../../../../arm-none-eabi/lib/armv6k/fpu/libsysbase.a(sbrk.o)
                0x00100784                _sbrk_r
 .text          0x001007f4      0x3b0 /Users/rabougue/Documents/3ds_homebrew_dev/devkitPro/devkitARM/bin/../lib/gcc/arm-none-eabi/5.3.0/../../../../arm-none-eabi/lib/armv6k/fpu/libsysbase.a(chdir.o)
                0x001007f4                _concatenate_path
                0x001009b0                chdir
                0x00100b04                getcwd
 .text          0x00100ba4      0x108 /Users/rabougue/Documents/3ds_homebrew_dev/devkitPro/devkitARM/bin/../lib/gcc/arm-none-eabi/5.3.0/../../../../arm-none-eabi/lib/armv6k/fpu/libsysbase.a(syscall_support.o)
                0x00100ba4                __libc_lock_init
                0x00100bbc                __libc_lock_acquire
                0x00100bd4                __libc_lock_try_acquire
                0x00100bf8                __libc_lock_release
                0x00100c10                __libc_lock_close
                0x00100c28                __libc_lock_init_recursive
                0x00100c40                __libc_lock_acquire_recursive
                0x00100c58                __libc_lock_try_acquire_recursive
                0x00100c7c                __libc_lock_release_recursive
                0x00100c94                __libc_lock_close_recursive
 .text          0x00100cac       0x28 /Users/rabougue/Documents/3ds_homebrew_dev/devkitPro/devkitARM/bin/../lib/gcc/arm-none-eabi/5.3.0/../../../../arm-none-eabi/lib/armv6k/fpu/libsysbase.a(getreent.o)
                0x00100cac                __getreent
 .text          0x00100cd4      0x20c /Users/rabougue/Documents/3ds_homebrew_dev/devkitPro/devkitARM/bin/../lib/gcc/arm-none-eabi/5.3.0/armv6k/fpu/libgcc.a(_udivsi3.o)
                0x00100cd4                __udivsi3
                0x00100cd4                __aeabi_uidiv
                0x00100ec0                __aeabi_uidivmod
 .text          0x00100ee0        0x4 /Users/rabougue/Documents/3ds_homebrew_dev/devkitPro/devkitARM/bin/../lib/gcc/arm-none-eabi/5.3.0/armv6k/fpu/libgcc.a(_dvmd_tls.o)
                0x00100ee0                __aeabi_ldiv0
                0x00100ee0                __aeabi_idiv0
 *(.text.*)
 .text.startup.main
                0x00100ee4      0x288 main.o
                0x00100ee4                main
 .text.AttrInfo_Init
                0x0010116c       0x28 /Users/rabougue/Documents/3ds_homebrew_dev/devkitPro/libctru/lib/libcitro3d.a(attribs.o)
                0x0010116c                AttrInfo_Init
 .text.AttrInfo_AddLoader
                0x00101194       0xa4 /Users/rabougue/Documents/3ds_homebrew_dev/devkitPro/libctru/lib/libcitro3d.a(attribs.o)
                0x00101194                AttrInfo_AddLoader
 .text.C3D_GetAttrInfo
                0x00101238       0x24 /Users/rabougue/Documents/3ds_homebrew_dev/devkitPro/libctru/lib/libcitro3d.a(attribs.o)
                0x00101238                C3D_GetAttrInfo
 .text.C3Di_AttrInfoBind
                0x0010125c       0x80 /Users/rabougue/Documents/3ds_homebrew_dev/devkitPro/libctru/lib/libcitro3d.a(attribs.o)
                0x0010125c                C3Di_AttrInfoBind
 .text.C3Di_AptEventHook
                0x001012dc       0x68 /Users/rabougue/Documents/3ds_homebrew_dev/devkitPro/libctru/lib/libcitro3d.a(base.o)
 .text.C3D_Init
                0x00101344      0x154 /Users/rabougue/Documents/3ds_homebrew_dev/devkitPro/libctru/lib/libcitro3d.a(base.o)
                0x00101344                C3D_Init
 .text.C3D_SetViewport
                0x00101498       0x98 /Users/rabougue/Documents/3ds_homebrew_dev/devkitPro/libctru/lib/libcitro3d.a(base.o)
                0x00101498                C3D_SetViewport
 .text.C3Di_UpdateContext
                0x00101530      0x580 /Users/rabougue/Documents/3ds_homebrew_dev/devkitPro/libctru/lib/libcitro3d.a(base.o)
                0x00101530                C3Di_UpdateContext
 .text.C3Di_FinalizeFrame
                0x00101ab0       0xcc /Users/rabougue/Documents/3ds_homebrew_dev/devkitPro/libctru/lib/libcitro3d.a(base.o)
                0x00101ab0                C3Di_FinalizeFrame
 .text.C3D_Fini
                0x00101b7c       0x48 /Users/rabougue/Documents/3ds_homebrew_dev/devkitPro/libctru/lib/libcitro3d.a(base.o)
                0x00101b7c                C3D_Fini
 .text.C3D_BindProgram
                0x00101bc4       0xd4 /Users/rabougue/Documents/3ds_homebrew_dev/devkitPro/libctru/lib/libcitro3d.a(base.o)
                0x00101bc4                C3D_BindProgram
 .text.C3Di_BufInfoBind
                0x00101c98       0x48 /Users/rabougue/Documents/3ds_homebrew_dev/devkitPro/libctru/lib/libcitro3d.a(buffers.o)
                0x00101c98                C3Di_BufInfoBind
 .text.C3D_DepthMap
                0x00101ce0       0x3c /Users/rabougue/Documents/3ds_homebrew_dev/devkitPro/libctru/lib/libcitro3d.a(effect.o)
                0x00101ce0                C3D_DepthMap
 .text.C3D_CullFace
                0x00101d1c       0x1c /Users/rabougue/Documents/3ds_homebrew_dev/devkitPro/libctru/lib/libcitro3d.a(effect.o)
                0x00101d1c                C3D_CullFace
 .text.C3D_StencilTest
                0x00101d38       0x3c /Users/rabougue/Documents/3ds_homebrew_dev/devkitPro/libctru/lib/libcitro3d.a(effect.o)
                0x00101d38                C3D_StencilTest
 .text.C3D_StencilOp
                0x00101d74       0x24 /Users/rabougue/Documents/3ds_homebrew_dev/devkitPro/libctru/lib/libcitro3d.a(effect.o)
                0x00101d74                C3D_StencilOp
 .text.C3D_BlendingColor
                0x00101d98       0x1c /Users/rabougue/Documents/3ds_homebrew_dev/devkitPro/libctru/lib/libcitro3d.a(effect.o)
                0x00101d98                C3D_BlendingColor
 .text.C3D_DepthTest
                0x00101db4       0x28 /Users/rabougue/Documents/3ds_homebrew_dev/devkitPro/libctru/lib/libcitro3d.a(effect.o)
                0x00101db4                C3D_DepthTest
 .text.C3D_AlphaTest
                0x00101ddc       0x28 /Users/rabougue/Documents/3ds_homebrew_dev/devkitPro/libctru/lib/libcitro3d.a(effect.o)
                0x00101ddc                C3D_AlphaTest
 .text.C3D_AlphaBlend
                0x00101e04       0x50 /Users/rabougue/Documents/3ds_homebrew_dev/devkitPro/libctru/lib/libcitro3d.a(effect.o)
                0x00101e04                C3D_AlphaBlend
 .text.C3D_FragOpMode
                0x00101e54       0x30 /Users/rabougue/Documents/3ds_homebrew_dev/devkitPro/libctru/lib/libcitro3d.a(effect.o)
                0x00101e54                C3D_FragOpMode
 .text.C3Di_EffectBind
                0x00101e84      0x11c /Users/rabougue/Documents/3ds_homebrew_dev/devkitPro/libctru/lib/libcitro3d.a(effect.o)
                0x00101e84                C3Di_EffectBind
 .text.C3D_ImmDrawBegin
                0x00101fa0       0xb8 /Users/rabougue/Documents/3ds_homebrew_dev/devkitPro/libctru/lib/libcitro3d.a(immediate.o)
                0x00101fa0                C3D_ImmDrawBegin
 .text.C3D_ImmSendAttrib
                0x00102058       0xb4 /Users/rabougue/Documents/3ds_homebrew_dev/devkitPro/libctru/lib/libcitro3d.a(immediate.o)
                0x00102058                C3D_ImmSendAttrib
 .text.C3D_ImmDrawEnd
                0x0010210c       0x74 /Users/rabougue/Documents/3ds_homebrew_dev/devkitPro/libctru/lib/libcitro3d.a(immediate.o)
                0x0010210c                C3D_ImmDrawEnd
 .text.C3D_RenderBufInit
                0x00102180       0xa4 /Users/rabougue/Documents/3ds_homebrew_dev/devkitPro/libctru/lib/libcitro3d.a(renderbuffer.o)
                0x00102180                C3D_RenderBufInit
 .text.C3D_RenderBufClearAsync
                0x00102224       0x80 /Users/rabougue/Documents/3ds_homebrew_dev/devkitPro/libctru/lib/libcitro3d.a(renderbuffer.o)
                0x00102224                C3D_RenderBufClearAsync
 .text.C3D_RenderBufTransferAsync
                0x001022a4       0x28 /Users/rabougue/Documents/3ds_homebrew_dev/devkitPro/libctru/lib/libcitro3d.a(renderbuffer.o)
                0x001022a4                C3D_RenderBufTransferAsync
 .text.C3D_RenderBufBind
                0x001022cc       0x38 /Users/rabougue/Documents/3ds_homebrew_dev/devkitPro/libctru/lib/libcitro3d.a(renderbuffer.o)
                0x001022cc                C3D_RenderBufBind
 .text.C3Di_RenderBufBind
                0x00102304      0x168 /Users/rabougue/Documents/3ds_homebrew_dev/devkitPro/libctru/lib/libcitro3d.a(renderbuffer.o)
                0x00102304                C3Di_RenderBufBind
 .text.C3D_RenderBufDelete
                0x0010246c       0x18 /Users/rabougue/Documents/3ds_homebrew_dev/devkitPro/libctru/lib/libcitro3d.a(renderbuffer.o)
                0x0010246c                C3D_RenderBufDelete
 .text.C3Di_RenderQueueInit
                0x00102484       0x38 /Users/rabougue/Documents/3ds_homebrew_dev/devkitPro/libctru/lib/libcitro3d.a(renderqueue.o)
 .text.performTransfer
                0x001024bc       0x74 /Users/rabougue/Documents/3ds_homebrew_dev/devkitPro/libctru/lib/libcitro3d.a(renderqueue.o)
 .text.transferTarget
                0x00102530       0x44 /Users/rabougue/Documents/3ds_homebrew_dev/devkitPro/libctru/lib/libcitro3d.a(renderqueue.o)
 .text.onVBlank1
                0x00102574       0x24 /Users/rabougue/Documents/3ds_homebrew_dev/devkitPro/libctru/lib/libcitro3d.a(renderqueue.o)
 .text.performClear
                0x00102598       0x3c /Users/rabougue/Documents/3ds_homebrew_dev/devkitPro/libctru/lib/libcitro3d.a(renderqueue.o)
 .text.clearTarget
                0x001025d4       0x40 /Users/rabougue/Documents/3ds_homebrew_dev/devkitPro/libctru/lib/libcitro3d.a(renderqueue.o)
 .text.onVBlank0
                0x00102614       0x8c /Users/rabougue/Documents/3ds_homebrew_dev/devkitPro/libctru/lib/libcitro3d.a(renderqueue.o)
 .text.updateFrameQueue.part.0
                0x001026a0       0xc0 /Users/rabougue/Documents/3ds_homebrew_dev/devkitPro/libctru/lib/libcitro3d.a(renderqueue.o)
 .text.onRenderFinish
                0x00102760       0xe0 /Users/rabougue/Documents/3ds_homebrew_dev/devkitPro/libctru/lib/libcitro3d.a(renderqueue.o)
 .text.onClearDone.part.2
                0x00102840       0x18 /Users/rabougue/Documents/3ds_homebrew_dev/devkitPro/libctru/lib/libcitro3d.a(renderqueue.o)
 .text.onTransferFinish
                0x00102858       0x74 /Users/rabougue/Documents/3ds_homebrew_dev/devkitPro/libctru/lib/libcitro3d.a(renderqueue.o)
 .text.onClearDone
                0x001028cc       0x40 /Users/rabougue/Documents/3ds_homebrew_dev/devkitPro/libctru/lib/libcitro3d.a(renderqueue.o)
 .text.C3D_FrameBegin
                0x0010290c       0x64 /Users/rabougue/Documents/3ds_homebrew_dev/devkitPro/libctru/lib/libcitro3d.a(renderqueue.o)
                0x0010290c                C3D_FrameBegin
 .text.C3D_FrameDrawOn
                0x00102970       0x78 /Users/rabougue/Documents/3ds_homebrew_dev/devkitPro/libctru/lib/libcitro3d.a(renderqueue.o)
                0x00102970                C3D_FrameDrawOn
 .text.C3D_FrameEnd
                0x001029e8       0xd0 /Users/rabougue/Documents/3ds_homebrew_dev/devkitPro/libctru/lib/libcitro3d.a(renderqueue.o)
                0x001029e8                C3D_FrameEnd
 .text.C3D_RenderTargetCreate
                0x00102ab8       0xe4 /Users/rabougue/Documents/3ds_homebrew_dev/devkitPro/libctru/lib/libcitro3d.a(renderqueue.o)
                0x00102ab8                C3D_RenderTargetCreate
 .text.C3D_RenderTargetDelete
                0x00102b9c       0x70 /Users/rabougue/Documents/3ds_homebrew_dev/devkitPro/libctru/lib/libcitro3d.a(renderqueue.o)
                0x00102b9c                C3D_RenderTargetDelete
 .text.C3Di_RenderQueueExit
                0x00102c0c       0x90 /Users/rabougue/Documents/3ds_homebrew_dev/devkitPro/libctru/lib/libcitro3d.a(renderqueue.o)
 .text.C3D_RenderTargetSetClear
                0x00102c9c       0x50 /Users/rabougue/Documents/3ds_homebrew_dev/devkitPro/libctru/lib/libcitro3d.a(renderqueue.o)
                0x00102c9c                C3D_RenderTargetSetClear
 .text.C3D_RenderTargetSetOutput
                0x00102cec       0x58 /Users/rabougue/Documents/3ds_homebrew_dev/devkitPro/libctru/lib/libcitro3d.a(renderqueue.o)
                0x00102cec                C3D_RenderTargetSetOutput
 .text.TexEnv_Init
                0x00102d44       0x34 /Users/rabougue/Documents/3ds_homebrew_dev/devkitPro/libctru/lib/libcitro3d.a(texenv.o)
                0x00102d44                TexEnv_Init
 .text.C3D_GetTexEnv
                0x00102d78       0x34 /Users/rabougue/Documents/3ds_homebrew_dev/devkitPro/libctru/lib/libcitro3d.a(texenv.o)
                0x00102d78                C3D_GetTexEnv
 .text.C3Di_TexEnvBind
                0x00102dac       0x24 /Users/rabougue/Documents/3ds_homebrew_dev/devkitPro/libctru/lib/libcitro3d.a(texenv.o)
                0x00102dac                C3Di_TexEnvBind
 .text.C3D_TexInitVRAM
                0x00102dd0       0xa0 /Users/rabougue/Documents/3ds_homebrew_dev/devkitPro/libctru/lib/libcitro3d.a(texture.o)
                0x00102dd0                C3D_TexInitVRAM
 .text.C3D_TexDelete
                0x00102e70       0x3c /Users/rabougue/Documents/3ds_homebrew_dev/devkitPro/libctru/lib/libcitro3d.a(texture.o)
                0x00102e70                C3D_TexDelete
 .text.C3D_UpdateUniforms
                0x00102eac      0x2a8 /Users/rabougue/Documents/3ds_homebrew_dev/devkitPro/libctru/lib/libcitro3d.a(uniforms.o)
                0x00102eac                C3D_UpdateUniforms
 .text.C3Di_DirtyUniforms
                0x00103154       0xc0 /Users/rabougue/Documents/3ds_homebrew_dev/devkitPro/libctru/lib/libcitro3d.a(uniforms.o)
                0x00103154                C3Di_DirtyUniforms
 .text.C3Di_LoadShaderUniforms
                0x00103214       0xd4 /Users/rabougue/Documents/3ds_homebrew_dev/devkitPro/libctru/lib/libcitro3d.a(uniforms.o)
                0x00103214                C3Di_LoadShaderUniforms
 .text.C3Di_ClearShaderUniforms
                0x001032e8       0x28 /Users/rabougue/Documents/3ds_homebrew_dev/devkitPro/libctru/lib/libcitro3d.a(uniforms.o)
                0x001032e8                C3Di_ClearShaderUniforms
 .text.Mtx_OrthoTilt
                0x00103310      0x104 /Users/rabougue/Documents/3ds_homebrew_dev/devkitPro/libctru/lib/libcitro3d.a(mtx_orthotilt.o)
                0x00103310                Mtx_OrthoTilt
 .text.Mtx_Identity
                0x00103414       0x2c /Users/rabougue/Documents/3ds_homebrew_dev/devkitPro/libctru/lib/libcitro3d.a(mtx_identity.o)
                0x00103414                Mtx_Identity
 .text.Mtx_Multiply
                0x00103440       0x70 /Users/rabougue/Documents/3ds_homebrew_dev/devkitPro/libctru/lib/libcitro3d.a(mtx_multiply.o)
                0x00103440                Mtx_Multiply
 .text._ZL21addrMapNodeComparatorPK11rbtree_nodeS1_
                0x001034b0       0x24 /Users/rabougue/Documents/3ds_homebrew_dev/devkitPro/libctru/lib/libctru.a(linear.o)
 .text._ZL21addrMapNodeDestructorP11rbtree_node
                0x001034d4        0x4 /Users/rabougue/Documents/3ds_homebrew_dev/devkitPro/libctru/lib/libctru.a(linear.o)
 .text.linearMemAlign
                0x001034d8      0x140 /Users/rabougue/Documents/3ds_homebrew_dev/devkitPro/libctru/lib/libctru.a(linear.o)
                0x001034d8                linearMemAlign
 .text.linearAlloc
                0x00103618        0x8 /Users/rabougue/Documents/3ds_homebrew_dev/devkitPro/libctru/lib/libctru.a(linear.o)
                0x00103618                linearAlloc
 .text.linearFree
                0x00103620       0x50 /Users/rabougue/Documents/3ds_homebrew_dev/devkitPro/libctru/lib/libctru.a(linear.o)
                0x00103620                linearFree
 .text._ZN7MemPool13CoalesceRightEP8MemBlock
                0x00103670       0xa0 /Users/rabougue/Documents/3ds_homebrew_dev/devkitPro/libctru/lib/libctru.a(mem_pool.o)
                0x00103670                MemPool::CoalesceRight(MemBlock*)
 .text._ZN7MemPool8AllocateER8MemChunkmi
                0x00103710      0x18c /Users/rabougue/Documents/3ds_homebrew_dev/devkitPro/libctru/lib/libctru.a(mem_pool.o)
                0x00103710                MemPool::Allocate(MemChunk&, unsigned long, int)
 .text._ZN7MemPool10DeallocateERK8MemChunk
                0x0010389c      0x104 /Users/rabougue/Documents/3ds_homebrew_dev/devkitPro/libctru/lib/libctru.a(mem_pool.o)
                0x0010389c                MemPool::Deallocate(MemChunk const&)
 .text._ZL21addrMapNodeComparatorPK11rbtree_nodeS1_
                0x001039a0       0x24 /Users/rabougue/Documents/3ds_homebrew_dev/devkitPro/libctru/lib/libctru.a(vram.o)
 .text._ZL21addrMapNodeDestructorP11rbtree_node
                0x001039c4        0x4 /Users/rabougue/Documents/3ds_homebrew_dev/devkitPro/libctru/lib/libctru.a(vram.o)
 .text.vramMemAlign
                0x001039c8      0x130 /Users/rabougue/Documents/3ds_homebrew_dev/devkitPro/libctru/lib/libctru.a(vram.o)
                0x001039c8                vramMemAlign
 .text.vramAlloc
                0x00103af8        0x8 /Users/rabougue/Documents/3ds_homebrew_dev/devkitPro/libctru/lib/libctru.a(vram.o)
                0x00103af8                vramAlloc
 .text.vramFree
                0x00103b00       0x50 /Users/rabougue/Documents/3ds_homebrew_dev/devkitPro/libctru/lib/libctru.a(vram.o)
                0x00103b00                vramFree
 .text.gfxSetFramebufferInfo.part.0
                0x00103b50       0x8c /Users/rabougue/Documents/3ds_homebrew_dev/devkitPro/libctru/lib/libctru.a(gfx.o)
 .text.gfxIs3D  0x00103bdc       0x10 /Users/rabougue/Documents/3ds_homebrew_dev/devkitPro/libctru/lib/libctru.a(gfx.o)
                0x00103bdc                gfxIs3D
 .text.gfxSetFramebufferInfo
                0x00103bec       0x70 /Users/rabougue/Documents/3ds_homebrew_dev/devkitPro/libctru/lib/libctru.a(gfx.o)
                0x00103bec                gfxSetFramebufferInfo
 .text.gfxWriteFramebufferInfo
                0x00103c5c       0x88 /Users/rabougue/Documents/3ds_homebrew_dev/devkitPro/libctru/lib/libctru.a(gfx.o)
                0x00103c5c                gfxWriteFramebufferInfo
 .text.gfxInit  0x00103ce4      0x1d0 /Users/rabougue/Documents/3ds_homebrew_dev/devkitPro/libctru/lib/libctru.a(gfx.o)
                0x00103ce4                gfxInit
 .text.gfxInitDefault
                0x00103eb4       0x10 /Users/rabougue/Documents/3ds_homebrew_dev/devkitPro/libctru/lib/libctru.a(gfx.o)
                0x00103eb4                gfxInitDefault
 .text.gfxExit  0x00103ec4       0xe0 /Users/rabougue/Documents/3ds_homebrew_dev/devkitPro/libctru/lib/libctru.a(gfx.o)
                0x00103ec4                gfxExit
 .text.gfxGetFramebuffer
                0x00103fa4       0xb0 /Users/rabougue/Documents/3ds_homebrew_dev/devkitPro/libctru/lib/libctru.a(gfx.o)
                0x00103fa4                gfxGetFramebuffer
 .text.gfxConfigScreen
                0x00104054       0x70 /Users/rabougue/Documents/3ds_homebrew_dev/devkitPro/libctru/lib/libctru.a(gfx.o)
                0x00104054                gfxConfigScreen
 .text.getSysTime
                0x001040c4       0x58 /Users/rabougue/Documents/3ds_homebrew_dev/devkitPro/libctru/lib/libctru.a(os.o)
 .text.osConvertVirtToPhys
                0x0010411c       0x4c /Users/rabougue/Documents/3ds_homebrew_dev/devkitPro/libctru/lib/libctru.a(os.o)
                0x0010411c                osConvertVirtToPhys
 .text.osGetMemRegionUsed
                0x00104168       0x24 /Users/rabougue/Documents/3ds_homebrew_dev/devkitPro/libctru/lib/libctru.a(os.o)
                0x00104168                osGetMemRegionUsed
 *fill*         0x0010418c        0x4 
 .text.__libctru_gtod
                0x00104190       0xf8 /Users/rabougue/Documents/3ds_homebrew_dev/devkitPro/libctru/lib/libctru.a(os.o)
                0x00104190                __libctru_gtod
 .text.__ctru_speedup_config
                0x00104288       0x34 /Users/rabougue/Documents/3ds_homebrew_dev/devkitPro/libctru/lib/libctru.a(os.o)
                0x00104288                __ctru_speedup_config
 .text.GPUCMD_SetBuffer
                0x001042bc       0x2c /Users/rabougue/Documents/3ds_homebrew_dev/devkitPro/libctru/lib/libctru.a(gpu.o)
                0x001042bc                GPUCMD_SetBuffer
 .text.GPUCMD_GetBuffer
                0x001042e8       0x40 /Users/rabougue/Documents/3ds_homebrew_dev/devkitPro/libctru/lib/libctru.a(gpu.o)
                0x001042e8                GPUCMD_GetBuffer
 .text.GPUCMD_Add
                0x00104328       0xe4 /Users/rabougue/Documents/3ds_homebrew_dev/devkitPro/libctru/lib/libctru.a(gpu.o)
                0x00104328                GPUCMD_Add
 .text.GPUCMD_Finalize
                0x0010440c       0x98 /Users/rabougue/Documents/3ds_homebrew_dev/devkitPro/libctru/lib/libctru.a(gpu.o)
                0x0010440c                GPUCMD_Finalize
 .text.f32tof24
                0x001044a4       0x40 /Users/rabougue/Documents/3ds_homebrew_dev/devkitPro/libctru/lib/libctru.a(gpu.o)
                0x001044a4                f32tof24
 .text.f32tof31
                0x001044e4       0x40 /Users/rabougue/Documents/3ds_homebrew_dev/devkitPro/libctru/lib/libctru.a(gpu.o)
                0x001044e4                f32tof31
 .text.GX_ProcessCommandList
                0x00104524       0x54 /Users/rabougue/Documents/3ds_homebrew_dev/devkitPro/libctru/lib/libctru.a(gx.o)
                0x00104524                GX_ProcessCommandList
 .text.GX_MemoryFill
                0x00104578       0x60 /Users/rabougue/Documents/3ds_homebrew_dev/devkitPro/libctru/lib/libctru.a(gx.o)
                0x00104578                GX_MemoryFill
 .text.GX_DisplayTransfer
                0x001045d8       0x50 /Users/rabougue/Documents/3ds_homebrew_dev/devkitPro/libctru/lib/libctru.a(gx.o)
                0x001045d8                GX_DisplayTransfer
 .text.GX_FlushCacheRegions
                0x00104628       0x54 /Users/rabougue/Documents/3ds_homebrew_dev/devkitPro/libctru/lib/libctru.a(gx.o)
                0x00104628                GX_FlushCacheRegions
 .text.GPU_SetShaderOutmap
                0x0010467c       0x48 /Users/rabougue/Documents/3ds_homebrew_dev/devkitPro/libctru/lib/libctru.a(shaderProgram.o)
 .text.GPU_SendShaderCode.constprop.0
                0x001046c4       0xb8 /Users/rabougue/Documents/3ds_homebrew_dev/devkitPro/libctru/lib/libctru.a(shaderProgram.o)
 .text.GPU_SendOperandDescriptors.constprop.1
                0x0010477c       0x70 /Users/rabougue/Documents/3ds_homebrew_dev/devkitPro/libctru/lib/libctru.a(shaderProgram.o)
 .text.shaderInstanceInit
                0x001047ec      0x23c /Users/rabougue/Documents/3ds_homebrew_dev/devkitPro/libctru/lib/libctru.a(shaderProgram.o)
                0x001047ec                shaderInstanceInit
 .text.shaderInstanceFree
                0x00104a28       0x38 /Users/rabougue/Documents/3ds_homebrew_dev/devkitPro/libctru/lib/libctru.a(shaderProgram.o)
                0x00104a28                shaderInstanceFree
 .text.shaderInstanceGetUniformLocation
                0x00104a60       0x18 /Users/rabougue/Documents/3ds_homebrew_dev/devkitPro/libctru/lib/libctru.a(shaderProgram.o)
                0x00104a60                shaderInstanceGetUniformLocation
 .text.shaderProgramInit
                0x00104a78       0x18 /Users/rabougue/Documents/3ds_homebrew_dev/devkitPro/libctru/lib/libctru.a(shaderProgram.o)
                0x00104a78                shaderProgramInit
 .text.shaderProgramFree
                0x00104a90       0x30 /Users/rabougue/Documents/3ds_homebrew_dev/devkitPro/libctru/lib/libctru.a(shaderProgram.o)
                0x00104a90                shaderProgramFree
 .text.shaderProgramSetVsh
                0x00104ac0       0x6c /Users/rabougue/Documents/3ds_homebrew_dev/devkitPro/libctru/lib/libctru.a(shaderProgram.o)
                0x00104ac0                shaderProgramSetVsh
 .text.shaderProgramConfigure
                0x00104b2c      0x340 /Users/rabougue/Documents/3ds_homebrew_dev/devkitPro/libctru/lib/libctru.a(shaderProgram.o)
                0x00104b2c                shaderProgramConfigure
 .text.DVLB_Free
                0x00104e6c       0x3c /Users/rabougue/Documents/3ds_homebrew_dev/devkitPro/libctru/lib/libctru.a(shbin.o)
                0x00104e6c                DVLB_Free
 .text.DVLE_GetUniformRegister
                0x00104ea8       0x80 /Users/rabougue/Documents/3ds_homebrew_dev/devkitPro/libctru/lib/libctru.a(shbin.o)
                0x00104ea8                DVLE_GetUniformRegister
 .text.DVLE_GenerateOutmap
                0x00104f28      0x198 /Users/rabougue/Documents/3ds_homebrew_dev/devkitPro/libctru/lib/libctru.a(shbin.o)
                0x00104f28                DVLE_GenerateOutmap
 .text.DVLB_ParseFile
                0x001050c0      0x198 /Users/rabougue/Documents/3ds_homebrew_dev/devkitPro/libctru/lib/libctru.a(shbin.o)
                0x001050c0                DVLB_ParseFile
 .text.__apt_initservicehandle
                0x00105258       0x68 /Users/rabougue/Documents/3ds_homebrew_dev/devkitPro/libctru/lib/libctru.a(apt.o)
 .text._aptDebug
                0x001052c0        0x4 /Users/rabougue/Documents/3ds_homebrew_dev/devkitPro/libctru/lib/libctru.a(apt.o)
                0x001052c0                _aptDebug
 .text.aptInitCaptureInfo
                0x001052c4       0x98 /Users/rabougue/Documents/3ds_homebrew_dev/devkitPro/libctru/lib/libctru.a(apt.o)
                0x001052c4                aptInitCaptureInfo
 .text.aptWaitStatusEvent
                0x0010535c       0x28 /Users/rabougue/Documents/3ds_homebrew_dev/devkitPro/libctru/lib/libctru.a(apt.o)
                0x0010535c                aptWaitStatusEvent
 .text.aptGetMenuAppID
                0x00105384       0x60 /Users/rabougue/Documents/3ds_homebrew_dev/devkitPro/libctru/lib/libctru.a(apt.o)
                0x00105384                aptGetMenuAppID
 .text.aptHook  0x001053e4       0x34 /Users/rabougue/Documents/3ds_homebrew_dev/devkitPro/libctru/lib/libctru.a(apt.o)
                0x001053e4                aptHook
 .text.aptUnhook
                0x00105418       0x2c /Users/rabougue/Documents/3ds_homebrew_dev/devkitPro/libctru/lib/libctru.a(apt.o)
                0x00105418                aptUnhook
 .text.aptSetStatus
                0x00105444       0x6c /Users/rabougue/Documents/3ds_homebrew_dev/devkitPro/libctru/lib/libctru.a(apt.o)
                0x00105444                aptSetStatus
 .text.APT_GetLockHandle
                0x001054b0       0x48 /Users/rabougue/Documents/3ds_homebrew_dev/devkitPro/libctru/lib/libctru.a(apt.o)
                0x001054b0                APT_GetLockHandle
 .text.APT_Initialize
                0x001054f8       0x60 /Users/rabougue/Documents/3ds_homebrew_dev/devkitPro/libctru/lib/libctru.a(apt.o)
                0x001054f8                APT_Initialize
 .text.APT_Finalize
                0x00105558       0x34 /Users/rabougue/Documents/3ds_homebrew_dev/devkitPro/libctru/lib/libctru.a(apt.o)
                0x00105558                APT_Finalize
 .text.APT_InquireNotification
                0x0010558c       0x48 /Users/rabougue/Documents/3ds_homebrew_dev/devkitPro/libctru/lib/libctru.a(apt.o)
                0x0010558c                APT_InquireNotification
 .text.APT_PrepareToJumpToHomeMenu
                0x001055d4       0x2c /Users/rabougue/Documents/3ds_homebrew_dev/devkitPro/libctru/lib/libctru.a(apt.o)
                0x001055d4                APT_PrepareToJumpToHomeMenu
 .text.APT_JumpToHomeMenu
                0x00105600       0x50 /Users/rabougue/Documents/3ds_homebrew_dev/devkitPro/libctru/lib/libctru.a(apt.o)
                0x00105600                APT_JumpToHomeMenu
 .text.APT_PrepareToJumpToApplication
                0x00105650       0x34 /Users/rabougue/Documents/3ds_homebrew_dev/devkitPro/libctru/lib/libctru.a(apt.o)
                0x00105650                APT_PrepareToJumpToApplication
 .text.APT_JumpToApplication
                0x00105684       0x50 /Users/rabougue/Documents/3ds_homebrew_dev/devkitPro/libctru/lib/libctru.a(apt.o)
                0x00105684                APT_JumpToApplication
 .text.APT_NotifyToWait
                0x001056d4       0x34 /Users/rabougue/Documents/3ds_homebrew_dev/devkitPro/libctru/lib/libctru.a(apt.o)
                0x001056d4                APT_NotifyToWait
 .text.APT_AppletUtility
                0x00105708       0x7c /Users/rabougue/Documents/3ds_homebrew_dev/devkitPro/libctru/lib/libctru.a(apt.o)
                0x00105708                APT_AppletUtility
 .text.aptAppletUtility_Exit_RetToApp
                0x00105784      0x188 /Users/rabougue/Documents/3ds_homebrew_dev/devkitPro/libctru/lib/libctru.a(apt.o)
                0x00105784                aptAppletUtility_Exit_RetToApp
 .text.aptAppletClosed
                0x0010590c       0x3c /Users/rabougue/Documents/3ds_homebrew_dev/devkitPro/libctru/lib/libctru.a(apt.o)
                0x0010590c                aptAppletClosed
 .text.aptAppStarted
                0x00105948      0x114 /Users/rabougue/Documents/3ds_homebrew_dev/devkitPro/libctru/lib/libctru.a(apt.o)
 .text.aptInit  0x00105a5c      0x298 /Users/rabougue/Documents/3ds_homebrew_dev/devkitPro/libctru/lib/libctru.a(apt.o)
                0x00105a5c                aptInit
 .text.APT_ReceiveParameter
                0x00105cf4       0x6c /Users/rabougue/Documents/3ds_homebrew_dev/devkitPro/libctru/lib/libctru.a(apt.o)
                0x00105cf4                APT_ReceiveParameter
 .text.APT_SendParameter
                0x00105d60       0x64 /Users/rabougue/Documents/3ds_homebrew_dev/devkitPro/libctru/lib/libctru.a(apt.o)
                0x00105d60                APT_SendParameter
 .text.APT_SendCaptureBufferInfo
                0x00105dc4       0x44 /Users/rabougue/Documents/3ds_homebrew_dev/devkitPro/libctru/lib/libctru.a(apt.o)
                0x00105dc4                APT_SendCaptureBufferInfo
 .text.aptReturnToMenu
                0x00105e08      0x264 /Users/rabougue/Documents/3ds_homebrew_dev/devkitPro/libctru/lib/libctru.a(apt.o)
                0x00105e08                aptReturnToMenu
 .text.APT_ReplySleepQuery
                0x0010606c       0x38 /Users/rabougue/Documents/3ds_homebrew_dev/devkitPro/libctru/lib/libctru.a(apt.o)
                0x0010606c                APT_ReplySleepQuery
 .text.APT_ReplySleepNotificationComplete
                0x001060a4       0x34 /Users/rabougue/Documents/3ds_homebrew_dev/devkitPro/libctru/lib/libctru.a(apt.o)
                0x001060a4                APT_ReplySleepNotificationComplete
 .text.aptEventHandler
                0x001060d8      0x3f4 /Users/rabougue/Documents/3ds_homebrew_dev/devkitPro/libctru/lib/libctru.a(apt.o)
                0x001060d8                aptEventHandler
 .text.APT_PrepareToCloseApplication
                0x001064cc       0x34 /Users/rabougue/Documents/3ds_homebrew_dev/devkitPro/libctru/lib/libctru.a(apt.o)
                0x001064cc                APT_PrepareToCloseApplication
 .text.APT_CloseApplication
                0x00106500       0x50 /Users/rabougue/Documents/3ds_homebrew_dev/devkitPro/libctru/lib/libctru.a(apt.o)
                0x00106500                APT_CloseApplication
 .text.aptExit  0x00106550      0x2d0 /Users/rabougue/Documents/3ds_homebrew_dev/devkitPro/libctru/lib/libctru.a(apt.o)
                0x00106550                aptExit
 .text.APT_CheckNew3DS_System
                0x00106820       0x6c /Users/rabougue/Documents/3ds_homebrew_dev/devkitPro/libctru/lib/libctru.a(apt.o)
                0x00106820                APT_CheckNew3DS_System
 .text.APT_CheckNew3DS
                0x0010688c       0x8c /Users/rabougue/Documents/3ds_homebrew_dev/devkitPro/libctru/lib/libctru.a(apt.o)
                0x0010688c                APT_CheckNew3DS
 .text.APT_StartLibraryApplet
                0x00106918       0x54 /Users/rabougue/Documents/3ds_homebrew_dev/devkitPro/libctru/lib/libctru.a(apt.o)
                0x00106918                APT_StartLibraryApplet
 .text.aptAppletStarted
                0x0010696c      0x174 /Users/rabougue/Documents/3ds_homebrew_dev/devkitPro/libctru/lib/libctru.a(apt.o)
                0x0010696c                aptAppletStarted
 .text.aptMainLoop
                0x00106ae0      0x1a4 /Users/rabougue/Documents/3ds_homebrew_dev/devkitPro/libctru/lib/libctru.a(apt.o)
                0x00106ae0                aptMainLoop
 .text.gspEventThreadMain
                0x00106c84      0x124 /Users/rabougue/Documents/3ds_homebrew_dev/devkitPro/libctru/lib/libctru.a(gspgpu.o)
 .text.gspInit  0x00106da8       0x74 /Users/rabougue/Documents/3ds_homebrew_dev/devkitPro/libctru/lib/libctru.a(gspgpu.o)
                0x00106da8                gspInit
 .text.gspExit  0x00106e1c       0x3c /Users/rabougue/Documents/3ds_homebrew_dev/devkitPro/libctru/lib/libctru.a(gspgpu.o)
                0x00106e1c                gspExit
 .text.gspSetEventCallback
                0x00106e58       0x34 /Users/rabougue/Documents/3ds_homebrew_dev/devkitPro/libctru/lib/libctru.a(gspgpu.o)
                0x00106e58                gspSetEventCallback
 .text.gspInitEventHandler
                0x00106e8c       0xd0 /Users/rabougue/Documents/3ds_homebrew_dev/devkitPro/libctru/lib/libctru.a(gspgpu.o)
                0x00106e8c                gspInitEventHandler
 .text.gspExitEventHandler
                0x00106f5c       0x5c /Users/rabougue/Documents/3ds_homebrew_dev/devkitPro/libctru/lib/libctru.a(gspgpu.o)
                0x00106f5c                gspExitEventHandler
 .text.gspWaitForEvent
                0x00106fb8       0x58 /Users/rabougue/Documents/3ds_homebrew_dev/devkitPro/libctru/lib/libctru.a(gspgpu.o)
                0x00106fb8                gspWaitForEvent
 .text.gspWaitForAnyEvent
                0x00107010       0x58 /Users/rabougue/Documents/3ds_homebrew_dev/devkitPro/libctru/lib/libctru.a(gspgpu.o)
                0x00107010                gspWaitForAnyEvent
 .text.gspSubmitGxCommand
                0x00107068      0x128 /Users/rabougue/Documents/3ds_homebrew_dev/devkitPro/libctru/lib/libctru.a(gspgpu.o)
                0x00107068                gspSubmitGxCommand
 .text.GSPGPU_SetBufferSwap
                0x00107190       0x6c /Users/rabougue/Documents/3ds_homebrew_dev/devkitPro/libctru/lib/libctru.a(gspgpu.o)
                0x00107190                GSPGPU_SetBufferSwap
 .text.GSPGPU_SetLcdForceBlack
                0x001071fc       0x34 /Users/rabougue/Documents/3ds_homebrew_dev/devkitPro/libctru/lib/libctru.a(gspgpu.o)
                0x001071fc                GSPGPU_SetLcdForceBlack
 .text.GSPGPU_RegisterInterruptRelayQueue
                0x00107230       0x64 /Users/rabougue/Documents/3ds_homebrew_dev/devkitPro/libctru/lib/libctru.a(gspgpu.o)
                0x00107230                GSPGPU_RegisterInterruptRelayQueue
 .text.GSPGPU_UnregisterInterruptRelayQueue
                0x00107294       0x2c /Users/rabougue/Documents/3ds_homebrew_dev/devkitPro/libctru/lib/libctru.a(gspgpu.o)
                0x00107294                GSPGPU_UnregisterInterruptRelayQueue
 .text.GSPGPU_AcquireRight
                0x001072c0       0x48 /Users/rabougue/Documents/3ds_homebrew_dev/devkitPro/libctru/lib/libctru.a(gspgpu.o)
                0x001072c0                GSPGPU_AcquireRight
 .text.GSPGPU_ReleaseRight
                0x00107308       0x2c /Users/rabougue/Documents/3ds_homebrew_dev/devkitPro/libctru/lib/libctru.a(gspgpu.o)
                0x00107308                GSPGPU_ReleaseRight
 .text.GSPGPU_ImportDisplayCaptureInfo
                0x00107334       0x80 /Users/rabougue/Documents/3ds_homebrew_dev/devkitPro/libctru/lib/libctru.a(gspgpu.o)
                0x00107334                GSPGPU_ImportDisplayCaptureInfo
 .text.GSPGPU_SaveVramSysArea
                0x001073b4       0x2c /Users/rabougue/Documents/3ds_homebrew_dev/devkitPro/libctru/lib/libctru.a(gspgpu.o)
                0x001073b4                GSPGPU_SaveVramSysArea
 .text.GSPGPU_RestoreVramSysArea
                0x001073e0       0x2c /Users/rabougue/Documents/3ds_homebrew_dev/devkitPro/libctru/lib/libctru.a(gspgpu.o)
                0x001073e0                GSPGPU_RestoreVramSysArea
 .text.hidExit  0x0010740c       0xd8 /Users/rabougue/Documents/3ds_homebrew_dev/devkitPro/libctru/lib/libctru.a(hid.o)
                0x0010740c                hidExit
 .text.hidScanInput
                0x001074e4      0x238 /Users/rabougue/Documents/3ds_homebrew_dev/devkitPro/libctru/lib/libctru.a(hid.o)
                0x001074e4                hidScanInput
 .text.hidKeysDown
                0x0010771c       0x10 /Users/rabougue/Documents/3ds_homebrew_dev/devkitPro/libctru/lib/libctru.a(hid.o)
                0x0010771c                hidKeysDown
 .text.HIDUSER_GetHandles
                0x0010772c       0x90 /Users/rabougue/Documents/3ds_homebrew_dev/devkitPro/libctru/lib/libctru.a(hid.o)
                0x0010772c                HIDUSER_GetHandles
 .text.hidInit  0x001077bc      0x184 /Users/rabougue/Documents/3ds_homebrew_dev/devkitPro/libctru/lib/libctru.a(hid.o)
                0x001077bc                hidInit
 .text.irrstScanInput
                0x00107940       0xb0 /Users/rabougue/Documents/3ds_homebrew_dev/devkitPro/libctru/lib/libctru.a(irrst.o)
                0x00107940                irrstScanInput
 .text.irrstKeysHeld
                0x001079f0       0x1c /Users/rabougue/Documents/3ds_homebrew_dev/devkitPro/libctru/lib/libctru.a(irrst.o)
                0x001079f0                irrstKeysHeld
 .text.IRRST_GetHandles
                0x00107a0c       0x50 /Users/rabougue/Documents/3ds_homebrew_dev/devkitPro/libctru/lib/libctru.a(irrst.o)
                0x00107a0c                IRRST_GetHandles
 .text.irrstInit
                0x00107a5c      0x148 /Users/rabougue/Documents/3ds_homebrew_dev/devkitPro/libctru/lib/libctru.a(irrst.o)
                0x00107a5c                irrstInit
 .text.IRRST_Shutdown
                0x00107ba4       0x2c /Users/rabougue/Documents/3ds_homebrew_dev/devkitPro/libctru/lib/libctru.a(irrst.o)
                0x00107ba4                IRRST_Shutdown
 .text.irrstExit
                0x00107bd0       0xb0 /Users/rabougue/Documents/3ds_homebrew_dev/devkitPro/libctru/lib/libctru.a(irrst.o)
                0x00107bd0                irrstExit
 .text.ptmSysmInit
                0x00107c80       0x70 /Users/rabougue/Documents/3ds_homebrew_dev/devkitPro/libctru/lib/libctru.a(ptmsysm.o)
                0x00107c80                ptmSysmInit
 .text.ptmSysmExit
                0x00107cf0       0x34 /Users/rabougue/Documents/3ds_homebrew_dev/devkitPro/libctru/lib/libctru.a(ptmsysm.o)
                0x00107cf0                ptmSysmExit
 .text.PTMSYSM_ConfigureNew3DSCPU
                0x00107d24       0x34 /Users/rabougue/Documents/3ds_homebrew_dev/devkitPro/libctru/lib/libctru.a(ptmsysm.o)
                0x00107d24                PTMSYSM_ConfigureNew3DSCPU
 .text.rbtree_find
                0x00107d58       0x70 /Users/rabougue/Documents/3ds_homebrew_dev/devkitPro/libctru/lib/libctru.a(rbtree_find.o)
                0x00107d58                rbtree_find
 .text.rbtree_init
                0x00107dc8       0x14 /Users/rabougue/Documents/3ds_homebrew_dev/devkitPro/libctru/lib/libctru.a(rbtree_init.o)
                0x00107dc8                rbtree_init
 .text.do_insert
                0x00107ddc      0x1d4 /Users/rabougue/Documents/3ds_homebrew_dev/devkitPro/libctru/lib/libctru.a(rbtree_insert.o)
 .text.rbtree_insert
                0x00107fb0        0x8 /Users/rabougue/Documents/3ds_homebrew_dev/devkitPro/libctru/lib/libctru.a(rbtree_insert.o)
                0x00107fb0                rbtree_insert
 .text.rbtree_remove
                0x00107fb8      0x35c /Users/rabougue/Documents/3ds_homebrew_dev/devkitPro/libctru/lib/libctru.a(rbtree_remove.o)
                0x00107fb8                rbtree_remove
 .text.rbtree_rotate
                0x00108314       0xac /Users/rabougue/Documents/3ds_homebrew_dev/devkitPro/libctru/lib/libctru.a(rbtree_rotate.o)
                0x00108314                rbtree_rotate
 .text.osGetMemRegionSize
                0x001083c0       0x58 /Users/rabougue/Documents/3ds_homebrew_dev/devkitPro/libctru/lib/libctru.a(allocateHeaps.o)
 .text.__system_allocateHeaps
                0x00108418      0x124 /Users/rabougue/Documents/3ds_homebrew_dev/devkitPro/libctru/lib/libctru.a(allocateHeaps.o)
                0x00108418                __system_allocateHeaps
 .text.__system_initArgv
                0x0010853c       0xf4 /Users/rabougue/Documents/3ds_homebrew_dev/devkitPro/libctru/lib/libctru.a(initArgv.o)
                0x0010853c                __system_initArgv
 .text.__libctru_init
                0x00108630       0x38 /Users/rabougue/Documents/3ds_homebrew_dev/devkitPro/libctru/lib/libctru.a(initSystem.o)
                0x00108630                __libctru_init
 .text.__ctru_get_reent
                0x00108668       0x30 /Users/rabougue/Documents/3ds_homebrew_dev/devkitPro/libctru/lib/libctru.a(syscalls.o)
 .text.__system_initSyscalls
                0x00108698       0xe8 /Users/rabougue/Documents/3ds_homebrew_dev/devkitPro/libctru/lib/libctru.a(syscalls.o)
                0x00108698                __system_initSyscalls
 .text.svcControlMemory
                0x00108780       0x20 /Users/rabougue/Documents/3ds_homebrew_dev/devkitPro/libctru/lib/libctru.a(svc.o)
                0x00108780                svcControlMemory
 .text.svcExitProcess
                0x001087a0        0x8 /Users/rabougue/Documents/3ds_homebrew_dev/devkitPro/libctru/lib/libctru.a(svc.o)
                0x001087a0                svcExitProcess
 .text.svcCreateThread
                0x001087a8       0x20 /Users/rabougue/Documents/3ds_homebrew_dev/devkitPro/libctru/lib/libctru.a(svc.o)
                0x001087a8                svcCreateThread
 .text.svcExitThread
                0x001087c8        0x8 /Users/rabougue/Documents/3ds_homebrew_dev/devkitPro/libctru/lib/libctru.a(svc.o)
                0x001087c8                svcExitThread
 .text.svcCreateEvent
                0x001087d0       0x14 /Users/rabougue/Documents/3ds_homebrew_dev/devkitPro/libctru/lib/libctru.a(svc.o)
                0x001087d0                svcCreateEvent
 .text.svcSignalEvent
                0x001087e4        0x8 /Users/rabougue/Documents/3ds_homebrew_dev/devkitPro/libctru/lib/libctru.a(svc.o)
                0x001087e4                svcSignalEvent
 .text.svcClearEvent
                0x001087ec        0x8 /Users/rabougue/Documents/3ds_homebrew_dev/devkitPro/libctru/lib/libctru.a(svc.o)
                0x001087ec                svcClearEvent
 .text.svcMapMemoryBlock
                0x001087f4        0x8 /Users/rabougue/Documents/3ds_homebrew_dev/devkitPro/libctru/lib/libctru.a(svc.o)
                0x001087f4                svcMapMemoryBlock
 .text.svcUnmapMemoryBlock
                0x001087fc        0x8 /Users/rabougue/Documents/3ds_homebrew_dev/devkitPro/libctru/lib/libctru.a(svc.o)
                0x001087fc                svcUnmapMemoryBlock
 .text.svcCreateAddressArbiter
                0x00108804       0x14 /Users/rabougue/Documents/3ds_homebrew_dev/devkitPro/libctru/lib/libctru.a(svc.o)
                0x00108804                svcCreateAddressArbiter
 .text.svcArbitrateAddress
                0x00108818       0x18 /Users/rabougue/Documents/3ds_homebrew_dev/devkitPro/libctru/lib/libctru.a(svc.o)
                0x00108818                svcArbitrateAddress
 .text.svcCloseHandle
                0x00108830        0x8 /Users/rabougue/Documents/3ds_homebrew_dev/devkitPro/libctru/lib/libctru.a(svc.o)
                0x00108830                svcCloseHandle
 .text.svcWaitSynchronization
                0x00108838        0x8 /Users/rabougue/Documents/3ds_homebrew_dev/devkitPro/libctru/lib/libctru.a(svc.o)
                0x00108838                svcWaitSynchronization
 .text.svcWaitSynchronizationN
                0x00108840       0x28 /Users/rabougue/Documents/3ds_homebrew_dev/devkitPro/libctru/lib/libctru.a(svc.o)
                0x00108840                svcWaitSynchronizationN
 .text.svcDuplicateHandle
                0x00108868       0x14 /Users/rabougue/Documents/3ds_homebrew_dev/devkitPro/libctru/lib/libctru.a(svc.o)
                0x00108868                svcDuplicateHandle
 .text.svcGetSystemTick
                0x0010887c        0x8 /Users/rabougue/Documents/3ds_homebrew_dev/devkitPro/libctru/lib/libctru.a(svc.o)
                0x0010887c                svcGetSystemTick
 .text.svcGetSystemInfo
                0x00108884       0x18 /Users/rabougue/Documents/3ds_homebrew_dev/devkitPro/libctru/lib/libctru.a(svc.o)
                0x00108884                svcGetSystemInfo
 .text.svcConnectToPort
                0x0010889c       0x14 /Users/rabougue/Documents/3ds_homebrew_dev/devkitPro/libctru/lib/libctru.a(svc.o)
                0x0010889c                svcConnectToPort
 .text.svcSendSyncRequest
                0x001088b0        0x8 /Users/rabougue/Documents/3ds_homebrew_dev/devkitPro/libctru/lib/libctru.a(svc.o)
                0x001088b0                svcSendSyncRequest
 .text.svcBreak
                0x001088b8        0x8 /Users/rabougue/Documents/3ds_homebrew_dev/devkitPro/libctru/lib/libctru.a(svc.o)
                0x001088b8                svcBreak
 .text._ZL21addrMapNodeComparatorPK11rbtree_nodeS1_
                0x001088c0       0x24 /Users/rabougue/Documents/3ds_homebrew_dev/devkitPro/libctru/lib/libctru.a(mappable.o)
 .text._ZL21addrMapNodeDestructorP11rbtree_node
                0x001088e4        0x4 /Users/rabougue/Documents/3ds_homebrew_dev/devkitPro/libctru/lib/libctru.a(mappable.o)
 .text.mappableAlloc
                0x001088e8       0xf4 /Users/rabougue/Documents/3ds_homebrew_dev/devkitPro/libctru/lib/libctru.a(mappable.o)
                0x001088e8                mappableAlloc
 .text.mappableFree
                0x001089dc       0x50 /Users/rabougue/Documents/3ds_homebrew_dev/devkitPro/libctru/lib/libctru.a(mappable.o)
                0x001089dc                mappableFree
 .text.envGetHandle
                0x00108a2c       0x94 /Users/rabougue/Documents/3ds_homebrew_dev/devkitPro/libctru/lib/libctru.a(env.o)
                0x00108a2c                envGetHandle
 .text.envDestroyHandles
                0x00108ac0       0x4c /Users/rabougue/Documents/3ds_homebrew_dev/devkitPro/libctru/lib/libctru.a(env.o)
                0x00108ac0                envDestroyHandles
 .text.srvExit  0x00108b0c       0x50 /Users/rabougue/Documents/3ds_homebrew_dev/devkitPro/libctru/lib/libctru.a(srv.o)
                0x00108b0c                srvExit
 .text.srvRegisterClient
                0x00108b5c       0x38 /Users/rabougue/Documents/3ds_homebrew_dev/devkitPro/libctru/lib/libctru.a(srv.o)
                0x00108b5c                srvRegisterClient
 .text.srvInit  0x00108b94       0x70 /Users/rabougue/Documents/3ds_homebrew_dev/devkitPro/libctru/lib/libctru.a(srv.o)
                0x00108b94                srvInit
 .text.srvGetServiceHandleDirect
                0x00108c04       0x68 /Users/rabougue/Documents/3ds_homebrew_dev/devkitPro/libctru/lib/libctru.a(srv.o)
                0x00108c04                srvGetServiceHandleDirect
 .text.srvGetServiceHandle
                0x00108c6c       0x38 /Users/rabougue/Documents/3ds_homebrew_dev/devkitPro/libctru/lib/libctru.a(srv.o)
                0x00108c6c                srvGetServiceHandle
 .text.LightLock_Unlock.part.1
                0x00108ca4       0x34 /Users/rabougue/Documents/3ds_homebrew_dev/devkitPro/libctru/lib/libctru.a(synchronization.o)
 .text.__sync_init
                0x00108cd8        0xc /Users/rabougue/Documents/3ds_homebrew_dev/devkitPro/libctru/lib/libctru.a(synchronization.o)
                0x00108cd8                __sync_init
 .text.__sync_fini
                0x00108ce4       0x18 /Users/rabougue/Documents/3ds_homebrew_dev/devkitPro/libctru/lib/libctru.a(synchronization.o)
                0x00108ce4                __sync_fini
 .text.LightLock_Init
                0x00108cfc       0x18 /Users/rabougue/Documents/3ds_homebrew_dev/devkitPro/libctru/lib/libctru.a(synchronization.o)
                0x00108cfc                LightLock_Init
 .text.LightLock_Lock
                0x00108d14       0x94 /Users/rabougue/Documents/3ds_homebrew_dev/devkitPro/libctru/lib/libctru.a(synchronization.o)
                0x00108d14                LightLock_Lock
 .text.LightLock_TryLock
                0x00108da8       0x34 /Users/rabougue/Documents/3ds_homebrew_dev/devkitPro/libctru/lib/libctru.a(synchronization.o)
                0x00108da8                LightLock_TryLock
 .text.LightLock_Unlock
                0x00108ddc       0x20 /Users/rabougue/Documents/3ds_homebrew_dev/devkitPro/libctru/lib/libctru.a(synchronization.o)
                0x00108ddc                LightLock_Unlock
 .text.RecursiveLock_Init
                0x00108dfc       0x24 /Users/rabougue/Documents/3ds_homebrew_dev/devkitPro/libctru/lib/libctru.a(synchronization.o)
                0x00108dfc                RecursiveLock_Init
 .text.RecursiveLock_Lock
                0x00108e20       0x30 /Users/rabougue/Documents/3ds_homebrew_dev/devkitPro/libctru/lib/libctru.a(synchronization.o)
                0x00108e20                RecursiveLock_Lock
 .text.RecursiveLock_TryLock
                0x00108e50       0x58 /Users/rabougue/Documents/3ds_homebrew_dev/devkitPro/libctru/lib/libctru.a(synchronization.o)
                0x00108e50                RecursiveLock_TryLock
 .text.RecursiveLock_Unlock
                0x00108ea8       0x38 /Users/rabougue/Documents/3ds_homebrew_dev/devkitPro/libctru/lib/libctru.a(synchronization.o)
                0x00108ea8                RecursiveLock_Unlock
 .text.threadCreate
                0x00108ee0      0x1c8 /Users/rabougue/Documents/3ds_homebrew_dev/devkitPro/libctru/lib/libctru.a(thread.o)
                0x00108ee0                threadCreate
 .text.threadJoin
                0x001090a8       0x24 /Users/rabougue/Documents/3ds_homebrew_dev/devkitPro/libctru/lib/libctru.a(thread.o)
                0x001090a8                threadJoin
 .text.threadExit
                0x001090cc       0x6c /Users/rabougue/Documents/3ds_homebrew_dev/devkitPro/libctru/lib/libctru.a(thread.o)
                0x001090cc                threadExit
 .text._thread_begin
                0x00109138       0x3c /Users/rabougue/Documents/3ds_homebrew_dev/devkitPro/libctru/lib/libctru.a(thread.o)
 .text.rbtree_node_next
                0x00109174       0x8c /Users/rabougue/Documents/3ds_homebrew_dev/devkitPro/libctru/lib/libctru.a(rbtree_iterator.o)
                0x00109174                rbtree_node_next
 .text.__appExit
                0x00109200       0x1c /Users/rabougue/Documents/3ds_homebrew_dev/devkitPro/libctru/lib/libctru.a(appExit.o)
                0x00109200                __appExit
 .text.__appInit
                0x0010921c       0x1c /Users/rabougue/Documents/3ds_homebrew_dev/devkitPro/libctru/lib/libctru.a(appInit.o)
                0x0010921c                __appInit
 .text.__libctru_exit
                0x00109238       0xa4 /Users/rabougue/Documents/3ds_homebrew_dev/devkitPro/libctru/lib/libctru.a(ctru_exit.o)
                0x00109238                __libctru_exit
 .text.sdmc_link
                0x001092dc       0x10 /Users/rabougue/Documents/3ds_homebrew_dev/devkitPro/libctru/lib/libctru.a(sdmc_dev.o)
 .text.sdmc_dirreset
                0x001092ec       0x10 /Users/rabougue/Documents/3ds_homebrew_dev/devkitPro/libctru/lib/libctru.a(sdmc_dev.o)
 .text.sdmc_chmod
                0x001092fc       0x10 /Users/rabougue/Documents/3ds_homebrew_dev/devkitPro/libctru/lib/libctru.a(sdmc_dev.o)
 .text.sdmc_fchmod
                0x0010930c       0x10 /Users/rabougue/Documents/3ds_homebrew_dev/devkitPro/libctru/lib/libctru.a(sdmc_dev.o)
 .text.error_cmp
                0x0010931c       0x24 /Users/rabougue/Documents/3ds_homebrew_dev/devkitPro/libctru/lib/libctru.a(sdmc_dev.o)
 .text.sdmc_translate_error
                0x00109340       0x50 /Users/rabougue/Documents/3ds_homebrew_dev/devkitPro/libctru/lib/libctru.a(sdmc_dev.o)
 .text.sdmc_fsync
                0x00109390       0x34 /Users/rabougue/Documents/3ds_homebrew_dev/devkitPro/libctru/lib/libctru.a(sdmc_dev.o)
 .text.sdmc_ftruncate
                0x001093c4       0x54 /Users/rabougue/Documents/3ds_homebrew_dev/devkitPro/libctru/lib/libctru.a(sdmc_dev.o)
 .text.sdmc_statvfs
                0x00109418       0xac /Users/rabougue/Documents/3ds_homebrew_dev/devkitPro/libctru/lib/libctru.a(sdmc_dev.o)
 .text.sdmc_dirclose
                0x001094c4       0x38 /Users/rabougue/Documents/3ds_homebrew_dev/devkitPro/libctru/lib/libctru.a(sdmc_dev.o)
 .text.sdmc_dirnext
                0x001094fc       0xe0 /Users/rabougue/Documents/3ds_homebrew_dev/devkitPro/libctru/lib/libctru.a(sdmc_dev.o)
 .text.sdmc_close
                0x001095dc       0x34 /Users/rabougue/Documents/3ds_homebrew_dev/devkitPro/libctru/lib/libctru.a(sdmc_dev.o)
 .text.sdmc_fstat
                0x00109610       0x74 /Users/rabougue/Documents/3ds_homebrew_dev/devkitPro/libctru/lib/libctru.a(sdmc_dev.o)
 .text.sdmc_seek
                0x00109684       0xc0 /Users/rabougue/Documents/3ds_homebrew_dev/devkitPro/libctru/lib/libctru.a(sdmc_dev.o)
 .text.sdmc_read
                0x00109744       0x8c /Users/rabougue/Documents/3ds_homebrew_dev/devkitPro/libctru/lib/libctru.a(sdmc_dev.o)
 .text.sdmc_write
                0x001097d0      0x108 /Users/rabougue/Documents/3ds_homebrew_dev/devkitPro/libctru/lib/libctru.a(sdmc_dev.o)
 .text.sdmc_utf16path
                0x001098d8      0x1b4 /Users/rabougue/Documents/3ds_homebrew_dev/devkitPro/libctru/lib/libctru.a(sdmc_dev.o)
 .text.sdmc_rmdir
                0x00109a8c       0x80 /Users/rabougue/Documents/3ds_homebrew_dev/devkitPro/libctru/lib/libctru.a(sdmc_dev.o)
 .text.sdmc_diropen
                0x00109b0c       0x9c /Users/rabougue/Documents/3ds_homebrew_dev/devkitPro/libctru/lib/libctru.a(sdmc_dev.o)
 .text.sdmc_chdir
                0x00109ba8       0xa8 /Users/rabougue/Documents/3ds_homebrew_dev/devkitPro/libctru/lib/libctru.a(sdmc_dev.o)
 .text.sdmc_mkdir
                0x00109c50       0x84 /Users/rabougue/Documents/3ds_homebrew_dev/devkitPro/libctru/lib/libctru.a(sdmc_dev.o)
 .text.sdmc_rename
                0x00109cd4      0x138 /Users/rabougue/Documents/3ds_homebrew_dev/devkitPro/libctru/lib/libctru.a(sdmc_dev.o)
 .text.sdmc_unlink
                0x00109e0c       0x80 /Users/rabougue/Documents/3ds_homebrew_dev/devkitPro/libctru/lib/libctru.a(sdmc_dev.o)
 .text.sdmc_stat
                0x00109e8c      0x120 /Users/rabougue/Documents/3ds_homebrew_dev/devkitPro/libctru/lib/libctru.a(sdmc_dev.o)
 .text.sdmc_open
                0x00109fac      0x1ac /Users/rabougue/Documents/3ds_homebrew_dev/devkitPro/libctru/lib/libctru.a(sdmc_dev.o)
 .text.sdmcInit
                0x0010a158      0x134 /Users/rabougue/Documents/3ds_homebrew_dev/devkitPro/libctru/lib/libctru.a(sdmc_dev.o)
                0x0010a158                sdmcInit
 .text.sdmcExit
                0x0010a28c       0x50 /Users/rabougue/Documents/3ds_homebrew_dev/devkitPro/libctru/lib/libctru.a(sdmc_dev.o)
                0x0010a28c                sdmcExit
 .text.fsInit   0x0010a2dc       0xc8 /Users/rabougue/Documents/3ds_homebrew_dev/devkitPro/libctru/lib/libctru.a(fs.o)
                0x0010a2dc                fsInit
 .text.fsExit   0x0010a3a4       0x34 /Users/rabougue/Documents/3ds_homebrew_dev/devkitPro/libctru/lib/libctru.a(fs.o)
                0x0010a3a4                fsExit
 .text.FSUSER_OpenFile
                0x0010a3d8       0xdc /Users/rabougue/Documents/3ds_homebrew_dev/devkitPro/libctru/lib/libctru.a(fs.o)
                0x0010a3d8                FSUSER_OpenFile
 .text.FSUSER_DeleteFile
                0x0010a4b4       0xb8 /Users/rabougue/Documents/3ds_homebrew_dev/devkitPro/libctru/lib/libctru.a(fs.o)
                0x0010a4b4                FSUSER_DeleteFile
 .text.FSUSER_RenameFile
                0x0010a56c       0xf4 /Users/rabougue/Documents/3ds_homebrew_dev/devkitPro/libctru/lib/libctru.a(fs.o)
                0x0010a56c                FSUSER_RenameFile
 .text.FSUSER_DeleteDirectory
                0x0010a660       0xb8 /Users/rabougue/Documents/3ds_homebrew_dev/devkitPro/libctru/lib/libctru.a(fs.o)
                0x0010a660                FSUSER_DeleteDirectory
 .text.FSUSER_CreateFile
                0x0010a718       0xd0 /Users/rabougue/Documents/3ds_homebrew_dev/devkitPro/libctru/lib/libctru.a(fs.o)
                0x0010a718                FSUSER_CreateFile
 .text.FSUSER_CreateDirectory
                0x0010a7e8       0xc0 /Users/rabougue/Documents/3ds_homebrew_dev/devkitPro/libctru/lib/libctru.a(fs.o)
                0x0010a7e8                FSUSER_CreateDirectory
 .text.FSUSER_RenameDirectory
                0x0010a8a8       0xf4 /Users/rabougue/Documents/3ds_homebrew_dev/devkitPro/libctru/lib/libctru.a(fs.o)
                0x0010a8a8                FSUSER_RenameDirectory
 .text.FSUSER_OpenDirectory
                0x0010a99c       0xc4 /Users/rabougue/Documents/3ds_homebrew_dev/devkitPro/libctru/lib/libctru.a(fs.o)
                0x0010a99c                FSUSER_OpenDirectory
 .text.FSUSER_OpenArchive
                0x0010aa60       0xbc /Users/rabougue/Documents/3ds_homebrew_dev/devkitPro/libctru/lib/libctru.a(fs.o)
                0x0010aa60                FSUSER_OpenArchive
 .text.FSUSER_CloseArchive
                0x0010ab1c       0x88 /Users/rabougue/Documents/3ds_homebrew_dev/devkitPro/libctru/lib/libctru.a(fs.o)
                0x0010ab1c                FSUSER_CloseArchive
 .text.FSUSER_GetSdmcArchiveResource
                0x0010aba4       0x8c /Users/rabougue/Documents/3ds_homebrew_dev/devkitPro/libctru/lib/libctru.a(fs.o)
                0x0010aba4                FSUSER_GetSdmcArchiveResource
 .text.FSUSER_IsSdmcWritable
                0x0010ac30       0x64 /Users/rabougue/Documents/3ds_homebrew_dev/devkitPro/libctru/lib/libctru.a(fs.o)
                0x0010ac30                FSUSER_IsSdmcWritable
 .text.FSFILE_Read
                0x0010ac94       0x5c /Users/rabougue/Documents/3ds_homebrew_dev/devkitPro/libctru/lib/libctru.a(fs.o)
                0x0010ac94                FSFILE_Read
 .text.FSFILE_Write
                0x0010acf0       0x64 /Users/rabougue/Documents/3ds_homebrew_dev/devkitPro/libctru/lib/libctru.a(fs.o)
                0x0010acf0                FSFILE_Write
 .text.FSFILE_GetSize
                0x0010ad54       0x3c /Users/rabougue/Documents/3ds_homebrew_dev/devkitPro/libctru/lib/libctru.a(fs.o)
                0x0010ad54                FSFILE_GetSize
 .text.FSFILE_SetSize
                0x0010ad90       0x2c /Users/rabougue/Documents/3ds_homebrew_dev/devkitPro/libctru/lib/libctru.a(fs.o)
                0x0010ad90                FSFILE_SetSize
 .text.FSFILE_Close
                0x0010adbc       0x3c /Users/rabougue/Documents/3ds_homebrew_dev/devkitPro/libctru/lib/libctru.a(fs.o)
                0x0010adbc                FSFILE_Close
 .text.FSFILE_Flush
                0x0010adf8       0x24 /Users/rabougue/Documents/3ds_homebrew_dev/devkitPro/libctru/lib/libctru.a(fs.o)
                0x0010adf8                FSFILE_Flush
 .text.FSDIR_Read
                0x0010ae1c       0x54 /Users/rabougue/Documents/3ds_homebrew_dev/devkitPro/libctru/lib/libctru.a(fs.o)
                0x0010ae1c                FSDIR_Read
 .text.FSDIR_Close
                0x0010ae70       0x3c /Users/rabougue/Documents/3ds_homebrew_dev/devkitPro/libctru/lib/libctru.a(fs.o)
                0x0010ae70                FSDIR_Close
 .text.decode_utf8
                0x0010aeac      0x138 /Users/rabougue/Documents/3ds_homebrew_dev/devkitPro/libctru/lib/libctru.a(decode_utf8.o)
                0x0010aeac                decode_utf8
 .text.utf16_to_utf8
                0x0010afe4       0xe4 /Users/rabougue/Documents/3ds_homebrew_dev/devkitPro/libctru/lib/libctru.a(utf16_to_utf8.o)
                0x0010afe4                utf16_to_utf8
 .text.utf8_to_utf16
                0x0010b0c8       0xbc /Users/rabougue/Documents/3ds_homebrew_dev/devkitPro/libctru/lib/libctru.a(utf8_to_utf16.o)
                0x0010b0c8                utf8_to_utf16
 .text.__aeabi_read_tp
                0x0010b184        0xc /Users/rabougue/Documents/3ds_homebrew_dev/devkitPro/libctru/lib/libctru.a(readtp.o)
                0x0010b184                __aeabi_read_tp
 .text.decode_utf16
                0x0010b190       0x60 /Users/rabougue/Documents/3ds_homebrew_dev/devkitPro/libctru/lib/libctru.a(decode_utf16.o)
                0x0010b190                decode_utf16
 .text.encode_utf16
                0x0010b1f0       0x68 /Users/rabougue/Documents/3ds_homebrew_dev/devkitPro/libctru/lib/libctru.a(encode_utf16.o)
                0x0010b1f0                encode_utf16
 .text.encode_utf8
                0x0010b258      0x104 /Users/rabougue/Documents/3ds_homebrew_dev/devkitPro/libctru/lib/libctru.a(encode_utf8.o)
                0x0010b258                encode_utf8
 .text.bsearch  0x0010b35c       0x78 /Users/rabougue/Documents/3ds_homebrew_dev/devkitPro/devkitARM/bin/../lib/gcc/arm-none-eabi/5.3.0/../../../../arm-none-eabi/lib/armv6k/fpu/libg.a(lib_a-bsearch.o)
                0x0010b35c                bsearch
 .text.calloc   0x0010b3d4       0x20 /Users/rabougue/Documents/3ds_homebrew_dev/devkitPro/devkitARM/bin/../lib/gcc/arm-none-eabi/5.3.0/../../../../arm-none-eabi/lib/armv6k/fpu/libg.a(lib_a-calloc.o)
                0x0010b3d4                calloc
 .text._calloc_r
                0x0010b3f4       0x90 /Users/rabougue/Documents/3ds_homebrew_dev/devkitPro/devkitARM/bin/../lib/gcc/arm-none-eabi/5.3.0/../../../../arm-none-eabi/lib/armv6k/fpu/libg.a(lib_a-callocr.o)
                0x0010b3f4                _calloc_r
 .text.__libc_fini_array
                0x0010b484       0x3c /Users/rabougue/Documents/3ds_homebrew_dev/devkitPro/devkitARM/bin/../lib/gcc/arm-none-eabi/5.3.0/../../../../arm-none-eabi/lib/armv6k/fpu/libg.a(lib_a-fini.o)
                0x0010b484                __libc_fini_array
 .text.__libc_init_array
                0x0010b4c0       0x78 /Users/rabougue/Documents/3ds_homebrew_dev/devkitPro/devkitARM/bin/../lib/gcc/arm-none-eabi/5.3.0/../../../../arm-none-eabi/lib/armv6k/fpu/libg.a(lib_a-init.o)
                0x0010b4c0                __libc_init_array
 .text.memalign
                0x0010b538       0x20 /Users/rabougue/Documents/3ds_homebrew_dev/devkitPro/devkitARM/bin/../lib/gcc/arm-none-eabi/5.3.0/../../../../arm-none-eabi/lib/armv6k/fpu/libg.a(lib_a-malign.o)
                0x0010b538                memalign
 .text._memalign_r
                0x0010b558      0x15c /Users/rabougue/Documents/3ds_homebrew_dev/devkitPro/devkitARM/bin/../lib/gcc/arm-none-eabi/5.3.0/../../../../arm-none-eabi/lib/armv6k/fpu/libg.a(lib_a-malignr.o)
                0x0010b558                _memalign_r
 .text.malloc   0x0010b6b4       0x18 /Users/rabougue/Documents/3ds_homebrew_dev/devkitPro/devkitARM/bin/../lib/gcc/arm-none-eabi/5.3.0/../../../../arm-none-eabi/lib/armv6k/fpu/libg.a(lib_a-malloc.o)
                0x0010b6b4                malloc
 .text.free     0x0010b6cc       0x18 /Users/rabougue/Documents/3ds_homebrew_dev/devkitPro/devkitARM/bin/../lib/gcc/arm-none-eabi/5.3.0/../../../../arm-none-eabi/lib/armv6k/fpu/libg.a(lib_a-malloc.o)
                0x0010b6cc                free
 .text._malloc_r
                0x0010b6e4      0x7a8 /Users/rabougue/Documents/3ds_homebrew_dev/devkitPro/devkitARM/bin/../lib/gcc/arm-none-eabi/5.3.0/../../../../arm-none-eabi/lib/armv6k/fpu/libg.a(lib_a-mallocr.o)
                0x0010b6e4                _malloc_r
 .text.memcpy   0x0010be8c       0xf0 /Users/rabougue/Documents/3ds_homebrew_dev/devkitPro/devkitARM/bin/../lib/gcc/arm-none-eabi/5.3.0/../../../../arm-none-eabi/lib/armv6k/fpu/libg.a(lib_a-memcpy.o)
                0x0010be8c                memcpy
 .text.memset   0x0010bf7c       0xf4 /Users/rabougue/Documents/3ds_homebrew_dev/devkitPro/devkitARM/bin/../lib/gcc/arm-none-eabi/5.3.0/../../../../arm-none-eabi/lib/armv6k/fpu/libg.a(lib_a-memset.o)
                0x0010bf7c                memset
 .text.__malloc_lock
                0x0010c070        0xc /Users/rabougue/Documents/3ds_homebrew_dev/devkitPro/devkitARM/bin/../lib/gcc/arm-none-eabi/5.3.0/../../../../arm-none-eabi/lib/armv6k/fpu/libg.a(lib_a-mlock.o)
                0x0010c070                __malloc_lock
 .text.__malloc_unlock
                0x0010c07c        0xc /Users/rabougue/Documents/3ds_homebrew_dev/devkitPro/devkitARM/bin/../lib/gcc/arm-none-eabi/5.3.0/../../../../arm-none-eabi/lib/armv6k/fpu/libg.a(lib_a-mlock.o)
                0x0010c07c                __malloc_unlock
 .text.strlen   0x0010c088       0x5c /Users/rabougue/Documents/3ds_homebrew_dev/devkitPro/devkitARM/bin/../lib/gcc/arm-none-eabi/5.3.0/../../../../arm-none-eabi/lib/armv6k/fpu/libg.a(lib_a-strlen.o)
                0x0010c088                strlen
 .text.strncat  0x0010c0e4       0xa4 /Users/rabougue/Documents/3ds_homebrew_dev/devkitPro/devkitARM/bin/../lib/gcc/arm-none-eabi/5.3.0/../../../../arm-none-eabi/lib/armv6k/fpu/libg.a(lib_a-strncat.o)
                0x0010c0e4                strncat
 .text.strncpy  0x0010c188       0xe0 /Users/rabougue/Documents/3ds_homebrew_dev/devkitPro/devkitARM/bin/../lib/gcc/arm-none-eabi/5.3.0/../../../../arm-none-eabi/lib/armv6k/fpu/libg.a(lib_a-strncpy.o)
                0x0010c188                strncpy
 .text._malloc_trim_r
                0x0010c268       0xf8 /Users/rabougue/Documents/3ds_homebrew_dev/devkitPro/devkitARM/bin/../lib/gcc/arm-none-eabi/5.3.0/../../../../arm-none-eabi/lib/armv6k/fpu/libg.a(lib_a-freer.o)
                0x0010c268                _malloc_trim_r
 .text._free_r  0x0010c360      0x2e4 /Users/rabougue/Documents/3ds_homebrew_dev/devkitPro/devkitARM/bin/../lib/gcc/arm-none-eabi/5.3.0/../../../../arm-none-eabi/lib/armv6k/fpu/libg.a(lib_a-freer.o)
                0x0010c360                _free_r
 .text.strchr   0x0010c644      0x15c /Users/rabougue/Documents/3ds_homebrew_dev/devkitPro/devkitARM/bin/../lib/gcc/arm-none-eabi/5.3.0/../../../../arm-none-eabi/lib/armv6k/fpu/libg.a(lib_a-strchr.o)
                0x0010c644                strchr
 .text.strncmp  0x0010c7a0      0x11c /Users/rabougue/Documents/3ds_homebrew_dev/devkitPro/devkitARM/bin/../lib/gcc/arm-none-eabi/5.3.0/../../../../arm-none-eabi/lib/armv6k/fpu/libg.a(lib_a-strncmp.o)
                0x0010c7a0                strncmp
 .text.strnlen  0x0010c8bc       0x5c /Users/rabougue/Documents/3ds_homebrew_dev/devkitPro/devkitARM/bin/../lib/gcc/arm-none-eabi/5.3.0/../../../../arm-none-eabi/lib/armv6k/fpu/libg.a(lib_a-strnlen.o)
                0x0010c8bc                strnlen
 .text.strrchr  0x0010c918       0x44 /Users/rabougue/Documents/3ds_homebrew_dev/devkitPro/devkitARM/bin/../lib/gcc/arm-none-eabi/5.3.0/../../../../arm-none-eabi/lib/armv6k/fpu/libg.a(lib_a-strrchr.o)
                0x0010c918                strrchr
 *(.glue_7)
 .glue_7        0x0010c95c        0x0 linker stubs
 *(.glue_7t)
 .glue_7t       0x0010c95c        0x0 linker stubs
 *(.stub)
 *(.gnu.warning)
 *(.gnu.linkonce.t*)
                0x0010c95c                . = ALIGN (0x4)
 *(.fini)
 .fini          0x0010c95c        0xc /Users/rabougue/Documents/3ds_homebrew_dev/devkitPro/devkitARM/bin/../lib/gcc/arm-none-eabi/5.3.0/armv6k/fpu/crti.o
                0x0010c95c                _fini
 .fini          0x0010c968        0xc /Users/rabougue/Documents/3ds_homebrew_dev/devkitPro/devkitARM/bin/../lib/gcc/arm-none-eabi/5.3.0/armv6k/fpu/crtn.o
                0x0010c974                . = ALIGN (0x4)

.vfp11_veneer   0x0010c974        0x0
 .vfp11_veneer  0x0010c974        0x0 linker stubs

.v4_bx          0x0010c974        0x0
 .v4_bx         0x0010c974        0x0 linker stubs

.iplt           0x0010c974        0x0
 .iplt          0x0010c974        0x0 /Users/rabougue/Documents/3ds_homebrew_dev/devkitPro/devkitARM/bin/../lib/gcc/arm-none-eabi/5.3.0/../../../../arm-none-eabi/lib/armv6k/fpu/3dsx_crt0.o

.rodata         0x0010d000      0x3c4
 *(.rodata)
 .rodata        0x0010d000      0x128 vshader.shbin.o
                0x0010d000                vshader_shbin
                0x0010d124                vshader_shbin_end
                0x0010d124                vshader_shbin_size
 .rodata        0x0010d128        0x4 /Users/rabougue/Documents/3ds_homebrew_dev/devkitPro/libctru/lib/libcitro3d.a(base.o)
 .rodata        0x0010d12c       0x10 /Users/rabougue/Documents/3ds_homebrew_dev/devkitPro/libctru/lib/libcitro3d.a(renderbuffer.o)
 .rodata        0x0010d13c       0x14 /Users/rabougue/Documents/3ds_homebrew_dev/devkitPro/libctru/lib/libcitro3d.a(texture.o)
 .rodata        0x0010d150       0x1c /Users/rabougue/Documents/3ds_homebrew_dev/devkitPro/libctru/lib/libctru.a(gfx.o)
 .rodata        0x0010d16c       0x24 /Users/rabougue/Documents/3ds_homebrew_dev/devkitPro/libctru/lib/libctru.a(shbin.o)
 .rodata        0x0010d190        0xc /Users/rabougue/Documents/3ds_homebrew_dev/devkitPro/libctru/lib/libctru.a(apt.o)
 .rodata        0x0010d19c       0x30 /Users/rabougue/Documents/3ds_homebrew_dev/devkitPro/libctru/lib/libctru.a(sdmc_dev.o)
 .rodata        0x0010d1cc       0x68 /Users/rabougue/Documents/3ds_homebrew_dev/devkitPro/devkitARM/bin/../lib/gcc/arm-none-eabi/5.3.0/../../../../arm-none-eabi/lib/armv6k/fpu/libsysbase.a(iosupport.o)
                0x0010d1cc                dotab_stdnull
 .rodata        0x0010d234        0xc /Users/rabougue/Documents/3ds_homebrew_dev/devkitPro/devkitARM/bin/../lib/gcc/arm-none-eabi/5.3.0/../../../../arm-none-eabi/lib/armv6k/fpu/libsysbase.a(chdir.o)
                0x0010d234                DIRECTORY_PARENT
                0x0010d238                DIRECTORY_THIS
                0x0010d23c                DIRECTORY_SEPARATOR
 *(.roda)
 *(.rodata.*)
 .rodata.str1.4
                0x0010d240        0xb main.o
                                  0xc (size before relaxing)
 *fill*         0x0010d24b        0x1 
 .rodata.str1.4
                0x0010d24c       0x16 /Users/rabougue/Documents/3ds_homebrew_dev/devkitPro/libctru/lib/libctru.a(apt.o)
                                 0x18 (size before relaxing)
 *fill*         0x0010d262        0x2 
 .rodata.str1.4
                0x0010d264        0x9 /Users/rabougue/Documents/3ds_homebrew_dev/devkitPro/libctru/lib/libctru.a(gspgpu.o)
                                  0xc (size before relaxing)
 *fill*         0x0010d26d        0x3 
 .rodata.str1.4
                0x0010d270       0x15 /Users/rabougue/Documents/3ds_homebrew_dev/devkitPro/libctru/lib/libctru.a(hid.o)
                                 0x18 (size before relaxing)
 *fill*         0x0010d285        0x3 
 .rodata.str1.4
                0x0010d288        0x7 /Users/rabougue/Documents/3ds_homebrew_dev/devkitPro/libctru/lib/libctru.a(irrst.o)
                                  0x8 (size before relaxing)
 *fill*         0x0010d28f        0x1 
 .rodata.str1.4
                0x0010d290        0x9 /Users/rabougue/Documents/3ds_homebrew_dev/devkitPro/libctru/lib/libctru.a(ptmsysm.o)
                                  0xc (size before relaxing)
 *fill*         0x0010d299        0x3 
 .rodata.str1.4
                0x0010d29c        0x5 /Users/rabougue/Documents/3ds_homebrew_dev/devkitPro/libctru/lib/libctru.a(srv.o)
                                  0x8 (size before relaxing)
 *fill*         0x0010d2a1        0x3 
 .rodata.str1.4
                0x0010d2a4        0x2 /Users/rabougue/Documents/3ds_homebrew_dev/devkitPro/libctru/lib/libctru.a(thread.o)
                                  0x4 (size before relaxing)
 *fill*         0x0010d2a6        0x2 
 .rodata.str1.4
                0x0010d2a8        0x5 /Users/rabougue/Documents/3ds_homebrew_dev/devkitPro/libctru/lib/libctru.a(sdmc_dev.o)
                                  0xc (size before relaxing)
 *fill*         0x0010d2ad        0x3 
 .rodata.str1.4
                0x0010d2b0        0x8 /Users/rabougue/Documents/3ds_homebrew_dev/devkitPro/libctru/lib/libctru.a(fs.o)
                                  0xc (size before relaxing)
 .rodata.str1.4
                0x0010d2b8        0x4 /Users/rabougue/Documents/3ds_homebrew_dev/devkitPro/devkitARM/bin/../lib/gcc/arm-none-eabi/5.3.0/../../../../arm-none-eabi/lib/armv6k/fpu/libg.a(lib_a-impure.o)
 .rodata.str1.4
                0x0010d2b8        0x8 /Users/rabougue/Documents/3ds_homebrew_dev/devkitPro/devkitARM/bin/../lib/gcc/arm-none-eabi/5.3.0/../../../../arm-none-eabi/lib/armv6k/fpu/libsysbase.a(iosupport.o)
 .rodata._ctype_
                0x0010d2c0      0x104 /Users/rabougue/Documents/3ds_homebrew_dev/devkitPro/devkitARM/bin/../lib/gcc/arm-none-eabi/5.3.0/../../../../arm-none-eabi/lib/armv6k/fpu/libg.a(lib_a-ctype_.o)
                0x0010d2c0                _ctype_
 *all.rodata*(*)
 *(.gnu.linkonce.r*)
                0x0010d3c4                . = ALIGN (0x4)

.eh_frame       0x0010d3c4        0x0
 .eh_frame      0x0010d3c4        0x0 /Users/rabougue/Documents/3ds_homebrew_dev/devkitPro/devkitARM/bin/../lib/gcc/arm-none-eabi/5.3.0/armv6k/fpu/crtbegin.o

.rel.dyn        0x0010d3c4        0x0
 .rel.iplt      0x0010d3c4        0x0 /Users/rabougue/Documents/3ds_homebrew_dev/devkitPro/devkitARM/bin/../lib/gcc/arm-none-eabi/5.3.0/../../../../arm-none-eabi/lib/armv6k/fpu/3dsx_crt0.o

.ARM.extab
 *(.ARM.extab* .gnu.linkonce.armextab.*)
                0x0010d3c4                __exidx_start = .

ARM.exidx
 *(.ARM.exidx* .gnu.linkonce.armexidx.*)
                0x0010d3c4                __exidx_end = .

.data           0x0010e000     0x1d44
 *(.data)
 .data          0x0010e000        0xc /Users/rabougue/Documents/3ds_homebrew_dev/devkitPro/libctru/lib/libctru.a(gfx.o)
 .data          0x0010e00c        0x4 /Users/rabougue/Documents/3ds_homebrew_dev/devkitPro/libctru/lib/libctru.a(stack_adjust.o)
                0x0010e00c                __stacksize__
 .data          0x0010e010      0x488 /Users/rabougue/Documents/3ds_homebrew_dev/devkitPro/libctru/lib/libctru.a(sdmc_dev.o)
 .data          0x0010e498       0x44 /Users/rabougue/Documents/3ds_homebrew_dev/devkitPro/devkitARM/bin/../lib/gcc/arm-none-eabi/5.3.0/../../../../arm-none-eabi/lib/armv6k/fpu/libsysbase.a(iosupport.o)
                0x0010e49c                devoptab_list
 .data          0x0010e4dc     0x1000 /Users/rabougue/Documents/3ds_homebrew_dev/devkitPro/devkitARM/bin/../lib/gcc/arm-none-eabi/5.3.0/../../../../arm-none-eabi/lib/armv6k/fpu/libsysbase.a(chdir.o)
 *(.data.*)
 *fill*         0x0010f4dc        0x4 
 .data.impure_data
                0x0010f4e0      0x440 /Users/rabougue/Documents/3ds_homebrew_dev/devkitPro/devkitARM/bin/../lib/gcc/arm-none-eabi/5.3.0/../../../../arm-none-eabi/lib/armv6k/fpu/libg.a(lib_a-impure.o)
 .data._impure_ptr
                0x0010f920        0x4 /Users/rabougue/Documents/3ds_homebrew_dev/devkitPro/devkitARM/bin/../lib/gcc/arm-none-eabi/5.3.0/../../../../arm-none-eabi/lib/armv6k/fpu/libg.a(lib_a-impure.o)
                0x0010f920                _impure_ptr
 .data.__malloc_av_
                0x0010f924      0x408 /Users/rabougue/Documents/3ds_homebrew_dev/devkitPro/devkitARM/bin/../lib/gcc/arm-none-eabi/5.3.0/../../../../arm-none-eabi/lib/armv6k/fpu/libg.a(lib_a-mallocr.o)
                0x0010f924                __malloc_av_
 .data.__malloc_trim_threshold
                0x0010fd2c        0x4 /Users/rabougue/Documents/3ds_homebrew_dev/devkitPro/devkitARM/bin/../lib/gcc/arm-none-eabi/5.3.0/../../../../arm-none-eabi/lib/armv6k/fpu/libg.a(lib_a-mallocr.o)
                0x0010fd2c                __malloc_trim_threshold
 .data.__malloc_sbrk_base
                0x0010fd30        0x4 /Users/rabougue/Documents/3ds_homebrew_dev/devkitPro/devkitARM/bin/../lib/gcc/arm-none-eabi/5.3.0/../../../../arm-none-eabi/lib/armv6k/fpu/libg.a(lib_a-mallocr.o)
                0x0010fd30                __malloc_sbrk_base
 .data.__malloc_lock_object
                0x0010fd34        0xc /Users/rabougue/Documents/3ds_homebrew_dev/devkitPro/devkitARM/bin/../lib/gcc/arm-none-eabi/5.3.0/../../../../arm-none-eabi/lib/armv6k/fpu/libg.a(lib_a-mlock.o)
 .data.__ctype_ptr__
                0x0010fd40        0x4 /Users/rabougue/Documents/3ds_homebrew_dev/devkitPro/devkitARM/bin/../lib/gcc/arm-none-eabi/5.3.0/../../../../arm-none-eabi/lib/armv6k/fpu/libg.a(lib_a-ctype_.o)
                0x0010fd40                __ctype_ptr__
 *(.gnu.linkonce.d*)
                0x0010fd44                . = ALIGN (0x4)

.igot.plt       0x0010fd44        0x0
 .igot.plt      0x0010fd44        0x0 /Users/rabougue/Documents/3ds_homebrew_dev/devkitPro/devkitARM/bin/../lib/gcc/arm-none-eabi/5.3.0/../../../../arm-none-eabi/lib/armv6k/fpu/3dsx_crt0.o

.jcr            0x0010fd44        0x0
 .jcr           0x0010fd44        0x0 /Users/rabougue/Documents/3ds_homebrew_dev/devkitPro/devkitARM/bin/../lib/gcc/arm-none-eabi/5.3.0/armv6k/fpu/crtbegin.o

.tm_clone_table
                0x0010fd44        0x0
 .tm_clone_table
                0x0010fd44        0x0 /Users/rabougue/Documents/3ds_homebrew_dev/devkitPro/devkitARM/bin/../lib/gcc/arm-none-eabi/5.3.0/armv6k/fpu/crtbegin.o
 .tm_clone_table
                0x0010fd44        0x0 /Users/rabougue/Documents/3ds_homebrew_dev/devkitPro/devkitARM/bin/../lib/gcc/arm-none-eabi/5.3.0/armv6k/fpu/crtend.o
                0x0010fd44                __TMC_END__

.tdata          0x0010fd44        0x0
                0x0010fd44                __tdata_lma = .
 *(.tdata)
 *(.tdata.*)
 *(.gnu.linkonce.td.*)
                0x0010fd44                . = ALIGN (0x4)
                0x0010fd44                __tdata_lma_end = .

.tbss           0x0010fd44     0x340c
 *(.tbss)
 .tbss          0x0010fd44     0x340c /Users/rabougue/Documents/3ds_homebrew_dev/devkitPro/libctru/lib/libctru.a(sdmc_dev.o)
 *(.tbss.*)
 *(.gnu.linkonce.tb.*)
 *(.tcommon)
                0x00113150                . = ALIGN (0x4)

.preinit_array  0x0010fd44        0x0
                0x0010fd44                PROVIDE (__preinit_array_start, .)
 *(.preinit_array)
                0x0010fd44                PROVIDE (__preinit_array_end, .)

.init_array     0x0010fd44        0x4
                0x0010fd44                PROVIDE (__init_array_start, .)
 *(SORT(.init_array.*))
 *(.init_array)
 .init_array    0x0010fd44        0x4 /Users/rabougue/Documents/3ds_homebrew_dev/devkitPro/devkitARM/bin/../lib/gcc/arm-none-eabi/5.3.0/armv6k/fpu/crtbegin.o
                0x0010fd48                PROVIDE (__init_array_end, .)

.fini_array     0x0010fd48        0x4
                0x0010fd48                PROVIDE (__fini_array_start, .)
 *(.fini_array)
 .fini_array    0x0010fd48        0x4 /Users/rabougue/Documents/3ds_homebrew_dev/devkitPro/devkitARM/bin/../lib/gcc/arm-none-eabi/5.3.0/armv6k/fpu/crtbegin.o
 *(SORT(.fini_array.*))
                0x0010fd4c                PROVIDE (__fini_array_end, .)

.ctors
 *crtbegin.o(.ctors)
 *(EXCLUDE_FILE(*crtend.o) .ctors)
 *(SORT(.ctors.*))
 *(.ctors)

.dtors
 *crtbegin.o(.dtors)
 *(EXCLUDE_FILE(*crtend.o) .dtors)
 *(SORT(.dtors.*))
 *(.dtors)
                0x0010fd4c                __bss_start__ = .

.bss            0x0010fd4c     0x684c
 *(.dynbss)
 *(.bss)
 .bss           0x0010fd4c       0x1c /Users/rabougue/Documents/3ds_homebrew_dev/devkitPro/devkitARM/bin/../lib/gcc/arm-none-eabi/5.3.0/armv6k/fpu/crtbegin.o
 .bss           0x0010fd68       0x5c main.o
 .bss           0x0010fdc4        0xc /Users/rabougue/Documents/3ds_homebrew_dev/devkitPro/libctru/lib/libcitro3d.a(base.o)
 .bss           0x0010fdd0       0x90 /Users/rabougue/Documents/3ds_homebrew_dev/devkitPro/libctru/lib/libcitro3d.a(renderqueue.o)
 .bss           0x0010fe60       0xe0 /Users/rabougue/Documents/3ds_homebrew_dev/devkitPro/libctru/lib/libcitro3d.a(uniforms.o)
 .bss           0x0010ff40       0x14 /Users/rabougue/Documents/3ds_homebrew_dev/devkitPro/libctru/lib/libctru.a(linear.o)
 .bss           0x0010ff54       0x14 /Users/rabougue/Documents/3ds_homebrew_dev/devkitPro/libctru/lib/libctru.a(vram.o)
 .bss           0x0010ff68        0xc /Users/rabougue/Documents/3ds_homebrew_dev/devkitPro/libctru/lib/libctru.a(gfx.o)
 .bss           0x0010ff74        0x1 /Users/rabougue/Documents/3ds_homebrew_dev/devkitPro/libctru/lib/libctru.a(os.o)
                0x0010ff74                __ctru_speedup
 *fill*         0x0010ff75        0x3 
 .bss           0x0010ff78       0x54 /Users/rabougue/Documents/3ds_homebrew_dev/devkitPro/libctru/lib/libctru.a(apt.o)
                0x0010ff88                aptStatus
                0x0010ffb4                aptStatusBeforeSleep
 .bss           0x0010ffcc        0xc /Users/rabougue/Documents/3ds_homebrew_dev/devkitPro/libctru/lib/libctru.a(gspgpu.o)
 .bss           0x0010ffd8       0x2c /Users/rabougue/Documents/3ds_homebrew_dev/devkitPro/libctru/lib/libctru.a(hid.o)
 .bss           0x00110004        0xc /Users/rabougue/Documents/3ds_homebrew_dev/devkitPro/libctru/lib/libctru.a(irrst.o)
 .bss           0x00110010        0x8 /Users/rabougue/Documents/3ds_homebrew_dev/devkitPro/libctru/lib/libctru.a(ptmsysm.o)
 .bss           0x00110018        0x8 /Users/rabougue/Documents/3ds_homebrew_dev/devkitPro/libctru/lib/libctru.a(stack_adjust.o)
 .bss           0x00110020       0x14 /Users/rabougue/Documents/3ds_homebrew_dev/devkitPro/libctru/lib/libctru.a(mappable.o)
 .bss           0x00110034        0x8 /Users/rabougue/Documents/3ds_homebrew_dev/devkitPro/libctru/lib/libctru.a(srv.o)
 .bss           0x0011003c        0x4 /Users/rabougue/Documents/3ds_homebrew_dev/devkitPro/libctru/lib/libctru.a(synchronization.o)
 .bss           0x00110040        0x1 /Users/rabougue/Documents/3ds_homebrew_dev/devkitPro/libctru/lib/libctru.a(sdmc_dev.o)
 *fill*         0x00110041        0x3 
 .bss           0x00110044        0x8 /Users/rabougue/Documents/3ds_homebrew_dev/devkitPro/libctru/lib/libctru.a(fs.o)
 .bss           0x0011004c        0x4 /Users/rabougue/Documents/3ds_homebrew_dev/devkitPro/devkitARM/bin/../lib/gcc/arm-none-eabi/5.3.0/../../../../arm-none-eabi/lib/armv6k/fpu/libsysbase.a(sbrk.o)
 .bss           0x00110050        0x8 /Users/rabougue/Documents/3ds_homebrew_dev/devkitPro/devkitARM/bin/../lib/gcc/arm-none-eabi/5.3.0/../../../../arm-none-eabi/lib/armv6k/fpu/libsysbase.a(malloc_vars.o)
                0x00110050                fake_heap_start
                0x00110054                fake_heap_end
 .bss           0x00110058     0x1000 /Users/rabougue/Documents/3ds_homebrew_dev/devkitPro/devkitARM/bin/../lib/gcc/arm-none-eabi/5.3.0/../../../../arm-none-eabi/lib/armv6k/fpu/libsysbase.a(chdir.o)
 .bss           0x00111058       0x38 /Users/rabougue/Documents/3ds_homebrew_dev/devkitPro/devkitARM/bin/../lib/gcc/arm-none-eabi/5.3.0/../../../../arm-none-eabi/lib/armv6k/fpu/libsysbase.a(syscall_support.o)
                0x00111058                __syscalls
 *(.bss.*)
 .bss.__malloc_max_total_mem
                0x00111090        0x4 /Users/rabougue/Documents/3ds_homebrew_dev/devkitPro/devkitARM/bin/../lib/gcc/arm-none-eabi/5.3.0/../../../../arm-none-eabi/lib/armv6k/fpu/libg.a(lib_a-mallocr.o)
                0x00111090                __malloc_max_total_mem
 .bss.__malloc_max_sbrked_mem
                0x00111094        0x4 /Users/rabougue/Documents/3ds_homebrew_dev/devkitPro/devkitARM/bin/../lib/gcc/arm-none-eabi/5.3.0/../../../../arm-none-eabi/lib/armv6k/fpu/libg.a(lib_a-mallocr.o)
                0x00111094                __malloc_max_sbrked_mem
 .bss.__malloc_top_pad
                0x00111098        0x4 /Users/rabougue/Documents/3ds_homebrew_dev/devkitPro/devkitARM/bin/../lib/gcc/arm-none-eabi/5.3.0/../../../../arm-none-eabi/lib/armv6k/fpu/libg.a(lib_a-mallocr.o)
                0x00111098                __malloc_top_pad
 .bss.__malloc_current_mallinfo
                0x0011109c       0x28 /Users/rabougue/Documents/3ds_homebrew_dev/devkitPro/devkitARM/bin/../lib/gcc/arm-none-eabi/5.3.0/../../../../arm-none-eabi/lib/armv6k/fpu/libg.a(lib_a-mallocr.o)
                0x0011109c                __malloc_current_mallinfo
 *(.gnu.linkonce.b*)
 *(COMMON)
 *fill*         0x001110c4        0x4 
 COMMON         0x001110c8      0x268 /Users/rabougue/Documents/3ds_homebrew_dev/devkitPro/libctru/lib/libcitro3d.a(base.o)
                0x001110c8                __C3D_Context
 COMMON         0x00111330      0xcf0 /Users/rabougue/Documents/3ds_homebrew_dev/devkitPro/libctru/lib/libcitro3d.a(uniforms.o)
                0x00111330                C3D_IVUnif
                0x00111350                C3D_FVUnifDirty
                0x00111410                C3D_BoolUnifsDirty
                0x00111414                C3D_IVUnifDirty
                0x0011141c                C3D_BoolUnifs
                0x00111420                C3D_FVUnif
 COMMON         0x00112020       0x60 /Users/rabougue/Documents/3ds_homebrew_dev/devkitPro/libctru/lib/libctru.a(gfx.o)
                0x00112020                gfxBottomFramebuffers
                0x00112028                gspSharedMemHandle
                0x0011202c                bottomFramebufferInfo
                0x00112048                gspEvent
                0x0011204c                gfxTopLeftFramebuffers
                0x00112054                gfxTopRightFramebuffers
                0x0011205c                topFramebufferInfo
                0x00112078                gfxThreadID
                0x0011207c                gfxSharedMemory
 COMMON         0x00112080        0xc /Users/rabougue/Documents/3ds_homebrew_dev/devkitPro/libctru/lib/libctru.a(gpu.o)
                0x00112080                gpuCmdBuf
                0x00112084                gpuCmdBufOffset
                0x00112088                gpuCmdBufSize
 COMMON         0x0011208c        0x4 /Users/rabougue/Documents/3ds_homebrew_dev/devkitPro/libctru/lib/libctru.a(gx.o)
                0x0011208c                gxCmdBuf
 COMMON         0x00112090     0x102a /Users/rabougue/Documents/3ds_homebrew_dev/devkitPro/libctru/lib/libctru.a(apt.o)
                0x00112090                aptEventHandlerThread
                0x00112094                aptSleepSync
                0x00112098                aptParameters
                0x00113098                aptuHandle
                0x0011309c                aptEvents
                0x001130a8                aptStatusEvent
                0x001130ac                aptStatusPower
                0x001130b0                aptStatusMutex
                0x001130b4                aptLockHandle
                0x001130b8                currentAppId
 *fill*         0x001130ba        0x2 
 COMMON         0x001130bc       0x84 /Users/rabougue/Documents/3ds_homebrew_dev/devkitPro/libctru/lib/libctru.a(gspgpu.o)
                0x001130bc                gspEventCbOneShot
                0x001130c4                gspEventCb
                0x001130e0                gspGpuHandle
                0x001130e4                gspEventThread
                0x001130e8                gspEventCounts
                0x00113104                gspEvents
                0x00113120                gspRunEvents
                0x00113124                gspEventCbData
 COMMON         0x00113140       0x20 /Users/rabougue/Documents/3ds_homebrew_dev/devkitPro/libctru/lib/libctru.a(hid.o)
                0x00113140                hidMemHandle
                0x00113144                hidHandle
                0x00113148                hidSharedMem
                0x0011314c                hidEvents
 COMMON         0x00113160       0x10 /Users/rabougue/Documents/3ds_homebrew_dev/devkitPro/libctru/lib/libctru.a(irrst.o)
                0x00113160                irrstHandle
                0x00113164                irrstEvent
                0x00113168                irrstMemHandle
                0x0011316c                irrstSharedMem
 COMMON         0x00113170       0x10 /Users/rabougue/Documents/3ds_homebrew_dev/devkitPro/libctru/lib/libctru.a(allocateHeaps.o)
                0x00113170                __ctru_heap_size
                0x00113174                __ctru_linear_heap
                0x00113178                __ctru_heap
                0x0011317c                __ctru_linear_heap_size
 COMMON         0x00113180        0x8 /Users/rabougue/Documents/3ds_homebrew_dev/devkitPro/libctru/lib/libctru.a(initArgv.o)
                0x00113180                __system_argv
                0x00113184                __system_argc
 COMMON         0x00113188        0x4 /Users/rabougue/Documents/3ds_homebrew_dev/devkitPro/libctru/lib/libctru.a(initSystem.o)
                0x00113188                __system_retAddr
                0x0011318c                . = ALIGN (0x4)
                0x0011318c                __tls_start = .
                0x00116598                . = (. + (SIZEOF (.tdata) + SIZEOF (.tbss)))
 *fill*         0x0011318c     0x340c 
                0x00116598                __tls_end = .
                0x00116598                __bss_end__ = .
                0x00116598                __end__ = ABSOLUTE (.)

/DISCARD/
 *(.group .comment .note)

.stab
 *(.stab)

.stabstr
 *(.stabstr)

.stab.excl
 *(.stab.excl)

.stab.exclstr
 *(.stab.exclstr)

.stab.index
 *(.stab.index)

.stab.indexstr
 *(.stab.indexstr)

.debug
 *(.debug)

.line
 *(.line)

.debug_srcinfo
 *(.debug_srcinfo)

.debug_sfnames
 *(.debug_sfnames)

.debug_aranges  0x00000000     0x16e0
 *(.debug_aranges)
 .debug_aranges
                0x00000000       0x20 main.o
 .debug_aranges
                0x00000020       0x48 /Users/rabougue/Documents/3ds_homebrew_dev/devkitPro/libctru/lib/libcitro3d.a(attribs.o)
 .debug_aranges
                0x00000068       0x68 /Users/rabougue/Documents/3ds_homebrew_dev/devkitPro/libctru/lib/libcitro3d.a(base.o)
 .debug_aranges
                0x000000d0       0x40 /Users/rabougue/Documents/3ds_homebrew_dev/devkitPro/libctru/lib/libcitro3d.a(buffers.o)
 .debug_aranges
                0x00000110       0x70 /Users/rabougue/Documents/3ds_homebrew_dev/devkitPro/libctru/lib/libcitro3d.a(effect.o)
 .debug_aranges
                0x00000180       0x30 /Users/rabougue/Documents/3ds_homebrew_dev/devkitPro/libctru/lib/libcitro3d.a(immediate.o)
 .debug_aranges
                0x000001b0       0x48 /Users/rabougue/Documents/3ds_homebrew_dev/devkitPro/libctru/lib/libcitro3d.a(renderbuffer.o)
 .debug_aranges
                0x000001f8       0xc0 /Users/rabougue/Documents/3ds_homebrew_dev/devkitPro/libctru/lib/libcitro3d.a(renderqueue.o)
 .debug_aranges
                0x000002b8       0x48 /Users/rabougue/Documents/3ds_homebrew_dev/devkitPro/libctru/lib/libcitro3d.a(texenv.o)
 .debug_aranges
                0x00000300       0x58 /Users/rabougue/Documents/3ds_homebrew_dev/devkitPro/libctru/lib/libcitro3d.a(texture.o)
 .debug_aranges
                0x00000358       0x38 /Users/rabougue/Documents/3ds_homebrew_dev/devkitPro/libctru/lib/libcitro3d.a(uniforms.o)
 .debug_aranges
                0x00000390       0x20 /Users/rabougue/Documents/3ds_homebrew_dev/devkitPro/libctru/lib/libcitro3d.a(mtx_orthotilt.o)
 .debug_aranges
                0x000003b0       0x20 /Users/rabougue/Documents/3ds_homebrew_dev/devkitPro/libctru/lib/libcitro3d.a(mtx_identity.o)
 .debug_aranges
                0x000003d0       0x20 /Users/rabougue/Documents/3ds_homebrew_dev/devkitPro/libctru/lib/libcitro3d.a(mtx_multiply.o)
 .debug_aranges
                0x000003f0       0x50 /Users/rabougue/Documents/3ds_homebrew_dev/devkitPro/libctru/lib/libctru.a(linear.o)
 .debug_aranges
                0x00000440       0x38 /Users/rabougue/Documents/3ds_homebrew_dev/devkitPro/libctru/lib/libctru.a(mem_pool.o)
 .debug_aranges
                0x00000478       0x50 /Users/rabougue/Documents/3ds_homebrew_dev/devkitPro/libctru/lib/libctru.a(vram.o)
 .debug_aranges
                0x000004c8       0x98 /Users/rabougue/Documents/3ds_homebrew_dev/devkitPro/libctru/lib/libctru.a(gfx.o)
 .debug_aranges
                0x00000560       0x68 /Users/rabougue/Documents/3ds_homebrew_dev/devkitPro/libctru/lib/libctru.a(os.o)
 .debug_aranges